 ebootsd

 Timestamp is 522e7033 (Tue Sep 10 09:04:51 2013)

 Preferred load address is 00000000

 Start         Length     Name                   Class
 0001:00000000 00000250H .astart                 CODE
 0001:00000250 0000e57cH .rdata                  CODE
 0001:0000e7cc 00000024H .rdata$debug            CODE
 0001:0000e7f0 0001d0ecH .text                   CODE
 0001:0002b8dc 00000080H .xdata                  CODE
 0001:0002b95c 00000000H .edata                  CODE
 0002:00000000 000010f3H .data                   DATA
 0002:00001100 0003fc58H .bss                    DATA
 0003:00000000 00000ed0H .pdata                  DATA

  Address         Publics by Value              Rva+Base       Lib:Object

 0000:00000000       ___safe_se_handler_table   00000000     <absolute>
 0000:00000000       ___safe_se_handler_count   00000000     <absolute>
 0001:00000000       StartUp                    00001000 f   startup.obj
 0001:000000e0       g_oalAddressTable          000010e0     startup.obj
 0001:00000188       g_oalAddressTableHynix     00001188     startup.obj
 0001:0000026c       ??_C@_1BK@GNCICGCB@?$AAN?$AAK?$AA?5?$AAf?$AAr?$AAo?$AAm?$AA?5?$AAN?$AAA?$AAN?$AAD?$AA?$AA@ 0000126c     main.obj
 0001:00000288       ??_C@_1CK@GNCLKLEF@?$AAN?$AAK?$AA?5?$AAf?$AAr?$AAo?$AAm?$AA?5?$AAS?$AAD?$AAC?$AAa?$AAr?$AAd?$AA?5?$AAF?$AAI?$AAL?$AAE?$AA?5?$AA?$AA@ 00001288     main.obj
 0001:000002b4       ??_C@_1BK@NKDLNHPK@?$AAU?$AAS?$AAB?$AAF?$AAn?$AA?5?$AAR?$AAN?$AAD?$AAI?$AAS?$AA?5?$AA?$AA@ 000012b4     main.obj
 0001:000002d0       ??_C@_1BI@OOCKPHGK@?$AAL?$AAA?$AAN?$AA9?$AA1?$AA1?$AA5?$AA?5?$AAM?$AAA?$AAC?$AA?$AA@ 000012d0     main.obj
 0001:00000378       dwEbootECCtype             00001378     main.obj
 0001:000006c8       ??_C@_1DO@MGHPPPEE@?$AAT?$AAP?$AAS?$AA6?$AA5?$AA9?$AAX?$AAX?$AA?5?$AAV?$AAe?$AAr?$AAs?$AAi?$AAo?$AAn?$AA?5?$AA0?$AAx?$AA?$CF?$AA0?$AA2?$AAx?$AA?5?$AA?$CI?$AA?$CF?$AAs?$AA?$CJ?$AA?$AN?$AA?6?$AA?$AA@ 000016c8     main.obj
 0001:00000708       ??_C@_1M@OIJGKENB@?$AAE?$AAS?$AA1?$AA?4?$AA3?$AA?$AA@ 00001708     main.obj
 0001:00000718       ??_C@_1EE@KGKCAFPP@?$AAI?$AAN?$AAF?$AAO?$AA?3?$AA?5?$AAU?$AAn?$AAK?$AAn?$AAo?$AAw?$AAn?$AA?5?$AAC?$AAP?$AAU?$AA?5?$AAf?$AAa?$AAm?$AAi?$AAl?$AAy?$AA?3?$AA?$CF?$AAd?$AA?4?$AA?4?$AA?4?$AA?4?$AA?$AN@ 00001718     main.obj
 0001:0000075c       ??_C@_08DGJGOJCE@EVM3530?9?$AA@ 0000175c     main.obj
 0001:00000768       ??_C@_08EMFGLKEE@EVM3730?9?$AA@ 00001768     main.obj
 0001:00000778       ??_C@_1EE@EMFEEPJF@?$AA?$AN?$AA?6?$AAT?$AAI?$AA?5?$AAO?$AAM?$AAA?$AAP?$AA?$CF?$AAx?$AA?5?$AAV?$AAe?$AAr?$AAs?$AAi?$AAo?$AAn?$AA?5?$AA0?$AAx?$AA?$CF?$AA0?$AA8?$AAx?$AA?5?$AA?$CI?$AA?$CF?$AAs?$AA?$CJ?$AA?$AN@ 00001778     main.obj
 0001:000007bc       ??_C@_1BA@LEPJIIOK@?$AAU?$AAn?$AAk?$AAn?$AAo?$AAw?$AAn?$AA?$AA@ 000017bc     main.obj
 0001:000007cc       ??_C@_1M@FACKMDLE@?$AAE?$AAS?$AA1?$AA?4?$AA2?$AA?$AA@ 000017cc     main.obj
 0001:000007d8       ??_C@_1M@ECJPGMFK@?$AAE?$AAS?$AA1?$AA?4?$AA1?$AA?$AA@ 000017d8     main.obj
 0001:000007e4       ??_C@_1M@LKGLCH@?$AAE?$AAS?$AA3?$AA?4?$AA1?$AA?$AA@ 000017e4     main.obj
 0001:000007f0       ??_C@_1M@LIAGAMEC@?$AAE?$AAS?$AA3?$AA?4?$AA0?$AA?$AA@ 000017f0     main.obj
 0001:000007fc       ??_C@_1DO@OPHFFOFA@?$AAE?$AAS?$AA2?$AA?4?$AA1?$AA?0?$AA?5?$AAI?$AAD?$AA?5?$AAd?$AAe?$AAt?$AAe?$AAr?$AAm?$AAi?$AAn?$AAe?$AAd?$AA?5?$AAu?$AAs?$AAi?$AAn?$AAg?$AA?5?$AAC?$AAR?$AAC?$AA?$AA@ 000017fc     main.obj
 0001:0000083c       ??_C@_1DO@OONAPHOG@?$AAE?$AAS?$AA2?$AA?4?$AA0?$AA?0?$AA?5?$AAI?$AAD?$AA?5?$AAd?$AAe?$AAt?$AAe?$AAr?$AAm?$AAi?$AAn?$AAe?$AAd?$AA?5?$AAu?$AAs?$AAi?$AAn?$AAg?$AA?5?$AAC?$AAR?$AAC?$AA?$AA@ 0000183c     main.obj
 0001:0000087c       ??_C@_1M@MMBAGLLJ@?$AAE?$AAS?$AA2?$AA?4?$AA1?$AA?$AA@ 0000187c     main.obj
 0001:00000888       ??_C@_1M@HEKMAMNM@?$AAE?$AAS?$AA2?$AA?4?$AA0?$AA?$AA@ 00001888     main.obj
 0001:00000894       ??_C@_1M@PKCDALDP@?$AAE?$AAS?$AA1?$AA?4?$AA0?$AA?$AA@ 00001894     main.obj
 0001:000008a0       ??_C@_08LGLIIFGH@18?321?305?$AA@ 000018a0     main.obj
 0001:000008ac       ??_C@_0M@KDNNPCBM@Sep?5?59?52013?$AA@ 000018ac     main.obj
 0001:000008b8       ??_C@_1JC@DPCDJGMK@?$AA?$AN?$AA?6?$AAT?$AAe?$AAx?$AAa?$AAs?$AA?5?$AAI?$AAn?$AAs?$AAt?$AAr?$AAu?$AAm?$AAe?$AAn?$AAt?$AAs?$AA?5?$AAW?$AAi?$AAn?$AAd?$AAo?$AAw?$AAs?$AA?5?$AAC?$AAE?$AA?5?$AAE@ 000018b8     main.obj
 0001:00000950       ??_C@_1GO@BKILFBIJ@?$AAE?$AAB?$AAO?$AAO?$AAT?$AA?5?$AAV?$AAe?$AAr?$AAs?$AAi?$AAo?$AAn?$AA?5?$AA?$CF?$AAd?$AA?4?$AA?$CF?$AAd?$AA?0?$AA?5?$AAB?$AAS?$AAP?$AA?5?$AAB?$AAS?$AAP?$AA_?$AAW?$AAI?$AAN@ 00001950     main.obj
 0001:000009c0       ??_C@_1CK@FDDKFJJE@?$AA?9?$AAO?$AAE?$AAM?$AAM?$AAu?$AAl?$AAt?$AAi?$AAB?$AAi?$AAn?$AAN?$AAo?$AAt?$AAi?$AAf?$AAy?$AA?$AN?$AA?6?$AA?$AA@ 000019c0     main.obj
 0001:000009ec       ??_C@_1CG@JHMEBKAH@?$AAS?$AAp?$AAi?$AAn?$AA?5?$AAf?$AAo?$AAr?$AA?5?$AAe?$AAv?$AAe?$AAr?$AA?4?$AA?4?$AA?4?$AA?$AN?$AA?6?$AA?$AA@ 000019ec     main.obj
 0001:00000a14       ??_C@_1DC@FNKKGJOD@?$AAD?$AAo?$AAw?$AAn?$AAl?$AAo?$AAa?$AAd?$AA?5?$AAf?$AAi?$AAl?$AAe?$AA?5?$AAt?$AAy?$AAp?$AAe?$AA?3?$AA?5?$AA?$CF?$AAd?$AA?$AN?$AA?6?$AA?$AA@ 00001a14     main.obj
 0001:00000a48       ??_C@_1DM@CJMKOEPD@?$AAU?$AAn?$AAs?$AAu?$AAp?$AAp?$AAo?$AAr?$AAt?$AAe?$AAd?$AA?5?$AAd?$AAo?$AAw?$AAn?$AAl?$AAo?$AAa?$AAd?$AAe?$AAd?$AA?5?$AAf?$AAi?$AAl?$AAe?$AA?$AN?$AA?6?$AA?$AA@ 00001a48     main.obj
 0001:00000a84       ??_C@_08CMMENMPK@logo?4nb0?$AA@ 00001a84     main.obj
 0001:00000a90       ??_C@_1FC@BJIBFLEA@?$AAE?$AAR?$AAR?$AAO?$AAR?$AA?3?$AA?5?$AAM?$AAu?$AAl?$AAt?$AAi?$AAX?$AAI?$AAP?$AA?5?$AAi?$AAm?$AAa?$AAg?$AAe?$AA?5?$AAi?$AAs?$AA?5?$AAn?$AAo?$AAt?$AA?5?$AAs?$AAu?$AAp@ 00001a90     main.obj
 0001:00000ae8       ??_C@_1GG@NLHBBJNL@?$AA?$FL?$AA?$CF?$AAd?$AA?$FN?$AA?3?$AA?5?$AAA?$AAd?$AAd?$AAr?$AAe?$AAs?$AAs?$AA?$DN?$AA0?$AAx?$AA?$CF?$AA0?$AA8?$AAx?$AA?5?$AA?5?$AAL?$AAe?$AAn?$AAg?$AAt?$AAh?$AA?$DN?$AA0?$AAx?$AA?$CF@ 00001ae8     main.obj
 0001:00000b50       ??_C@_1HM@MNPMBDFE@?$AA?9?$AA?9?$AA?9?$AA?9?$AA?9?$AA?9?$AA?9?$AA?9?$AA?9?$AA?9?$AA?9?$AA?9?$AA?9?$AA?9?$AA?9?$AA?9?$AA?9?$AA?9?$AA?9?$AA?9?$AA?9?$AA?9?$AA?9?$AA?9?$AA?9?$AA?9?$AA?9?$AA?9?$AA?9?$AA?9?$AA?9?$AA?9@ 00001b50     main.obj
 0001:00000bcc       ??_C@_1DK@OFMGKCPE@?$AAD?$AAo?$AAw?$AAn?$AAl?$AAo?$AAa?$AAd?$AA?5?$AAf?$AAi?$AAl?$AAe?$AA?5?$AAi?$AAn?$AAf?$AAo?$AAr?$AAm?$AAa?$AAt?$AAi?$AAo?$AAn?$AA?3?$AA?$AN?$AA?6?$AA?$AA@ 00001bcc     main.obj
 0001:00000c08       ??_C@_1EG@EIADDJAP@?$AA?$CL?$AAO?$AAE?$AAM?$AAM?$AAu?$AAl?$AAt?$AAi?$AAB?$AAi?$AAn?$AAN?$AAo?$AAt?$AAi?$AAf?$AAy?$AA?$CI?$AA0?$AAx?$AA?$CF?$AA0?$AA8?$AAx?$AA?5?$AA?9?$AA?$DO?$AA?5?$AA?$CF?$AAd?$AA?$CJ@ 00001c08     main.obj
 0001:00000c50       ??_C@_1EI@ICHMOAEH@?$AA?9?$AAO?$AAE?$AAM?$AAM?$AAa?$AAp?$AAM?$AAe?$AAm?$AAA?$AAd?$AAd?$AAr?$AA?$CI?$AAp?$AAA?$AAd?$AAd?$AAr?$AAe?$AAs?$AAs?$AA?5?$AA?$DN?$AA?5?$AA0?$AAx?$AA?$CF?$AA0?$AA8?$AAx@ 00001c50     main.obj
 0001:00000c98       ??_C@_1GC@BMCFFGLH@?$AAE?$AAR?$AAR?$AAO?$AAR?$AA?3?$AA?5?$AAO?$AAE?$AAM?$AAM?$AAa?$AAp?$AAM?$AAe?$AAm?$AAA?$AAd?$AAd?$AAr?$AA?3?$AA?5?$AAI?$AAn?$AAv?$AAa?$AAl?$AAi?$AAd?$AA?5?$AAd?$AAo@ 00001c98     main.obj
 0001:00000d00       ??_C@_1EC@JMODNKDN@?$AA?$CL?$AAO?$AAE?$AAM?$AAM?$AAa?$AAp?$AAM?$AAe?$AAm?$AAA?$AAd?$AAd?$AAr?$AA?$CI?$AA0?$AAx?$AA?$CF?$AA0?$AA8?$AAx?$AA?0?$AA?5?$AA0?$AAx?$AA?$CF?$AA0?$AA8?$AAx?$AA?$CJ?$AA?$AN?$AA?6@ 00001d00     main.obj
 0001:00000d44       ??_C@_1DG@FBKAGMKG@?$AA?9?$AAO?$AAE?$AAM?$AAI?$AAs?$AAF?$AAl?$AAa?$AAs?$AAh?$AAA?$AAd?$AAd?$AAr?$AA?$CI?$AAr?$AAc?$AA?5?$AA?$DN?$AA?5?$AA?$CF?$AAd?$AA?$CJ?$AA?$AN?$AA?6?$AA?$AA@ 00001d44     main.obj
 0001:00000d7c       ??_C@_1DE@JMLJAABG@?$AA?$CL?$AAO?$AAE?$AAM?$AAI?$AAs?$AAF?$AAl?$AAa?$AAs?$AAh?$AAA?$AAd?$AAd?$AAr?$AA?$CI?$AA0?$AAx?$AA?$CF?$AA0?$AA8?$AAx?$AA?$CJ?$AA?$AN?$AA?6?$AA?$AA@ 00001d7c     main.obj
 0001:00000db0       ??_C@_13JOFGPIOO@?$AA?4?$AA?$AA@ 00001db0     main.obj
 0001:00000db8       ??_C@_1KM@MLNPCLLF@?$AA?$AN?$AA?6?$AA?$DO?$AA?$DO?$AA?$DO?$AA?5?$AAF?$AAo?$AAr?$AAc?$AAi?$AAn?$AAg?$AA?5?$AAc?$AAo?$AAl?$AAd?$AA?5?$AAb?$AAo?$AAo?$AAt?$AA?5?$AA?$CI?$AAn?$AAo?$AAn?$AA?9?$AAp?$AAe?$AAr@ 00001db8     main.obj
 0001:00000e64       ??_C@_1O@HJKNOJA@?$AAn?$AAk?$AA?4?$AAb?$AAi?$AAn?$AA?$AA@ 00001e64     main.obj
 0001:00000e78       ??_C@_1EC@IFKCAMGN@?$AAI?$AAN?$AAF?$AAO?$AA?3?$AA?5?$AAS?$AAW?$AA4?$AA?5?$AAb?$AAo?$AAo?$AAt?$AA?5?$AAs?$AAe?$AAt?$AAt?$AAi?$AAn?$AAg?$AA?3?$AA?5?$AA0?$AAx?$AA?$CF?$AA0?$AA2?$AAx?$AA?$AN?$AA?6@ 00001e78     main.obj
 0001:00000ec0       ??_C@_1GC@MEIINOMM@?$AAW?$AAA?$AAR?$AAN?$AA?3?$AA?5?$AAB?$AAo?$AAo?$AAt?$AA?5?$AAc?$AAo?$AAn?$AAf?$AAi?$AAg?$AA?5?$AAw?$AAa?$AAs?$AAn?$AA?8?$AAt?$AA?5?$AAf?$AAo?$AAu?$AAn?$AAd?$AA?0?$AA?5@ 00001ec0     main.obj
 0001:00000f28       ??_C@_1EC@IBPJNEAL@?$AAI?$AAN?$AAF?$AAO?$AA?3?$AA?5?$AAB?$AAo?$AAo?$AAt?$AA?5?$AAc?$AAo?$AAn?$AAf?$AAi?$AAg?$AAu?$AAr?$AAa?$AAt?$AAi?$AAo?$AAn?$AA?5?$AAf?$AAo?$AAu?$AAn?$AAd?$AA?$AN?$AA?6@ 00001f28     main.obj
 0001:00000f6c       ??_C@_1DA@EHCEJENN@?$AAI?$AAN?$AAF?$AAO?$AA?3?$AA?5?$AAP?$AAr?$AAe?$AAd?$AAo?$AAw?$AAn?$AAl?$AAo?$AAa?$AAd?$AA?4?$AA?4?$AA?4?$AA?4?$AA?$AN?$AA?6?$AA?$AA@ 00001f6c     main.obj
 0001:00000fa0       ??_C@_1GI@OMOEGIPN@?$AAL?$AAa?$AAu?$AAn?$AAc?$AAh?$AA?5?$AAW?$AAi?$AAn?$AAd?$AAo?$AAw?$AAs?$AA?5?$AAC?$AAE?$AA?5?$AAi?$AAm?$AAa?$AAg?$AAe?$AA?5?$AAb?$AAy?$AA?5?$AAj?$AAu?$AAm?$AAp?$AAi@ 00001fa0     main.obj
 0001:00001008       ??_C@_1HO@MGHNOKAM@?$AAE?$AAR?$AAR?$AAO?$AAR?$AA?3?$AA?5?$AAO?$AAE?$AAM?$AAL?$AAa?$AAu?$AAn?$AAc?$AAh?$AA?3?$AA?5?$AAU?$AAn?$AAk?$AAn?$AAo?$AAw?$AAn?$AA?5?$AAi?$AAm?$AAa?$AAg?$AAe?$AA?5@ 00002008     main.obj
 0001:00001088       ??_C@_1GE@FBKDALPO@?$AAE?$AAR?$AAR?$AAO?$AAR?$AA?3?$AA?5?$AAO?$AAE?$AAM?$AAL?$AAa?$AAu?$AAn?$AAc?$AAh?$AA?3?$AA?5?$AAF?$AAl?$AAa?$AAs?$AAh?$AA?5?$AAN?$AAK?$AA?4?$AAb?$AAi?$AAn?$AA?5?$AAf@ 00002088     main.obj
 0001:000010f0       ??_C@_1GA@LEGMELFL@?$AAI?$AAN?$AAF?$AAO?$AA?3?$AA?5?$AAX?$AAL?$AAD?$AAR?$AA?1?$AAE?$AAB?$AAO?$AAO?$AAT?$AA?1?$AAI?$AAP?$AAL?$AA?5?$AAd?$AAo?$AAw?$AAn?$AAl?$AAo?$AAa?$AAd?$AAe?$AAd?$AA?0@ 000020f0     main.obj
 0001:00001150       ??_C@_1GE@FFBNFJNC@?$AAI?$AAN?$AAF?$AAO?$AA?3?$AA?5?$AAS?$AAp?$AAl?$AAa?$AAs?$AAh?$AAc?$AAr?$AAe?$AAe?$AAn?$AA?5?$AAl?$AAo?$AAg?$AAo?$AA?5?$AAd?$AAo?$AAw?$AAn?$AAl?$AAo?$AAa?$AAd?$AAe@ 00002150     main.obj
 0001:000011b8       ??_C@_1HA@LNJPPCBO@?$AAE?$AAR?$AAR?$AAO?$AAR?$AA?3?$AA?5?$AAO?$AAE?$AAM?$AAL?$AAa?$AAu?$AAn?$AAc?$AAh?$AA?3?$AA?5?$AAI?$AAm?$AAa?$AAg?$AAe?$AA?5?$AAl?$AAo?$AAa?$AAd?$AA?5?$AAf?$AAr?$AAo@ 000021b8     main.obj
 0001:00001228       ??_C@_1HA@PPNIDEHG@?$AAE?$AAR?$AAR?$AAO?$AAR?$AA?3?$AA?5?$AAO?$AAE?$AAM?$AAL?$AAa?$AAu?$AAn?$AAc?$AAh?$AA?3?$AA?5?$AAU?$AAn?$AAk?$AAn?$AAo?$AAw?$AAn?$AA?5?$AAd?$AAo?$AAw?$AAn?$AAl?$AAo@ 00002228     main.obj
 0001:00001298       ??_C@_1GK@MMIDCEGF@?$AA?$CL?$AAO?$AAE?$AAM?$AAL?$AAa?$AAu?$AAn?$AAc?$AAh?$AA?$CI?$AA0?$AAx?$AA?$CF?$AA0?$AA8?$AAx?$AA?0?$AA?5?$AA0?$AAx?$AA?$CF?$AA0?$AA8?$AAx?$AA?0?$AA?5?$AA0?$AAx?$AA?$CF?$AA0?$AA8@ 00002298     main.obj
 0001:00001398       ??_C@_1HA@PBOCKLG@?$AAE?$AAR?$AAR?$AAO?$AAR?$AA?3?$AA?5?$AAB?$AAo?$AAo?$AAt?$AA?5?$AAd?$AAe?$AAv?$AAi?$AAc?$AAe?$AA?5?$AAd?$AAo?$AAe?$AAs?$AAn?$AA?8?$AAt?$AA?5?$AAe?$AAx?$AAi?$AAs?$AAt@ 00002398     eth.obj
 0001:00001408       ??_C@_1FK@GCLCJCHA@?$AAE?$AAR?$AAR?$AAO?$AAR?$AA?3?$AA?5?$AAE?$AAb?$AAo?$AAo?$AAt?$AAI?$AAn?$AAi?$AAt?$AAE?$AAt?$AAh?$AAe?$AAr?$AAT?$AAr?$AAa?$AAn?$AAs?$AAp?$AAo?$AAr?$AAt?$AA?5?$AAc@ 00002408     eth.obj
 0001:00001464       ??_C@_1DO@DBOGGMNK@?$AAI?$AAN?$AAF?$AAO?$AA?3?$AA?5?$AA?$CK?$AA?$CK?$AA?$CK?$AA?5?$AAD?$AAe?$AAv?$AAi?$AAc?$AAe?$AA?5?$AAN?$AAa?$AAm?$AAe?$AA?5?$AA?$CF?$AAS?$AA?5?$AA?$CK?$AA?$CK?$AA?$CK?$AA?$AN?$AA?6?$AA?$AA@ 00002464     eth.obj
 0001:000014a8       ??_C@_1EA@FEAPGDEK@?$AAI?$AAN?$AAF?$AAO?$AA?3?$AA?5?$AAB?$AAo?$AAo?$AAt?$AA?5?$AAd?$AAe?$AAv?$AAi?$AAc?$AAe?$AA?5?$AAu?$AAs?$AAe?$AAs?$AA?5?$AAM?$AAA?$AAC?$AA?5?$AA?$CF?$AAs?$AA?$AN?$AA?6?$AA?$AA@ 000024a8     eth.obj
 0001:000014e8       ??_C@_1FK@FLKNKOOB@?$AAE?$AAR?$AAR?$AAO?$AAR?$AA?3?$AA?5?$AAB?$AAo?$AAo?$AAt?$AA?5?$AAd?$AAe?$AAv?$AAi?$AAc?$AAe?$AA?5?$AAd?$AAr?$AAi?$AAv?$AAe?$AAr?$AA?5?$AAI?$AAn?$AAi?$AAt?$AA?5?$AAc@ 000024e8     eth.obj
 0001:00001548       ??_C@_1GM@ODLKKIGI@?$AAE?$AAR?$AAR?$AAO?$AAR?$AA?3?$AA?5?$AAB?$AAo?$AAo?$AAt?$AA?5?$AAd?$AAe?$AAv?$AAi?$AAc?$AAe?$AA?5?$AAd?$AAr?$AAi?$AAv?$AAe?$AAr?$AA?5?$AAI?$AAn?$AAi?$AAt?$AAD?$AAm@ 00002548     eth.obj
 0001:000015b8       ??_C@_1FK@IBMDHDI@?$AAM?$AAP?$AAU?$AA?$FL?$AA1?$AA0?$AA0?$AA0?$AAM?$AAh?$AAz?$AA?5?$AA?$EA?$AA?5?$AA1?$AA?4?$AA3?$AA7?$AA5?$AAV?$AA?$FN?$AA?0?$AA?5?$AAI?$AAV?$AAA?$AA2?$AA?$FL?$AA8?$AA0?$AA0?$AAM@ 000025b8     menu.obj
 0001:00001618       ??_C@_1FO@MCHCGGFD@?$AAM?$AAP?$AAU?$AA?$FL?$AA8?$AA0?$AA0?$AAM?$AAh?$AAz?$AA?5?$AA?5?$AA?$EA?$AA?5?$AA1?$AA?4?$AA2?$AA6?$AA2?$AA5?$AAV?$AA?$FN?$AA?0?$AA?5?$AAI?$AAV?$AAA?$AA2?$AA?$FL?$AA6?$AA6?$AA0@ 00002618     menu.obj
 0001:00001678       ??_C@_1FO@CAGHGIKC@?$AAM?$AAP?$AAU?$AA?$FL?$AA6?$AA0?$AA0?$AAM?$AAh?$AAz?$AA?5?$AA?5?$AA?$EA?$AA?5?$AA1?$AA?4?$AA1?$AA0?$AA0?$AA0?$AAV?$AA?$FN?$AA?0?$AA?5?$AAI?$AAV?$AAA?$AA2?$AA?$FL?$AA5?$AA2?$AA0@ 00002678     menu.obj
 0001:000016d8       ??_C@_1FO@ELABMNJD@?$AAM?$AAP?$AAU?$AA?$FL?$AA3?$AA0?$AA0?$AAM?$AAh?$AAz?$AA?5?$AA?5?$AA?$EA?$AA?5?$AA0?$AA?4?$AA9?$AA3?$AA7?$AA5?$AAV?$AA?$FN?$AA?0?$AA?5?$AAI?$AAV?$AAA?$AA2?$AA?$FL?$AA2?$AA6?$AA0@ 000026d8     menu.obj
 0001:00001738       ??_C@_1FG@KPBOKIAA@?$AAM?$AAP?$AAU?$AA?$FL?$AA7?$AA2?$AA0?$AAh?$AAz?$AA?5?$AA?$EA?$AA?5?$AA1?$AA?4?$AA3?$AA5?$AA0?$AA0?$AAV?$AA?$FN?$AA?0?$AA?5?$AAI?$AAV?$AAA?$AA2?$AA?$FL?$AA5?$AA2?$AA0?$AAM?$AAh@ 00002738     menu.obj
 0001:00001790       ??_C@_1FI@GKLNGOFA@?$AAM?$AAP?$AAU?$AA?$FL?$AA6?$AA0?$AA0?$AAM?$AAh?$AAz?$AA?5?$AA?$EA?$AA?5?$AA1?$AA?4?$AA3?$AA5?$AA0?$AA0?$AAV?$AA?$FN?$AA?0?$AA?5?$AAI?$AAV?$AAA?$AA2?$AA?$FL?$AA4?$AA3?$AA0?$AAM@ 00002790     menu.obj
 0001:000017e8       ??_C@_1FI@GMIAOKFE@?$AAM?$AAP?$AAU?$AA?$FL?$AA5?$AA5?$AA0?$AAM?$AAh?$AAz?$AA?5?$AA?$EA?$AA?5?$AA1?$AA?4?$AA2?$AA7?$AA5?$AA0?$AAV?$AA?$FN?$AA?0?$AA?5?$AAI?$AAV?$AAA?$AA2?$AA?$FL?$AA4?$AA0?$AA0?$AAM@ 000027e8     menu.obj
 0001:00001840       ??_C@_1FI@LNIHINJA@?$AAM?$AAP?$AAU?$AA?$FL?$AA5?$AA0?$AA0?$AAM?$AAh?$AAz?$AA?5?$AA?$EA?$AA?5?$AA1?$AA?4?$AA2?$AA0?$AA0?$AA0?$AAV?$AA?$FN?$AA?0?$AA?5?$AAI?$AAV?$AAA?$AA2?$AA?$FL?$AA3?$AA6?$AA0?$AAM@ 00002840     menu.obj
 0001:00001898       ??_C@_1FG@IMGDNCBP@?$AAM?$AAP?$AAU?$AA?$FL?$AA2?$AA5?$AA0?$AAM?$AAh?$AAz?$AA?5?$AA?$EA?$AA?5?$AA1?$AA?4?$AA0?$AA0?$AA0?$AAV?$AA?$FN?$AA?0?$AA?5?$AAI?$AAV?$AAA?$AA2?$AA?$FL?$AA1?$AA8?$AA0?$AAM?$AAh@ 00002898     menu.obj
 0001:000018f0       ??_C@_1FI@HKFGBOFG@?$AAM?$AAP?$AAU?$AA?$FL?$AA1?$AA2?$AA5?$AAM?$AAh?$AAz?$AA?5?$AA?$EA?$AA?5?$AA0?$AA?4?$AA9?$AA7?$AA5?$AAV?$AA?$FN?$AA?0?$AA?5?$AAI?$AAV?$AAA?$AA2?$AA?$FL?$AA?5?$AA9?$AA0?$AAM?$AAh@ 000028f0     menu.obj
 0001:00001948       ??_C@_1BM@KBHAINFM@?$AAI?$AAn?$AAv?$AAa?$AAl?$AAi?$AAd?$AA?5?$AAE?$AAn?$AAt?$AAr?$AAy?$AA?$AA@ 00002948     menu.obj
 0001:00001964       ??_C@_1CE@BMIKEEML@?$AAD?$AAV?$AAI?$AA?5?$AA1?$AA2?$AA8?$AA0?$AAx?$AA7?$AA2?$AA0?$AA?5?$AA6?$AA0?$AAH?$AAz?$AA?$AA@ 00002964     menu.obj
 0001:00001988       ??_C@_1CE@LJDPDOKE@?$AAD?$AAV?$AAI?$AA?5?$AA1?$AA0?$AA2?$AA4?$AAx?$AA7?$AA6?$AA8?$AA?5?$AA6?$AA0?$AAH?$AAz?$AA?$AA@ 00002988     menu.obj
 0001:000019ac       ??_C@_1CE@NBKEBDGN@?$AAD?$AAV?$AAI?$AA?5?$AA?5?$AA8?$AA0?$AA0?$AAx?$AA6?$AA0?$AA0?$AA?5?$AA5?$AA6?$AAH?$AAz?$AA?$AA@ 000029ac     menu.obj
 0001:000019d0       ??_C@_1CE@PMPMKBOJ@?$AAD?$AAV?$AAI?$AA?5?$AA?5?$AA8?$AA0?$AA0?$AAx?$AA6?$AA0?$AA0?$AA?5?$AA6?$AA0?$AAH?$AAz?$AA?$AA@ 000029d0     menu.obj
 0001:000019f4       ??_C@_1CE@IKDLFFCF@?$AAD?$AAV?$AAI?$AA?5?$AA?5?$AA8?$AA0?$AA0?$AAx?$AA4?$AA8?$AA0?$AA?5?$AA6?$AA0?$AAH?$AAz?$AA?$AA@ 000029f4     menu.obj
 0001:00001a18       ??_C@_1CE@CECNFHDE@?$AAD?$AAV?$AAI?$AA?5?$AA?5?$AA6?$AA4?$AA0?$AAx?$AA4?$AA8?$AA0?$AA?5?$AA7?$AA2?$AAH?$AAz?$AA?$AA@ 00002a18     menu.obj
 0001:00001a3c       ??_C@_1CE@IJMKDLHH@?$AAD?$AAV?$AAI?$AA?5?$AA?5?$AA6?$AA4?$AA0?$AAx?$AA4?$AA8?$AA0?$AA?5?$AA6?$AA0?$AAH?$AAz?$AA?$AA@ 00002a3c     menu.obj
 0001:00001a60       ??_C@_1CE@FKEPMAF@?$AAL?$AAC?$AAD?$AA?5?$AA?5?$AA4?$AA8?$AA0?$AAx?$AA6?$AA4?$AA0?$AA?5?$AA6?$AA0?$AAH?$AAz?$AA?$AA@ 00002a60     menu.obj
 0001:00001a84       ??_C@_1BE@FNAHCCDL@?$AAM?$AAa?$AAi?$AAn?$AA?5?$AAM?$AAe?$AAn?$AAu?$AA?$AA@ 00002a84     menu.obj
 0001:00001a98       ??_C@_1CA@MOPOGELI@?$AAS?$AAe?$AAl?$AAe?$AAc?$AAt?$AA?5?$AAO?$AAP?$AAP?$AA?5?$AAM?$AAo?$AAd?$AAe?$AA?$AA@ 00002a98     menu.obj
 0001:00001ab8       ??_C@_1DE@DBBLEEO@?$AAS?$AAe?$AAl?$AAe?$AAc?$AAt?$AA?5?$AAD?$AAi?$AAs?$AAp?$AAl?$AAa?$AAy?$AA?5?$AAR?$AAe?$AAs?$AAo?$AAl?$AAu?$AAt?$AAi?$AAo?$AAn?$AA?$AA@ 00002ab8     menu.obj
 0001:00001af0       ??_C@_1EG@HMEOLENI@?$AAE?$AAn?$AAa?$AAb?$AAl?$AAe?$AA?1?$AAD?$AAi?$AAs?$AAa?$AAb?$AAl?$AAe?$AA?5?$AAO?$AAA?$AAL?$AA?5?$AAR?$AAe?$AAt?$AAa?$AAi?$AAl?$AA?5?$AAM?$AAe?$AAs?$AAs?$AAa?$AAg@ 00002af0     menu.obj
 0001:00001b38       ??_C@_1CC@GBKCLJHP@?$AAF?$AAl?$AAa?$AAs?$AAh?$AA?5?$AAM?$AAa?$AAn?$AAa?$AAg?$AAe?$AAm?$AAe?$AAn?$AAt?$AA?$AA@ 00002b38     menu.obj
 0001:00001b5c       ??_C@_1BM@MOEMNNDE@?$AAS?$AAa?$AAv?$AAe?$AA?5?$AAS?$AAe?$AAt?$AAt?$AAi?$AAn?$AAg?$AAs?$AA?$AA@ 00002b5c     menu.obj
 0001:00001b78       ??_C@_1BM@LAACEGCM@?$AAS?$AAe?$AAt?$AA?5?$AAD?$AAe?$AAv?$AAi?$AAc?$AAe?$AA?5?$AAI?$AAD?$AA?$AA@ 00002b78     menu.obj
 0001:00001b94       ??_C@_1CA@HKCGHDKE@?$AAS?$AAD?$AAC?$AAa?$AAr?$AAd?$AA?5?$AAS?$AAe?$AAt?$AAt?$AAi?$AAn?$AAg?$AAs?$AA?$AA@ 00002b94     menu.obj
 0001:00001bb4       ??_C@_1CC@PCCBMLKB@?$AAN?$AAe?$AAt?$AAw?$AAo?$AAr?$AAk?$AA?5?$AAS?$AAe?$AAt?$AAt?$AAi?$AAn?$AAg?$AAs?$AA?$AA@ 00002bb4     menu.obj
 0001:00001bd8       ??_C@_1M@OPFBIOCF@?$AAD?$AAe?$AAb?$AAu?$AAg?$AA?$AA@ 00002bd8     menu.obj
 0001:00001be4       ??_C@_1DG@LLAJHPJA@?$AAS?$AAe?$AAl?$AAe?$AAc?$AAt?$AA?5?$AAK?$AAI?$AAT?$AAL?$AA?5?$AA?$CI?$AAD?$AAe?$AAb?$AAu?$AAg?$AA?$CJ?$AA?5?$AAD?$AAe?$AAv?$AAi?$AAc?$AAe?$AA?$AA@ 00002be4     menu.obj
 0001:00001c1c       ??_C@_19JCAOHIEH@?$AAB?$AAo?$AAo?$AAt?$AA?$AA@ 00002c1c     menu.obj
 0001:00001c28       ??_C@_1CG@BBALNGAE@?$AAS?$AAe?$AAl?$AAe?$AAc?$AAt?$AA?5?$AAB?$AAo?$AAo?$AAt?$AA?5?$AAD?$AAe?$AAv?$AAi?$AAc?$AAe?$AA?$AA@ 00002c28     menu.obj
 0001:00001c50       ??_C@_1BO@HAIPBIND@?$AAE?$AAn?$AAt?$AAe?$AAr?$AA?5?$AAF?$AAi?$AAl?$AAe?$AAn?$AAa?$AAm?$AAe?$AA?$AA@ 00002c50     menu.obj
 0001:00001c70       ??_C@_1CE@DFLFAFMD@?$AAE?$AAx?$AAi?$AAt?$AA?5?$AAa?$AAn?$AAd?$AA?5?$AAC?$AAo?$AAn?$AAt?$AAi?$AAn?$AAu?$AAe?$AA?$AA@ 00002c70     menu.obj
 0001:00001c94       ??_C@_1CA@LLFAIJM@?$AAS?$AAe?$AAt?$AA?5?$AAM?$AAA?$AAC?$AA?5?$AAa?$AAd?$AAd?$AAr?$AAe?$AAs?$AAs?$AA?$AA@ 00002c94     menu.obj
 0001:00001cb4       ??_C@_1M@NJLEOPAB@?$AAV?$AAM?$AAI?$AAN?$AAI?$AA?$AA@ 00002cb4     menu.obj
 0001:00001cc0       ??_C@_1CK@OKOLJFGH@?$AAE?$AAn?$AAa?$AAb?$AAl?$AAe?$AA?1?$AAd?$AAi?$AAs?$AAa?$AAb?$AAl?$AAe?$AA?5?$AAV?$AAM?$AAI?$AAN?$AAI?$AA?$AA@ 00002cc0     menu.obj
 0001:00001cec       ??_C@_1BO@BODFGHPI@?$AAD?$AAe?$AAf?$AAa?$AAu?$AAl?$AAt?$AA?5?$AAr?$AAo?$AAu?$AAt?$AAe?$AAr?$AA?$AA@ 00002cec     menu.obj
 0001:00001d0c       ??_C@_1CG@PDJPJAON@?$AAS?$AAe?$AAt?$AA?5?$AAd?$AAe?$AAf?$AAa?$AAu?$AAl?$AAt?$AA?5?$AAr?$AAo?$AAu?$AAt?$AAe?$AAr?$AA?$AA@ 00002d0c     menu.obj
 0001:00001d34       ??_C@_1BI@BNFAJPCD@?$AAS?$AAe?$AAt?$AA?5?$AAI?$AAP?$AA?5?$AAm?$AAa?$AAs?$AAk?$AA?$AA@ 00002d34     menu.obj
 0001:00001d4c       ??_C@_1O@HAMLNBEA@?$AAD?$AAe?$AAv?$AAi?$AAc?$AAe?$AA?$AA@ 00002d4c     menu.obj
 0001:00001d5c       ??_C@_1BO@OBBADFOO@?$AAS?$AAe?$AAt?$AA?5?$AAI?$AAP?$AA?5?$AAa?$AAd?$AAd?$AAr?$AAe?$AAs?$AAs?$AA?$AA@ 00002d5c     menu.obj
 0001:00001d7c       ??_C@_19DDJNJOGL@?$AAD?$AAH?$AAC?$AAP?$AA?$AA@ 00002d7c     menu.obj
 0001:00001d88       ??_C@_1CI@OHHEPHNA@?$AAE?$AAn?$AAa?$AAb?$AAl?$AAe?$AA?1?$AAd?$AAi?$AAs?$AAa?$AAb?$AAl?$AAe?$AA?5?$AAD?$AAH?$AAC?$AAP?$AA?$AA@ 00002d88     menu.obj
 0001:00001db0       ??_C@_1DC@FMHJOEGL@?$AAK?$AAI?$AAT?$AAL?$AA?5?$AAA?$AAc?$AAt?$AAi?$AAv?$AAe?$AA?1?$AAP?$AAa?$AAs?$AAs?$AAi?$AAv?$AAe?$AA?5?$AAm?$AAo?$AAd?$AAe?$AA?$AA@ 00002db0     menu.obj
 0001:00001de4       ??_C@_1DC@FHPHDMKC@?$AAK?$AAI?$AAT?$AAL?$AA?5?$AAi?$AAn?$AAt?$AAe?$AAr?$AAr?$AAu?$AAp?$AAt?$AA?1?$AAp?$AAo?$AAl?$AAl?$AA?5?$AAm?$AAo?$AAd?$AAe?$AA?$AA@ 00002de4     menu.obj
 0001:00001e18       ??_C@_19KCABPHM@?$AAK?$AAI?$AAT?$AAL?$AA?$AA@ 00002e18     menu.obj
 0001:00001e24       ??_C@_1CI@NOMJHGMH@?$AAE?$AAn?$AAa?$AAb?$AAl?$AAe?$AA?1?$AAd?$AAi?$AAs?$AAa?$AAb?$AAl?$AAe?$AA?5?$AAK?$AAI?$AAT?$AAL?$AA?$AA@ 00002e24     menu.obj
 0001:00001e4c       ??_C@_1CM@CFLHLMJF@?$AAS?$AAh?$AAo?$AAw?$AA?5?$AAC?$AAu?$AAr?$AAr?$AAe?$AAn?$AAt?$AA?5?$AAS?$AAe?$AAt?$AAt?$AAi?$AAn?$AAg?$AAs?$AA?$AA@ 00002e4c     menu.obj
 0001:00001f08       ??_C@_1FM@KKEGFMMC@?$AAH?$AAi?$AAt?$AA?5?$AAs?$AAp?$AAa?$AAc?$AAe?$AA?5?$AAt?$AAo?$AA?5?$AAe?$AAn?$AAt?$AAe?$AAr?$AA?5?$AAc?$AAo?$AAn?$AAf?$AAi?$AAg?$AAu?$AAr?$AAa?$AAt?$AAi?$AAo?$AAn@ 00002f08     menu.obj
 0001:00001f68       ??_C@_1FI@GAMDHEMA@?$AA?$AN?$AA?6?$AA?5?$AA?5?$AA?5?$AAW?$AAA?$AAR?$AAN?$AAI?$AAN?$AAG?$AA?3?$AA?5?$AAM?$AAA?$AAC?$AA?5?$AAa?$AAd?$AAd?$AAr?$AAe?$AAs?$AAs?$AA?5?$AAn?$AAo?$AAt?$AA?5?$AAp?$AAr@ 00002f68     menu.obj
 0001:00001fc0       ??_C@_1KG@MHFLKBMF@?$AAm?$AAa?$AAc?$AA?5?$AAa?$AAd?$AAd?$AAr?$AAe?$AAs?$AAs?$AA?5?$AAn?$AAo?$AAt?$AA?5?$AAf?$AAo?$AAu?$AAn?$AAd?$AA?5?$AAi?$AAn?$AA?5?$AAE?$AAE?$AAP?$AAR?$AAO?$AAM?$AA?4@ 00002fc0     menu.obj
 0001:00002068       ??_C@_19OEFLBHKA@?$AAE?$AAV?$AAM?$AA?5?$AA?$AA@ 00003068     menu.obj
 0001:00002078       ??_C@_1FC@DDNFDPMF@?$AA?$AN?$AA?6?$AA?5?$AAS?$AAe?$AAt?$AA?5?$AAE?$AAt?$AAh?$AAe?$AAr?$AAn?$AAe?$AAt?$AA?5?$AA?$CI?$AAL?$AAA?$AAN?$AA9?$AAx?$AAx?$AAx?$AA?$CJ?$AA?5?$AAM?$AAA?$AAC?$AA?5?$AAA?$AAd@ 00003078     menu.obj
 0001:000020cc       ??_C@_1CM@MBNEBDDK@?$AA?5?$AA?5?$AAV?$AAM?$AAI?$AAN?$AAI?$AA?3?$AA?5?$AA?5?$AA?5?$AA?5?$AA?5?$AA?5?$AA?5?$AA?5?$AA?5?$AA?$CF?$AAs?$AA?$AN?$AA?6?$AA?$AA@ 000030cc     menu.obj
 0001:000020f8       ??_C@_1GE@BGIPLJDA@?$AA?5?$AA?5?$AAN?$AAo?$AAt?$AAe?$AA?3?$AA?5?$AAU?$AAS?$AAB?$AAF?$AAN?$AA?5?$AAR?$AAN?$AAD?$AAI?$AAS?$AA?5?$AAM?$AAA?$AAC?$AA?5?$AAA?$AAd?$AAd?$AAr?$AA?5?$AAc?$AAa?$AAn@ 000030f8     menu.obj
 0001:0000215c       ??_C@_1DG@LEIGGFEH@?$AA?5?$AA?5?$AAE?$AAt?$AAh?$AA?5?$AAM?$AAA?$AAC?$AA?5?$AAA?$AAd?$AAd?$AAr?$AA?3?$AA?5?$AA?5?$AA?$CF?$AAs?$AA?5?$AA?$CI?$AA?$CF?$AAs?$AA?$CJ?$AA?$AN?$AA?6?$AA?$AA@ 0000315c     menu.obj
 0001:00002194       ??_C@_1BM@HBILLBOB@?$AAB?$AAo?$AAo?$AAt?$AA?5?$AAs?$AAe?$AAt?$AAt?$AAi?$AAn?$AAg?$AAs?$AA?$AA@ 00003194     menu.obj
 0001:000021b0       ??_C@_1O@HKPJJFOO@?$AAE?$AAE?$AAP?$AAR?$AAO?$AAM?$AA?$AA@ 000031b0     menu.obj
 0001:000021c0       ??_C@_1CM@ENNBLIDC@?$AA?5?$AA?5?$AAD?$AAH?$AAC?$AAP?$AA?3?$AA?5?$AA?5?$AA?5?$AA?5?$AA?5?$AA?5?$AA?5?$AA?5?$AA?5?$AA?5?$AA?$CF?$AAs?$AA?$AN?$AA?6?$AA?$AA@ 000031c0     menu.obj
 0001:000021ec       ??_C@_1CM@PFJOPCHK@?$AA?5?$AA?5?$AAI?$AAP?$AA?5?$AAa?$AAd?$AAd?$AAr?$AAe?$AAs?$AAs?$AA?3?$AA?5?$AA?5?$AA?5?$AA?5?$AA?$CF?$AAs?$AA?$AN?$AA?6?$AA?$AA@ 000031ec     menu.obj
 0001:00002218       ??_C@_1CM@MFPGPOHA@?$AA?5?$AA?5?$AAI?$AAP?$AA?5?$AAm?$AAa?$AAs?$AAk?$AA?3?$AA?5?$AA?5?$AA?5?$AA?5?$AA?5?$AA?5?$AA?5?$AA?$CF?$AAs?$AA?$AN?$AA?6?$AA?$AA@ 00003218     menu.obj
 0001:00002244       ??_C@_1CM@IMEGPKBH@?$AA?5?$AA?5?$AAI?$AAP?$AA?5?$AAr?$AAo?$AAu?$AAt?$AAe?$AAr?$AA?3?$AA?5?$AA?5?$AA?5?$AA?5?$AA?5?$AA?$CF?$AAs?$AA?$AN?$AA?6?$AA?$AA@ 00003244     menu.obj
 0001:00002270       ??_C@_1CM@OEGKHNAF@?$AA?5?$AA?5?$AAK?$AAI?$AAT?$AAL?$AA?5?$AAm?$AAo?$AAd?$AAe?$AA?3?$AA?5?$AA?5?$AA?5?$AA?5?$AA?5?$AA?$CF?$AAs?$AA?$AN?$AA?6?$AA?$AA@ 00003270     menu.obj
 0001:0000229c       ??_C@_1BE@OLFPFCKI@?$AAi?$AAn?$AAt?$AAe?$AAr?$AAr?$AAu?$AAp?$AAt?$AA?$AA@ 0000329c     menu.obj
 0001:000022b0       ??_C@_1O@DOAPGJLD@?$AAp?$AAo?$AAl?$AAl?$AAe?$AAd?$AA?$AA@ 000032b0     menu.obj
 0001:000022c0       ??_C@_1CM@OLFKODG@?$AA?5?$AA?5?$AAK?$AAI?$AAT?$AAL?$AA?5?$AAt?$AAy?$AAp?$AAe?$AA?3?$AA?5?$AA?5?$AA?5?$AA?5?$AA?5?$AA?$CF?$AAs?$AA?$AN?$AA?6?$AA?$AA@ 000032c0     menu.obj
 0001:000022ec       ??_C@_1O@IBNPCBAA@?$AAa?$AAc?$AAt?$AAi?$AAv?$AAe?$AA?$AA@ 000032ec     menu.obj
 0001:000022fc       ??_C@_1BA@INHNFGAO@?$AAp?$AAa?$AAs?$AAs?$AAi?$AAv?$AAe?$AA?$AA@ 000032fc     menu.obj
 0001:0000230c       ??_C@_1CM@KKLHLKH@?$AA?5?$AA?5?$AAK?$AAI?$AAT?$AAL?$AA?5?$AAs?$AAt?$AAa?$AAt?$AAe?$AA?3?$AA?5?$AA?5?$AA?5?$AA?5?$AA?$CF?$AAs?$AA?$AN?$AA?6?$AA?$AA@ 0000330c     menu.obj
 0001:00002338       ??_C@_1BC@LGPIFEA@?$AAd?$AAi?$AAs?$AAa?$AAb?$AAl?$AAe?$AAd?$AA?$AA@ 00003338     menu.obj
 0001:0000234c       ??_C@_1BA@BKMGIBPB@?$AAe?$AAn?$AAa?$AAb?$AAl?$AAe?$AAd?$AA?$AA@ 0000334c     menu.obj
 0001:0000235c       ??_C@_1BM@NCMLOBGF@?$AA?$AN?$AA?6?$AA?5?$AAN?$AAe?$AAt?$AAw?$AAo?$AAr?$AAk?$AA?3?$AA?$AN?$AA?6?$AA?$AA@ 0000335c     menu.obj
 0001:00002378       ??_C@_1DG@GANBFOFA@?$AA?5?$AAK?$AAI?$AAT?$AAL?$AA?5?$AAs?$AAe?$AAt?$AA?5?$AAt?$AAo?$AA?5?$AAp?$AAo?$AAl?$AAl?$AAe?$AAd?$AA?5?$AAm?$AAo?$AAd?$AAe?$AA?$AN?$AA?6?$AA?$AA@ 00003378     menu.obj
 0001:000023b0       ??_C@_1DM@IPPCLHEI@?$AA?5?$AAK?$AAI?$AAT?$AAL?$AA?5?$AAs?$AAe?$AAt?$AA?5?$AAt?$AAo?$AA?5?$AAi?$AAn?$AAt?$AAe?$AAr?$AAr?$AAu?$AAp?$AAt?$AA?5?$AAm?$AAo?$AAd?$AAe?$AA?$AN?$AA?6?$AA?$AA@ 000033b0     menu.obj
 0001:000023ec       ??_C@_19DIEGALPP@?$AA?$CF?$AAc?$AA?$AN?$AA?6?$AA?$AA@ 000033ec     menu.obj
 0001:000023f8       ??_C@_1EC@JHPHMHOA@?$AA?5?$AAS?$AAe?$AAt?$AA?5?$AAK?$AAI?$AAT?$AAL?$AA?5?$AAt?$AAo?$AA?5?$AAp?$AAo?$AAl?$AAl?$AAe?$AAd?$AA?5?$AAm?$AAo?$AAd?$AAe?$AA?5?$AA?$FL?$AAy?$AA?1?$AA?9?$AA?$FN?$AA?3?$AA?5@ 000033f8     menu.obj
 0001:00002440       ??_C@_1EI@CAADENIK@?$AA?5?$AAS?$AAe?$AAt?$AA?5?$AAK?$AAI?$AAT?$AAL?$AA?5?$AAt?$AAo?$AA?5?$AAi?$AAn?$AAt?$AAe?$AAr?$AAr?$AAu?$AAp?$AAt?$AA?5?$AAm?$AAo?$AAd?$AAe?$AA?5?$AA?$FL?$AAy?$AA?1?$AA?9@ 00003440     menu.obj
 0001:00002488       ??_C@_1DI@DNJMHDAE@?$AA?5?$AAK?$AAI?$AAT?$AAL?$AA?5?$AAs?$AAe?$AAt?$AA?5?$AAt?$AAo?$AA?5?$AAp?$AAa?$AAs?$AAs?$AAi?$AAv?$AAe?$AA?5?$AAm?$AAo?$AAd?$AAe?$AA?$AN?$AA?6?$AA?$AA@ 00003488     menu.obj
 0001:000024c0       ??_C@_1DG@EDFECNLC@?$AA?5?$AAK?$AAI?$AAT?$AAL?$AA?5?$AAs?$AAe?$AAt?$AA?5?$AAt?$AAo?$AA?5?$AAa?$AAc?$AAt?$AAi?$AAv?$AAe?$AA?5?$AAm?$AAo?$AAd?$AAe?$AA?$AN?$AA?6?$AA?$AA@ 000034c0     menu.obj
 0001:000024f8       ??_C@_1EE@HIABIPBL@?$AA?5?$AAS?$AAe?$AAt?$AA?5?$AAK?$AAI?$AAT?$AAL?$AA?5?$AAt?$AAo?$AA?5?$AAp?$AAa?$AAs?$AAs?$AAi?$AAv?$AAe?$AA?5?$AAm?$AAo?$AAd?$AAe?$AA?5?$AA?$FL?$AAy?$AA?1?$AA?9?$AA?$FN?$AA?3@ 000034f8     menu.obj
 0001:00002540       ??_C@_1EC@OPMJBCEG@?$AA?5?$AAS?$AAe?$AAt?$AA?5?$AAK?$AAI?$AAT?$AAL?$AA?5?$AAt?$AAo?$AA?5?$AAa?$AAc?$AAt?$AAi?$AAv?$AAe?$AA?5?$AAm?$AAo?$AAd?$AAe?$AA?5?$AA?$FL?$AAy?$AA?1?$AA?9?$AA?$FN?$AA?3?$AA?5@ 00003540     menu.obj
 0001:00002584       ??_C@_1DO@IPDMADGH@?$AA?5?$AAO?$AAA?$AAL?$AA?5?$AAR?$AAe?$AAt?$AAa?$AAi?$AAl?$AA?5?$AAM?$AAe?$AAs?$AAs?$AAa?$AAg?$AAe?$AAs?$AA?5?$AAe?$AAn?$AAa?$AAb?$AAl?$AAe?$AAd?$AA?$AN?$AA?6?$AA?$AA@ 00003584     menu.obj
 0001:000025c8       ??_C@_1EA@EDIKANLP@?$AA?5?$AAO?$AAA?$AAL?$AA?5?$AAR?$AAe?$AAt?$AAa?$AAi?$AAl?$AA?5?$AAM?$AAe?$AAs?$AAs?$AAa?$AAg?$AAe?$AAs?$AA?5?$AAd?$AAi?$AAs?$AAa?$AAb?$AAl?$AAe?$AAd?$AA?$AN?$AA?6?$AA?$AA@ 000035c8     menu.obj
 0001:00002608       ??_C@_1EI@IEOEJKJK@?$AA?5?$AAE?$AAn?$AAa?$AAb?$AAl?$AAe?$AA?5?$AAO?$AAA?$AAL?$AA?5?$AAR?$AAe?$AAt?$AAa?$AAi?$AAl?$AA?5?$AAM?$AAe?$AAs?$AAs?$AAa?$AAg?$AAe?$AAs?$AA?5?$AA?$FL?$AAy?$AA?1?$AA?9@ 00003608     menu.obj
 0001:00002650       ??_C@_1EK@NMKAIECH@?$AA?5?$AAD?$AAi?$AAs?$AAa?$AAb?$AAl?$AAe?$AA?5?$AAO?$AAA?$AAL?$AA?5?$AAR?$AAe?$AAt?$AAa?$AAi?$AAl?$AA?5?$AAM?$AAe?$AAs?$AAs?$AAa?$AAg?$AAe?$AAs?$AA?5?$AA?$FL?$AAy?$AA?1@ 00003650     menu.obj
 0001:0000269c       ??_C@_1DC@KGICMHCL@?$AA?5?$AA?$FL?$AA0?$AA?$FN?$AA?5?$AAE?$AAx?$AAi?$AAt?$AA?5?$AAa?$AAn?$AAd?$AA?5?$AAC?$AAo?$AAn?$AAt?$AAi?$AAn?$AAu?$AAe?$AA?$AN?$AA?6?$AA?$AA@ 0000369c     menu.obj
 0001:000026d0       ??_C@_1DG@FKDJCDHM@?$AA?$AN?$AA?6?$AA?5?$AAS?$AAe?$AAl?$AAe?$AAc?$AAt?$AAi?$AAo?$AAn?$AA?5?$AA?$CI?$AAa?$AAc?$AAt?$AAu?$AAa?$AAl?$AA?5?$AA?$CF?$AAs?$AA?$CJ?$AA?3?$AA?5?$AA?$AA@ 000036d0     menu.obj
 0001:00002708       ??_C@_1BG@LMIBJJCD@?$AA?5?$AA?$FL?$AA?$CF?$AAd?$AA?$FN?$AA?5?$AA?$CF?$AAs?$AA?$AN?$AA?6?$AA?$AA@ 00003708     menu.obj
 0001:00002720       ??_C@_1DK@EBBOCKOO@?$AA?$AN?$AA?6?$AA?5?$AAS?$AAe?$AAl?$AAe?$AAc?$AAt?$AAi?$AAo?$AAn?$AA?5?$AA?$CI?$AAa?$AAc?$AAt?$AAu?$AAa?$AAl?$AA?5?$AA?$FL?$AA?$CF?$AAs?$AA?$FN?$AA?$CJ?$AA?3?$AA?5?$AA?$AA@ 00003720     menu.obj
 0001:0000275c       ??_C@_1DO@GCBJIIGC@?$AAE?$AAR?$AAR?$AAO?$AAR?$AA?3?$AA?5?$AAS?$AAe?$AAt?$AAt?$AAi?$AAn?$AAg?$AAs?$AA?5?$AAs?$AAa?$AAv?$AAe?$AA?5?$AAf?$AAa?$AAi?$AAl?$AAe?$AAd?$AA?$CB?$AA?$AN?$AA?6?$AA?$AA@ 0000375c     menu.obj
 0001:000027a0       ??_C@_1EG@EPHHPOIA@?$AA?5?$AAC?$AAu?$AAr?$AAr?$AAe?$AAn?$AAt?$AA?5?$AAs?$AAe?$AAt?$AAt?$AAi?$AAn?$AAg?$AAs?$AA?5?$AAh?$AAa?$AAs?$AA?5?$AAb?$AAe?$AAe?$AAn?$AA?5?$AAs?$AAa?$AAv?$AAe?$AAd@ 000037a0     menu.obj
 0001:000027e8       ??_C@_1FG@NGGODBPB@?$AA?5?$AAD?$AAo?$AA?5?$AAy?$AAo?$AAu?$AA?5?$AAw?$AAa?$AAn?$AAt?$AA?5?$AAs?$AAa?$AAv?$AAe?$AA?5?$AAc?$AAu?$AAr?$AAr?$AAe?$AAn?$AAt?$AA?5?$AAs?$AAe?$AAt?$AAt?$AAi?$AAn@ 000037e8     menu.obj
 0001:00002840       ??_C@_1BK@EBJPPEOM@?$AA?$AN?$AA?6?$AA?5?$AAS?$AAD?$AAC?$AAa?$AAr?$AAd?$AA?3?$AA?$AN?$AA?6?$AA?$AA@ 00003840     menu.obj
 0001:0000285c       ??_C@_1DA@JKMEDIID@?$AA?5?$AA?5?$AAF?$AAi?$AAl?$AAe?$AAn?$AAa?$AAm?$AAe?$AA?3?$AA?5?$AA?5?$AA?5?$AA?5?$AA?5?$AA?5?$AA?$CC?$AA?$CF?$AAs?$AA?$CC?$AA?$AN?$AA?6?$AA?$AA@ 0000385c     menu.obj
 0001:00002890       ??_C@_1EI@OPDBDDPE@?$AA?$AN?$AA?6?$AA?5?$AAT?$AAy?$AAp?$AAe?$AA?5?$AAn?$AAe?$AAw?$AA?5?$AAf?$AAi?$AAl?$AAe?$AAn?$AAa?$AAm?$AAe?$AA?5?$AA?$CI?$AA8?$AA?4?$AA3?$AA?5?$AAf?$AAo?$AAr?$AAm?$AAa?$AAt@ 00003890     menu.obj
 0001:000028d8       ??_C@_1DE@FKCOLIJA@?$AA?5?$AA?5?$AAF?$AAl?$AAa?$AAs?$AAh?$AAi?$AAn?$AAg?$AA?5?$AAN?$AAK?$AA?4?$AAb?$AAi?$AAn?$AA?3?$AA?5?$AA?5?$AA?5?$AA?$CF?$AAs?$AA?$AN?$AA?6?$AA?$AA@ 000038d8     menu.obj
 0001:0000290c       ??_C@_1CG@OIGCIHAG@?$AA?5?$AA?5?$AAO?$AAP?$AAP?$AA?5?$AAM?$AAo?$AAd?$AAe?$AA?3?$AA?5?$AA?5?$AA?5?$AA?$CF?$AAs?$AA?$AN?$AA?6?$AA?$AA@ 0000390c     menu.obj
 0001:00002934       ??_C@_1CM@JIGPKFND@?$AA?5?$AA?5?$AAR?$AAe?$AAt?$AAa?$AAi?$AAl?$AA?5?$AAM?$AAs?$AAg?$AAs?$AA?3?$AA?5?$AA?5?$AA?5?$AA?$CF?$AAs?$AA?$AN?$AA?6?$AA?$AA@ 00003934     menu.obj
 0001:00002960       ??_C@_1CM@NDEIFMBL@?$AA?5?$AA?5?$AAD?$AAe?$AAv?$AAi?$AAc?$AAe?$AA?5?$AAI?$AAD?$AA?3?$AA?5?$AA?5?$AA?5?$AA?5?$AA?5?$AA?$CF?$AAd?$AA?$AN?$AA?6?$AA?$AA@ 00003960     menu.obj
 0001:0000298c       ??_C@_1CM@FFHNOGK@?$AA?5?$AA?5?$AAD?$AAi?$AAs?$AAp?$AAl?$AAa?$AAy?$AA?5?$AAR?$AAe?$AAs?$AA?3?$AA?5?$AA?5?$AA?5?$AA?$CF?$AAs?$AA?$AN?$AA?6?$AA?$AA@ 0000398c     menu.obj
 0001:000029b8       ??_C@_1CM@NPGGEGKD@?$AA?5?$AA?5?$AAD?$AAe?$AAb?$AAu?$AAg?$AA?5?$AAd?$AAe?$AAv?$AAi?$AAc?$AAe?$AA?3?$AA?5?$AA?5?$AA?$CF?$AAs?$AA?$AN?$AA?6?$AA?$AA@ 000039b8     menu.obj
 0001:000029e4       ??_C@_1BM@PMDNGDGM@?$AAn?$AAo?$AAt?$AA?5?$AAs?$AAp?$AAe?$AAc?$AAi?$AAf?$AAi?$AAe?$AAd?$AA?$AA@ 000039e4     menu.obj
 0001:00002a00       ??_C@_1BG@CEFCIDHI@?$AA?$AN?$AA?6?$AA?5?$AAM?$AAa?$AAi?$AAn?$AA?3?$AA?$AN?$AA?6?$AA?$AA@ 00003a00     menu.obj
 0001:00002a18       ??_C@_1CM@IGJFNOHM@?$AA?5?$AA?5?$AAB?$AAo?$AAo?$AAt?$AA?5?$AAd?$AAe?$AAv?$AAi?$AAc?$AAe?$AA?3?$AA?5?$AA?5?$AA?5?$AA?$CF?$AAs?$AA?$AN?$AA?6?$AA?$AA@ 00003a18     menu.obj
 0001:00002a44       ??_C@_1DE@MLCCPHNO@?$AA?5?$AAC?$AAu?$AAr?$AAr?$AAe?$AAn?$AAt?$AA?5?$AAD?$AAe?$AAv?$AAi?$AAc?$AAe?$AA?5?$AAI?$AAD?$AA?3?$AA?5?$AA?5?$AA?$CF?$AAd?$AA?$AN?$AA?6?$AA?$AA@ 00003a44     menu.obj
 0001:00002a78       ??_C@_1CG@DEECOADH@?$AA?$AN?$AA?6?$AA?5?$AAN?$AAe?$AAw?$AA?5?$AAD?$AAe?$AAv?$AAi?$AAc?$AAe?$AA?5?$AAI?$AAD?$AA?3?$AA?5?$AA?$AA@ 00003a78     menu.obj
 0001:00002b30       ??_C@_1BK@JPPJHKGA@?$AAS?$AAe?$AAt?$AA?5?$AAE?$AAC?$AAC?$AA?5?$AAm?$AAo?$AAd?$AAe?$AA?$AA@ 00003b30     flashmenu.obj
 0001:00002b4c       ??_C@_1CO@EGKANGDF@?$AAE?$AAn?$AAa?$AAb?$AAl?$AAe?$AA?5?$AAf?$AAl?$AAa?$AAs?$AAh?$AAi?$AAn?$AAg?$AA?5?$AAN?$AAK?$AA?4?$AAb?$AAi?$AAn?$AA?$AA@ 00003b4c     flashmenu.obj
 0001:00002b7c       ??_C@_1BK@GBFAOEGL@?$AAF?$AAo?$AAr?$AAm?$AAa?$AAt?$AA?5?$AAf?$AAl?$AAa?$AAs?$AAh?$AA?$AA@ 00003b7c     flashmenu.obj
 0001:00002b98       ??_C@_1BM@GCHGGBGE@?$AAS?$AAe?$AAt?$AA?5?$AAb?$AAa?$AAd?$AA?5?$AAb?$AAl?$AAo?$AAc?$AAk?$AA?$AA@ 00003b98     flashmenu.obj
 0001:00002bb4       ??_C@_1CI@NOBBAEFH@?$AAR?$AAe?$AAs?$AAe?$AAr?$AAv?$AAe?$AA?5?$AAb?$AAl?$AAo?$AAc?$AAk?$AA?5?$AAr?$AAa?$AAn?$AAg?$AAe?$AA?$AA@ 00003bb4     flashmenu.obj
 0001:00002bdc       ??_C@_1CE@GGLAHODL@?$AAE?$AAr?$AAa?$AAs?$AAe?$AA?5?$AAb?$AAl?$AAo?$AAc?$AAk?$AA?5?$AAr?$AAa?$AAn?$AAg?$AAe?$AA?$AA@ 00003bdc     flashmenu.obj
 0001:00002c00       ??_C@_1BI@NDJHIBFP@?$AAE?$AAr?$AAa?$AAs?$AAe?$AA?5?$AAf?$AAl?$AAa?$AAs?$AAh?$AA?$AA@ 00003c00     flashmenu.obj
 0001:00002c18       ??_C@_1CE@IKOIJPJI@?$AAD?$AAu?$AAm?$AAp?$AA?5?$AAf?$AAl?$AAa?$AAs?$AAh?$AA?5?$AAs?$AAe?$AAc?$AAt?$AAo?$AAr?$AA?$AA@ 00003c18     flashmenu.obj
 0001:00002c3c       ??_C@_1CI@NOIANDIC@?$AAS?$AAh?$AAo?$AAw?$AA?5?$AAf?$AAl?$AAa?$AAs?$AAh?$AA?5?$AAg?$AAe?$AAo?$AAm?$AAe?$AAt?$AAr?$AAy?$AA?$AA@ 00003c3c     flashmenu.obj
 0001:00002cf8       ??_C@_1BA@ICKOCNOC@?$AA?5?$AAD?$AAo?$AAn?$AAe?$AA?$AN?$AA?6?$AA?$AA@ 00003cf8     flashmenu.obj
 0001:00002d08       ??_C@_1BK@NJMFPCLL@?$AA?$AN?$AA?6?$AA?$FL?$AAr?$AAe?$AAs?$AAe?$AAr?$AAv?$AAe?$AAd?$AA?$FN?$AA?$AA@ 00003d08     flashmenu.obj
 0001:00002d24       ??_C@_17IAIOLGBB@?$AA?5?$AA?$CF?$AAd?$AA?$AA@ 00003d24     flashmenu.obj
 0001:00002d2c       ??_C@_1BK@LJFBNMNP@?$AA?$AN?$AA?6?$AA?$FL?$AAb?$AAa?$AAd?$AA?$FN?$AA?5?$AA?5?$AA?5?$AA?5?$AA?5?$AA?$AA@ 00003d2c     flashmenu.obj
 0001:00002d48       ??_C@_1CC@CKACAODM@?$AA?5?$AAE?$AAC?$AAC?$AA?5?$AAm?$AAo?$AAd?$AAe?$AA?3?$AA?5?$AA?5?$AA?$CF?$AAs?$AA?$AN?$AA?6?$AA?$AA@ 00003d48     flashmenu.obj
 0001:00002d6c       ??_C@_1CC@EDJAHKCB@?$AAH?$AAa?$AAm?$AAm?$AAi?$AAn?$AAg?$AA?5?$AA1?$AAb?$AAi?$AAt?$AA?5?$AAE?$AAC?$AAC?$AA?$AA@ 00003d6c     flashmenu.obj
 0001:00002d90       ??_C@_1BK@HLJGHKLA@?$AAB?$AAC?$AAH?$AA?5?$AA4?$AAb?$AAi?$AAt?$AA?5?$AAE?$AAC?$AAC?$AA?$AA@ 00003d90     flashmenu.obj
 0001:00002dac       ??_C@_1BK@GHGPADLK@?$AAB?$AAC?$AAH?$AA?5?$AA8?$AAb?$AAi?$AAt?$AA?5?$AAE?$AAC?$AAC?$AA?$AA@ 00003dac     flashmenu.obj
 0001:00002dc8       ??_C@_15JNBOKNOG@?$AA?$AN?$AA?6?$AA?$AA@ 00003dc8     flashmenu.obj
 0001:00002dd0       ??_C@_1CK@GKLBIPDL@?$AA?5?$AAF?$AAl?$AAa?$AAs?$AAh?$AA?5?$AAT?$AAy?$AAp?$AAe?$AA?3?$AA?5?$AA?5?$AA?5?$AA?5?$AA?$CF?$AAs?$AA?$AN?$AA?6?$AA?$AA@ 00003dd0     flashmenu.obj
 0001:00002dfc       ??_C@_1CK@FFMHKDOJ@?$AA?5?$AAB?$AAl?$AAo?$AAc?$AAk?$AAs?$AA?3?$AA?5?$AA?5?$AA?5?$AA?5?$AA?5?$AA?5?$AA?5?$AA?5?$AA?$CF?$AAd?$AA?$AN?$AA?6?$AA?$AA@ 00003dfc     flashmenu.obj
 0001:00002e28       ??_C@_1CK@IKGPGDPJ@?$AA?5?$AAB?$AAy?$AAt?$AAe?$AAs?$AA?1?$AAb?$AAl?$AAo?$AAc?$AAk?$AA?3?$AA?5?$AA?5?$AA?5?$AA?$CF?$AAd?$AA?$AN?$AA?6?$AA?$AA@ 00003e28     flashmenu.obj
 0001:00002e54       ??_C@_1CK@OCGGJEJ@?$AA?5?$AAS?$AAe?$AAc?$AAt?$AAo?$AAr?$AAs?$AA?1?$AAb?$AAl?$AAo?$AAc?$AAk?$AA?3?$AA?5?$AA?$CF?$AAd?$AA?$AN?$AA?6?$AA?$AA@ 00003e54     flashmenu.obj
 0001:00002e80       ??_C@_1CK@KEDBKDHI@?$AA?5?$AAB?$AAy?$AAt?$AAe?$AAs?$AA?1?$AAs?$AAe?$AAc?$AAt?$AAo?$AAr?$AA?3?$AA?5?$AA?5?$AA?$CF?$AAd?$AA?$AN?$AA?6?$AA?$AA@ 00003e80     flashmenu.obj
 0001:00002eac       ??_C@_19FIBFMGJP@?$AAN?$AAA?$AAN?$AAD?$AA?$AA@ 00003eac     flashmenu.obj
 0001:00002eb8       ??_C@_17DJMAIPNJ@?$AAN?$AAO?$AAR?$AA?$AA@ 00003eb8     flashmenu.obj
 0001:00002ec0       ??_C@_1EO@FMHOCAJM@?$AA?5?$AAO?$AAo?$AAp?$AAs?$AA?0?$AA?5?$AAc?$AAa?$AAn?$AA?8?$AAt?$AA?5?$AAg?$AAe?$AAt?$AA?5?$AAf?$AAl?$AAa?$AAs?$AAh?$AA?5?$AAg?$AAe?$AAo?$AAm?$AAe?$AAt?$AAr?$AAy?$AA?5@ 00003ec0     flashmenu.obj
 0001:00002f10       ??_C@_1DO@ECBGAOKH@?$AA?5?$AAO?$AAo?$AAp?$AAs?$AA?0?$AA?5?$AAc?$AAa?$AAn?$AA?8?$AAt?$AA?5?$AAo?$AAp?$AAe?$AAn?$AA?5?$AAF?$AAM?$AAD?$AA?5?$AAd?$AAr?$AAi?$AAv?$AAe?$AAr?$AA?$AN?$AA?6?$AA?$AA@ 00003f10     flashmenu.obj
 0001:00002f50       ??_C@_1FI@LPGEHBMI@?$AA?5?$AAO?$AAo?$AAp?$AAs?$AA?0?$AA?5?$AAc?$AAa?$AAn?$AA?8?$AAt?$AA?5?$AAe?$AAr?$AAa?$AAs?$AAe?$AA?5?$AAb?$AAl?$AAo?$AAc?$AAk?$AA?5?$AA?$CF?$AAd?$AA?5?$AA?9?$AA?5?$AAm?$AAa@ 00003f50     flashmenu.obj
 0001:00002fa8       ??_C@_1DE@FDJBJKAL@?$AA?5?$AAS?$AAk?$AAi?$AAp?$AA?5?$AAr?$AAe?$AAs?$AAe?$AAr?$AAv?$AAe?$AAd?$AA?5?$AAb?$AAl?$AAo?$AAc?$AAk?$AA?5?$AA?$CF?$AAd?$AA?$AN?$AA?6?$AA?$AA@ 00003fa8     flashmenu.obj
 0001:00002fdc       ??_C@_1CK@FKCECPDI@?$AA?5?$AAS?$AAk?$AAi?$AAp?$AA?5?$AAb?$AAa?$AAd?$AA?5?$AAb?$AAl?$AAo?$AAc?$AAk?$AA?5?$AA?$CF?$AAd?$AA?$AN?$AA?6?$AA?$AA@ 00003fdc     flashmenu.obj
 0001:00003008       ??_C@_1GA@KKFAKMFP@?$AA?5?$AAD?$AAo?$AA?5?$AAy?$AAo?$AAu?$AA?5?$AAw?$AAa?$AAn?$AAt?$AA?5?$AAt?$AAo?$AA?5?$AAe?$AAr?$AAa?$AAs?$AAe?$AA?5?$AAu?$AAn?$AAr?$AAe?$AAs?$AAe?$AAr?$AAv?$AAe?$AAd@ 00004008     flashmenu.obj
 0001:00003068       ??_C@_1FG@KMEBKKAG@?$AA?5?$AAD?$AAo?$AA?5?$AAy?$AAo?$AAu?$AA?5?$AAw?$AAa?$AAn?$AAt?$AA?5?$AAt?$AAo?$AA?5?$AAe?$AAr?$AAa?$AAs?$AAe?$AA?5?$AAb?$AAa?$AAd?$AA?5?$AAb?$AAl?$AAo?$AAc?$AAk?$AA?5@ 00004068     flashmenu.obj
 0001:000030c0       ??_C@_1GA@IMHNOHDN@?$AA?5?$AAD?$AAo?$AA?5?$AAy?$AAo?$AAu?$AA?5?$AAw?$AAa?$AAn?$AAt?$AA?5?$AAt?$AAo?$AA?5?$AAe?$AAr?$AAa?$AAs?$AAe?$AA?5?$AAr?$AAe?$AAs?$AAe?$AAr?$AAv?$AAe?$AAd?$AA?5?$AAb@ 000040c0     flashmenu.obj
 0001:00003120       ??_C@_1EO@FLJCJNNB@?$AA?5?$AAD?$AAo?$AA?5?$AAy?$AAo?$AAu?$AA?5?$AAw?$AAa?$AAn?$AAt?$AA?5?$AAe?$AAr?$AAa?$AAs?$AAe?$AA?5?$AAb?$AAl?$AAo?$AAc?$AAk?$AA?5?$AA?$CF?$AAd?$AA?9?$AA?$CF?$AAd?$AA?5?$AA?$FL@ 00004120     flashmenu.obj
 0001:00003170       ??_C@_1DM@MPGKHCCK@?$AA?5?$AAO?$AAo?$AAp?$AAs?$AA?0?$AA?5?$AAt?$AAo?$AAo?$AA?5?$AAb?$AAi?$AAg?$AA?5?$AAb?$AAl?$AAo?$AAc?$AAk?$AA?5?$AAn?$AAu?$AAm?$AAb?$AAe?$AAr?$AA?$AN?$AA?6?$AA?$AA@ 00004170     flashmenu.obj
 0001:000031ac       ??_C@_1CO@CKBOHOON@?$AA?$AN?$AA?6?$AA?5?$AAL?$AAa?$AAs?$AAt?$AA?5?$AAB?$AAl?$AAo?$AAc?$AAk?$AA?5?$AAN?$AAu?$AAm?$AAb?$AAe?$AAr?$AA?3?$AA?5?$AA?$AA@ 000041ac     flashmenu.obj
 0001:000031dc       ??_C@_1DA@LGLONGJJ@?$AA?$AN?$AA?6?$AA?5?$AAF?$AAi?$AAr?$AAs?$AAt?$AA?5?$AAB?$AAl?$AAo?$AAc?$AAk?$AA?5?$AAN?$AAu?$AAm?$AAb?$AAe?$AAr?$AA?3?$AA?5?$AA?$AA@ 000041dc     flashmenu.obj
 0001:00003210       ??_C@_1FG@GECOJCBP@?$AA?5?$AAO?$AAo?$AAp?$AAs?$AA?0?$AA?5?$AAc?$AAa?$AAn?$AA?8?$AAt?$AA?5?$AAm?$AAa?$AAr?$AAk?$AA?5?$AAb?$AAl?$AAo?$AAc?$AAk?$AA?5?$AA?$CF?$AAd?$AA?5?$AA?9?$AA?5?$AAa?$AAs?$AA?5@ 00004210     flashmenu.obj
 0001:00003268       ??_C@_1GE@KHHGLGPF@?$AA?5?$AAD?$AAo?$AA?5?$AAy?$AAo?$AAu?$AA?5?$AAw?$AAa?$AAn?$AAt?$AA?5?$AAm?$AAa?$AAr?$AAk?$AA?5?$AAa?$AAs?$AA?5?$AAr?$AAe?$AAs?$AAe?$AAr?$AAv?$AAe?$AAd?$AA?5?$AAb?$AAl@ 00004268     flashmenu.obj
 0001:000032cc       ??_C@_15DAMPJCDE@?$AA?$CF?$AAc?$AA?$AA@ 000042cc     flashmenu.obj
 0001:000032d4       ??_C@_15OJKDPEFE@?$AA?5?$AA?5?$AA?$AA@ 000042d4     flashmenu.obj
 0001:000032dc       ??_C@_1M@FHJLFHFE@?$AA?5?$AA?$CF?$AA0?$AA2?$AAx?$AA?$AA@ 000042dc     flashmenu.obj
 0001:000032e8       ??_C@_1M@CKIPGKFF@?$AA?$CF?$AA0?$AA4?$AAx?$AA?5?$AA?$AA@ 000042e8     flashmenu.obj
 0001:000032f8       ??_C@_1EM@JNIBIIAB@?$AA?$AN?$AA?6?$AAS?$AAe?$AAc?$AAt?$AAo?$AAr?$AA?5?$AA?$CF?$AAd?$AA?5?$AA?$CI?$AAs?$AAe?$AAc?$AAt?$AAo?$AAr?$AA?5?$AA?$CF?$AAd?$AA?5?$AAi?$AAn?$AA?5?$AAb?$AAl?$AAo?$AAc?$AAk?$AA?5@ 000042f8     flashmenu.obj
 0001:00003348       ??_C@_1HM@NEKLJOFD@?$AAR?$AAe?$AAs?$AAe?$AAr?$AAv?$AAe?$AAd?$AA1?$AA?3?$AA?5?$AA?$CF?$AA0?$AA8?$AAx?$AA?5?$AAO?$AAE?$AAM?$AAR?$AAe?$AAs?$AAe?$AAr?$AAv?$AAe?$AAd?$AA?3?$AA?5?$AA?$CF?$AA0?$AA2@ 00004348     flashmenu.obj
 0001:000033c4       ??_C@_1DI@NODDJIFB@?$AA?5?$AAO?$AAo?$AAp?$AAs?$AA?0?$AA?5?$AAs?$AAe?$AAc?$AAt?$AAo?$AAr?$AA?5?$AAr?$AAe?$AAa?$AAd?$AA?5?$AAf?$AAa?$AAi?$AAl?$AAe?$AAd?$AA?$AN?$AA?6?$AA?$AA@ 000043c4     flashmenu.obj
 0001:000033fc       ??_C@_1DO@OOAFHGFN@?$AA?5?$AAO?$AAo?$AAp?$AAs?$AA?0?$AA?5?$AAt?$AAo?$AAo?$AA?5?$AAb?$AAi?$AAg?$AA?5?$AAs?$AAe?$AAc?$AAt?$AAo?$AAr?$AA?5?$AAn?$AAu?$AAm?$AAb?$AAe?$AAr?$AA?$AN?$AA?6?$AA?$AA@ 000043fc     flashmenu.obj
 0001:0000343c       ??_C@_1CG@KCBMIPD@?$AA?$AN?$AA?6?$AA?5?$AAS?$AAe?$AAc?$AAt?$AAo?$AAr?$AA?5?$AAN?$AAu?$AAm?$AAb?$AAe?$AAr?$AA?3?$AA?5?$AA?$AA@ 0000443c     flashmenu.obj
 0001:00003468       ??_C@_1FG@IJKIFPEH@?$AA?5?$AAO?$AAo?$AAp?$AAs?$AA?0?$AA?5?$AAs?$AAe?$AAc?$AAt?$AAo?$AAr?$AA?5?$AAs?$AAi?$AAz?$AAe?$AA?5?$AAl?$AAa?$AAr?$AAg?$AAe?$AAr?$AA?5?$AAt?$AAh?$AAa?$AAn?$AA?5?$AAm@ 00004468     flashmenu.obj
 0001:000034c0       ??_C@_1BE@MFBEDOBI@?$AA?$AN?$AA?6?$AA?5?$AAD?$AAo?$AAn?$AAe?$AA?$AN?$AA?6?$AA?$AA@ 000044c0     flashmenu.obj
 0001:000034d4       ??_C@_1CE@EPPKNNOD@?$AA?$AN?$AA?6?$AA?5?$AAB?$AAl?$AAo?$AAc?$AAk?$AA?5?$AAN?$AAu?$AAm?$AAb?$AAe?$AAr?$AA?3?$AA?5?$AA?$AA@ 000044d4     flashmenu.obj
 0001:000034f8       ??_C@_1GC@JKKDFPCG@?$AA?5?$AAD?$AAo?$AA?5?$AAy?$AAo?$AAu?$AA?5?$AAw?$AAa?$AAn?$AAt?$AA?5?$AAt?$AAo?$AA?5?$AAf?$AAo?$AAr?$AAm?$AAa?$AAt?$AA?5?$AAu?$AAn?$AAr?$AAe?$AAs?$AAe?$AAr?$AAv?$AAe@ 000044f8     flashmenu.obj
 0001:0000355c       ??_C@_1DM@NJFEAFBO@?$AA?5?$AAF?$AAl?$AAa?$AAs?$AAh?$AAi?$AAn?$AAg?$AA?5?$AAN?$AAK?$AA?4?$AAb?$AAi?$AAn?$AA?5?$AAi?$AAs?$AA?5?$AAe?$AAn?$AAa?$AAb?$AAl?$AAe?$AAd?$AA?$AN?$AA?6?$AA?$AA@ 0000455c     flashmenu.obj
 0001:00003598       ??_C@_1DO@FEBEDMFN@?$AA?5?$AAF?$AAl?$AAa?$AAs?$AAh?$AAi?$AAn?$AAg?$AA?5?$AAN?$AAK?$AA?4?$AAb?$AAi?$AAn?$AA?5?$AAi?$AAs?$AA?5?$AAd?$AAi?$AAs?$AAa?$AAb?$AAl?$AAe?$AAd?$AA?$AN?$AA?6?$AA?$AA@ 00004598     flashmenu.obj
 0001:000035d8       ??_C@_1EA@POGPJPIN@?$AA?5?$AAE?$AAn?$AAa?$AAb?$AAl?$AAe?$AA?5?$AAF?$AAl?$AAa?$AAs?$AAh?$AAi?$AAn?$AAg?$AA?5?$AAN?$AAK?$AA?4?$AAb?$AAi?$AAn?$AA?5?$AA?$FL?$AAy?$AA?1?$AA?9?$AA?$FN?$AA?3?$AA?5?$AA?$AA@ 000045d8     flashmenu.obj
 0001:00003618       ??_C@_1EC@LIJCOJEF@?$AA?5?$AAD?$AAi?$AAs?$AAa?$AAb?$AAl?$AAe?$AA?5?$AAF?$AAl?$AAa?$AAs?$AAh?$AAi?$AAn?$AAg?$AA?5?$AAN?$AAK?$AA?4?$AAb?$AAi?$AAn?$AA?5?$AA?$FL?$AAy?$AA?1?$AA?9?$AA?$FN?$AA?3?$AA?5@ 00004618     flashmenu.obj
 0001:00003660       ??_C@_1GE@EJGAKBM@?$AA?5?$AAI?$AAn?$AAv?$AAa?$AAl?$AAi?$AAd?$AA?5?$AAE?$AAC?$AAC?$AA?5?$AAm?$AAo?$AAd?$AAe?$AA?0?$AA?5?$AAs?$AAe?$AAt?$AA?5?$AAE?$AAC?$AAC?$AA?5?$AAm?$AAo?$AAd?$AAe?$AA?5@ 00004660     flashmenu.obj
 0001:000036c8       ??_C@_1ME@KHCPMAFG@?$AA?5?$AAT?$AAh?$AAi?$AAs?$AA?5?$AAc?$AAo?$AAm?$AAm?$AAa?$AAn?$AAd?$AA?5?$AAi?$AAs?$AA?5?$AAu?$AAs?$AAe?$AAd?$AA?5?$AAt?$AAo?$AA?5?$AAt?$AAe?$AAm?$AAp?$AAo?$AAr?$AAa@ 000046c8     flashmenu.obj
 0001:00003790       ??_C@_1HK@NLFNLNJI@?$AA?5?$AAS?$AAe?$AAl?$AAe?$AAc?$AAt?$AA?5?$AAE?$AAC?$AAC?$AA?5?$AAm?$AAo?$AAd?$AAe?$AA?5?$AA?$FL?$AA0?$AA?$CI?$AAH?$AAa?$AAm?$AAm?$AAi?$AAn?$AAg?$AA?5?$AA1?$AAb?$AAi?$AAt@ 00004790     flashmenu.obj
 0001:00003930       ??_C@_1DO@CGLKJNGE@?$AA?9?$AAO?$AAE?$AAM?$AAS?$AAt?$AAa?$AAr?$AAt?$AAE?$AAr?$AAa?$AAs?$AAe?$AAF?$AAl?$AAa?$AAs?$AAh?$AA?$CI?$AAr?$AAc?$AA?5?$AA?$DN?$AA?5?$AA?$CF?$AAd?$AA?$CJ?$AA?$AN?$AA?6?$AA?$AA@ 00004930     flash.obj
 0001:00003970       ??_C@_1EM@JLOIOPDF@?$AA?$CL?$AAO?$AAE?$AAM?$AAS?$AAt?$AAa?$AAr?$AAt?$AAE?$AAr?$AAa?$AAs?$AAe?$AAF?$AAl?$AAa?$AAs?$AAh?$AA?$CI?$AA0?$AAx?$AA?$CF?$AA0?$AA8?$AAx?$AA?0?$AA?5?$AA0?$AAx?$AA?$CF?$AA0@ 00004970     flash.obj
 0001:000039bc       ??_C@_1DI@PEICDJAI@?$AAS?$AAp?$AAl?$AAa?$AAs?$AAh?$AAc?$AAr?$AAe?$AAe?$AAn?$AA?5?$AAi?$AAm?$AAa?$AAg?$AAe?$AA?5?$AAw?$AAr?$AAi?$AAt?$AAt?$AAe?$AAn?$AA?$AN?$AA?6?$AA?$AA@ 000049bc     flash.obj
 0001:000039f8       ??_C@_1JK@INEHPIOE@?$AAE?$AAR?$AAR?$AAO?$AAR?$AA?3?$AA?5?$AAO?$AAE?$AAM?$AAW?$AAr?$AAi?$AAt?$AAe?$AAF?$AAl?$AAa?$AAs?$AAh?$AA?3?$AA?5?$AAO?$AAA?$AAL?$AAF?$AAl?$AAa?$AAs?$AAh?$AAS?$AAt@ 000049f8     flash.obj
 0001:00003a98       ??_C@_1JM@NFAJELED@?$AAE?$AAR?$AAR?$AAO?$AAR?$AA?3?$AA?5?$AAO?$AAE?$AAM?$AAW?$AAr?$AAi?$AAt?$AAe?$AAF?$AAl?$AAa?$AAs?$AAh?$AA?3?$AA?5?$AAL?$AAo?$AAg?$AAo?$AA?5?$AAi?$AAm?$AAa?$AAg?$AAe@ 00004a98     flash.obj
 0001:00003b38       ??_C@_1GO@DLIAFJMC@?$AAE?$AAR?$AAR?$AAO?$AAR?$AA?3?$AA?5?$AAO?$AAE?$AAM?$AAW?$AAr?$AAi?$AAt?$AAe?$AAF?$AAl?$AAa?$AAs?$AAh?$AA?3?$AA?5?$AAO?$AAA?$AAL?$AAF?$AAl?$AAa?$AAs?$AAh?$AAS?$AAt@ 00004b38     flash.obj
 0001:00003ba8       ??_C@_1FM@GPKMPIMP@?$AA?$AN?$AA?6?$AAW?$AAr?$AAi?$AAt?$AAi?$AAn?$AAg?$AA?5?$AAS?$AAp?$AAl?$AAa?$AAs?$AAh?$AAc?$AAr?$AAe?$AAe?$AAn?$AA?5?$AAi?$AAm?$AAa?$AAg?$AAe?$AA?5?$AAt?$AAo?$AA?5?$AAf@ 00004ba8     flash.obj
 0001:00003c08       ??_C@_1GG@PLILEPKK@?$AA?9?$AA?9?$AA?9?$AA?9?$AA?9?$AA?9?$AA?9?$AA?9?$AA?9?$AA?9?$AA?9?$AA?9?$AA?9?$AA?9?$AA?9?$AA?9?$AA?9?$AA?9?$AA?9?$AA?9?$AA?9?$AA?9?$AA?9?$AA?9?$AA?9?$AA?9?$AA?9?$AA?9?$AA?9?$AA?9?$AA?9?$AA?9@ 00004c08     flash.obj
 0001:00003c70       ??_C@_1EC@FHNOBDCD@?$AA?5?$AA?5?$AAT?$AAr?$AAa?$AAc?$AAk?$AAi?$AAn?$AAg?$AA?5?$AAM?$AAe?$AAm?$AA?5?$AAL?$AAe?$AAn?$AAg?$AAt?$AAh?$AA?5?$AA?3?$AA?5?$AA0?$AAx?$AA?$CF?$AA0?$AA8?$AAx?$AA?$AN?$AA?6@ 00004c70     flash.obj
 0001:00003cb8       ??_C@_1EC@OMMGJENJ@?$AA?5?$AA?5?$AAT?$AAr?$AAa?$AAc?$AAk?$AAi?$AAn?$AAg?$AA?5?$AAM?$AAe?$AAm?$AA?5?$AAS?$AAt?$AAa?$AAr?$AAt?$AA?5?$AA?5?$AA?3?$AA?5?$AA0?$AAx?$AA?$CF?$AA0?$AA8?$AAx?$AA?$AN?$AA?6@ 00004cb8     flash.obj
 0001:00003d00       ??_C@_1EC@JNDLGIKF@?$AA?5?$AA?5?$AAE?$AAx?$AAt?$AAe?$AAn?$AAs?$AAi?$AAo?$AAn?$AAs?$AA?5?$AA?5?$AA?5?$AA?5?$AA?5?$AA?5?$AA?5?$AA?5?$AA?5?$AA?5?$AA?3?$AA?5?$AA0?$AAx?$AA?$CF?$AA0?$AA8?$AAx?$AA?$AN?$AA?6@ 00004d00     flash.obj
 0001:00003d48       ??_C@_1EK@NKNNLDBD@?$AA?5?$AA?5?$AAM?$AAi?$AAs?$AAc?$AAF?$AAl?$AAa?$AAg?$AAs?$AA?5?$AA?5?$AA?5?$AA?5?$AA?5?$AA?5?$AA?5?$AA?5?$AA?5?$AA?5?$AA?5?$AA?3?$AA?5?$AA?5?$AA?5?$AA?5?$AA?5?$AA0?$AAx?$AA?$CF?$AA0@ 00004d48     flash.obj
 0001:00003d98       ??_C@_1EK@JJJOHJHH@?$AA?5?$AA?5?$AAC?$AAP?$AAU?$AA?5?$AA?5?$AA?5?$AA?5?$AA?5?$AA?5?$AA?5?$AA?5?$AA?5?$AA?5?$AA?5?$AA?5?$AA?5?$AA?5?$AA?5?$AA?5?$AA?5?$AA?3?$AA?5?$AA?5?$AA?5?$AA?5?$AA?5?$AA0?$AAx?$AA?$CF?$AA0@ 00004d98     flash.obj
 0001:00003de8       ??_C@_1EC@CCJIKKIG@?$AA?5?$AA?5?$AAD?$AAr?$AAi?$AAv?$AAe?$AAr?$AA?5?$AAG?$AAl?$AAo?$AAb?$AA?5?$AAL?$AAe?$AAn?$AAg?$AAt?$AAh?$AA?5?$AA?5?$AA?3?$AA?5?$AA0?$AAx?$AA?$CF?$AA0?$AA8?$AAx?$AA?$AN?$AA?6@ 00004de8     flash.obj
 0001:00003e30       ??_C@_1EC@LPBHAOCK@?$AA?5?$AA?5?$AAD?$AAr?$AAi?$AAv?$AAe?$AAr?$AA?5?$AAG?$AAl?$AAo?$AAb?$AA?5?$AAS?$AAt?$AAa?$AAr?$AAt?$AA?5?$AA?5?$AA?5?$AA?3?$AA?5?$AA0?$AAx?$AA?$CF?$AA0?$AA8?$AAx?$AA?$AN?$AA?6@ 00004e30     flash.obj
 0001:00003e78       ??_C@_1EC@IABJILGI@?$AA?5?$AA?5?$AAF?$AAi?$AAl?$AAe?$AAS?$AAy?$AAs?$AA?5?$AAR?$AAA?$AAM?$AA?5?$AAP?$AAe?$AAr?$AAc?$AAe?$AAn?$AAt?$AA?5?$AA?3?$AA?5?$AA0?$AAx?$AA?$CF?$AA0?$AA8?$AAx?$AA?$AN?$AA?6@ 00004e78     flash.obj
 0001:00003ec0       ??_C@_1EC@GDFJIFCF@?$AA?5?$AA?5?$AAK?$AAe?$AAr?$AAn?$AAe?$AAl?$AA?5?$AAF?$AAl?$AAa?$AAg?$AAs?$AA?5?$AA?5?$AA?5?$AA?5?$AA?5?$AA?5?$AA?5?$AA?5?$AA?3?$AA?5?$AA0?$AAx?$AA?$CF?$AA0?$AA8?$AAx?$AA?$AN?$AA?6@ 00004ec0     flash.obj
 0001:00003f04       ??_C@_1DO@NPCIPKAK@?$AA?5?$AA?5?$AAN?$AAu?$AAm?$AA?5?$AAF?$AAi?$AAl?$AAe?$AAs?$AA?5?$AA?5?$AA?5?$AA?5?$AA?5?$AA?5?$AA?5?$AA?5?$AA?5?$AA?5?$AA?5?$AA?3?$AA?5?$AA?$CF?$AA1?$AA0?$AAd?$AA?$AN?$AA?6?$AA?$AA@ 00004f04     flash.obj
 0001:00003f48       ??_C@_1EC@GLFGIGFP@?$AA?5?$AA?5?$AAP?$AAr?$AAo?$AAf?$AA?5?$AAS?$AAy?$AAm?$AAb?$AAo?$AAl?$AA?5?$AAO?$AAf?$AAf?$AAs?$AAe?$AAt?$AA?5?$AA?5?$AA?3?$AA?5?$AA0?$AAx?$AA?$CF?$AA0?$AA8?$AAx?$AA?$AN?$AA?6@ 00004f48     flash.obj
 0001:00003f90       ??_C@_1EC@INEFBELC@?$AA?5?$AA?5?$AAP?$AAr?$AAo?$AAf?$AA?5?$AAS?$AAy?$AAm?$AAb?$AAo?$AAl?$AA?5?$AAL?$AAe?$AAn?$AAg?$AAt?$AAh?$AA?5?$AA?5?$AA?3?$AA?5?$AA0?$AAx?$AA?$CF?$AA0?$AA8?$AAx?$AA?$AN?$AA?6@ 00004f90     flash.obj
 0001:00003fd8       ??_C@_1EC@FEMDLBGI@?$AA?5?$AA?5?$AAC?$AAo?$AAp?$AAy?$AA?5?$AAE?$AAn?$AAt?$AAr?$AAi?$AAe?$AAs?$AA?5?$AAO?$AAf?$AAf?$AAs?$AAe?$AAt?$AA?5?$AA?3?$AA?5?$AA0?$AAx?$AA?$CF?$AA0?$AA8?$AAx?$AA?$AN?$AA?6@ 00004fd8     flash.obj
 0001:0000401c       ??_C@_1DO@LFBMBNAO@?$AA?5?$AA?5?$AAN?$AAu?$AAm?$AA?5?$AAC?$AAo?$AAp?$AAy?$AA?5?$AAE?$AAn?$AAt?$AAr?$AAi?$AAe?$AAs?$AA?5?$AA?5?$AA?5?$AA?5?$AA?3?$AA?5?$AA?$CF?$AA1?$AA0?$AAd?$AA?$AN?$AA?6?$AA?$AA@ 0000501c     flash.obj
 0001:00004060       ??_C@_1EC@IKFCIHNK@?$AA?5?$AA?5?$AAR?$AAA?$AAM?$AA?5?$AAE?$AAn?$AAd?$AA?5?$AA?5?$AA?5?$AA?5?$AA?5?$AA?5?$AA?5?$AA?5?$AA?5?$AA?5?$AA?5?$AA?5?$AA?5?$AA?3?$AA?5?$AA0?$AAx?$AA?$CF?$AA0?$AA8?$AAx?$AA?$AN?$AA?6@ 00005060     flash.obj
 0001:000040a8       ??_C@_1EC@FMEPNBO@?$AA?5?$AA?5?$AAR?$AAA?$AAM?$AA?5?$AAF?$AAr?$AAe?$AAe?$AA?5?$AA?5?$AA?5?$AA?5?$AA?5?$AA?5?$AA?5?$AA?5?$AA?5?$AA?5?$AA?5?$AA?5?$AA?3?$AA?5?$AA0?$AAx?$AA?$CF?$AA0?$AA8?$AAx?$AA?$AN?$AA?6@ 000050a8     flash.obj
 0001:000040f0       ??_C@_1EC@IKCHAPAE@?$AA?5?$AA?5?$AAR?$AAA?$AAM?$AA?5?$AAS?$AAt?$AAa?$AAr?$AAt?$AA?5?$AA?5?$AA?5?$AA?5?$AA?5?$AA?5?$AA?5?$AA?5?$AA?5?$AA?5?$AA?5?$AA?3?$AA?5?$AA0?$AAx?$AA?$CF?$AA0?$AA8?$AAx?$AA?$AN?$AA?6@ 000050f0     flash.obj
 0001:00004134       ??_C@_1DO@OKOEBDCJ@?$AA?5?$AA?5?$AAN?$AAu?$AAm?$AA?5?$AAM?$AAo?$AAd?$AAu?$AAl?$AAe?$AAs?$AA?5?$AA?5?$AA?5?$AA?5?$AA?5?$AA?5?$AA?5?$AA?5?$AA?5?$AA?3?$AA?5?$AA?$CF?$AA1?$AA0?$AAd?$AA?$AN?$AA?6?$AA?$AA@ 00005134     flash.obj
 0001:00004178       ??_C@_1EC@NAHCJOL@?$AA?5?$AA?5?$AAP?$AAh?$AAy?$AAs?$AAi?$AAc?$AAa?$AAl?$AA?5?$AAL?$AAa?$AAs?$AAt?$AA?5?$AA?5?$AA?5?$AA?5?$AA?5?$AA?5?$AA?5?$AA?3?$AA?5?$AA0?$AAx?$AA?$CF?$AA0?$AA8?$AAx?$AA?$AN?$AA?6@ 00005178     flash.obj
 0001:000041c0       ??_C@_1EC@IJBGHIJL@?$AA?5?$AA?5?$AAP?$AAh?$AAy?$AAs?$AAi?$AAc?$AAa?$AAl?$AA?5?$AAF?$AAi?$AAr?$AAs?$AAt?$AA?5?$AA?5?$AA?5?$AA?5?$AA?5?$AA?5?$AA?3?$AA?5?$AA0?$AAx?$AA?$CF?$AA0?$AA8?$AAx?$AA?$AN?$AA?6@ 000051c0     flash.obj
 0001:00004208       ??_C@_1EC@OOCEINF@?$AA?5?$AA?5?$AAD?$AAL?$AAL?$AA?5?$AAL?$AAa?$AAs?$AAt?$AA?5?$AA?5?$AA?5?$AA?5?$AA?5?$AA?5?$AA?5?$AA?5?$AA?5?$AA?5?$AA?5?$AA?5?$AA?3?$AA?5?$AA0?$AAx?$AA?$CF?$AA0?$AA8?$AAx?$AA?$AN?$AA?6@ 00005208     flash.obj
 0001:00004250       ??_C@_1EC@FBMKGHCM@?$AA?5?$AA?5?$AAD?$AAL?$AAL?$AA?5?$AAF?$AAi?$AAr?$AAs?$AAt?$AA?5?$AA?5?$AA?5?$AA?5?$AA?5?$AA?5?$AA?5?$AA?5?$AA?5?$AA?5?$AA?5?$AA?3?$AA?5?$AA0?$AAx?$AA?$CF?$AA0?$AA8?$AAx?$AA?$AN?$AA?6@ 00005250     flash.obj
 0001:00004298       ??_C@_1FO@LHJKOBMN@?$AAR?$AAO?$AAM?$AAH?$AAD?$AAR?$AA?5?$AA?$CI?$AAp?$AAT?$AAO?$AAC?$AA?5?$AA?$DN?$AA?5?$AA0?$AAx?$AA?$CF?$AA0?$AA8?$AAx?$AA?$CJ?$AA?5?$AA?9?$AA?9?$AA?9?$AA?9?$AA?9?$AA?9?$AA?9?$AA?9?$AA?9@ 00005298     flash.obj
 0001:000042f8       ??_C@_1DC@CJMIMBMC@?$AAF?$AAl?$AAa?$AAs?$AAh?$AA?5?$AAf?$AAo?$AAr?$AAm?$AAa?$AAt?$AA?5?$AAc?$AAo?$AAm?$AAp?$AAl?$AAe?$AAt?$AAe?$AA?$CB?$AA?$AN?$AA?6?$AA?$AA@ 000052f8     flash.obj
 0001:00004330       ??_C@_1EE@EELLBIAJ@?$AAE?$AAr?$AAr?$AAo?$AAr?$AA?5?$AAc?$AAr?$AAe?$AAa?$AAt?$AAi?$AAn?$AAg?$AA?5?$AAf?$AAi?$AAl?$AAe?$AA?5?$AAp?$AAa?$AAr?$AAt?$AAi?$AAt?$AAi?$AAo?$AAn?$AA?$CB?$AA?$CB?$AA?$AN@ 00005330     flash.obj
 0001:00004374       ??_C@_1CO@GFIJHOCH@?$AAN?$AAK?$AA?5?$AAp?$AAa?$AAr?$AAt?$AAi?$AAt?$AAi?$AAo?$AAn?$AA?5?$AAc?$AAr?$AAe?$AAa?$AAt?$AAe?$AAd?$AA?$AN?$AA?6?$AA?$AA@ 00005374     flash.obj
 0001:000043a8       ??_C@_1EA@FBHNJDFD@?$AAE?$AAr?$AAr?$AAo?$AAr?$AA?5?$AAc?$AAr?$AAe?$AAa?$AAt?$AAi?$AAn?$AAg?$AA?5?$AAO?$AAS?$AA?5?$AAp?$AAa?$AAr?$AAt?$AAi?$AAt?$AAi?$AAo?$AAn?$AA?$CB?$AA?$CB?$AA?$AN?$AA?6?$AA?$AA@ 000053a8     flash.obj
 0001:000043e8       ??_C@_1CM@NDGHMEGF@?$AAF?$AAo?$AAr?$AAm?$AAa?$AAt?$AAt?$AAi?$AAn?$AAg?$AA?5?$AAf?$AAl?$AAa?$AAs?$AAh?$AA?4?$AA?4?$AA?4?$AA?$AN?$AA?6?$AA?$AA@ 000053e8     flash.obj
 0001:00004418       ??_C@_1LE@KHIPBHLF@?$AAO?$AAS?$AA?5?$AAp?$AAa?$AAr?$AAt?$AAi?$AAt?$AAi?$AAo?$AAn?$AA?5?$AAd?$AAo?$AAe?$AAs?$AA?5?$AAn?$AAo?$AAt?$AA?5?$AAm?$AAa?$AAt?$AAc?$AAh?$AA?5?$AAc?$AAo?$AAn?$AAf@ 00005418     flash.obj
 0001:000044d0       ??_C@_1EA@PANFDMBA@?$AAO?$AAS?$AA?5?$AAp?$AAa?$AAr?$AAt?$AAi?$AAt?$AAi?$AAo?$AAn?$AA?5?$AAd?$AAo?$AAe?$AAs?$AA?5?$AAn?$AAo?$AAt?$AA?5?$AAe?$AAx?$AAi?$AAs?$AAt?$AA?$CB?$AA?$CB?$AA?$AN?$AA?6?$AA?$AA@ 000054d0     flash.obj
 0001:00004510       ??_C@_1II@PGPDCKHA@?$AAB?$AAL?$AAC?$AAo?$AAn?$AAf?$AAi?$AAg?$AAu?$AAr?$AAe?$AAF?$AAl?$AAa?$AAs?$AAh?$AAP?$AAa?$AAr?$AAt?$AAi?$AAt?$AAi?$AAo?$AAn?$AAs?$AA?3?$AA?5?$AAE?$AAr?$AAr?$AAo@ 00005510     flash.obj
 0001:00004598       ??_C@_1FC@DLJHBOIG@?$AAE?$AAR?$AAR?$AAO?$AAR?$AA?3?$AA?5?$AAF?$AAa?$AAi?$AAl?$AAe?$AAd?$AA?5?$AAw?$AAr?$AAi?$AAt?$AAi?$AAn?$AAg?$AA?5?$AAt?$AAo?$AA?5?$AAO?$AAS?$AA?5?$AAp?$AAa?$AAr?$AAt@ 00005598     flash.obj
 0001:000045f0       ??_C@_1FM@NBKLFBCM@?$AAE?$AAR?$AAR?$AAO?$AAR?$AA?3?$AA?5?$AAO?$AAS?$AA?5?$AAp?$AAa?$AAr?$AAt?$AAi?$AAt?$AAi?$AAo?$AAn?$AA?5?$AAt?$AAo?$AAo?$AA?5?$AAs?$AAm?$AAa?$AAl?$AAl?$AA?$CB?$AA?5?$AA?5@ 000055f0     flash.obj
 0001:00004650       ??_C@_1EC@KEKCJKLC@?$AAE?$AAR?$AAR?$AAO?$AAR?$AA?3?$AA?5?$AAO?$AAS?$AA?5?$AAp?$AAa?$AAr?$AAt?$AAi?$AAt?$AAi?$AAo?$AAn?$AA?5?$AAn?$AAo?$AAt?$AA?5?$AAf?$AAo?$AAu?$AAn?$AAd?$AA?$CB?$AA?$AN?$AA?6@ 00005650     flash.obj
 0001:00004698       ??_C@_1GM@NHAICGBK@?$AAW?$AAr?$AAi?$AAt?$AAe?$AAF?$AAl?$AAa?$AAs?$AAh?$AAN?$AAK?$AA?3?$AA?5?$AAE?$AAr?$AAr?$AAo?$AAr?$AA?5?$AAi?$AAn?$AAi?$AAt?$AAi?$AAa?$AAl?$AAi?$AAz?$AAi?$AAn?$AAg@ 00005698     flash.obj
 0001:00004708       ??_C@_1GK@ILFHOAHO@?$AAE?$AAR?$AAR?$AAO?$AAR?$AA?3?$AA?5?$AAO?$AAE?$AAM?$AAW?$AAr?$AAi?$AAt?$AAe?$AAF?$AAl?$AAa?$AAs?$AAh?$AA?3?$AA?5?$AAN?$AAK?$AA?5?$AAi?$AAm?$AAa?$AAg?$AAe?$AA?5?$AAs@ 00005708     flash.obj
 0001:00004774       ??_C@_1CE@KBCKFLJM@?$AAN?$AAK?$AA?5?$AAI?$AAm?$AAa?$AAg?$AAe?$AA?5?$AAL?$AAo?$AAa?$AAd?$AAe?$AAd?$AA?$AN?$AA?6?$AA?$AA@ 00005774     flash.obj
 0001:00004798       ??_C@_1FK@HODAKHKA@?$AAE?$AAR?$AAR?$AAO?$AAR?$AA?3?$AA?5?$AAN?$AAK?$AA?5?$AAi?$AAm?$AAa?$AAg?$AAe?$AA?5?$AAd?$AAo?$AAe?$AAs?$AAn?$AA?8?$AAt?$AA?5?$AAh?$AAa?$AAv?$AAe?$AA?5?$AAR?$AAO?$AAM@ 00005798     flash.obj
 0001:000047f8       ??_C@_1EE@FFBJDIJA@?$AAE?$AAR?$AAR?$AAO?$AAR?$AA?3?$AA?5?$AAB?$AAP?$AA_?$AAR?$AAe?$AAa?$AAd?$AAD?$AAa?$AAt?$AAa?$AA?5?$AAc?$AAa?$AAl?$AAl?$AA?5?$AAf?$AAa?$AAi?$AAl?$AAe?$AAd?$AA?$CB?$AA?$AN@ 000057f8     flash.obj
 0001:00004840       ??_C@_1EG@FNGCHJDC@?$AAE?$AAR?$AAR?$AAO?$AAR?$AA?3?$AA?5?$AAI?$AAm?$AAa?$AAg?$AAe?$AA?5?$AAs?$AAi?$AAg?$AAn?$AAa?$AAt?$AAu?$AAr?$AAe?$AA?5?$AAn?$AAo?$AAt?$AA?5?$AAf?$AAo?$AAu?$AAn?$AAd@ 00005840     flash.obj
 0001:00004888       ??_C@_1EK@JACEGLCB@?$AAE?$AAR?$AAR?$AAO?$AAR?$AA?3?$AA?5?$AAE?$AAr?$AAr?$AAo?$AAr?$AA?5?$AAr?$AAe?$AAa?$AAd?$AAi?$AAn?$AAg?$AA?5?$AAO?$AAS?$AA?5?$AAp?$AAa?$AAr?$AAt?$AAi?$AAt?$AAi?$AAo@ 00005888     flash.obj
 0001:000048d8       ??_C@_1GK@CPEKEJEK@?$AAR?$AAe?$AAa?$AAd?$AAF?$AAl?$AAa?$AAs?$AAh?$AAN?$AAK?$AA?3?$AA?5?$AAE?$AAr?$AAr?$AAo?$AAr?$AA?5?$AAi?$AAn?$AAi?$AAt?$AAi?$AAa?$AAl?$AAi?$AAz?$AAi?$AAn?$AAg?$AA?5@ 000058d8     flash.obj
 0001:00004948       ??_C@_1EI@NJKPEMPA@?$AA?$AN?$AA?6?$AAL?$AAo?$AAa?$AAd?$AA?5?$AAN?$AAK?$AA?5?$AAi?$AAm?$AAa?$AAg?$AAe?$AA?5?$AAf?$AAr?$AAo?$AAm?$AA?5?$AAf?$AAl?$AAa?$AAs?$AAh?$AA?5?$AAm?$AAe?$AAm?$AAo?$AAr@ 00005948     flash.obj
 0001:00004990       ??_C@_1JC@FCHNHAAL@?$AAE?$AAR?$AAR?$AAO?$AAR?$AA?3?$AA?5?$AAO?$AAE?$AAM?$AAW?$AAr?$AAi?$AAt?$AAe?$AAF?$AAl?$AAa?$AAs?$AAh?$AA?3?$AA?5?$AAX?$AAL?$AAD?$AAR?$AA?5?$AAi?$AAm?$AAa?$AAg?$AAe@ 00005990     flash.obj
 0001:00004a24       ??_C@_1CK@NJEDFGLK@?$AAX?$AAL?$AAD?$AAR?$AA?5?$AAi?$AAm?$AAa?$AAg?$AAe?$AA?5?$AAw?$AAr?$AAi?$AAt?$AAt?$AAe?$AAn?$AA?$AN?$AA?6?$AA?$AA@ 00005a24     flash.obj
 0001:00004a50       ??_C@_1KM@GAMGNNOD@?$AAE?$AAR?$AAR?$AAO?$AAR?$AA?3?$AA?5?$AAO?$AAE?$AAM?$AAW?$AAr?$AAi?$AAt?$AAe?$AAF?$AAl?$AAa?$AAs?$AAh?$AA?3?$AA?5?$AAX?$AAL?$AAD?$AAR?$AA?5?$AAi?$AAm?$AAa?$AAg?$AAe@ 00005a50     flash.obj
 0001:00004b00       ??_C@_1JG@PEMOLGHN@?$AAE?$AAR?$AAR?$AAO?$AAR?$AA?3?$AA?5?$AAO?$AAE?$AAM?$AAW?$AAr?$AAi?$AAt?$AAe?$AAF?$AAl?$AAa?$AAs?$AAh?$AA?3?$AA?5?$AAX?$AAL?$AAD?$AAR?$AA?5?$AAi?$AAm?$AAa?$AAg?$AAe@ 00005b00     flash.obj
 0001:00004b98       ??_C@_1GO@LKIJELAC@?$AAE?$AAR?$AAR?$AAO?$AAR?$AA?3?$AA?5?$AAO?$AAE?$AAM?$AAW?$AAr?$AAi?$AAt?$AAe?$AAF?$AAl?$AAa?$AAs?$AAh?$AA?3?$AA?5?$AAX?$AAL?$AAD?$AAR?$AA?5?$AAi?$AAm?$AAa?$AAg?$AAe@ 00005b98     flash.obj
 0001:00004c08       ??_C@_1EO@MFAPGNDN@?$AA?$AN?$AA?6?$AAW?$AAr?$AAi?$AAt?$AAi?$AAn?$AAg?$AA?5?$AAX?$AAL?$AAD?$AAR?$AA?5?$AAi?$AAm?$AAa?$AAg?$AAe?$AA?5?$AAt?$AAo?$AA?5?$AAf?$AAl?$AAa?$AAs?$AAh?$AA?5?$AAm?$AAe@ 00005c08     flash.obj
 0001:00004c58       ??_C@_1CM@CMHKBBHI@?$AAE?$AAB?$AAO?$AAO?$AAT?$AA?5?$AAi?$AAm?$AAa?$AAg?$AAe?$AA?5?$AAw?$AAr?$AAi?$AAt?$AAt?$AAe?$AAn?$AA?$AN?$AA?6?$AA?$AA@ 00005c58     flash.obj
 0001:00004c88       ??_C@_1HA@OPDOICMP@?$AAE?$AAR?$AAR?$AAO?$AAR?$AA?3?$AA?5?$AAO?$AAE?$AAM?$AAW?$AAr?$AAi?$AAt?$AAe?$AAF?$AAl?$AAa?$AAs?$AAh?$AA?3?$AA?5?$AAE?$AAB?$AAO?$AAO?$AAT?$AA?5?$AAi?$AAm?$AAa?$AAg@ 00005c88     flash.obj
 0001:00004cf8       ??_C@_1JO@HOPMBDBI@?$AAE?$AAR?$AAR?$AAO?$AAR?$AA?3?$AA?5?$AAO?$AAE?$AAM?$AAW?$AAr?$AAi?$AAt?$AAe?$AAF?$AAl?$AAa?$AAs?$AAh?$AA?3?$AA?5?$AAE?$AAB?$AAO?$AAO?$AAT?$AA?5?$AAi?$AAm?$AAa?$AAg@ 00005cf8     flash.obj
 0001:00004d98       ??_C@_1FA@LGNLEKHJ@?$AA?$AN?$AA?6?$AAW?$AAr?$AAi?$AAt?$AAi?$AAn?$AAg?$AA?5?$AAE?$AAB?$AAO?$AAO?$AAT?$AA?5?$AAi?$AAm?$AAa?$AAg?$AAe?$AA?5?$AAt?$AAo?$AA?5?$AAf?$AAl?$AAa?$AAs?$AAh?$AA?5?$AAm@ 00005d98     flash.obj
 0001:00004e78       ??_C@_1HE@BDJAOKHO@?$AAE?$AAR?$AAR?$AAO?$AAR?$AA?3?$AA?5?$AAE?$AAB?$AAO?$AAO?$AAT?$AA?$CB?$AAB?$AAL?$AAR?$AAe?$AAa?$AAd?$AAB?$AAo?$AAo?$AAt?$AAC?$AAf?$AAg?$AA?3?$AA?5?$AAF?$AAl?$AAa?$AAs@ 00005e78     cfg.obj
 0001:00004ef0       ??_C@_1IG@EBGBGDAI@?$AAE?$AAR?$AAR?$AAO?$AAR?$AA?3?$AA?5?$AAF?$AAl?$AAa?$AAs?$AAh?$AA?5?$AAs?$AAe?$AAc?$AAt?$AAo?$AAr?$AA?5?$AAs?$AAi?$AAz?$AAe?$AA?5?$AA?$CF?$AAd?$AA?5?$AAb?$AAy?$AAt?$AAe@ 00005ef0     cfg.obj
 0001:00004f78       ??_C@_1EE@MHCJNGAF@?$AAE?$AAR?$AAR?$AAO?$AAR?$AA?3?$AA?5?$AAF?$AAM?$AAD?$AA_?$AAG?$AAe?$AAt?$AAI?$AAn?$AAf?$AAo?$AA?5?$AAc?$AAa?$AAl?$AAl?$AA?5?$AAf?$AAa?$AAi?$AAl?$AAe?$AAd?$AA?$CB?$AA?$AN@ 00005f78     cfg.obj
 0001:00004fbc       ??_C@_1DO@FFNONGBO@?$AAE?$AAR?$AAR?$AAO?$AAR?$AA?3?$AA?5?$AAF?$AAM?$AAD?$AA_?$AAI?$AAn?$AAi?$AAt?$AA?5?$AAc?$AAa?$AAl?$AAl?$AA?5?$AAf?$AAa?$AAi?$AAl?$AAe?$AAd?$AA?$CB?$AA?$AN?$AA?6?$AA?$AA@ 00005fbc     cfg.obj
 0001:00005000       ??_C@_1HI@NMGONLPH@?$AAE?$AAR?$AAR?$AAO?$AAR?$AA?3?$AA?5?$AAE?$AAB?$AAO?$AAO?$AAT?$AA?$CB?$AAB?$AAL?$AAW?$AAr?$AAi?$AAt?$AAe?$AAB?$AAo?$AAo?$AAt?$AAC?$AAf?$AAg?$AA?3?$AA?5?$AAF?$AAl?$AAa@ 00006000     cfg.obj
 0001:00005078       ??_C@_1HG@CNPKAHCG@?$AAE?$AAR?$AAR?$AAO?$AAR?$AA?3?$AA?5?$AAE?$AAB?$AAO?$AAO?$AAT?$AA?$CB?$AAB?$AAL?$AAW?$AAr?$AAi?$AAt?$AAe?$AAB?$AAo?$AAo?$AAt?$AAC?$AAf?$AAg?$AA?3?$AA?5?$AAF?$AAl?$AAa@ 00006078     cfg.obj
 0001:000050f0       ??_C@_1IE@IPHMEIA@?$AA?$AN?$AA?6?$AAE?$AAR?$AAR?$AAO?$AAR?$AA?3?$AA?5?$AAE?$AAB?$AAO?$AAO?$AAT?$AA?$CB?$AAB?$AAL?$AAW?$AAr?$AAi?$AAt?$AAe?$AAB?$AAo?$AAo?$AAt?$AAC?$AAf?$AAg?$AA?3?$AA?5?$AAF@ 000060f0     cfg.obj
 0001:00005178       ??_C@_1IG@GHABCEAA@?$AAE?$AAR?$AAR?$AAO?$AAR?$AA?3?$AA?5?$AAF?$AAl?$AAa?$AAs?$AAh?$AA?5?$AAs?$AAe?$AAc?$AAt?$AAo?$AAr?$AA?5?$AAs?$AAi?$AAz?$AAe?$AA?5?$AA?$CF?$AAd?$AA?5?$AAb?$AAy?$AAt?$AAe@ 00006178     cfg.obj
 0001:00005200       ??_C@_1HO@MDILHIPB@?$AAC?$AAh?$AAe?$AAc?$AAk?$AAi?$AAn?$AAg?$AA?5?$AAb?$AAo?$AAo?$AAt?$AAl?$AAo?$AAa?$AAd?$AAe?$AAr?$AA?5?$AAb?$AAl?$AAo?$AAc?$AAk?$AAs?$AA?5?$AAa?$AAr?$AAe?$AA?5?$AAm@ 00006200     cfg.obj
 0001:00005310       ??_C@_0EB@BGCKLDE@?9OALKitlFindDevice?$CIpDevice?5?$DN?50x?$CF@ 00006310     oal_kitl_boot:device.obj
 0001:00005354       ??_C@_11LOCGONAA@?$AA?$AA@ 00006354     oal_kitl_boot:device.obj
 0001:00005358       ??_C@_0CJ@GPDFFIKB@?$CLOALKitlFindDevice?$CI?$CFd?1?$CFd?1?$CF08x?0?50@ 00006358     oal_kitl_boot:device.obj
 0001:00005384       ??_C@_0CJ@MPHJDLPH@?9OALKitlDeviceName?$CIname?5?$DN?50x?$CF08x@ 00006384     oal_kitl_boot:device.obj
 0001:000053b0       ??_C@_0CJ@OKPKABKG@?$CLOALKitlDeviceName?$CI?$CFd?1?$CFd?1?$CF08x?0?50@ 000063b0     oal_kitl_boot:device.obj
 0001:000053dc       ??_C@_0CA@ECNOOFDD@?9OALKitlDeviceType?$CItype?5?$DN?5?$CFd?$CJ?$AN?6?$AA@ 000063dc     oal_kitl_boot:device.obj
 0001:000053fc       ??_C@_0CJ@HOEFFCBD@?$CLOALKitlDeviceType?$CI?$CFd?1?$CFd?1?$CF08x?0?50@ 000063fc     oal_kitl_boot:device.obj
 0001:000054b8       ??_C@_0CG@IHIMJOIA@?9OALKitlCreateName?$CIpBuffer?5?$DN?5?8?$CFh@ 000064b8     oal_kitl_boot:name.obj
 0001:000054e0       ??_C@_0CM@BCMDHFLI@?$CLOALKitlCreateName?$CI?8?$CFhs?8?0?50x?$CF04x@ 000064e0     oal_kitl_boot:name.obj
 0001:000055a0       ??_C@_1BI@FCMLLAGN@?$AA?$CF?$AAd?$AA?4?$AA?$CF?$AAd?$AA?4?$AA?$CF?$AAd?$AA?4?$AA?$CF?$AAd?$AA?$AA@ 000065a0     oal_kitl_boot:format.obj
 0001:000055b8       ??_C@_1DM@BKFFFBIH@?$AA?$CF?$AA0?$AA2?$AAx?$AA?3?$AA?$CF?$AA0?$AA2?$AAx?$AA?3?$AA?$CF?$AA0?$AA2?$AAx?$AA?3?$AA?$CF?$AA0?$AA2?$AAx?$AA?3?$AA?$CF?$AA0?$AA2?$AAx?$AA?3?$AA?$CF?$AA0?$AA2?$AAx?$AA?$AA@ 000065b8     oal_kitl_boot:format.obj
 0001:000057a8       ??_C@_17HBLJBP@?$AA?$AN?$AA?6?$AA?5?$AA?$AA@ 000067a8     oal_blmenu:menu.obj
 0001:000057b0       ??_C@_13IMODFHAA@?$AA?9?$AA?$AA@ 000067b0     oal_blmenu:menu.obj
 0001:000057b4       ??_C@_1BO@MKGCCJBG@?$AA?$AN?$AA?6?$AA?5?$AAS?$AAe?$AAl?$AAe?$AAc?$AAt?$AAi?$AAo?$AAn?$AA?3?$AA?5?$AA?$AA@ 000067b4     oal_blmenu:menu.obj
 0001:000057d4       ??_C@_1BG@EBHIGBFG@?$AA?5?$AA?$FL?$AA?$CF?$AAc?$AA?$FN?$AA?5?$AA?$CF?$AAs?$AA?$AN?$AA?6?$AA?$AA@ 000067d4     oal_blmenu:menu.obj
 0001:000057ec       ??_C@_15GANGMFKL@?$AA?$CF?$AAs?$AA?$AA@ 000067ec     oal_blmenu:menu.obj
 0001:000057f8       ??_C@_1FI@GPDBNHB@?$AAE?$AAR?$AAR?$AAO?$AAR?$AA?3?$AA?5?$AAO?$AAA?$AAL?$AAB?$AAL?$AAM?$AAe?$AAn?$AAu?$AAE?$AAn?$AAa?$AAb?$AAl?$AAe?$AA?3?$AA?5?$AAI?$AAn?$AAv?$AAa?$AAl?$AAi?$AAd?$AA?5@ 000067f8     oal_blmenu:menu.obj
 0001:00005850       ??_C@_1BC@HOHDMONC@?$AA?5?$AA?$CF?$AAs?$AA?5?$AA?$CF?$AAs?$AA?$AN?$AA?6?$AA?$AA@ 00006850     oal_blmenu:menu.obj
 0001:00005864       ??_C@_1BO@ENGAEJMG@?$AA?5?$AA?$CF?$AAs?$AA?5?$AAs?$AAt?$AAa?$AAy?$AAs?$AA?5?$AA?$CF?$AAs?$AA?$AN?$AA?6?$AA?$AA@ 00006864     oal_blmenu:menu.obj
 0001:00005884       ??_C@_1DK@PCLKELEH@?$AA?5?$AA?$CF?$AAs?$AA?5?$AA?$CF?$AAs?$AA?5?$AA?$CI?$AAa?$AAc?$AAt?$AAu?$AAa?$AAl?$AAl?$AAy?$AA?5?$AA?$CF?$AAs?$AA?$CJ?$AA?5?$AA?$FL?$AAy?$AA?1?$AA?9?$AA?$FN?$AA?3?$AA?5?$AA?$AA@ 00006884     oal_blmenu:menu.obj
 0001:000058c0       ??_C@_1O@PFBIKACK@?$AAE?$AAn?$AAa?$AAb?$AAl?$AAe?$AA?$AA@ 000068c0     oal_blmenu:menu.obj
 0001:000058d0       ??_C@_1BA@EHHBCNCC@?$AAD?$AAi?$AAs?$AAa?$AAb?$AAl?$AAe?$AA?$AA@ 000068d0     oal_blmenu:menu.obj
 0001:000058e0       ??_C@_1GG@GCPJEPA@?$AAE?$AAR?$AAR?$AAO?$AAR?$AA?3?$AA?5?$AAO?$AAA?$AAL?$AAB?$AAL?$AAM?$AAe?$AAn?$AAu?$AAS?$AAe?$AAl?$AAe?$AAc?$AAt?$AAD?$AAe?$AAv?$AAi?$AAc?$AAe?$AA?3?$AA?5?$AAI?$AAn@ 000068e0     oal_blmenu:menu.obj
 0001:00005948       ??_C@_1CO@MNGNNHKJ@?$AA?5?$AA?$CF?$AAs?$AA?5?$AAd?$AAe?$AAv?$AAi?$AAc?$AAe?$AA?5?$AAs?$AAe?$AAt?$AA?5?$AAt?$AAo?$AA?5?$AA?$CF?$AAs?$AA?$AN?$AA?6?$AA?$AA@ 00006948     oal_blmenu:menu.obj
 0001:00005978       ??_C@_1CC@GHCHDPIM@?$AAS?$AAe?$AAl?$AAe?$AAc?$AAt?$AA?5?$AA?$CF?$AAs?$AA?5?$AAD?$AAe?$AAv?$AAi?$AAc?$AAe?$AA?$AA@ 00006978     oal_blmenu:menu.obj
 0001:0000599c       ??_C@_17ILCABGPK@?$AA?$AI?$AA?5?$AA?$AI?$AA?$AA@ 0000699c     oal_blmenu:menu.obj
 0001:000059a8       ??_C@_1GG@KAOMNNAE@?$AAE?$AAR?$AAR?$AAO?$AAR?$AA?3?$AA?5?$AAO?$AAA?$AAL?$AAB?$AAL?$AAM?$AAe?$AAn?$AAu?$AAS?$AAe?$AAt?$AAM?$AAa?$AAc?$AAA?$AAd?$AAd?$AAr?$AAe?$AAs?$AAs?$AA?3?$AA?5?$AAI@ 000069a8     oal_blmenu:menu.obj
 0001:00005a10       ??_C@_1DI@EBJOBKJO@?$AA?5?$AA?$CF?$AAs?$AA?5?$AAM?$AAA?$AAC?$AA?5?$AAa?$AAd?$AAd?$AAr?$AAe?$AAs?$AAs?$AA?5?$AAs?$AAe?$AAt?$AA?5?$AAt?$AAo?$AA?5?$AA?$CF?$AAs?$AA?$AN?$AA?6?$AA?$AA@ 00006a10     oal_blmenu:menu.obj
 0001:00005a48       ??_C@_1EA@HMINENJO@?$AA?5?$AA?8?$AA?$CF?$AAs?$AA?8?$AA?5?$AAi?$AAs?$AAn?$AA?8?$AAt?$AA?5?$AAv?$AAa?$AAl?$AAi?$AAd?$AA?5?$AAM?$AAA?$AAC?$AA?5?$AAa?$AAd?$AAd?$AAr?$AAe?$AAs?$AAs?$AA?$AN?$AA?6?$AA?$AA@ 00006a48     oal_blmenu:menu.obj
 0001:00005a88       ??_C@_1EI@KGHANMNL@?$AA?5?$AAE?$AAn?$AAt?$AAe?$AAr?$AA?5?$AA?$CF?$AAs?$AA?5?$AAM?$AAA?$AAC?$AA?5?$AAa?$AAd?$AAd?$AAr?$AAe?$AAs?$AAs?$AA?5?$AA?$CI?$AAa?$AAc?$AAt?$AAu?$AAa?$AAl?$AA?5?$AA?$CF?$AAs@ 00006a88     oal_blmenu:menu.obj
 0001:00005ad0       ??_C@_1GG@LBBLODG@?$AAE?$AAR?$AAR?$AAO?$AAR?$AA?3?$AA?5?$AAO?$AAA?$AAL?$AAB?$AAL?$AAM?$AAe?$AAn?$AAu?$AAS?$AAe?$AAt?$AAI?$AAp?$AAA?$AAd?$AAd?$AAr?$AAe?$AAs?$AAs?$AA?3?$AA?5?$AAI?$AAn@ 00006ad0     oal_blmenu:menu.obj
 0001:00005b38       ??_C@_1DG@PKEFPJGM@?$AA?5?$AA?$CF?$AAs?$AA?5?$AAI?$AAP?$AA?5?$AAa?$AAd?$AAd?$AAr?$AAe?$AAs?$AAs?$AA?5?$AAs?$AAe?$AAt?$AA?5?$AAt?$AAo?$AA?5?$AA?$CF?$AAs?$AA?$AN?$AA?6?$AA?$AA@ 00006b38     oal_blmenu:menu.obj
 0001:00005b70       ??_C@_1DO@PNGPKAIC@?$AA?5?$AA?8?$AA?$CF?$AAs?$AA?8?$AA?5?$AAi?$AAs?$AAn?$AA?8?$AAt?$AA?5?$AAv?$AAa?$AAl?$AAi?$AAd?$AA?5?$AAI?$AAP?$AA?5?$AAa?$AAd?$AAd?$AAr?$AAe?$AAs?$AAs?$AA?$AN?$AA?6?$AA?$AA@ 00006b70     oal_blmenu:menu.obj
 0001:00005bb0       ??_C@_1EG@NJNHINMH@?$AA?5?$AAE?$AAn?$AAt?$AAe?$AAr?$AA?5?$AA?$CF?$AAs?$AA?5?$AAI?$AAP?$AA?5?$AAa?$AAd?$AAd?$AAr?$AAe?$AAs?$AAs?$AA?5?$AA?$CI?$AAa?$AAc?$AAt?$AAu?$AAa?$AAl?$AA?5?$AA?$CF?$AAs?$AA?$CJ@ 00006bb0     oal_blmenu:menu.obj
 0001:00005bf8       ??_C@_1GA@BNPDEIDO@?$AAE?$AAR?$AAR?$AAO?$AAR?$AA?3?$AA?5?$AAO?$AAA?$AAL?$AAB?$AAL?$AAM?$AAe?$AAn?$AAu?$AAS?$AAe?$AAt?$AAI?$AAp?$AAM?$AAa?$AAs?$AAk?$AA?3?$AA?5?$AAI?$AAn?$AAv?$AAa?$AAl@ 00006bf8     oal_blmenu:menu.obj
 0001:00005c58       ??_C@_1DA@MPGAFAD@?$AA?5?$AA?$CF?$AAs?$AA?5?$AAI?$AAP?$AA?5?$AAm?$AAa?$AAs?$AAk?$AA?5?$AAs?$AAe?$AAt?$AA?5?$AAt?$AAo?$AA?5?$AA?$CF?$AAs?$AA?$AN?$AA?6?$AA?$AA@ 00006c58     oal_blmenu:menu.obj
 0001:00005c88       ??_C@_1DI@NFENBBKL@?$AA?5?$AA?8?$AA?$CF?$AAs?$AA?8?$AA?5?$AAi?$AAs?$AAn?$AA?8?$AAt?$AA?5?$AAv?$AAa?$AAl?$AAi?$AAd?$AA?5?$AAI?$AAP?$AA?5?$AAm?$AAa?$AAs?$AAk?$AA?$AN?$AA?6?$AA?$AA@ 00006c88     oal_blmenu:menu.obj
 0001:00005cc0       ??_C@_1EA@LJMJMOFH@?$AA?5?$AAE?$AAn?$AAt?$AAe?$AAr?$AA?5?$AA?$CF?$AAs?$AA?5?$AAI?$AAP?$AA?5?$AAm?$AAa?$AAs?$AAk?$AA?5?$AA?$CI?$AAa?$AAc?$AAt?$AAu?$AAa?$AAl?$AA?5?$AA?$CF?$AAs?$AA?$CJ?$AA?3?$AA?5?$AA?$AA@ 00006cc0     oal_blmenu:menu.obj
 0001:00005e20       ??_C@_1O@INIEDEDF@?$AA?$CI?$AAN?$AAU?$AAL?$AAL?$AA?$CJ?$AA?$AA@ 00006e20     oal_blnk:format.obj
 0001:00005e30       ??_C@_06LHGEHABH@?$CINULL?$CJ?$AA@ 00006e30     oal_blnk:format.obj
 0001:00005ec8       pTOC                       00006ec8     oal_blcommon:blcommon.obj
 0001:00005ed0       NKSignon                   00006ed0     oal_blcommon:blcommon.obj
 0001:00005f2c       ??_C@_0DJ@LFHEGALA@ERROR?3?5Checksum?5failure?5?$CIexpecte@ 00006f2c     oal_blcommon:blcommon.obj
 0001:00005f68       ??_C@_0BM@DKIOIAMD@?$AN?6BL_IMAGE_TYPE_UNKNOWN?$AN?6?$AN?6?$AA@ 00006f68     oal_blcommon:blcommon.obj
 0001:00005f84       ??_C@_0BP@KNNCEABF@?$AN?6BL_IMAGE_TYPE_SIGNED_NB0?$AN?6?$AN?6?$AA@ 00006f84     oal_blcommon:blcommon.obj
 0001:00005fa4       ??_C@_07LAGBNAEN@R000FF?6?$AA@ 00006fa4     oal_blcommon:blcommon.obj
 0001:00005fac       ??_C@_0BP@MJFCGNBB@?$AN?6BL_IMAGE_TYPE_SIGNED_BIN?$AN?6?$AN?6?$AA@ 00006fac     oal_blcommon:blcommon.obj
 0001:00005fcc       ??_C@_07HMMLNAND@S000FF?6?$AA@ 00006fcc     oal_blcommon:blcommon.obj
 0001:00005fd4       ??_C@_0BI@HBMHAEFD@?$AN?6BL_IMAGE_TYPE_BIN?$AN?6?$AN?6?$AA@ 00006fd4     oal_blcommon:blcommon.obj
 0001:00005fec       ??_C@_07MMNKOBGG@B000FF?6?$AA@ 00006fec     oal_blcommon:blcommon.obj
 0001:00005ff4       ??_C@_0BN@IHLEHBEK@?$AN?6BL_IMAGE_TYPE_MULTIXIP?$AN?6?$AN?6?$AA@ 00006ff4     oal_blcommon:blcommon.obj
 0001:00006014       ??_C@_07CBKBMMIF@X000FF?6?$AA@ 00007014     oal_blcommon:blcommon.obj
 0001:0000601c       ??_C@_0BN@GCKOHOON@?$AN?6BL_IMAGE_TYPE_MANIFEST?$AN?6?$AN?6?$AA@ 0000701c     oal_blcommon:blcommon.obj
 0001:0000603c       ??_C@_07JLHFPECJ@N000FF?6?$AA@ 0000703c     oal_blcommon:blcommon.obj
 0001:00006044       ??_C@_0CL@OKMIEAHJ@?$AN?6ERROR?3?5Unable?5to?5read?5image?5si@ 00007044     oal_blcommon:blcommon.obj
 0001:00006070       ??_C@_0DJ@PIPLIHFI@?$AN?6ERROR?3?5Unable?5to?5read?5download@ 00007070     oal_blcommon:blcommon.obj
 0001:000060b0       ??_C@_0EC@LAKEOKID@?$AN?6ERROR?3?5Download?5manifest?5packe@ 000070b0     oal_blcommon:blcommon.obj
 0001:000060f4       ??_C@_0DG@DBBGHEAG@?$AN?6ERROR?3?5Unable?5to?5read?5download@ 000070f4     oal_blcommon:blcommon.obj
 0001:0000612c       ??_C@_0DL@DCHMDHHD@ImageStart?5?$DN?50x?$CFx?0?5ImageLength?5?$DN@ 0000712c     oal_blcommon:blcommon.obj
 0001:00006168       ??_C@_0CO@PFLGIDFG@ERROR?3?5failed?5when?5reading?5raw?5b@ 00007168     oal_blcommon:blcommon.obj
 0001:00006198       ??_C@_0BP@EOFEMPOO@Invalid?5flash?5address?1length?$AN?6?$AA@ 00007198     oal_blcommon:blcommon.obj
 0001:000061b8       ??_C@_0CC@DNECAMLM@?$CBOEMVERIFYMEMORY?3?5Invalid?5image?$AN@ 000071b8     oal_blcommon:blcommon.obj
 0001:000061dc       ??_C@_0DH@GJCJAHAP@?$FL?$CFd?$FN?3?5Address?$DN0x?$CFx?5?5Length?$DN0x?$CFx?5@ 000071dc     oal_blcommon:blcommon.obj
 0001:00006214       ??_C@_03ILDADBHF@RAM?$AA@  00007214     oal_blcommon:blcommon.obj
 0001:00006218       ??_C@_05HPMNGINJ@FLASH?$AA@ 00007218     oal_blcommon:blcommon.obj
 0001:00006220       ??_C@_0BH@FIOKDOBJ@?$AN?6Completed?5file?$CIs?$CJ?3?$AN?6?$AA@ 00007220     oal_blcommon:blcommon.obj
 0001:00006238       ??_C@_0FC@PGPOMBFM@?9?9?9?9?9?9?9?9?9?9?9?9?9?9?9?9?9?9?9?9?9?9?9?9?9?9?9?9?9?9?9?9@ 00007238     oal_blcommon:blcommon.obj
 0001:0000628c       ??_C@_06OLEINIPO@nk?4exe?$AA@ 0000728c     oal_blcommon:blcommon.obj
 0001:00006294       ??_C@_0CE@NKAMCDHO@Unable?5to?5read?5image?5start?1lengt@ 00007294     oal_blcommon:blcommon.obj
 0001:000062b8       ??_C@_0DI@FDIIHFBA@?$CK?$CK?$CK?$CK?$CK?$CK?5Checksum?5failure?5on?5recor@ 000072b8     oal_blcommon:blcommon.obj
 0001:000062f0       ??_C@_0DD@KHJBCIED@?$CK?$CK?$CK?$CK?$CK?$CK?5Data?5record?5?$CFd?5corrupted?0@ 000072f0     oal_blcommon:blcommon.obj
 0001:00006324       ??_C@_0BD@PHLGNLDI@rom_offset?$DN0x?$CFx?4?$AN?6?$AA@ 00007324     oal_blcommon:blcommon.obj
 0001:00006338       ??_C@_0EC@NABDPCJO@?$CK?$CK?5ERROR?3?5This?5boot?5loader?5does?5@ 00007338     oal_blcommon:blcommon.obj
 0001:00006380       ??_C@_0EC@MIGFFFAC@?$CK?$CK?5ERROR?3?5This?5boot?5loader?5does?5@ 00007380     oal_blcommon:blcommon.obj
 0001:000063c4       ??_C@_06BEBGGBAB@?$AN?6?$CK?$CK?$AN?6?$AA@ 000073c4     oal_blcommon:blcommon.obj
 0001:000063d0       ??_C@_0GI@NIAHKKOO@?$CK?$CK?5ERROR?3?5The?5X000FF?5packet?5is?5a@ 000073d0     oal_blcommon:blcommon.obj
 0001:00006438       ??_C@_0FO@KDFAPMNM@?$CK?$CK?5Please?5update?5your?5Platform?5B@ 00007438     oal_blcommon:blcommon.obj
 0001:00006498       ??_C@_04IPBEALME@?$CK?$CK?$AN?6?$AA@ 00007498     oal_blcommon:blcommon.obj
 0001:000064a0       ??_C@_0BI@OCFAEGPK@ROMHDR?5at?5Address?5?$CFXh?$AN?6?$AA@ 000074a0     oal_blcommon:blcommon.obj
 0001:000064b8       ??_C@_0CL@NOFKHKJC@System?5ready?$CB?$AN?6Preparing?5for?5dow@ 000074b8     oal_blcommon:blcommon.obj
 0001:000064e4       ??_C@_0M@CDHNGIPM@?$CFu?4?$CFu?4?$CFu?4?$CFu?$AA@ 000074e4     oal_blcommon:format.obj
 0001:00006580       ??_C@_1EE@DLLAKNKJ@?$AA?9?$AAO?$AAA?$AAL?$AAF?$AAl?$AAa?$AAs?$AAh?$AAS?$AAt?$AAo?$AAr?$AAe?$AAO?$AAp?$AAe?$AAn?$AA?$CI?$AAr?$AAc?$AA?5?$AA?$DN?$AA?5?$AA0?$AAx?$AA?$CF?$AA0?$AA8?$AAx?$AA?$CJ?$AA?$AN@ 00007580     common_ti_oal_flashstore:flashstore.obj
 0001:000065c8       ??_C@_1HC@FKJBCKDO@?$AAO?$AAA?$AAL?$AAF?$AAl?$AAa?$AAs?$AAh?$AAS?$AAt?$AAo?$AAr?$AAe?$AAO?$AAp?$AAe?$AAn?$AA?3?$AA?5?$AA?$CF?$AAd?$AA?5?$AAb?$AAy?$AAt?$AAe?$AAs?$AA?1?$AAs?$AAe?$AAc?$AAt@ 000075c8     common_ti_oal_flashstore:flashstore.obj
 0001:00006640       ??_C@_1GC@LGNOEKEA@?$AAO?$AAA?$AAL?$AAF?$AAl?$AAa?$AAs?$AAh?$AAS?$AAt?$AAo?$AAr?$AAe?$AAO?$AAp?$AAe?$AAn?$AA?3?$AA?5?$AA?$CF?$AAd?$AA?5?$AAb?$AAl?$AAo?$AAc?$AAk?$AAs?$AA?0?$AA?5?$AA?$CF?$AAd@ 00007640     common_ti_oal_flashstore:flashstore.obj
 0001:000066a8       ??_C@_1GK@DBMLJPHK@?$AAE?$AAR?$AAR?$AAO?$AAR?$AA?3?$AA?5?$AAO?$AAA?$AAL?$AAF?$AAl?$AAa?$AAs?$AAh?$AAS?$AAt?$AAo?$AAr?$AAe?$AAO?$AAp?$AAe?$AAn?$AA?3?$AA?5?$AAF?$AAM?$AAD?$AA_?$AAG?$AAe@ 000076a8     common_ti_oal_flashstore:flashstore.obj
 0001:00006718       ??_C@_1GE@JPMDHDDC@?$AAE?$AAR?$AAR?$AAO?$AAR?$AA?3?$AA?5?$AAO?$AAA?$AAL?$AAF?$AAl?$AAa?$AAs?$AAh?$AAS?$AAt?$AAo?$AAr?$AAe?$AAO?$AAp?$AAe?$AAn?$AA?3?$AA?5?$AAF?$AAM?$AAD?$AA_?$AAI?$AAn@ 00007718     common_ti_oal_flashstore:flashstore.obj
 0001:0000677c       ??_C@_1DK@MODMACFL@?$AA?$CL?$AAO?$AAA?$AAL?$AAF?$AAl?$AAa?$AAs?$AAh?$AAS?$AAt?$AAo?$AAr?$AAe?$AAO?$AAp?$AAe?$AAn?$AA?$CI?$AA0?$AAx?$AA?$CF?$AA0?$AA8?$AAx?$AA?$CJ?$AA?$AN?$AA?6?$AA?$AA@ 0000777c     common_ti_oal_flashstore:flashstore.obj
 0001:000067b8       ??_C@_1DE@JONHLDDF@?$AAW?$AAA?$AAR?$AAN?$AA?3?$AA?5?$AAS?$AAk?$AAi?$AAp?$AA?5?$AAb?$AAa?$AAd?$AA?5?$AAb?$AAl?$AAo?$AAc?$AAk?$AA?5?$AA?$CF?$AAd?$AA?$AN?$AA?6?$AA?$AA@ 000077b8     common_ti_oal_flashstore:flashstore.obj
 0001:000067ec       ??_C@_1DO@DHDNAGME@?$AA?9?$AAO?$AAA?$AAL?$AAF?$AAl?$AAa?$AAs?$AAh?$AAS?$AAt?$AAo?$AAr?$AAe?$AAW?$AAr?$AAi?$AAt?$AAe?$AA?$CI?$AAr?$AAc?$AA?5?$AA?$DN?$AA?5?$AA?$CF?$AAd?$AA?$CJ?$AA?$AN?$AA?6?$AA?$AA@ 000077ec     common_ti_oal_flashstore:flashstore.obj
 0001:00006830       ??_C@_1KE@CHNFEMEO@?$AAE?$AAR?$AAR?$AAO?$AAR?$AA?3?$AA?5?$AAO?$AAA?$AAL?$AAF?$AAl?$AAa?$AAs?$AAh?$AAS?$AAt?$AAo?$AAr?$AAe?$AAW?$AAr?$AAi?$AAt?$AAe?$AA?3?$AA?5?$AAC?$AAo?$AAr?$AAr?$AAu@ 00007830     common_ti_oal_flashstore:flashstore.obj
 0001:000068d8       ??_C@_1HO@CIDFMKMH@?$AAE?$AAR?$AAR?$AAO?$AAR?$AA?3?$AA?5?$AAO?$AAA?$AAL?$AAF?$AAl?$AAa?$AAs?$AAh?$AAS?$AAt?$AAo?$AAr?$AAe?$AAW?$AAr?$AAi?$AAt?$AAe?$AA?3?$AA?5?$AAF?$AAa?$AAi?$AAl?$AAe@ 000078d8     common_ti_oal_flashstore:flashstore.obj
 0001:00006958       ??_C@_1HO@FLMJGLLL@?$AAE?$AAR?$AAR?$AAO?$AAR?$AA?3?$AA?5?$AAO?$AAA?$AAL?$AAF?$AAl?$AAa?$AAs?$AAh?$AAS?$AAt?$AAo?$AAr?$AAe?$AAW?$AAr?$AAi?$AAt?$AAe?$AA?3?$AA?5?$AAR?$AAu?$AAn?$AA?5?$AAo@ 00007958     common_ti_oal_flashstore:flashstore.obj
 0001:000069d8       ??_C@_1JG@BJDMMIFN@?$AAW?$AAA?$AAR?$AAN?$AA?3?$AA?5?$AAO?$AAA?$AAL?$AAF?$AAl?$AAa?$AAs?$AAh?$AAS?$AAt?$AAo?$AAr?$AAe?$AAW?$AAr?$AAi?$AAt?$AAe?$AA?3?$AA?5?$AAF?$AAa?$AAi?$AAl?$AAe?$AAd@ 000079d8     common_ti_oal_flashstore:flashstore.obj
 0001:00006a70       ??_C@_1IE@BDHDNOD@?$AAW?$AAA?$AAR?$AAN?$AA?3?$AA?5?$AAO?$AAA?$AAL?$AAF?$AAl?$AAa?$AAs?$AAh?$AAS?$AAt?$AAo?$AAr?$AAe?$AAW?$AAr?$AAi?$AAt?$AAe?$AA?3?$AA?5?$AAF?$AAa?$AAi?$AAl?$AAe?$AAd@ 00007a70     common_ti_oal_flashstore:flashstore.obj
 0001:00006af8       ??_C@_1KK@LPEKIKDN@?$AAE?$AAR?$AAR?$AAO?$AAR?$AA?3?$AA?5?$AAO?$AAA?$AAL?$AAF?$AAl?$AAa?$AAs?$AAh?$AAS?$AAt?$AAo?$AAr?$AAe?$AAW?$AAr?$AAi?$AAt?$AAe?$AA?3?$AA?5?$AAF?$AAa?$AAi?$AAl?$AAe@ 00007af8     common_ti_oal_flashstore:flashstore.obj
 0001:00006ba8       ??_C@_1LA@OCBPILJB@?$AAE?$AAR?$AAR?$AAO?$AAR?$AA?3?$AA?5?$AAO?$AAA?$AAL?$AAF?$AAl?$AAa?$AAs?$AAh?$AAS?$AAt?$AAo?$AAr?$AAe?$AAR?$AAe?$AAa?$AAd?$AA?3?$AA?5?$AAF?$AAl?$AAa?$AAs?$AAh?$AA?5@ 00007ba8     common_ti_oal_flashstore:flashstore.obj
 0001:00006c58       ??_C@_1KG@OCIIDMHN@?$AAE?$AAR?$AAR?$AAO?$AAR?$AA?3?$AA?5?$AAO?$AAA?$AAL?$AAF?$AAl?$AAa?$AAs?$AAh?$AAS?$AAt?$AAo?$AAr?$AAe?$AAW?$AAr?$AAi?$AAt?$AAe?$AA?3?$AA?5?$AAF?$AAl?$AAa?$AAs?$AAh@ 00007c58     common_ti_oal_flashstore:flashstore.obj
 0001:00006d00       ??_C@_1HM@NGCJEILF@?$AA?$CL?$AAO?$AAA?$AAL?$AAF?$AAl?$AAa?$AAs?$AAh?$AAS?$AAt?$AAo?$AAr?$AAe?$AAW?$AAr?$AAi?$AAt?$AAe?$AA?$CI?$AA0?$AAx?$AA?$CF?$AA0?$AA8?$AAx?$AA?0?$AA?5?$AA0?$AAx?$AA?$CF?$AA0@ 00007d00     common_ti_oal_flashstore:flashstore.obj
 0001:00006d7c       ??_C@_1DM@KJHIDCKC@?$AA?9?$AAO?$AAA?$AAL?$AAF?$AAl?$AAa?$AAs?$AAh?$AAS?$AAt?$AAo?$AAr?$AAe?$AAR?$AAe?$AAa?$AAd?$AA?$CI?$AAr?$AAc?$AA?5?$AA?$DN?$AA?5?$AA?$CF?$AAd?$AA?$CJ?$AA?$AN?$AA?6?$AA?$AA@ 00007d7c     common_ti_oal_flashstore:flashstore.obj
 0001:00006db8       ??_C@_1JE@BGBADADK@?$AAE?$AAR?$AAR?$AAO?$AAR?$AA?3?$AA?5?$AAO?$AAA?$AAL?$AAF?$AAl?$AAa?$AAs?$AAh?$AAS?$AAt?$AAo?$AAr?$AAe?$AAR?$AAe?$AAa?$AAd?$AA?3?$AA?5?$AAF?$AAa?$AAi?$AAl?$AAe?$AAd@ 00007db8     common_ti_oal_flashstore:flashstore.obj
 0001:00006e50       ??_C@_1HM@LNEGDDBN@?$AAE?$AAR?$AAR?$AAO?$AAR?$AA?3?$AA?5?$AAO?$AAA?$AAL?$AAF?$AAl?$AAa?$AAs?$AAh?$AAS?$AAt?$AAo?$AAr?$AAe?$AAR?$AAe?$AAa?$AAd?$AA?3?$AA?5?$AAR?$AAu?$AAn?$AA?5?$AAo?$AAu@ 00007e50     common_ti_oal_flashstore:flashstore.obj
 0001:00006ed0       ??_C@_1KI@BBPBIBEF@?$AAE?$AAR?$AAR?$AAO?$AAR?$AA?3?$AA?5?$AAO?$AAA?$AAL?$AAF?$AAl?$AAa?$AAs?$AAh?$AAS?$AAt?$AAo?$AAr?$AAe?$AAR?$AAe?$AAa?$AAd?$AA?3?$AA?5?$AAF?$AAa?$AAi?$AAl?$AAe?$AAd@ 00007ed0     common_ti_oal_flashstore:flashstore.obj
 0001:00006f78       ??_C@_1KC@GLMKKJJO@?$AAE?$AAR?$AAR?$AAO?$AAR?$AA?3?$AA?5?$AAO?$AAA?$AAL?$AAF?$AAl?$AAa?$AAs?$AAh?$AAS?$AAt?$AAo?$AAr?$AAe?$AAR?$AAe?$AAa?$AAd?$AA?3?$AA?5?$AAF?$AAl?$AAa?$AAs?$AAh?$AA?5@ 00007f78     common_ti_oal_flashstore:flashstore.obj
 0001:00007020       ??_C@_1HK@HAFKLFGC@?$AA?$CL?$AAO?$AAA?$AAL?$AAF?$AAl?$AAa?$AAs?$AAh?$AAS?$AAt?$AAo?$AAr?$AAe?$AAR?$AAe?$AAa?$AAd?$AA?$CI?$AA0?$AAx?$AA?$CF?$AA0?$AA8?$AAx?$AA?0?$AA?5?$AA0?$AAx?$AA?$CF?$AA0?$AA8@ 00008020     common_ti_oal_flashstore:flashstore.obj
 0001:000070a0       ??_C@_1EM@DFFPJPPN@?$AA?9?$AAO?$AAA?$AAL?$AAF?$AAl?$AAa?$AAs?$AAh?$AAS?$AAt?$AAo?$AAr?$AAe?$AAB?$AAu?$AAf?$AAf?$AAe?$AAr?$AAe?$AAd?$AAR?$AAe?$AAa?$AAd?$AA?$CI?$AAr?$AAc?$AA?5?$AA?$DN?$AA?5@ 000080a0     common_ti_oal_flashstore:flashstore.obj
 0001:000070f0       ??_C@_1HC@PIJOJJGP@?$AA?$CL?$AAO?$AAA?$AAL?$AAF?$AAl?$AAa?$AAs?$AAh?$AAS?$AAt?$AAo?$AAr?$AAe?$AAB?$AAu?$AAf?$AAf?$AAe?$AAr?$AAe?$AAd?$AAR?$AAe?$AAa?$AAd?$AA?$CI?$AA0?$AAx?$AA?$CF?$AA0?$AA8@ 000080f0     common_ti_oal_flashstore:flashstore.obj
 0001:000071f8       ??_C@_1KI@MDFCMHMG@?$AAC?$AA?3?$AA?2?$AAW?$AAI?$AAN?$AAC?$AAE?$AA6?$AA0?$AA0?$AA?2?$AAP?$AAL?$AAA?$AAT?$AAF?$AAO?$AAR?$AAM?$AA?2?$AAC?$AAO?$AAM?$AAM?$AAO?$AAN?$AA?2?$AAS?$AAR?$AAC?$AA?2@ 000081f8     common_ti_fmd_nand_boot:fmd.obj
 0001:000072a0       ??_C@_1CI@OHCJFJPM@?$AAE?$AAR?$AAR?$AAO?$AAR?$AA?3?$AA?5?$AA?$CF?$AAs?$AA?5?$AAl?$AAi?$AAn?$AAe?$AA?5?$AA?$CF?$AAd?$AA?3?$AA?5?$AA?$AA@ 000082a0     common_ti_fmd_nand_boot:fmd.obj
 0001:000072c8       ??_C@_1HG@DCOIKHPB@?$AAF?$AAM?$AAD?$AA?5?$AAd?$AAr?$AAi?$AAv?$AAe?$AAr?$AA?5?$AAs?$AAu?$AAp?$AAp?$AAo?$AAr?$AAt?$AAs?$AA?5?$AAo?$AAn?$AAl?$AAy?$AA?5?$AA1?$AA6?$AAb?$AAi?$AAt?$AAs?$AA?5@ 000082c8     common_ti_fmd_nand_boot:fmd.obj
 0001:00007340       ??_C@_1DK@CAAJGKFH@?$AAI?$AAn?$AAc?$AAo?$AAr?$AAr?$AAe?$AAc?$AAt?$AA?5?$AAE?$AAC?$AAC?$AA?5?$AAt?$AAy?$AAp?$AAe?$AA?5?$AAs?$AAe?$AAt?$AAt?$AAi?$AAn?$AAg?$AA?$AN?$AA?6?$AA?$AA@ 00008340     common_ti_fmd_nand_boot:fmd.obj
 0001:00007410       ??_C@_1EA@JNFKONCC@?$AAE?$AAr?$AAr?$AAo?$AAr?$AA?3?$AA?5?$AAU?$AAn?$AAr?$AAe?$AAc?$AAo?$AAg?$AAn?$AAi?$AAz?$AAe?$AAd?$AA?5?$AAM?$AAo?$AAd?$AAe?$AA?$FL?$AA?$CF?$AAd?$AA?$FN?$AA?$CB?$AA?$AN?$AA?6?$AA?$AA@ 00008410     common_ti_fmd_nand_boot:gpmc_ecc.obj
 0001:00007450       ??_C@_1EI@LMGHLBK@?$AAE?$AAC?$AAC?$AA_?$AAI?$AAn?$AAi?$AAt?$AA?3?$AA?5?$AAu?$AAn?$AAs?$AAu?$AAp?$AAp?$AAo?$AAr?$AAt?$AAe?$AAd?$AA?5?$AAe?$AAc?$AAc?$AA?5?$AAm?$AAo?$AAd?$AAe?$AA?3?$AA?$CF@ 00008450     common_ti_fmd_nand_boot:gpmc_ecc.obj
 0001:00007528       ??_C@_1EA@CJMKJJJH@?$AAO?$AAA?$AAL?$AAL?$AAo?$AAc?$AAa?$AAl?$AAA?$AAl?$AAl?$AAo?$AAc?$AA?5?$AAr?$AAe?$AAt?$AAu?$AAr?$AAn?$AAe?$AAd?$AA?5?$AAN?$AAU?$AAL?$AAL?$AA?5?$AA?$CB?$AA?$AN?$AA?6?$AA?$AA@ 00008528     common_ti_oal_alloc:alloc.obj
 0001:00007690       ??_C@_1KM@EEHAFCCJ@?$AAC?$AA?3?$AA?2?$AAW?$AAI?$AAN?$AAC?$AAE?$AA6?$AA0?$AA0?$AA?2?$AAP?$AAL?$AAA?$AAT?$AAF?$AAO?$AAR?$AAM?$AA?2?$AAC?$AAO?$AAM?$AAM?$AAO?$AAN?$AA?2?$AAS?$AAR?$AAC?$AA?2@ 00008690     common_ti_oali2c:oali2c.obj
 0001:0000773c       ??_C@_1CC@EHKJMBJI@?$AAD?$AAe?$AAv?$AAi?$AAc?$AAe?$AA?5?$AAn?$AAo?$AAt?$AA?5?$AAf?$AAo?$AAu?$AAn?$AAd?$AA?$AA@ 0000873c     common_ti_oali2c:oali2c.obj
 0001:00007760       ??_C@_1KA@GOKKFLEJ@?$AAW?$AAA?$AAR?$AAN?$AA?3?$AA?5?$AAI?$AA2?$AAC?$AA?3?$AA?3?$AAI?$AA2?$AAC?$AAP?$AAo?$AAl?$AAl?$AAS?$AAt?$AAa?$AAt?$AAu?$AAs?$AA?5?$AA?9?$AA?5?$AAc?$AAh?$AAe?$AAc?$AAk@ 00008760     common_ti_oali2c:oali2c.obj
 0001:00007800       ??_C@_1GK@FLELOHLG@?$AAW?$AAA?$AAR?$AAN?$AA?3?$AA?5?$AAI?$AA2?$AAC?$AA?3?$AA?3?$AAI?$AA2?$AAC?$AAR?$AAe?$AAs?$AAe?$AAt?$AAD?$AAe?$AAv?$AAi?$AAc?$AAe?$AA?5?$AA?9?$AA?5?$AAf?$AAa?$AAi?$AAl@ 00008800     common_ti_oali2c:oali2c.obj
 0001:00007870       ??_C@_1GO@NCGHHJFM@?$AAW?$AAA?$AAR?$AAN?$AA?3?$AA?5?$AAI?$AA2?$AAC?$AA?3?$AA?5?$AAW?$AAr?$AAi?$AAt?$AAe?$AA?5?$AAf?$AAa?$AAi?$AAl?$AAe?$AAd?$AA?5?$AA?$CI?$AAS?$AAA?$AA?$DN?$AA0?$AAx?$AA?$CF?$AA0@ 00008870     common_ti_oali2c:oali2c.obj
[...]
 0001:0002b588       UfnPdd_IsConfigurationSupportable 0002c588 f   common_ti_ethdrv_usbfn:pdd.obj
 0001:0002b674       UfnPdd_Init                0002c674 f   common_ti_ethdrv_usbfn:pdd.obj
 0002:00000000       g_kitlEthLan911x           0002d000     main.obj
 0002:0000002c       g_kitlUsbRndis             0002d02c     main.obj
 0002:00000058       g_kitlDevices              0002d058     main.obj
 0002:000000a0       g_bootDevices              0002d0a0     main.obj
 0002:00000118       DefaultMacAddress          0002d118     main.obj
 0002:000003f0       dispResMenu                0002d3f0     menu.obj
 0002:00000438       oppModeMenu35x             0002d438     menu.obj
 0002:00000450       oppModeMenu37x             0002d450     menu.obj
 0002:00000460       g_menuFlash                0002d460     flashmenu.obj
 0002:00000568       g_ulFlashBase              0002d568     flash.obj
 0002:0000056c       g_ulFlashLengthBytes       0002d56c     flash.obj
 0002:00000570       g_ulBPartBase              0002d570     flash.obj
 0002:00000574       g_ulBPartLengthBytes       0002d574     flash.obj
 0002:00000578       initialOALLogZones         0002d578     oal_log:debug.obj
 0002:00000580       dpCurSettings              0002d580     oal_log:debug.obj
 0002:00000a0c       gpmc_ecc_hamming_code      0002da0c     common_ti_fmd_nand_boot:gpmc_ecc.obj
 0002:00000a1c       gpmc_ecc_bch_4bits         0002da1c     common_ti_fmd_nand_boot:gpmc_ecc.obj
 0002:00000a2c       gpmc_ecc_bch_8bits         0002da2c     common_ti_fmd_nand_boot:gpmc_ecc.obj
 0002:00000a40       OMAPCpuInfo                0002da40     OMAP3530_oalcpuver:oalcpuver.obj
 0002:00000a88       CPUMaxSpeed                0002da88     OMAP3530_oalcpuver:oalcpuver.obj
 0002:00000a98       Omap_Gpio                  0002da98     common_ti_oal_omap_gpio:omap35xx_gpio.obj
 0002:00000ba0       Tps659xx_Gpio              0002dba0     TPS659xx_oal_gpio:tps659xx_gpio.obj
 0002:00000be8       g_dwMeasuredSysClkFreq     0002dbe8     bspcfg:bspcfg.obj
 0002:00000bec       _rgScaleTable              0002dbec     bspcfg:bspcfg.obj
 0002:00000c10       _rgI2CDevice               0002dc10     bspcfg:bspcfg.obj
 0002:00000cf0       SupportedNands             0002dcf0     bspcfg:bspcfg.obj
 0002:00000d2c       BSPGpioTables              0002dd2c     bspcfg:bspcfg.obj
 0002:00000d44       bRndisSendPacketEmpty      0002dd44     rne_mdd:rndis.obj
 0002:00000d78       RNdisMddSupportedOids      0002dd78     rne_mdd:hostmini.obj
 0002:00000e08       __security_cookie          0002de08     gsnull:gsnull.obj
 0002:00000e0c       __security_cookie_complement 0002de0c     gsnull:gsnull.obj
 0002:00000e10       ?g_dwMBRSectorNum@@3KA     0002de10     bootpart:bootpart.obj
 0002:00000e20       lcd_res_params             0002de20     bsp_display_init:lcd_vga.obj
 0002:000010ac       g_InterruptData            0002e0ac     common_ti_ethdrv_rndis:rndis.obj
 0002:00001300       g_CPUFamily                0002e300     main.obj
 0002:00011318       EdbgDebugZone              0003e318     eth.obj
 0002:0003460c       gpmc_ecc_func              0006160c     common_ti_fmd_nand_boot:gpmc_ecc.obj
 0002:00034634       ?csGpio@@3UCRITICAL_SECTION@@A 00061634     TPS659xx_oal_gpio:tps659xx_gpio.obj
 0002:0003464c       ?g_fGpioPostInit@@3HA      0006164c     TPS659xx_oal_gpio:tps659xx_gpio.obj
 0002:0003e4e0       ?g_partStateTable@@3PAU_PARTSTATE@@A 0006b4e0     bootpart:bootpart.obj
 0002:0003e500       ?g_FlashInfo@@3U_FlashInfo@@A 0006b500     bootpart:bootpart.obj
 0002:0003e510       ?g_dwDataBytesPerBlock@@3KA 0006b510     bootpart:bootpart.obj
 0002:0003e514       ?g_dwLastWrittenLoc@@3KA   0006b514     bootpart:bootpart.obj
 0002:0003e518       ?g_dwLastLogSector@@3KA    0006b518     bootpart:bootpart.obj
 0002:0003e51c       ?g_pSectorInfoBuf@@3PAU_SectorInfo@@A 0006b51c     bootpart:bootpart.obj
 0002:0003e520       ?g_pbMBRSector@@3PAEA      0006b520     bootpart:bootpart.obj
 0002:0003e524       ?g_pbBlock@@3PAEA          0006b524     bootpart:bootpart.obj
 0002:0003eb40       bDoLaunch                  0006bb40     eboot:tftpd.obj
 0002:0003eb44       TftpPeerAddr               0006bb44     eboot:tftpd.obj
 0002:0003f0ec       g_pEP1DataWrapper          0006c0ec     common_ti_ethdrv_rndis:rndis.obj
 0002:0003f0f0       g_devState                 0006c0f0     common_ti_ethdrv_rndis:rndis.obj
 0002:0003f0f4       g_EP0TransferState         0006c0f4     common_ti_ethdrv_rndis:rndis.obj
 0002:0003f0f8       g_EP1TransferState         0006c0f8     common_ti_ethdrv_rndis:rndis.obj
 0002:0003f0fc       g_EP2TransferState         0006c0fc     common_ti_ethdrv_rndis:rndis.obj
 0002:0003f100       g_EP3TransferState         0006c100     common_ti_ethdrv_rndis:rndis.obj
 0002:0003f104       gDevice_prefix             0006c104     <common>
 0002:0003f120       g_eboot                    0006c120     <common>
 0002:0003f268       g_ecctype                  0006c268     <common>
 0002:0003f280       g_bootCfg                  0006c280     <common>
 0002:0003f2fc       szSprintf                  0006c2fc     <common>
 0002:0003f300       g_pOEMVerifyMemory         0006c300     <common>
 0002:0003f304       g_dwROMOffset              0006c304     <common>
 0002:0003f308       g_pOEMReportError          0006c308     <common>
 0002:0003f30c       g_pOEMMultiBINNotify       0006c30c     <common>
 0002:0003f310       g_pOEMCheckSignature       0006c310     <common>
 0002:0003f320       g_oalCacheInfo             0006c320     <common>
 0002:0003f368       map                        0006c368     <common>
 0002:0003f36c       nbBlock                    0006c36c     <common>
 0002:0003f370       poolSize                   0006c370     <common>
 0002:0003f374       pool                       0006c374     <common>
 0002:0003f378       ExtendedPartionBaseSector  0006c378     <common>
 0002:0003f380       MMCcmd                     0006c380     <common>
 0002:0003f400       File                       0006c400     <common>
 0002:0003f624       pFile                      0006c624     <common>
 0002:0003f640       Request                    0006c640     <common>
 0002:0003f6a0       fileio_ops                 0006c6a0     <common>
 0002:0003f6c0       Disk                       0006c6c0     <common>
 0002:0003f6f8       m_fFirstTime               0006c6f8     <common>
 0002:0003f6fc       m_dwCPURev                 0006c6fc     <common>
 0002:0003f700       m_fMMCMode                 0006c700     <common>
 0002:0003f704       m_dwSlot                   0006c704     <common>
 0002:0003f708       m_fCardPresent             0006c708     <common>
 0002:0003f70c       m_dwMaxTimeout             0006c70c     <common>
 0002:0003f710       m_fInitialized             0006c710     <common>
 0002:0003f714       m_fAppCmdMode              0006c714     <common>
 0002:0003f718       m_fCardInitialized         0006c718     <common>
 0002:0003f71c       g_hGPIO                    0006c71c     <common>
 0002:0003f720       m_dwSDIOCard               0006c720     <common>
 0002:0003f724       m_pbRegisters              0006c724     <common>
 0002:0003f728       m_TransferClass            0006c728     <common>
 0002:0003f72c       m_dwMaxClockRate           0006c72c     <common>
 0002:0003f740       g_usbfnpdd                 0006c740     <common>
 0002:0003f8c0       g_EP0DataWrapper           0006c8c0     <common>
 0002:0003f8d0       MDDZONE5                   0006c8d0     <common>
 0002:0003f8d8       g_mddInterface             0006c8d8     <common>
 0002:0003f8e0       g_EP1Transfer              0006c8e0     <common>
 0002:0003f900       g_RndisKitlDev             0006c900     <common>
 0002:0003fd48       g_udr                      0006cd48     <common>
 0002:0003fd50       MDDZONE4                   0006cd50     <common>
 0002:0003fd54       PDDZONE                    0006cd54     <common>
 0002:0003fd60       g_EP3Transfer              0006cd60     <common>
 0002:0003fd80       g_pddInterface             0006cd80     <common>
 0002:0003fde0       MDDZONE3                   0006cde0     <common>
 0002:0003fe00       g_EP2Transfer              0006ce00     <common>
 0002:0003fe20       PDDZONE0                   0006ce20     <common>
 0002:0003fe40       g_EP0Transfer              0006ce40     <common>
 0002:0003fe60       MDDZONE0                   0006ce60     <common>
 0002:0003fe64       MDDZONE                    0006ce64     <common>
 0002:0003fe68       MDDZONE2                   0006ce68     <common>
 0002:0003fe80       RndisMdd                   0006ce80     <common>
 0002:0003ff60       TFtpLinks                  0006cf60     <common>
 0002:00040820       wOdoWellKnownServerPort    0006d820     <common>
 0002:00040822       wHostWellKnownServerPort   0006d822     <common>
 0002:00040824       nNumTFtpLinksInUse         0006d824     <common>
 0002:00040840       TFTPFrameBuffer            0006d840     <common>
 0002:00040c80       TFtpdServerRegistry        0006dc80     <common>
 0002:00040d48       g_dwLogoPosX               0006dd48     <common>
 0002:00040d4c       g_dwLogoPosY               0006dd4c     <common>
 0002:00040d50       g_dwLogoHeight             0006dd50     <common>
 0002:00040d54       g_dwLogoWidth              0006dd54     <common>

 entry point at        0001:00000000

 Static symbols

 0001:0000eb98       OEMPlatformDeinit          0000fb98 f   main.obj
 0001:0000fb1c       SetMacAddress              00010b1c f   menu.obj
 0001:0000fcb8       ShowNetworkSettings        00010cb8 f   menu.obj
 0001:0000fea4       SetKitlMode                00010ea4 f   menu.obj
 0001:0000ff2c       SetKitlType                00010f2c f   menu.obj
 0001:0000ffb4       SetRetailMsgMode           00010fb4 f   menu.obj
 0001:0001003c       SetDisplayResolution       0001103c f   menu.obj
 0001:000100f4       SetOPPmode                 000110f4 f   menu.obj
 0001:000101c8       SaveSettings               000111c8 f   menu.obj
 0001:00010274       ShowSDCardSettings         00011274 f   menu.obj
 0001:000102a4       EnterSDCardFilename        000112a4 f   menu.obj
 0001:000102d0       ShowSettings               000112d0 f   menu.obj
 0001:00010404       SetDeviceID                00011404 f   menu.obj
 0001:00010494       ShowFlashGeometry          00011494 f   flashmenu.obj
 0001:00010690       EraseFlash                 00011690 f   flashmenu.obj
 0001:000107f8       EraseBlock                 000117f8 f   flashmenu.obj
 0001:00010a2c       ReserveBlock               00011a2c f   flashmenu.obj
 0001:00010bf0       DumpFlash                  00011bf0 f   flashmenu.obj
 0001:00010eb4       SetBadBlock                00011eb4 f   flashmenu.obj
 0001:00010f88       FormatFlash                00011f88 f   flashmenu.obj
 0001:00010fd8       EnableFlashNK              00011fd8 f   flashmenu.obj
 0001:00011060       SetECCType                 00012060 f   flashmenu.obj
 0001:00011320       WriteFlashLogo             00012320 f   flash.obj
 0001:00011460       DumpTOC                    00012460 f   flash.obj
 0001:0001173c       VerifyImage                0001273c f   flash.obj
 0001:00011b94       ReadFlashNK                00012b94 f   flash.obj
 0001:00011de8       WriteFlashXLDR             00012de8 f   flash.obj
 0001:00011fd0       WriteFlashEBOOT            00012fd0 f   flash.obj
 0001:000136a0       GetFormatValue             000146a0 f   oal_blnk:format.obj
 0001:0001406c       GetImageType               0001506c f   oal_blcommon:blcommon.obj
 0001:000141ac       CheckImageManifest         000151ac f   oal_blcommon:blcommon.obj
 0001:000142d8       DownloadNB0                000152d8 f   oal_blcommon:blcommon.obj
 0001:000144d8       WriteImageToFlash          000154d8 f   oal_blcommon:blcommon.obj
 0001:000145b8       IsKernelRegion             000155b8 f   oal_blcommon:blcommon.obj
 0001:00014674       DownloadBin                00015674 f   oal_blcommon:blcommon.obj
 0001:00014a8c       DownloadImage              00015a8c f   oal_blcommon:blcommon.obj
 0001:00014ee8       pOutputByte                00015ee8 f   oal_blcommon:format.obj
 0001:00014f18       pOutputNumHex              00015f18 f   oal_blcommon:format.obj
 0001:00014f60       pOutputNumDecimal          00015f60 f   oal_blcommon:format.obj
 0001:00015688       SeekToBlock                00016688 f   common_ti_oal_flashstore:flashstore.obj
 0001:00015ef0       NAND_Read                  00016ef0 f   common_ti_fmd_nand_boot:fmd.obj
 0001:00015ff0       NAND_Write                 00016ff0 f   common_ti_fmd_nand_boot:fmd.obj
 0001:000160f8       NAND_Enable                000170f8 f   common_ti_fmd_nand_boot:fmd.obj
 0001:00016cb8       NAND_Initialize            00017cb8 f   common_ti_fmd_nand_boot:fmd.obj
 0001:00016ff4       Hamming_ECC_Init           00017ff4 f   common_ti_fmd_nand_boot:gpmc_ecc.obj
 0001:00017024       Hamming_ECC_Calculate      00018024 f   common_ti_fmd_nand_boot:gpmc_ecc.obj
 0001:0001708c       Hamming_ECC_Reset          0001808c f   common_ti_fmd_nand_boot:gpmc_ecc.obj
 0001:0001709c       Hamming_ECC_CorrectData    0001809c f   common_ti_fmd_nand_boot:gpmc_ecc.obj
 0001:000171b4       BCH4_ECC_Init              000181b4 f   common_ti_fmd_nand_boot:gpmc_ecc.obj
 0001:0001722c       BCH4_ECC_Calculate         0001822c f   common_ti_fmd_nand_boot:gpmc_ecc.obj
 0001:000172cc       BCH4_ECC_Reset             000182cc f   common_ti_fmd_nand_boot:gpmc_ecc.obj
 0001:000172dc       BCH8_ECC_Init              000182dc f   common_ti_fmd_nand_boot:gpmc_ecc.obj
 0001:00017354       BCH8_ECC_Calculate         00018354 f   common_ti_fmd_nand_boot:gpmc_ecc.obj
 0001:00017454       BCH8_ECC_Reset             00018454 f   common_ti_fmd_nand_boot:gpmc_ecc.obj
 0001:00017594       BCH_correct_data           00018594 f   common_ti_fmd_nand_boot:gpmc_ecc.obj
 0001:000176f0       BCH4_ECC_CorrectData       000186f0 f   common_ti_fmd_nand_boot:gpmc_ecc.obj
 0001:00017724       BCH8_ECC_CorrectData       00018724 f   common_ti_fmd_nand_boot:gpmc_ecc.obj
 0001:00017758       mpy_mod_gf                 00018758 f   common_ti_fmd_nand_boot:omap_bch_decoder.obj
 0001:000177b8       chien                      000187b8 f   common_ti_fmd_nand_boot:omap_bch_decoder.obj
 0001:00017a18       berlekamp                  00018a18 f   common_ti_fmd_nand_boot:omap_bch_decoder.obj
 0001:00017c88       syndrome                   00018c88 f   common_ti_fmd_nand_boot:omap_bch_decoder.obj
 0001:00018384       I2CResetDevice             00019384 f   common_ti_oali2c:oali2c.obj
 0001:0001863c       I2CTransaction             0001963c f   common_ti_oali2c:oali2c.obj
 0001:0001ad08       InitializeHardware         0001bd08 f   common_ti_boot_sdhc:sdhc.obj
 0001:0001ae44       MmcReset                   0001be44 f   common_ti_boot_sdhc:sdhc.obj
 0001:0001b01c       SendInitSequence           0001c01c f   common_ti_boot_sdhc:sdhc.obj
 0001:0001b0e8       SendCommand                0001c0e8 f   common_ti_boot_sdhc:sdhc.obj
 0001:0001b3a0       GetCommandResponse         0001c3a0 f   common_ti_boot_sdhc:sdhc.obj
 0001:0001b4fc       SDIPollingReceive          0001c4fc f   common_ti_boot_sdhc:sdhc.obj
 0001:0001b7f0       CommandCompleteHandler     0001c7f0 f   common_ti_boot_sdhc:sdhc.obj
 0001:0001baa8       SdhcControllerInit         0001caa8 f   common_ti_boot_sdhc:sdhc.obj
 0001:0001bc54       ReadPhy                    0001cc54 f   common_ti_ethdrv_lan911x:lan911x.obj
 0001:0001c0dc       LAN911XEepromWrite         0001d0dc f   common_ti_ethdrv_lan911x:lan911x.obj
 0001:0001c8c8       GetGroupByID               0001d8c8 f   common_ti_oal_gpiodispatch:gpio_dispatch.obj
 0001:0001cb94       ?OmapGpioPostInit@@YAHPAX@Z 0001db94 f   common_ti_oal_omap_gpio:omap35xx_gpio.obj
 0001:0001cbec       ?OmapGpioDeinit@@YAHPAX@Z  0001dbec f   common_ti_oal_omap_gpio:omap35xx_gpio.obj
 0001:0001ccbc       ?OmapGpioSetMode@@YAHPAXII@Z 0001dcbc f   common_ti_oal_omap_gpio:omap35xx_gpio.obj
 0001:0001cde4       ?OmapGpioGetMode@@YAKPAXI@Z 0001dde4 f   common_ti_oal_omap_gpio:omap35xx_gpio.obj
 0001:0001ced8       ?OmapGpioPullup@@YAHPAXII@Z 0001ded8 f   common_ti_oal_omap_gpio:omap35xx_gpio.obj
 0001:0001cee0       ?OmapGpioPulldown@@YAHPAXII@Z 0001dee0 f   common_ti_oal_omap_gpio:omap35xx_gpio.obj
 0001:0001cee8       ?OmapGpioSetBit@@YAHPAXI@Z 0001dee8 f   common_ti_oal_omap_gpio:omap35xx_gpio.obj
 0001:0001cfa0       ?OmapGpioClrBit@@YAHPAXI@Z 0001dfa0 f   common_ti_oal_omap_gpio:omap35xx_gpio.obj
 0001:0001d058       ?OmapGpioGetBit@@YAKPAXI@Z 0001e058 f   common_ti_oal_omap_gpio:omap35xx_gpio.obj
 0001:0001d104       ?OmapGpioIoControl@@YAHPAXIPAEI1IPAK@Z 0001e104 f   common_ti_oal_omap_gpio:omap35xx_gpio.obj
 0001:0001d10c       ?OmapGpioInit@@YAHPBGPAPAXPAI@Z 0001e10c f   common_ti_oal_omap_gpio:omap35xx_gpio.obj
 0001:0001d264       ?WriteTwlReg@@YAHKPAEI@Z   0001e264 f   TPS659xx_oal_gpio:tps659xx_gpio.obj
 0001:0001d2bc       ?ReadTwlReg@@YAHKPAEI@Z    0001e2bc f   TPS659xx_oal_gpio:tps659xx_gpio.obj
 0001:0001d314       ?Tps659xxGpioInit@@YAHPBGPAPAXPAI@Z 0001e314 f   TPS659xx_oal_gpio:tps659xx_gpio.obj
 0001:0001d324       ?Tps659xxGpioPostInit@@YAHPAX@Z 0001e324 f   TPS659xx_oal_gpio:tps659xx_gpio.obj
 0001:0001d34c       ?Tps659xxGpioDeinit@@YAHPAX@Z 0001e34c f   TPS659xx_oal_gpio:tps659xx_gpio.obj
 0001:0001d38c       ?Tps659xxGpioSetMode@@YAHPAXII@Z 0001e38c f   TPS659xx_oal_gpio:tps659xx_gpio.obj
 0001:0001d4f4       ?Tps659xxGpioGetMode@@YAKPAXI@Z 0001e4f4 f   TPS659xx_oal_gpio:tps659xx_gpio.obj
 0001:0001d5c4       ?Tps659xxGpioPullup@@YAHPAXII@Z 0001e5c4 f   TPS659xx_oal_gpio:tps659xx_gpio.obj
 0001:0001d678       ?Tps659xxGpioPulldown@@YAHPAXII@Z 0001e678 f   TPS659xx_oal_gpio:tps659xx_gpio.obj
 0001:0001d72c       ?Tps659xxGpioSetBit@@YAHPAXI@Z 0001e72c f   TPS659xx_oal_gpio:tps659xx_gpio.obj
 0001:0001d784       ?Tps659xxGpioClrBit@@YAHPAXI@Z 0001e784 f   TPS659xx_oal_gpio:tps659xx_gpio.obj
 0001:0001d7dc       ?Tps659xxGpioGetBit@@YAKPAXI@Z 0001e7dc f   TPS659xx_oal_gpio:tps659xx_gpio.obj
 0001:0001d838       ?Tps659xxGpioIoControl@@YAHPAXIPAEI1IPAK@Z 0001e838 f   TPS659xx_oal_gpio:tps659xx_gpio.obj
 0001:00022124       LBAtoCHS                   00023124 f   bootpart:bootpart.obj
 0001:000221ac       AddPartitionTableEntry     000231ac f   bootpart:bootpart.obj
 0001:000222cc       LastLogSector              000232cc f   bootpart:bootpart.obj
 0001:0002234c       Log2Phys                   0002334c f   bootpart:bootpart.obj
 0001:00022404       FindFreeSector             00023404 f   bootpart:bootpart.obj
 0001:000224b0       ?AreSectorsFree@@YAHKK@Z   000234b0 f   bootpart:bootpart.obj
 0001:00022598       ReadBlock                  00023598 f   bootpart:bootpart.obj
 0001:00022618       WriteBlock                 00023618 f   bootpart:bootpart.obj
 0001:00022cd4       ?WriteMBR@@YAHXZ           00023cd4 f   bootpart:bootpart.obj
 0001:00022dc8       WriteLogicalNumbers        00023dc8 f   bootpart:bootpart.obj
 0001:00022ef4       CreatePartition            00023ef4 f   bootpart:bootpart.obj
 0001:00023558       EbootSimpleCallback        00024558 f   eboot:ebsimp.obj
 0001:00024cf4       CRC                        00025cf4 f   eboot:udp.obj
 0001:000254b0       FormatDHCPName             000264b0 f   eboot:dhcp.obj
 0001:00027384       BpbCopy                    00028384 f   common_ti_boot_fatfs:fileio.obj
 0001:000274f4       FileIoReadNextSectors      000284f4 f   common_ti_boot_fatfs:fileio.obj
 0001:00028028       PDD_SendNotification       00029028 f   common_ti_ethdrv_rndis:rndis.obj
 0001:00028054       PDD_RecvNotification       00029054 f   common_ti_ethdrv_rndis:rndis.obj
 0001:00029550       xtoa                       0002a550 f   fulllibc:xtoa.obj
 0001:000299ac       ContinueTxTransfer         0002a9ac f   common_ti_ethdrv_usbfn:pdd.obj
 0001:00029cdc       StartRxTransfer            0002acdc f   common_ti_ethdrv_usbfn:pdd.obj
