 nandtest

 Timestamp is 522e7069 (Tue Sep 10 09:05:45 2013)

 Preferred load address is 00010000

 Start         Length     Name                   Class
 0001:00000000 00000004H .CRT$XCA                CODE
 0001:00000004 00000004H .CRT$XCU                CODE
 0001:00000008 00000004H .CRT$XCZ                CODE
 0001:0000000c 00000004H .CRT$XIA                CODE
 0001:00000010 00000004H .CRT$XIZ                CODE
 0001:00000014 00000004H .CRT$XPA                CODE
 0001:00000018 00000004H .CRT$XPZ                CODE
 0001:0000001c 00000004H .CRT$XTA                CODE
 0001:00000020 00000004H .CRT$XTZ                CODE
 0001:00000030 0000044aH .rdata                  CODE
 0001:0000047c 00000025H .rdata$debug            CODE
 0001:000004a4 00000b3cH .text                   CODE
 0001:00000fe0 00000010H .text$yc                CODE
 0001:00000ff0 00000018H .text$yd                CODE
 0001:00001008 0000002cH .xdata                  CODE
 0001:00001034 00000014H .idata$2                CODE
 0001:00001048 00000014H .idata$3                CODE
 0001:0000105c 00000064H .idata$4                CODE
 0001:000010c0 0000000cH .idata$6                CODE
 0001:000010cc 00000000H .edata                  CODE
 0002:00000000 00000064H .idata$5                DATA
 0002:00000064 00000008H .data                   DATA
 0002:0000006c 00000028H .bss                    DATA
 0003:00000000 000000a8H .pdata                  DATA

  Address         Publics by Value              Rva+Base       Lib:Object

 0000:00000000       ___safe_se_handler_table   00000000     <absolute>
 0000:00000000       ___safe_se_handler_count   00000000     <absolute>
 0001:00000000       __xc_a                     00011000     corelib0:crt0init.obj
 0001:00000008       __xc_z                     00011008     corelib0:crt0init.obj
 0001:0000000c       __xi_a                     0001100c     corelib0:crt0init.obj
 0001:00000010       __xi_z                     00011010     corelib0:crt0init.obj
 0001:00000014       __xp_a                     00011014     corelib0:crt0init.obj
 0001:00000018       __xp_z                     00011018     corelib0:crt0init.obj
 0001:0000001c       __xt_a                     0001101c     corelib0:crt0init.obj
 0001:00000020       __xt_z                     00011020     corelib0:crt0init.obj
 0001:00000050       ??_C@_1EA@JHBPEMHJ@?$AAW?$AAR?$AAI?$AAT?$AAE?$AA?5?$AAt?$AAo?$AA?5?$AAo?$AAu?$AAt?$AA?5?$AAd?$AAa?$AAt?$AAa?$AA?5?$AAf?$AAi?$AAl?$AAe?$AA?5?$AAf?$AAa?$AAi?$AAl?$AAe?$AAd?$AA?$AN?$AA?6?$AA?$AA@ 00011050     nandtest.obj
 0001:00000090       ??_C@_1EC@BEFFJHFH@?$AAn?$AAa?$AAn?$AAd?$AA?5?$AAt?$AAe?$AAs?$AAt?$AA?3?$AA?5?$AAe?$AAc?$AAc?$AA?5?$AAc?$AAo?$AAr?$AAr?$AAe?$AAc?$AAt?$AAi?$AAo?$AAn?$AA?5?$AAi?$AAs?$AA?5?$AA?$CF?$AAs?$AA?6@ 00011090     nandtest.obj
 0001:000000d4       ??_C@_1O@KPGHAGDD@?$AAf?$AAa?$AAi?$AAl?$AAe?$AAd?$AA?$AA@ 000110d4     nandtest.obj
 0001:000000e4       ??_C@_1BG@GELEOFE@?$AAs?$AAu?$AAc?$AAc?$AAe?$AAs?$AAs?$AAf?$AAu?$AAl?$AA?$AA@ 000110e4     nandtest.obj
 0001:00000100       ??_C@_1FI@NPPAMJPP@?$AAn?$AAa?$AAn?$AAd?$AA?5?$AAt?$AAe?$AAs?$AAt?$AA?3?$AA?5?$AAF?$AAa?$AAi?$AAl?$AAe?$AAd?$AA?5?$AAt?$AAo?$AA?5?$AAo?$AAp?$AAe?$AAn?$AA?5?$AAN?$AAA?$AAN?$AAD?$AA?5?$AAt@ 00011100     nandtest.obj
 0001:00000158       ??_C@_1M@KFDHPDAJ@?$AAD?$AAF?$AAT?$AA1?$AA?3?$AA?$AA@ 00011158     nandtest.obj
 0001:00000168       ??_C@_1FO@BKDHMDDE@?$AA?$CI?$AAn?$AAb?$AAR?$AAe?$AAa?$AAd?$AA?5?$AA?$CI?$AA?$CF?$AAd?$AA?$CJ?$AA?0?$AA?5?$AAr?$AAe?$AAa?$AAd?$AA?5?$AAf?$AAr?$AAo?$AAm?$AA?5?$AAb?$AAa?$AAd?$AA?5?$AAd?$AAa?$AAt?$AAa@ 00011168     nandtest.obj
 0001:000001c8       ??_C@_1IM@GIJDFAFN@?$AA?$CI?$AAn?$AAb?$AAR?$AAe?$AAa?$AAd?$AA?5?$AA?$CI?$AA?$CF?$AAd?$AA?$CJ?$AA?0?$AA?5?$AAr?$AAe?$AAa?$AAd?$AA?5?$AAf?$AAr?$AAo?$AAm?$AA?5?$AAg?$AAo?$AAo?$AAd?$AA?5?$AAd?$AAa?$AAt@ 000111c8     nandtest.obj
 0001:00000258       ??_C@_1EM@HEHBNKF@?$AA?$CI?$AAc?$AAr?$AAe?$AAa?$AAt?$AAe?$AA?5?$AAf?$AAi?$AAl?$AAe?$AA?5?$AAf?$AAi?$AAl?$AAe?$AAd?$AA?5?$AAf?$AAo?$AAr?$AA?5?$AA?$CF?$AAs?$AA?0?$AA?5?$AAe?$AAr?$AAr?$AAo?$AAr@ 00011258     nandtest.obj
 0001:000002a8       ??_C@_1HK@MFPHMPDG@?$AA?5?$AAn?$AAa?$AAn?$AAd?$AAt?$AAe?$AAs?$AAt?$AA?3?$AA?5?$AAs?$AAe?$AAc?$AAt?$AAo?$AAr?$AA?$DN?$AA?$CF?$AAd?$AA?5?$AAg?$AAo?$AAo?$AAd?$AA_?$AAf?$AAi?$AAl?$AAe?$AA?$DN?$AA?$CF@ 000112a8     nandtest.obj
 0001:00000328       ??_C@_1KG@EMLJMDO@?$AAU?$AAs?$AAa?$AAg?$AAe?$AA?3?$AA?5?$AAn?$AAa?$AAn?$AAd?$AAt?$AAe?$AAs?$AAt?$AA?5?$AA?$DM?$AAe?$AAc?$AAc?$AA?5?$AAt?$AAy?$AAp?$AAe?$AA?$DO?$AA?5?$AA?$DM?$AAs?$AAe?$AAc?$AAt@ 00011328     nandtest.obj
 0001:000003d0       ??_C@_15KNBIKKIN@?$AA?$CF?$AAd?$AA?$AA@ 000113d0     nandtest.obj
 0001:000003d8       ??_C@_1JA@LFMKIAMJ@?$AAU?$AAs?$AAa?$AAg?$AAe?$AA?3?$AA?5?$AAn?$AAa?$AAn?$AAd?$AAt?$AAe?$AAs?$AAt?$AA?5?$AA?$DM?$AAs?$AAe?$AAc?$AAt?$AAo?$AAr?$AA?$DO?$AA?5?$AA?$DM?$AAg?$AAo?$AAo?$AAd?$AA?5?$AAd@ 000113d8     nandtest.obj
 0001:00000468       ??_C@_1BC@JDHLLIDK@?$AAn?$AAa?$AAn?$AAd?$AAt?$AAe?$AAs?$AAt?$AA?$AA@ 00011468     nandtest.obj
 0001:000004a4       RetailPrint                000114a4 f   nandtest.obj
 0001:000004cc       WinMain                    000114cc f   nandtest.obj
 0001:000007ec       WriteFile                  000117ec f   coredll:COREDLL.dll
 0001:000007fc       DeviceIoControl            000117fc f   coredll:COREDLL.dll
 0001:0000080c       CloseHandle                0001180c f   coredll:COREDLL.dll
 0001:0000081c       ReadFile                   0001181c f   coredll:COREDLL.dll
 0001:0000082c       GetLastError               0001182c f   coredll:COREDLL.dll
 0001:0000083c       CreateFileW                0001183c f   coredll:COREDLL.dll
 0001:0000084c       CreateArgvArgc             0001184c f   cclib:ccutil.obj
 0001:00000934       ?get_lock@?$singleton@V?$free_list@$0GE@Vallocator@ce@@@ce@@$03V?$static_allocator@V?$free_list@$0GE@Vallocator@ce@@@ce@@$03@2@@ce@@KAAAVcritical_section@2@XZ 00011934 f i cclib:ccutil.obj
 0001:00000a0c       WinMainCRTStartup          00011a0c f   corelib0:pegwmain.obj
 0001:00000a40       __GSHandlerCheckCommon     00011a40 f   corelib0:gshandler.obj
 0001:00000a7c       __GSHandlerCheck           00011a7c f   corelib0:gshandler.obj
 0001:00000aa0       __security_init_cookie     00011aa0 f   corelib0:seccinit.obj
 0001:00000afc       __security_check_cookie    00011afc f   corelib0:armsecgs.obj
 0001:00000b10       __gsfailure                00011b10 f   corelib0:armsecgs.obj
 0001:00000b5c       _onexit                    00011b5c f   corelib0:onexit.obj
 0001:00000ce4       atexit                     00011ce4 f   corelib0:onexit.obj
 0001:00000e00       exit                       00011e00 f   corelib0:cexit.obj
 0001:00000e18       _exit                      00011e18 f   corelib0:cexit.obj
 0001:00000e58       _initterm                  00011e58 f   corelib0:crt0dat.obj
 0001:00000e8c       _cinit                     00011e8c f   corelib0:crt0dat.obj
 0001:00000ec0       vwprintf                   00011ec0 f   corelib1:COREDLL.dll
 0001:00000ed0       swscanf                    00011ed0 f   corelib1:COREDLL.dll
 0001:00000ee0       _isctype                   00011ee0 f   corelib1:COREDLL.dll
 0001:00000ef0       _XcptFilter                00011ef0 f   corelib1:COREDLL.dll
 0001:00000f00       __C_specific_handler       00011f00 f   corelib1:COREDLL.dll
 0001:00000f10       __security_gen_cookie2     00011f10 f   corelib1:COREDLL.dll
 0001:00000f20       __report_gsfailure         00011f20 f   corelib1:COREDLL.dll
 0001:00000f30       free                       00011f30 f   corelib1:COREDLL.dll
 0001:00000f40       malloc                     00011f40 f   corelib1:COREDLL.dll
 0001:00000f50       realloc                    00011f50 f   corelib1:COREDLL.dll
 0001:00000f60       _msize                     00011f60 f   corelib1:COREDLL.dll
 0001:00000f70       InitializeCriticalSection  00011f70 f   coredll:COREDLL.dll
 0001:00000f80       DeleteCriticalSection      00011f80 f   coredll:COREDLL.dll
 0001:00000f90       EnterCriticalSection       00011f90 f   coredll:COREDLL.dll
 0001:00000fa0       InterlockedCompareExchange 00011fa0 f   coredll:COREDLL.dll
 0001:00000fb0       LeaveCriticalSection       00011fb0 f   coredll:COREDLL.dll
 0001:00000fc0       InterlockedExchange        00011fc0 f   coredll:COREDLL.dll
 0001:00000fd0       TerminateProcess           00011fd0 f   coredll:COREDLL.dll
 0001:00000ff0       ??__Fcs@?1??get_lock@?$singleton@V?$free_list@$0GE@Vallocator@ce@@@ce@@$03V?$static_allocator@V?$free_list@$0GE@Vallocator@ce@@@ce@@$03@2@@ce@@KAAAVcritical_section@2@XZ@YAXXZ 00011ff0 f i cclib:ccutil.obj
 0001:00001034       __IMPORT_DESCRIPTOR_COREDLL 00012034     coredll:COREDLL.dll
 0001:00001048       __NULL_IMPORT_DESCRIPTOR   00012048     coredll:COREDLL.dll
 0002:00000000       __imp_WriteFile            00013000     coredll:COREDLL.dll
 0002:00000004       __imp_DeviceIoControl      00013004     coredll:COREDLL.dll
 0002:00000008       __imp_CloseHandle          00013008     coredll:COREDLL.dll
 0002:0000000c       __imp_ReadFile             0001300c     coredll:COREDLL.dll
 0002:00000010       __imp_GetLastError         00013010     coredll:COREDLL.dll
 0002:00000014       __imp_CreateFileW          00013014     coredll:COREDLL.dll
 0002:00000018       __imp_vwprintf             00013018     corelib1:COREDLL.dll
 0002:0000001c       __imp_swscanf              0001301c     corelib1:COREDLL.dll
 0002:00000020       __imp__isctype             00013020     corelib1:COREDLL.dll
 0002:00000024       __imp__XcptFilter          00013024     corelib1:COREDLL.dll
 0002:00000028       __imp___C_specific_handler 00013028     corelib1:COREDLL.dll
 0002:0000002c       __imp___security_gen_cookie2 0001302c     corelib1:COREDLL.dll
 0002:00000030       __imp___report_gsfailure   00013030     corelib1:COREDLL.dll
 0002:00000034       __imp_free                 00013034     corelib1:COREDLL.dll
 0002:00000038       __imp_malloc               00013038     corelib1:COREDLL.dll
 0002:0000003c       __imp_realloc              0001303c     corelib1:COREDLL.dll
 0002:00000040       __imp__msize               00013040     corelib1:COREDLL.dll
 0002:00000044       __imp_InitializeCriticalSection 00013044     coredll:COREDLL.dll
 0002:00000048       __imp_DeleteCriticalSection 00013048     coredll:COREDLL.dll
 0002:0000004c       __imp_EnterCriticalSection 0001304c     coredll:COREDLL.dll
 0002:00000050       __imp_InterlockedCompareExchange 00013050     coredll:COREDLL.dll
 0002:00000054       __imp_LeaveCriticalSection 00013054     coredll:COREDLL.dll
 0002:00000058       __imp_InterlockedExchange  00013058     coredll:COREDLL.dll
 0002:0000005c       __imp_TerminateProcess     0001305c     coredll:COREDLL.dll
 0002:00000060       \177COREDLL_NULL_THUNK_DATA 00013060     coredll:COREDLL.dll
 0002:00000064       __security_cookie          00013064     corelib0:seccinit.obj
 0002:00000068       __security_cookie_complement 00013068     corelib0:seccinit.obj
 0002:0000006c       ??_B?1??get_lock@?$singleton@V?$free_list@$0GE@Vallocator@ce@@@ce@@$03V?$static_allocator@V?$free_list@$0GE@Vallocator@ce@@@ce@@$03@2@@ce@@KAAAVcritical_section@2@XZ@51 0001306c     cclib:ccutil.obj
 0002:00000070       ?cs@?1??get_lock@?$singleton@V?$free_list@$0GE@Vallocator@ce@@@ce@@$03V?$static_allocator@V?$free_list@$0GE@Vallocator@ce@@@ce@@$03@2@@ce@@KAAAVcritical_section@3@XZ@4V43@A 00013070     cclib:ccutil.obj
 0002:00000084       ?_factory@?$singleton@V?$free_list@$0GE@Vallocator@ce@@@ce@@$03V?$static_allocator@V?$free_list@$0GE@Vallocator@ce@@@ce@@$03@2@@ce@@1Ulock_factory@12@A 00013084     cclib:ccutil.obj
 0002:00000085       _exitflag                  00013085     corelib0:cexit.obj
 0002:00000088       __onexitend                00013088     <common>
 0002:0000008c       __onexitbegin              0001308c     <common>
 0002:00000090       g_pcsExit                  00013090     <common>

 entry point at        0001:00000a0c

 Static symbols

 0001:00000994       WinMainCRTStartupHelper    00011994 f   corelib0:pegwmain.obj
 0001:00000d04       doexit                     00011d04 f   corelib0:cexit.obj
 0001:00000fe0       ??__E?_factory@?$singleton@V?$free_list@$0GE@Vallocator@ce@@@ce@@$03V?$static_allocator@V?$free_list@$0GE@Vallocator@ce@@@ce@@$03@2@@ce@@1Ulock_factory@12@A@@YAXXZ 00011fe0 f   cclib:ccutil.obj
