 oal

 Timestamp is 522e705c (Tue Sep 10 09:05:32 2013)

 Preferred load address is 00010000

 Start         Length     Name                   Class
 0001:00000000 0000f2d8H .rdata                  CODE
 0001:0000f2d8 00000020H .rdata$debug            CODE
 0001:0000f2f8 00019e74H .text                   CODE
 0001:0002916c 0000001cH .xdata                  CODE
 0001:00029188 00000000H .edata                  CODE
 0002:00000000 00006000H .KDATA                  DATA
 0003:00000000 00005590H .data                   DATA
 0003:000055a0 000044f0H .bss                    DATA
 0004:00000000 00000f90H .pdata                  DATA

  Address         Publics by Value              Rva+Base       Lib:Object

 0000:00000000       ___safe_se_handler_table   00000000     <absolute>
 0000:00000000       ___safe_se_handler_count   00000000     <absolute>
 0001:000000b0       dwOEMDrWatsonSize          000110b0     oal:init.obj
 0001:000000b4       dwOEMHighSecurity          000110b4     oal:init.obj
 0001:000000b8       dwBank1Enabled             000110b8     oal:init.obj
 0001:000000bc       dwCMemDSPEnabled           000110bc     oal:init.obj
 0001:000000c0       dwDSP720pEnabled           000110c0     oal:init.obj
 0001:000000c4       dwOEMPRCMCLKSSetupTime     000110c4     oal:init.obj
 0001:000000c8       dwOEMMPUContextRestore     000110c8     oal:init.obj
 0001:00000150       ??_C@_1BG@OFOAIMMC@?$AA?9?$AAO?$AAE?$AAM?$AAI?$AAn?$AAi?$AAt?$AA?$AN?$AA?6?$AA?$AA@ 00011150     oal:init.obj
 0001:00000168       ??_C@_1GC@DDKEAEKM@?$AAE?$AAR?$AAR?$AAO?$AAR?$AA?3?$AA?5?$AAO?$AAE?$AAM?$AAI?$AAn?$AAi?$AAt?$AA?3?$AA?5?$AAC?$AAP?$AAU?$AA?5?$AAf?$AAa?$AAm?$AAi?$AAl?$AAy?$AA?5?$AA?$CF?$AAd?$AA?5?$AAi?$AAs@ 00011168     oal:init.obj
 0001:000001d0       ??_C@_1EO@POAKKMOD@?$AAF?$AAa?$AAi?$AAl?$AAe?$AAd?$AA?5?$AAt?$AAo?$AA?5?$AAr?$AAe?$AAq?$AAu?$AAe?$AAs?$AAt?$AA?5?$AAp?$AAa?$AAd?$AAs?$AA?5?$AAf?$AAo?$AAr?$AA?5?$AAt?$AAh?$AAe?$AA?5?$AAG@ 000111d0     oal:init.obj
 0001:00000220       ??_C@_1EE@PJJENIL@?$AAF?$AAa?$AAi?$AAl?$AAe?$AAd?$AA?5?$AAt?$AAo?$AA?5?$AAr?$AAe?$AAq?$AAu?$AAe?$AAs?$AAt?$AA?5?$AAp?$AAa?$AAd?$AAs?$AA?5?$AAf?$AAo?$AAr?$AA?5?$AAI?$AA2?$AAC?$AA3?$AA?$AN@ 00011220     oal:init.obj
 0001:00000268       ??_C@_1EE@MDDDENBF@?$AAF?$AAa?$AAi?$AAl?$AAe?$AAd?$AA?5?$AAt?$AAo?$AA?5?$AAr?$AAe?$AAq?$AAu?$AAe?$AAs?$AAt?$AA?5?$AAp?$AAa?$AAd?$AAs?$AA?5?$AAf?$AAo?$AAr?$AA?5?$AAI?$AA2?$AAC?$AA2?$AA?$AN@ 00011268     oal:init.obj
 0001:000002b0       ??_C@_1EE@ENLMEKPG@?$AAF?$AAa?$AAi?$AAl?$AAe?$AAd?$AA?5?$AAt?$AAo?$AA?5?$AAr?$AAe?$AAq?$AAu?$AAe?$AAs?$AAt?$AA?5?$AAp?$AAa?$AAd?$AAs?$AA?5?$AAf?$AAo?$AAr?$AA?5?$AAI?$AA2?$AAC?$AA1?$AA?$AN@ 000112b0     oal:init.obj
 0001:000002f8       ??_C@_1EE@LCPCELLP@?$AAF?$AAa?$AAi?$AAl?$AAe?$AAd?$AA?5?$AAt?$AAo?$AA?5?$AAr?$AAe?$AAq?$AAu?$AAe?$AAs?$AAt?$AA?5?$AAp?$AAa?$AAd?$AAs?$AA?5?$AAf?$AAo?$AAr?$AA?5?$AAG?$AAP?$AAM?$AAC?$AA?$AN@ 000112f8     oal:init.obj
 0001:00000340       ??_C@_1GI@LGFJGPEK@?$AAE?$AAR?$AAR?$AAO?$AAR?$AA?3?$AA?5?$AAO?$AAE?$AAM?$AAI?$AAn?$AAi?$AAt?$AA?3?$AA?5?$AAF?$AAa?$AAi?$AAl?$AAe?$AAd?$AA?5?$AAt?$AAo?$AA?5?$AAi?$AAn?$AAi?$AAt?$AAi?$AAa@ 00011340     oal:init.obj
 0001:000003a8       ??_C@_1GE@OIDINFAG@?$AAE?$AAR?$AAR?$AAO?$AAR?$AA?3?$AA?5?$AAO?$AAE?$AAM?$AAI?$AAn?$AAi?$AAt?$AA?3?$AA?5?$AAf?$AAa?$AAi?$AAl?$AAe?$AAd?$AA?5?$AAt?$AAo?$AA?5?$AAi?$AAn?$AAi?$AAt?$AAi?$AAa@ 000113a8     oal:init.obj
 0001:00000410       ??_C@_1EA@GGPFFMPF@?$AAO?$AAA?$AAL?$AA?3?$AA?5?$AAC?$AAP?$AAU?$AA?5?$AAL?$AA2?$AA?5?$AAA?$AAu?$AAx?$AA?5?$AAr?$AAe?$AAg?$AAi?$AAs?$AAt?$AAe?$AAr?$AA?5?$AA0?$AAx?$AA?$CF?$AAx?$AA?$AN?$AA?6?$AA?$AA@ 00011410     oal:init.obj
 0001:00000450       ??_C@_1DI@EKICDEND@?$AAO?$AAA?$AAL?$AA?3?$AA?5?$AAC?$AAP?$AAU?$AA?5?$AAr?$AAe?$AAv?$AAi?$AAs?$AAi?$AAo?$AAn?$AA?5?$AA0?$AAx?$AA?$CF?$AAx?$AA?3?$AA?$CF?$AAs?$AA?$AN?$AA?6?$AA?$AA@ 00011450     oal:init.obj
 0001:00000488       ??_C@_17EIAJIHBF@?$AAE?$AAV?$AAM?$AA?$AA@ 00011488     oal:init.obj
 0001:00000490       ??_C@_1M@KGLOAAMK@?$AAO?$AAM?$AAA?$AAP?$AA3?$AA?$AA@ 00011490     oal:init.obj
 0001:0000049c       ??_C@_04BPMAMLNJ@EVM?9?$AA@ 0001149c     oal:init.obj
 0001:000004a8       ??_C@_1EA@KPKHFCLF@?$AAO?$AAE?$AAM?$AAI?$AAn?$AAi?$AAt?$AA?3?$AA?5?$AAu?$AAn?$AAk?$AAn?$AAo?$AAw?$AA?5?$AAC?$AAP?$AAU?$AA?5?$AAF?$AAa?$AAm?$AAi?$AAl?$AAy?$AA?5?$AA?$CF?$AAd?$AA?$AN?$AA?6?$AA?$AA@ 000114a8     oal:init.obj
 0001:000004e8       ??_C@_1BA@KEKEAPD@?$AAE?$AAV?$AAM?$AA3?$AA5?$AA3?$AA0?$AA?$AA@ 000114e8     oal:init.obj
 0001:000004f8       ??_C@_1BC@CPMDPFBC@?$AAO?$AAM?$AAA?$AAP?$AA3?$AA5?$AA3?$AA0?$AA?$AA@ 000114f8     oal:init.obj
 0001:0000050c       ??_C@_08DGJGOJCE@EVM3530?9?$AA@ 0001150c     oal:init.obj
 0001:00000518       ??_C@_1BA@EIGPEHIO@?$AAE?$AAV?$AAM?$AA3?$AA7?$AA3?$AA0?$AA?$AA@ 00011518     oal:init.obj
 0001:00000528       ??_C@_1O@KGJEKGDB@?$AAD?$AAM?$AA3?$AA7?$AA3?$AA0?$AA?$AA@ 00011528     oal:init.obj
 0001:00000538       ??_C@_08EMFGLKEE@EVM3730?9?$AA@ 00011538     oal:init.obj
 0001:00000544       ??_C@_1BG@JHBBNGEC@?$AA?$CL?$AAO?$AAE?$AAM?$AAI?$AAn?$AAi?$AAt?$AA?$AN?$AA?6?$AA?$AA@ 00011544     oal:init.obj
 0001:000005f0       ??_C@_1FM@LBIPKPNP@?$AA?9?$AAO?$AAA?$AAL?$AAI?$AAo?$AAC?$AAt?$AAl?$AAP?$AAr?$AAc?$AAm?$AAD?$AAe?$AAv?$AAi?$AAc?$AAe?$AAG?$AAe?$AAt?$AAD?$AAe?$AAv?$AAi?$AAc?$AAe?$AAS?$AAt?$AAa?$AAt@ 000115f0     oal:oem_pm.obj
 0001:00000650       ??_C@_1EK@IDKGDIPB@?$AA?$CL?$AAO?$AAA?$AAL?$AAI?$AAo?$AAC?$AAt?$AAl?$AAP?$AAr?$AAc?$AAm?$AAD?$AAe?$AAv?$AAi?$AAc?$AAe?$AAG?$AAe?$AAt?$AAD?$AAe?$AAv?$AAi?$AAc?$AAe?$AAS?$AAt?$AAa?$AAt@ 00011650     oal:oem_pm.obj
 0001:000006a0       ??_C@_1GC@PIMMNGGL@?$AA?9?$AAO?$AAA?$AAL?$AAI?$AAo?$AAC?$AAt?$AAl?$AAP?$AAr?$AAc?$AAm?$AAD?$AAe?$AAv?$AAi?$AAc?$AAe?$AAG?$AAe?$AAt?$AAS?$AAo?$AAu?$AAr?$AAc?$AAe?$AAC?$AAl?$AAo?$AAc@ 000116a0     oal:oem_pm.obj
 0001:00000708       ??_C@_1FA@ECEPPKCB@?$AA?$CL?$AAO?$AAA?$AAL?$AAI?$AAo?$AAC?$AAt?$AAl?$AAP?$AAr?$AAc?$AAm?$AAD?$AAe?$AAv?$AAi?$AAc?$AAe?$AAG?$AAe?$AAt?$AAS?$AAo?$AAu?$AAr?$AAc?$AAe?$AAC?$AAl?$AAo?$AAc@ 00011708     oal:oem_pm.obj
 0001:00000758       ??_C@_1GA@NDMNMIPM@?$AA?9?$AAO?$AAA?$AAL?$AAI?$AAo?$AAC?$AAt?$AAl?$AAP?$AAr?$AAc?$AAm?$AAC?$AAl?$AAo?$AAc?$AAk?$AAG?$AAe?$AAt?$AAS?$AAo?$AAu?$AAr?$AAc?$AAe?$AAC?$AAl?$AAo?$AAc?$AAk@ 00011758     oal:oem_pm.obj
 0001:000007b8       ??_C@_1EO@HHGONEEA@?$AA?$CL?$AAO?$AAA?$AAL?$AAI?$AAo?$AAC?$AAt?$AAl?$AAP?$AAr?$AAc?$AAm?$AAC?$AAl?$AAo?$AAc?$AAk?$AAG?$AAe?$AAt?$AAS?$AAo?$AAu?$AAr?$AAc?$AAe?$AAC?$AAl?$AAo?$AAc?$AAk@ 000117b8     oal:oem_pm.obj
 0001:00000808       ??_C@_1FI@LHKECLHF@?$AA?9?$AAO?$AAA?$AAL?$AAI?$AAo?$AAC?$AAt?$AAl?$AAP?$AAr?$AAc?$AAm?$AAC?$AAl?$AAo?$AAc?$AAk?$AAS?$AAe?$AAt?$AAS?$AAo?$AAu?$AAr?$AAc?$AAe?$AAC?$AAl?$AAo?$AAc?$AAk@ 00011808     oal:oem_pm.obj
 0001:00000860       ??_C@_1EG@GJHFLHDM@?$AA?$CL?$AAO?$AAA?$AAL?$AAI?$AAo?$AAC?$AAt?$AAl?$AAP?$AAr?$AAc?$AAm?$AAC?$AAl?$AAo?$AAc?$AAk?$AAS?$AAe?$AAt?$AAS?$AAo?$AAu?$AAr?$AAc?$AAe?$AAC?$AAl?$AAo?$AAc?$AAk@ 00011860     oal:oem_pm.obj
 0001:000008a8       ??_C@_1GG@PFIOPLFN@?$AA?9?$AAO?$AAA?$AAL?$AAI?$AAo?$AAC?$AAt?$AAl?$AAP?$AAr?$AAc?$AAm?$AAC?$AAl?$AAo?$AAc?$AAk?$AAS?$AAe?$AAt?$AAS?$AAo?$AAu?$AAr?$AAc?$AAe?$AAC?$AAl?$AAo?$AAc?$AAk@ 000118a8     oal:oem_pm.obj
 0001:00000910       ??_C@_1FE@OMCINOEK@?$AA?$CL?$AAO?$AAA?$AAL?$AAI?$AAo?$AAC?$AAt?$AAl?$AAP?$AAr?$AAc?$AAm?$AAC?$AAl?$AAo?$AAc?$AAk?$AAS?$AAe?$AAt?$AAS?$AAo?$AAu?$AAr?$AAc?$AAe?$AAC?$AAl?$AAo?$AAc?$AAk@ 00011910     oal:oem_pm.obj
 0001:00000968       ??_C@_1FE@GNONCHJN@?$AA?9?$AAO?$AAA?$AAL?$AAI?$AAo?$AAC?$AAt?$AAl?$AAP?$AAr?$AAc?$AAm?$AAC?$AAl?$AAo?$AAc?$AAk?$AAS?$AAe?$AAt?$AAD?$AAp?$AAl?$AAl?$AAS?$AAt?$AAa?$AAt?$AAe?$AA?$CI?$AAr@ 00011968     oal:oem_pm.obj
 0001:000009c0       ??_C@_1EC@CIFBIGJI@?$AA?$CL?$AAO?$AAA?$AAL?$AAI?$AAo?$AAC?$AAt?$AAl?$AAP?$AAr?$AAc?$AAm?$AAC?$AAl?$AAo?$AAc?$AAk?$AAS?$AAe?$AAt?$AAD?$AAp?$AAl?$AAl?$AAS?$AAt?$AAa?$AAt?$AAe?$AA?$AN?$AA?6@ 000119c0     oal:oem_pm.obj
 0001:00000a08       ??_C@_1GE@IAGKICDJ@?$AA?9?$AAO?$AAA?$AAL?$AAI?$AAo?$AAC?$AAt?$AAl?$AAP?$AAr?$AAc?$AAm?$AAD?$AAo?$AAm?$AAa?$AAi?$AAn?$AAS?$AAe?$AAt?$AAW?$AAa?$AAk?$AAe?$AAu?$AAp?$AAD?$AAe?$AAp?$AAe@ 00011a08     oal:oem_pm.obj
 0001:00000a70       ??_C@_1FC@IFJLFJMC@?$AA?$CL?$AAO?$AAA?$AAL?$AAI?$AAo?$AAC?$AAt?$AAl?$AAP?$AAr?$AAc?$AAm?$AAD?$AAo?$AAm?$AAa?$AAi?$AAn?$AAS?$AAe?$AAt?$AAW?$AAa?$AAk?$AAe?$AAu?$AAp?$AAD?$AAe?$AAp?$AAe@ 00011a70     oal:oem_pm.obj
 0001:00000ac8       ??_C@_1GC@OENIKAAG@?$AA?9?$AAO?$AAA?$AAL?$AAI?$AAo?$AAC?$AAt?$AAl?$AAP?$AAr?$AAc?$AAm?$AAD?$AAo?$AAm?$AAa?$AAi?$AAn?$AAS?$AAe?$AAt?$AAS?$AAl?$AAe?$AAe?$AAp?$AAD?$AAe?$AAp?$AAe?$AAn@ 00011ac8     oal:oem_pm.obj
 0001:00000b30       ??_C@_1FA@DCKFFJGO@?$AA?$CL?$AAO?$AAA?$AAL?$AAI?$AAo?$AAC?$AAt?$AAl?$AAP?$AAr?$AAc?$AAm?$AAD?$AAo?$AAm?$AAa?$AAi?$AAn?$AAS?$AAe?$AAt?$AAS?$AAl?$AAe?$AAe?$AAp?$AAD?$AAe?$AAp?$AAe?$AAn@ 00011b30     oal:oem_pm.obj
 0001:00000b80       ??_C@_1FI@HLFNCHGP@?$AA?9?$AAO?$AAA?$AAL?$AAI?$AAo?$AAC?$AAt?$AAl?$AAP?$AAr?$AAc?$AAm?$AAD?$AAo?$AAm?$AAa?$AAi?$AAn?$AAS?$AAe?$AAt?$AAP?$AAo?$AAw?$AAe?$AAr?$AAS?$AAt?$AAa?$AAt?$AAe@ 00011b80     oal:oem_pm.obj
 0001:00000bd8       ??_C@_1EG@FCCADHII@?$AA?$CL?$AAO?$AAA?$AAL?$AAI?$AAo?$AAC?$AAt?$AAl?$AAP?$AAr?$AAc?$AAm?$AAD?$AAo?$AAm?$AAa?$AAi?$AAn?$AAS?$AAe?$AAt?$AAP?$AAo?$AAw?$AAe?$AAr?$AAS?$AAt?$AAa?$AAt?$AAe@ 00011bd8     oal:oem_pm.obj
 0001:00000c20       ??_C@_1FA@LOEOCPDH@?$AA?9?$AAO?$AAA?$AAL?$AAI?$AAo?$AAC?$AAt?$AAl?$AAP?$AAr?$AAc?$AAm?$AAS?$AAe?$AAt?$AAS?$AAu?$AAs?$AAp?$AAe?$AAn?$AAd?$AAS?$AAt?$AAa?$AAt?$AAe?$AA?$CI?$AAr?$AAc?$AA?5@ 00011c20     oal:oem_pm.obj
 0001:00000c70       ??_C@_1DO@DKNNCPML@?$AA?$CL?$AAO?$AAA?$AAL?$AAI?$AAo?$AAC?$AAt?$AAl?$AAP?$AAr?$AAc?$AAm?$AAS?$AAe?$AAt?$AAS?$AAu?$AAs?$AAp?$AAe?$AAn?$AAd?$AAS?$AAt?$AAa?$AAt?$AAe?$AA?$AN?$AA?6?$AA?$AA@ 00011c70     oal:oem_pm.obj
 0001:00000cb0       ??_C@_1DO@PHDKNHBH@?$AA?9?$AAO?$AAA?$AAL?$AAI?$AAo?$AAC?$AAt?$AAl?$AAO?$AAp?$AAp?$AAR?$AAe?$AAq?$AAu?$AAe?$AAs?$AAt?$AA?$CI?$AAr?$AAc?$AA?5?$AA?$DN?$AA?5?$AA?$CF?$AAd?$AA?$CJ?$AA?$AN?$AA?6?$AA?$AA@ 00011cb0     oal:oem_pm.obj
 0001:00000cf0       ??_C@_1CM@LGFHCAO@?$AA?$CL?$AAO?$AAA?$AAL?$AAI?$AAo?$AAC?$AAt?$AAl?$AAO?$AAp?$AAp?$AAR?$AAe?$AAq?$AAu?$AAe?$AAs?$AAt?$AA?$AN?$AA?6?$AA?$AA@ 00011cf0     oal:oem_pm.obj
 0001:00000d20       ??_C@_1EO@KHFBABJJ@?$AA?9?$AAO?$AAA?$AAL?$AAI?$AAo?$AAC?$AAt?$AAl?$AAS?$AAm?$AAa?$AAr?$AAt?$AAR?$AAe?$AAf?$AAl?$AAe?$AAx?$AAC?$AAo?$AAn?$AAt?$AAr?$AAo?$AAl?$AA?$CI?$AAr?$AAc?$AA?5?$AA?$DN@ 00011d20     oal:oem_pm.obj
 0001:00000d70       ??_C@_1DM@DBFHMFOM@?$AA?$CL?$AAO?$AAA?$AAL?$AAI?$AAo?$AAC?$AAt?$AAl?$AAS?$AAm?$AAa?$AAr?$AAt?$AAR?$AAe?$AAf?$AAl?$AAe?$AAx?$AAC?$AAo?$AAn?$AAt?$AAr?$AAo?$AAl?$AA?$AN?$AA?6?$AA?$AA@ 00011d70     oal:oem_pm.obj
 0001:00000db0       ??_C@_1FI@NIAMEIGG@?$AA?9?$AAO?$AAA?$AAL?$AAI?$AAo?$AAC?$AAt?$AAl?$AAU?$AAp?$AAd?$AAa?$AAt?$AAe?$AAR?$AAe?$AAt?$AAe?$AAn?$AAt?$AAi?$AAo?$AAn?$AAV?$AAo?$AAl?$AAt?$AAa?$AAg?$AAe?$AAs@ 00011db0     oal:oem_pm.obj
 0001:00000e08       ??_C@_1EG@LLINCBJK@?$AA?$CL?$AAO?$AAA?$AAL?$AAI?$AAo?$AAC?$AAt?$AAl?$AAU?$AAp?$AAd?$AAa?$AAt?$AAe?$AAR?$AAe?$AAt?$AAe?$AAn?$AAt?$AAi?$AAo?$AAn?$AAV?$AAo?$AAl?$AAt?$AAa?$AAg?$AAe?$AAs@ 00011e08     oal:oem_pm.obj
 0001:00000e50       ??_C@_1FI@JNLFHLFE@?$AA?9?$AAO?$AAA?$AAL?$AAI?$AAo?$AAC?$AAt?$AAl?$AAH?$AAa?$AAl?$AAC?$AAo?$AAn?$AAt?$AAe?$AAx?$AAt?$AAS?$AAa?$AAv?$AAe?$AAG?$AAe?$AAt?$AAB?$AAu?$AAf?$AAf?$AAe?$AAr@ 00011e50     oal:oem_pm.obj
 0001:00000ea8       ??_C@_1EG@NGBNIFNG@?$AA?$CL?$AAO?$AAA?$AAL?$AAI?$AAo?$AAC?$AAt?$AAl?$AAH?$AAa?$AAl?$AAC?$AAo?$AAn?$AAt?$AAe?$AAx?$AAt?$AAS?$AAa?$AAv?$AAe?$AAG?$AAe?$AAt?$AAB?$AAu?$AAf?$AAf?$AAe?$AAr@ 00011ea8     oal:oem_pm.obj
 0001:00000ef0       ??_C@_1FK@FIFKBPFK@?$AAE?$AAr?$AAr?$AAo?$AAr?$AA?3?$AA?5?$AAI?$AAV?$AAA?$AA2?$AA?5?$AAp?$AAo?$AAw?$AAe?$AAr?$AA?5?$AAd?$AAo?$AAm?$AAa?$AAi?$AAn?$AA?5?$AAf?$AAu?$AAn?$AAc?$AAa?$AAt?$AAi@ 00011ef0     oal:oem_pm.obj
 0001:00000f50       ??_C@_1EM@HMFNDBFB@?$AAE?$AAr?$AAr?$AAo?$AAr?$AA?3?$AA?5?$AAI?$AAV?$AAA?$AA2?$AA?5?$AAp?$AAo?$AAw?$AAe?$AAr?$AA?5?$AAd?$AAo?$AAm?$AAa?$AAi?$AAn?$AA?5?$AAn?$AAo?$AAt?$AA?5?$AAO?$AAF?$AAF@ 00011f50     oal:oem_pm.obj
 0001:00000fa0       ??_C@_1GE@ELNCGKNN@?$AAl?$AAp?$AAm?$AA?4?$AAk?$AAo?$AA?3?$AA?5?$AAE?$AAr?$AAr?$AAo?$AAr?$AA?3?$AA?5?$AAI?$AAV?$AAA?$AA2?$AA_?$AAR?$AAS?$AAT?$AA1?$AA?5?$AAs?$AAi?$AAg?$AAn?$AAa?$AAl?$AA?5@ 00011fa0     oal:oem_pm.obj
 0001:00001008       ??_C@_1FG@PFIDHFBP@?$AAl?$AAp?$AAm?$AA?4?$AAk?$AAo?$AA?3?$AA?5?$AAE?$AAr?$AAr?$AAo?$AAr?$AA?3?$AA?5?$AAI?$AAV?$AAA?$AA2?$AA?5?$AAd?$AAi?$AAd?$AA?5?$AAn?$AAo?$AAt?$AA?5?$AAb?$AAe?$AAc?$AAo@ 00012008     oal:oem_pm.obj
 0001:00001060       ??_C@_1FG@ENJPGDMG@?$AAE?$AAr?$AAr?$AAo?$AAr?$AA?3?$AA?5?$AAI?$AAV?$AAA?$AA2?$AA?5?$AAp?$AAo?$AAw?$AAe?$AAr?$AA?5?$AAd?$AAo?$AAm?$AAa?$AAi?$AAn?$AA?5?$AAn?$AAo?$AAt?$AA?5?$AAO?$AAN?$AA?5@ 00012060     oal:oem_pm.obj
 0001:000010b8       ??_C@_1CM@JBCMAKOK@?$AA?9?$AAO?$AAA?$AAL?$AAP?$AAr?$AAc?$AAm?$AAI?$AAn?$AAt?$AAr?$AAH?$AAa?$AAn?$AAd?$AAl?$AAe?$AAr?$AA?$AN?$AA?6?$AA?$AA@ 000120b8     oal:oem_pm.obj
 0001:000010e4       ??_C@_1CM@GNNMJLKG@?$AA?$CL?$AAO?$AAA?$AAL?$AAP?$AAr?$AAc?$AAm?$AAI?$AAn?$AAt?$AAr?$AAH?$AAa?$AAn?$AAd?$AAl?$AAe?$AAr?$AA?$AN?$AA?6?$AA?$AA@ 000120e4     oal:oem_pm.obj
 0001:00001110       ??_C@_1CO@OILFLAEL@?$AA?9?$AAO?$AAA?$AAL?$AAS?$AAm?$AAa?$AAr?$AAt?$AAR?$AAe?$AAf?$AAl?$AAe?$AAx?$AA1?$AAI?$AAn?$AAt?$AAr?$AA?$AN?$AA?6?$AA?$AA@ 00012110     oal:oem_pm.obj
 0001:00001140       ??_C@_1FA@BPEDMOIJ@?$AAO?$AAA?$AAL?$AAS?$AAm?$AAa?$AAr?$AAt?$AAR?$AAe?$AAf?$AAl?$AAe?$AAx?$AA1?$AAI?$AAn?$AAt?$AAr?$AA?5?$AAi?$AAn?$AAt?$AAr?$AAS?$AAt?$AAa?$AAt?$AAu?$AAs?$AA?$DN?$AA0@ 00012140     oal:oem_pm.obj
 0001:00001190       ??_C@_1CO@DDHBOPGA@?$AA?$CL?$AAO?$AAA?$AAL?$AAS?$AAm?$AAa?$AAr?$AAt?$AAR?$AAe?$AAf?$AAl?$AAe?$AAx?$AA1?$AAI?$AAn?$AAt?$AAr?$AA?$AN?$AA?6?$AA?$AA@ 00012190     oal:oem_pm.obj
 0001:000011c0       ??_C@_1CO@MBHNAELJ@?$AA?9?$AAO?$AAA?$AAL?$AAS?$AAm?$AAa?$AAr?$AAt?$AAR?$AAe?$AAf?$AAl?$AAe?$AAx?$AA2?$AAI?$AAn?$AAt?$AAr?$AA?$AN?$AA?6?$AA?$AA@ 000121c0     oal:oem_pm.obj
 0001:000011f0       ??_C@_1FA@KFBGMKJO@?$AAO?$AAA?$AAL?$AAS?$AAm?$AAa?$AAr?$AAt?$AAR?$AAe?$AAf?$AAl?$AAe?$AAx?$AA2?$AAI?$AAn?$AAt?$AAr?$AA?5?$AAi?$AAn?$AAt?$AAr?$AAS?$AAt?$AAa?$AAt?$AAu?$AAs?$AA?$DN?$AA0@ 000121f0     oal:oem_pm.obj
 0001:00001240       ??_C@_1CO@BKLJFLJC@?$AA?$CL?$AAO?$AAA?$AAL?$AAS?$AAm?$AAa?$AAr?$AAt?$AAR?$AAe?$AAf?$AAl?$AAe?$AAx?$AA2?$AAI?$AAn?$AAt?$AAr?$AA?$AN?$AA?6?$AA?$AA@ 00012240     oal:oem_pm.obj
 0001:00001270       ??_C@_1CE@IPHHBGKL@?$AA?9?$AAO?$AAA?$AAL?$AAP?$AAo?$AAw?$AAe?$AAr?$AAI?$AAn?$AAi?$AAt?$AA?$CI?$AA?$CJ?$AA?$AN?$AA?6?$AA?$AA@ 00012270     oal:oem_pm.obj
 0001:00001298       ??_C@_1EE@NIHPAAL@?$AA?5?$AAS?$AAe?$AAr?$AAi?$AAa?$AAl?$AA?5?$AAd?$AAe?$AAb?$AAu?$AAg?$AA?5?$AAm?$AAe?$AAs?$AAs?$AAa?$AAg?$AAe?$AAs?$AA?5?$AAr?$AAe?$AAn?$AAa?$AAb?$AAl?$AAe?$AAd?$AA?$AN@ 00012298     oal:oem_pm.obj
 0001:000012e0       ??_C@_1HM@BHHHHBMP@?$AA?5?$AAD?$AAi?$AAs?$AAa?$AAb?$AAl?$AAe?$AA?5?$AAs?$AAe?$AAr?$AAi?$AAa?$AAl?$AA?5?$AAd?$AAe?$AAb?$AAu?$AAg?$AA?5?$AAm?$AAe?$AAs?$AAs?$AAa?$AAg?$AAe?$AAs?$AA?5?$AAd@ 000122e0     oal:oem_pm.obj
 0001:0000135c       ??_C@_1CE@EGLHOBFH@?$AA?$CL?$AAO?$AAA?$AAL?$AAP?$AAo?$AAw?$AAe?$AAr?$AAI?$AAn?$AAi?$AAt?$AA?$CI?$AA?$CJ?$AA?$AN?$AA?6?$AA?$AA@ 0001235c     oal:oem_pm.obj
 0001:00001380       ??_C@_1CI@CGLJHOCE@?$AA?9?$AAO?$AAA?$AAL?$AAP?$AAo?$AAw?$AAe?$AAr?$AAP?$AAo?$AAs?$AAt?$AAI?$AAn?$AAi?$AAt?$AA?$AN?$AA?6?$AA?$AA@ 00012380     oal:oem_pm.obj
 0001:000013a8       ??_C@_1EG@KBFDMENB@?$AAC?$AAP?$AAU?$AA?5?$AAf?$AAa?$AAm?$AAi?$AAl?$AAy?$AA?$CI?$AA?$CF?$AAd?$AA?$CJ?$AA?5?$AAi?$AAs?$AA?5?$AAn?$AAo?$AAt?$AA?5?$AAS?$AAu?$AAp?$AAp?$AAo?$AAr?$AAt?$AAe?$AAd?$AA?4@ 000123a8     oal:oem_pm.obj
 0001:000013f0       ??_C@_1CI@HDMABPDE@?$AA?$CL?$AAO?$AAA?$AAL?$AAP?$AAo?$AAw?$AAe?$AAr?$AAP?$AAo?$AAs?$AAt?$AAI?$AAn?$AAi?$AAt?$AA?$AN?$AA?6?$AA?$AA@ 000123f0     oal:oem_pm.obj
 0001:00001418       ??_C@_1BE@BGENOPMG@?$AAC?$AAo?$AAr?$AAt?$AAe?$AAx?$AA?9?$AAA?$AA8?$AA?$AA@ 00012418     oal:ioctl.obj
 0001:0000142c       ??_C@_1BK@BOKKCMKO@?$AAE?$AAV?$AAM?$AA?5?$AAO?$AAM?$AAA?$AAP?$AA3?$AA5?$AAx?$AAx?$AA?$AA@ 0001242c     oal:ioctl.obj
 0001:00001448       ??_C@_1CE@GIKKEBKH@?$AAT?$AAe?$AAx?$AAa?$AAs?$AA?5?$AAI?$AAn?$AAs?$AAt?$AAr?$AAu?$AAm?$AAe?$AAn?$AAt?$AAs?$AA?$AA@ 00012448     oal:ioctl.obj
 0001:0000146c       ??_C@_1BC@BEPMHPGP@?$AAO?$AAM?$AAA?$AAP?$AA3?$AA5?$AAx?$AAx?$AA?$AA@ 0001246c     oal:ioctl.obj
 0001:00001510       g_oalIoCtlTable            00012510     oal:ioctl.obj
 0001:000017d8       ??_C@_1EK@JCLHBELH@?$AA?9?$AAO?$AAA?$AAL?$AAI?$AAo?$AAC?$AAt?$AAl?$AAH?$AAa?$AAl?$AAD?$AAu?$AAm?$AAp?$AAR?$AAe?$AAg?$AAi?$AAs?$AAt?$AAe?$AAr?$AAs?$AA?$CI?$AAr?$AAc?$AA?5?$AA?$DN?$AA?5?$AA?$CF@ 000127d8     oal:ioctl.obj
 0001:00001824       ??_C@_1DI@KDMFLNNO@?$AA?$CL?$AAO?$AAA?$AAL?$AAI?$AAo?$AAC?$AAt?$AAl?$AAH?$AAa?$AAl?$AAD?$AAu?$AAm?$AAp?$AAR?$AAe?$AAg?$AAi?$AAs?$AAt?$AAe?$AAr?$AAs?$AA?$AN?$AA?6?$AA?$AA@ 00012824     oal:ioctl.obj
 0001:00001860       ??_C@_1EK@GKGINFBN@?$AA?9?$AAO?$AAA?$AAL?$AAI?$AAo?$AAC?$AAt?$AAl?$AAH?$AAa?$AAl?$AAG?$AAe?$AAt?$AAB?$AAs?$AAp?$AAV?$AAe?$AAr?$AAs?$AAi?$AAo?$AAn?$AA?$CI?$AAr?$AAc?$AA?5?$AA?$DN?$AA?5?$AA?$CF@ 00012860     oal:ioctl.obj
 0001:000018b0       ??_C@_1HC@CCPGBKDI@?$AAW?$AAA?$AAR?$AAN?$AA?3?$AA?5?$AAI?$AAO?$AAC?$AAT?$AAL?$AA_?$AAH?$AAA?$AAL?$AA_?$AAG?$AAE?$AAT?$AA_?$AAB?$AAS?$AAP?$AA_?$AAV?$AAE?$AAR?$AAS?$AAI?$AAO?$AAN?$AA_@ 000128b0     oal:ioctl.obj
 0001:00001924       ??_C@_1DI@NINGCKCM@?$AA?$CL?$AAO?$AAA?$AAL?$AAI?$AAo?$AAC?$AAt?$AAl?$AAH?$AAa?$AAl?$AAG?$AAe?$AAt?$AAB?$AAs?$AAp?$AAV?$AAe?$AAr?$AAs?$AAi?$AAo?$AAn?$AA?$AN?$AA?6?$AA?$AA@ 00012924     oal:ioctl.obj
 0001:000019f0       k32khzFrequency            000129f0     oal:oem_latency.obj
 0001:000019f8       ??_C@_1BBK@MCBACDBJ@?$AAo?$AAp?$AAm?$AA?$CF?$AAd?$AA?3?$AA?5?$AAc?$AAh?$AAi?$AAp?$AAO?$AAf?$AAf?$AAO?$AAf?$AAf?$AAs?$AAe?$AAt?$AA?3?$AA?$CF?$AAd?$AA?0?$AA?$CF?$AAd?$AA?5?$AAc?$AAh?$AAi?$AAp?$AAO@ 000129f8     oal:oem_latency.obj
 0001:00001b18       ??_C@_1FO@DPCMIAE@?$AA?9?$AAO?$AAA?$AAL?$AAI?$AAo?$AAC?$AAt?$AAl?$AAI?$AAn?$AAt?$AAe?$AAr?$AAr?$AAu?$AAp?$AAt?$AAL?$AAa?$AAt?$AAe?$AAn?$AAc?$AAy?$AAC?$AAo?$AAn?$AAs?$AAt?$AAr?$AAa@ 00012b18     oal:oem_latency.obj
 0001:00001b78       ??_C@_1EM@HALJGOAC@?$AA?$CL?$AAO?$AAA?$AAL?$AAI?$AAo?$AAC?$AAt?$AAl?$AAI?$AAn?$AAt?$AAe?$AAr?$AAr?$AAu?$AAp?$AAt?$AAL?$AAa?$AAt?$AAe?$AAn?$AAc?$AAy?$AAC?$AAo?$AAn?$AAs?$AAt?$AAr?$AAa@ 00012b78     oal:oem_latency.obj
 0001:00001c58       ??_C@_1IA@BDMNHBLK@?$AAC?$AAo?$AAm?$AAp?$AAe?$AAn?$AAs?$AAa?$AAt?$AAi?$AAn?$AAg?$AA?5?$AAO?$AAP?$AAP?$AA?$CF?$AAd?$AA?5?$AAf?$AAo?$AAr?$AA?5?$AA?$CF?$AAd?$AAm?$AAV?$AA?5?$AAO?$AAr?$AAi?$AAg@ 00012c58     oal:opp_map.obj
 0001:00001cd8       ??_C@_1FG@JEKJNIJ@?$AAU?$AAp?$AAd?$AAa?$AAt?$AAe?$AAR?$AAe?$AAt?$AAe?$AAn?$AAt?$AAi?$AAo?$AAn?$AAV?$AAo?$AAl?$AAt?$AAa?$AAg?$AAe?$AAs?$AA?3?$AA?5?$AAV?$AAD?$AAD?$AA?$CF?$AAd?$AA?5?$AA?$CF@ 00012cd8     oal:opp_map.obj
 0001:00001d30       ??_C@_1CE@DELMDCMO@?$AAV?$AAD?$AAD?$AA?$CF?$AAd?$AA?5?$AA?$CF?$AAd?$AA?4?$AA?$CF?$AA0?$AA4?$AAd?$AAV?$AA?5?$AA?$AN?$AA?6?$AA?$AA@ 00012d30     oal:opp_map.obj
 0001:00001d54       ??_C@_1BO@NNGOGLGP@?$AAV?$AAd?$AAd?$AA?$CF?$AAd?$AA?$DN?$AA0?$AAx?$AA?$CF?$AA0?$AA2?$AAX?$AA?$AN?$AA?6?$AA?$AA@ 00012d54     oal:opp_map.obj
 0001:00001d74       ??_C@_1CA@OACLPOKB@?$AAS?$AAe?$AAt?$AAO?$AAp?$AAp?$AA?5?$AAt?$AAo?$AA?5?$AA?$CF?$AAd?$AA?5?$AA?$AN?$AA?6?$AA?$AA@ 00012d74     oal:opp_map.obj
 0001:00001d98       ??_C@_1HM@FDKIOMPF@?$AA?$AN?$AA?6?$AAS?$AAm?$AAa?$AAr?$AAt?$AAR?$AAe?$AAf?$AAl?$AAe?$AAx?$AA_?$AAI?$AAn?$AAi?$AAt?$AAi?$AAa?$AAl?$AAi?$AAz?$AAe?$AA?3?$AA?5?$AAN?$AAU?$AAL?$AAL?$AA?5?$AAS@ 00012d98     oal:opp_map.obj
 0001:00001ea8       ??_C@_1EA@KOAOAACA@?$AA?9?$AAO?$AAA?$AAL?$AAI?$AAo?$AAC?$AAt?$AAl?$AAH?$AAA?$AAL?$AAP?$AAr?$AAo?$AAf?$AAi?$AAl?$AAe?$AAr?$AA?$CI?$AAr?$AAc?$AA?5?$AA?$DN?$AA?5?$AA?$CF?$AAd?$AA?$CJ?$AA?$AN?$AA?6?$AA?$AA@ 00012ea8     oal:oem_prof.obj
 0001:00001ee8       ??_C@_1CO@JAMDPBAN@?$AA?$CL?$AAO?$AAA?$AAL?$AAI?$AAo?$AAC?$AAt?$AAl?$AAH?$AAA?$AAL?$AAP?$AAr?$AAo?$AAf?$AAi?$AAl?$AAe?$AAr?$AA?$AN?$AA?6?$AA?$AA@ 00012ee8     oal:oem_prof.obj
 0001:00002038       ??_C@_1DO@JHJONFOE@?$AA?9?$AAO?$AAA?$AAL?$AAI?$AAo?$AAC?$AAt?$AAl?$AAH?$AAa?$AAl?$AAD?$AAd?$AAk?$AAC?$AAa?$AAl?$AAl?$AA?$CI?$AAr?$AAc?$AA?5?$AA?$DN?$AA?5?$AA?$CF?$AAd?$AA?$CJ?$AA?$AN?$AA?6?$AA?$AA@ 00013038     oal_io:ioctl.obj
 0001:00002078       ??_C@_1FM@IFHLCDE@?$AAE?$AAR?$AAR?$AAO?$AAR?$AA?3?$AAO?$AAA?$AAL?$AAI?$AAo?$AAc?$AAt?$AAl?$AAH?$AAa?$AAl?$AAD?$AAd?$AAk?$AAC?$AAa?$AAl?$AAl?$AA?3?$AA?5?$AAI?$AAN?$AAV?$AAA?$AAL?$AAI@ 00013078     oal_io:ioctl.obj
 0001:000020d8       ??_C@_1HM@DONGDDHM@?$AAE?$AAR?$AAR?$AAO?$AAR?$AA?3?$AA?5?$AAO?$AAA?$AAL?$AAI?$AAo?$AAc?$AAt?$AAl?$AAH?$AAa?$AAl?$AAD?$AAd?$AAk?$AAC?$AAa?$AAl?$AAl?$AA?3?$AA?5?$AAU?$AAn?$AAs?$AAu?$AAp@ 000130d8     oal_io:ioctl.obj
 0001:00002158       ??_C@_1GE@BFODAIDF@?$AAE?$AAR?$AAR?$AAO?$AAR?$AA?3?$AA?5?$AAO?$AAA?$AAL?$AAI?$AAo?$AAc?$AAt?$AAl?$AAH?$AAa?$AAl?$AAD?$AAd?$AAk?$AAC?$AAa?$AAl?$AAl?$AA?3?$AA?5?$AAU?$AAn?$AAs?$AAu?$AAp@ 00013158     oal_io:ioctl.obj
 0001:000021bc       ??_C@_1DG@HOFDDFMH@?$AA?$CL?$AAO?$AAA?$AAL?$AAI?$AAo?$AAC?$AAt?$AAl?$AAH?$AAa?$AAl?$AAD?$AAd?$AAk?$AAC?$AAa?$AAl?$AAl?$AA?$CI?$AA?4?$AA?4?$AA?4?$AA?$CJ?$AA?$AN?$AA?6?$AA?$AA@ 000131bc     oal_io:ioctl.obj
 0001:00002288       ??_C@_1DK@DKAHFGMP@?$AA?9?$AAO?$AAA?$AAL?$AAI?$AAo?$AAB?$AAu?$AAs?$AAP?$AAo?$AAw?$AAe?$AAr?$AAO?$AAf?$AAf?$AA?$CI?$AAr?$AAc?$AA?5?$AA?$DN?$AA?5?$AA?$CF?$AAd?$AA?$CJ?$AA?$AN?$AA?6?$AA?$AA@ 00013288     oal_io:power.obj
 0001:000022c4       ??_C@_1DI@PEAMECNB@?$AA?$CL?$AAO?$AAA?$AAL?$AAI?$AAo?$AAB?$AAu?$AAs?$AAP?$AAo?$AAw?$AAe?$AAr?$AAO?$AAf?$AAf?$AA?$CI?$AA?$CF?$AAd?$AA?0?$AA?5?$AA?$CF?$AAd?$AA?$CJ?$AA?$AN?$AA?6?$AA?$AA@ 000132c4     oal_io:power.obj
 0001:000022fc       ??_C@_1DI@BEKMCAGI@?$AA?9?$AAO?$AAA?$AAL?$AAI?$AAo?$AAB?$AAu?$AAs?$AAP?$AAo?$AAw?$AAe?$AAr?$AAO?$AAn?$AA?$CI?$AAr?$AAc?$AA?5?$AA?$DN?$AA?5?$AA?$CF?$AAd?$AA?$CJ?$AA?$AN?$AA?6?$AA?$AA@ 000132fc     oal_io:power.obj
 0001:00002334       ??_C@_1DG@BNAKMMEE@?$AA?$CL?$AAO?$AAA?$AAL?$AAI?$AAo?$AAB?$AAu?$AAs?$AAP?$AAo?$AAw?$AAe?$AAr?$AAO?$AAn?$AA?$CI?$AA?$CF?$AAd?$AA?0?$AA?5?$AA?$CF?$AAd?$AA?$CJ?$AA?$AN?$AA?6?$AA?$AA@ 00013334     oal_io:power.obj
 0001:00002400       ??_C@_1KE@FCFGNLKM@?$AA?9?$AAO?$AAA?$AAL?$AAT?$AAr?$AAa?$AAn?$AAs?$AAl?$AAa?$AAt?$AAe?$AAB?$AAu?$AAs?$AAA?$AAd?$AAd?$AAr?$AAe?$AAs?$AAs?$AA?$CI?$AAa?$AAd?$AAd?$AAr?$AAe?$AAs?$AAs?$AAS@ 00013400     oal_io:trans.obj
 0001:000024a8       ??_C@_1GI@BPOGFGAB@?$AA?$CL?$AAO?$AAA?$AAL?$AAI?$AAo?$AAT?$AAr?$AAa?$AAn?$AAs?$AAl?$AAa?$AAt?$AAe?$AAB?$AAu?$AAs?$AAA?$AAd?$AAd?$AAr?$AAe?$AAs?$AAs?$AA?$CI?$AA?$CF?$AAd?$AA?0?$AA?5?$AA?$CF?$AAd@ 000134a8     oal_io:trans.obj
 0001:00002510       ??_C@_1HM@IKCJOCJL@?$AA?9?$AAO?$AAA?$AAL?$AAT?$AAr?$AAa?$AAn?$AAs?$AAl?$AAa?$AAt?$AAe?$AAS?$AAy?$AAs?$AAt?$AAe?$AAm?$AAA?$AAd?$AAd?$AAr?$AAe?$AAs?$AAs?$AA?$CI?$AAb?$AAu?$AAs?$AAA?$AAd@ 00013510     oal_io:trans.obj
 0001:00002590       ??_C@_1GC@GKDDBMML@?$AA?$CL?$AAO?$AAA?$AAL?$AAT?$AAr?$AAa?$AAn?$AAs?$AAl?$AAa?$AAt?$AAe?$AAS?$AAy?$AAs?$AAt?$AAe?$AAm?$AAA?$AAd?$AAd?$AAr?$AAe?$AAs?$AAs?$AA?$CI?$AA?$CF?$AAd?$AA?0?$AA?5?$AA?$CF@ 00013590     oal_io:trans.obj
 0001:00002688       ??_C@_1GA@HKIKBELC@?$AAE?$AAR?$AAR?$AAO?$AAR?$AA?3?$AA?5?$AAO?$AAA?$AAL?$AAI?$AAo?$AAC?$AAt?$AAl?$AAH?$AAa?$AAl?$AAI?$AAL?$AAT?$AAi?$AAm?$AAi?$AAn?$AAg?$AA?3?$AA?5?$AAI?$AAn?$AAv?$AAa@ 00013688     oal_ilt:ilt.obj
 0001:00002808       ??_C@_1GM@LBPDAPNJ@?$AAI?$AAN?$AAF?$AAO?$AA?3?$AAO?$AAA?$AAL?$AAL?$AAo?$AAg?$AAS?$AAe?$AAt?$AAZ?$AAo?$AAn?$AAe?$AAs?$AA?3?$AA?5?$AAd?$AAp?$AAC?$AAu?$AAr?$AAS?$AAe?$AAt?$AAt?$AAi?$AAn@ 00013808     oal_log:debug.obj
 0001:00002908       ??_C@_1EM@KGGHBFBJ@?$AA?$CL?$AAO?$AAA?$AAL?$AAI?$AAo?$AAC?$AAt?$AAl?$AAH?$AAa?$AAl?$AAR?$AAe?$AAq?$AAu?$AAe?$AAs?$AAt?$AAS?$AAy?$AAs?$AAI?$AAn?$AAt?$AAr?$AA?$CI?$AAr?$AAc?$AA?5?$AA?$DN?$AA?5@ 00013908     oal_intr_common:ioctl.obj
 0001:00002958       ??_C@_1GK@HKEIPOOO@?$AAW?$AAA?$AAR?$AAN?$AA?3?$AA?5?$AAI?$AAO?$AAC?$AAT?$AAL?$AA_?$AAH?$AAA?$AAL?$AA_?$AAR?$AAE?$AAQ?$AAU?$AAE?$AAS?$AAT?$AA_?$AAS?$AAY?$AAS?$AAI?$AAN?$AAT?$AAR?$AA?5@ 00013958     oal_intr_common:ioctl.obj
 0001:000029c4       ??_C@_1DK@BMKLIPKJ@?$AA?$CL?$AAO?$AAA?$AAL?$AAI?$AAo?$AAC?$AAt?$AAl?$AAH?$AAa?$AAl?$AAR?$AAe?$AAq?$AAu?$AAe?$AAs?$AAt?$AAS?$AAy?$AAs?$AAI?$AAn?$AAt?$AAr?$AA?$AN?$AA?6?$AA?$AA@ 000139c4     oal_intr_common:ioctl.obj
 0001:00002a00       ??_C@_1GK@LIJAJEGD@?$AAW?$AAA?$AAR?$AAN?$AA?3?$AA?5?$AAI?$AAO?$AAC?$AAT?$AAL?$AA_?$AAH?$AAA?$AAL?$AA_?$AAR?$AAE?$AAL?$AAE?$AAA?$AAS?$AAE?$AA_?$AAS?$AAY?$AAS?$AAI?$AAN?$AAT?$AAR?$AA?5@ 00013a00     oal_intr_common:ioctl.obj
 0001:00002a70       ??_C@_1EM@DFAKLPBP@?$AA?9?$AAO?$AAA?$AAL?$AAI?$AAo?$AAC?$AAt?$AAl?$AAH?$AAa?$AAl?$AAR?$AAe?$AAq?$AAu?$AAe?$AAs?$AAt?$AAS?$AAy?$AAs?$AAI?$AAn?$AAt?$AAr?$AA?$CI?$AAr?$AAc?$AA?5?$AA?$DN?$AA?5@ 00013a70     oal_intr_common:ioctl.obj
 0001:00002ac0       ??_C@_1GC@BACPHDPH@?$AAW?$AAA?$AAR?$AAN?$AA?3?$AA?5?$AAI?$AAO?$AAC?$AAT?$AAL?$AA_?$AAH?$AAA?$AAL?$AA_?$AAR?$AAE?$AAQ?$AAU?$AAE?$AAS?$AAT?$AA_?$AAI?$AAR?$AAQ?$AA?5?$AAi?$AAn?$AAv?$AAa@ 00013ac0     oal_intr_common:ioctl.obj
 0001:00002b24       ??_C@_1DC@DIKJBBIL@?$AA?$CL?$AAO?$AAA?$AAL?$AAI?$AAo?$AAC?$AAt?$AAl?$AAH?$AAa?$AAl?$AAR?$AAe?$AAq?$AAu?$AAe?$AAs?$AAt?$AAI?$AAr?$AAq?$AA?$AN?$AA?6?$AA?$AA@ 00013b24     oal_intr_common:ioctl.obj
 0001:00002be8       ??_C@_1EE@EOJLKFMG@?$AA?$CL?$AAO?$AAA?$AAL?$AAI?$AAo?$AAC?$AAt?$AAl?$AAH?$AAa?$AAl?$AAE?$AAn?$AAa?$AAb?$AAl?$AAe?$AAW?$AAa?$AAk?$AAe?$AA?$CI?$AAr?$AAc?$AA?5?$AA?$DN?$AA?5?$AA?$CF?$AAd?$AA?$CJ?$AA?$AN@ 00013be8     oal_power:ioctl.obj
 0001:00002c2c       ??_C@_1DG@KKNHDHOB@?$AAI?$AAn?$AAv?$AAa?$AAl?$AAi?$AAd?$AA?5?$AAS?$AAY?$AAS?$AAI?$AAN?$AAT?$AAR?$AA?5?$AAv?$AAa?$AAl?$AAu?$AAe?$AA?5?$AA?$CF?$AAd?$AA?$AN?$AA?6?$AA?$AA@ 00013c2c     oal_power:ioctl.obj
 0001:00002c64       ??_C@_1DO@BLFFHCCO@?$AAE?$AAR?$AAR?$AAO?$AAR?$AA?3?$AA?5?$AAO?$AAA?$AAL?$AAI?$AAo?$AAC?$AAt?$AAl?$AAH?$AAa?$AAl?$AAE?$AAn?$AAa?$AAb?$AAl?$AAe?$AAW?$AAa?$AAk?$AAe?$AA?3?$AA?5?$AA?$AA@ 00013c64     oal_power:ioctl.obj
 0001:00002ca8       ??_C@_1EO@OMKOKHHJ@?$AA?$CL?$AAO?$AAA?$AAL?$AAI?$AAo?$AAC?$AAt?$AAl?$AAH?$AAa?$AAl?$AAE?$AAn?$AAa?$AAb?$AAl?$AAe?$AAW?$AAa?$AAk?$AAe?$AA?$CI?$AAs?$AAy?$AAs?$AAI?$AAn?$AAt?$AAr?$AA?5?$AA?$DN@ 00013ca8     oal_power:ioctl.obj
 0001:00002cf8       ??_C@_1EG@KJIPIGDP@?$AA?$CL?$AAO?$AAA?$AAL?$AAI?$AAo?$AAC?$AAt?$AAl?$AAH?$AAa?$AAl?$AAD?$AAi?$AAs?$AAa?$AAb?$AAl?$AAe?$AAW?$AAa?$AAk?$AAe?$AA?$CI?$AAr?$AAc?$AA?5?$AA?$DN?$AA?5?$AA?$CF?$AAd?$AA?$CJ@ 00013cf8     oal_power:ioctl.obj
 0001:00002d40       ??_C@_1EA@ENICBBFD@?$AAE?$AAR?$AAR?$AAO?$AAR?$AA?3?$AA?5?$AAO?$AAA?$AAL?$AAI?$AAo?$AAC?$AAt?$AAl?$AAH?$AAa?$AAl?$AAD?$AAi?$AAs?$AAa?$AAb?$AAl?$AAe?$AAW?$AAa?$AAk?$AAe?$AA?3?$AA?5?$AA?$AA@ 00013d40     oal_power:ioctl.obj
 0001:00002d80       ??_C@_1FA@IFHNBJAE@?$AA?$CL?$AAO?$AAA?$AAL?$AAI?$AAo?$AAC?$AAt?$AAl?$AAH?$AAa?$AAl?$AAD?$AAi?$AAs?$AAa?$AAb?$AAl?$AAe?$AAW?$AAa?$AAk?$AAe?$AA?$CI?$AAs?$AAy?$AAs?$AAI?$AAn?$AAt?$AAr?$AA?5@ 00013d80     oal_power:ioctl.obj
 0001:00002dd0       ??_C@_1GG@MBGEPMGD@?$AA?$CL?$AAO?$AAA?$AAL?$AAI?$AAo?$AAC?$AAt?$AAl?$AAH?$AAa?$AAl?$AAG?$AAe?$AAt?$AAW?$AAa?$AAk?$AAe?$AAS?$AAo?$AAu?$AAr?$AAc?$AAe?$AA?$CI?$AAr?$AAc?$AA?5?$AA?$DN?$AA?5?$AA?$CF@ 00013dd0     oal_power:ioctl.obj
 0001:00002e38       ??_C@_1DI@DFOIFPDM@?$AA?$CL?$AAO?$AAA?$AAL?$AAI?$AAo?$AAC?$AAt?$AAl?$AAH?$AAa?$AAl?$AAG?$AAe?$AAt?$AAW?$AAa?$AAk?$AAe?$AAS?$AAo?$AAu?$AAr?$AAc?$AAe?$AA?$AN?$AA?6?$AA?$AA@ 00013e38     oal_power:ioctl.obj
 0001:00002f00       ??_C@_1FA@KIKMJANO@?$AA?9?$AAO?$AAA?$AAL?$AAI?$AAo?$AAC?$AAt?$AAl?$AAH?$AAa?$AAl?$AAG?$AAe?$AAt?$AAR?$AAe?$AAg?$AAS?$AAe?$AAc?$AAu?$AAr?$AAe?$AAK?$AAe?$AAy?$AAs?$AA?$CI?$AAr?$AAc?$AA?5@ 00013f00     oal_ioctl:securekeys.obj
 0001:00002fe0       ??_C@_1GK@GKDOOKDE@?$AAE?$AAR?$AAR?$AAO?$AAR?$AA?3?$AA?5?$AAO?$AAA?$AAL?$AAI?$AAo?$AAC?$AAt?$AAl?$AAH?$AAa?$AAl?$AAU?$AAp?$AAd?$AAa?$AAt?$AAe?$AAM?$AAo?$AAd?$AAe?$AA?3?$AA?5?$AAI?$AAn@ 00013fe0     oal_ioctl:imgupd.obj
 0001:00003050       ??_C@_1IG@BENIAHFO@?$AAE?$AAR?$AAR?$AAO?$AAR?$AA?3?$AA?5?$AAO?$AAA?$AAL?$AAI?$AAo?$AAC?$AAt?$AAl?$AAH?$AAa?$AAl?$AAU?$AAp?$AAd?$AAa?$AAt?$AAe?$AAM?$AAo?$AAd?$AAe?$AA?3?$AA?5?$AAD?$AAe@ 00014050     oal_ioctl:imgupd.obj
 0001:00003168       ??_C@_1EE@LLJFHFAM@?$AA?9?$AAO?$AAA?$AAL?$AAI?$AAo?$AAC?$AAt?$AAl?$AAP?$AAr?$AAo?$AAc?$AAe?$AAs?$AAs?$AAo?$AAr?$AAI?$AAn?$AAf?$AAo?$AA?$CI?$AAr?$AAc?$AA?5?$AA?$DN?$AA?5?$AA?$CF?$AAd?$AA?$CJ?$AA?$AN@ 00014168     oal_ioctl:procinfo.obj
 0001:000031b0       ??_C@_1GA@EACFLEMI@?$AAW?$AAA?$AAR?$AAN?$AA?3?$AA?5?$AAO?$AAA?$AAL?$AAI?$AAo?$AAC?$AAt?$AAl?$AAP?$AAr?$AAo?$AAc?$AAe?$AAs?$AAs?$AAo?$AAr?$AAI?$AAn?$AAf?$AAo?$AA?3?$AA?5?$AAB?$AAu?$AAf@ 000141b0     oal_ioctl:procinfo.obj
 0001:00003210       ??_C@_1GI@EFCEJCLG@?$AAE?$AAR?$AAR?$AAO?$AAR?$AA?3?$AAO?$AAA?$AAL?$AAI?$AAo?$AAC?$AAt?$AAl?$AAP?$AAr?$AAo?$AAc?$AAe?$AAs?$AAs?$AAo?$AAr?$AAI?$AAn?$AAf?$AAo?$AA?3?$AA?5?$AAV?$AAe?$AAn@ 00014210     oal_ioctl:procinfo.obj
 0001:00003278       ??_C@_1GE@JPAPEENG@?$AAE?$AAR?$AAR?$AAO?$AAR?$AA?3?$AAO?$AAA?$AAL?$AAI?$AAo?$AAC?$AAt?$AAl?$AAP?$AAr?$AAo?$AAc?$AAe?$AAs?$AAs?$AAo?$AAr?$AAI?$AAn?$AAf?$AAo?$AA?3?$AA?5?$AAN?$AAa?$AAm@ 00014278     oal_ioctl:procinfo.obj
 0001:000032e0       ??_C@_1GE@OFFJPJMM@?$AAE?$AAR?$AAR?$AAO?$AAR?$AA?3?$AAO?$AAA?$AAL?$AAI?$AAo?$AAC?$AAt?$AAl?$AAP?$AAr?$AAo?$AAc?$AAe?$AAs?$AAs?$AAo?$AAr?$AAI?$AAn?$AAf?$AAo?$AA?3?$AA?5?$AAC?$AAo?$AAr@ 000142e0     oal_ioctl:procinfo.obj
 0001:00003348       ??_C@_1GK@MJNAOGCM@?$AAW?$AAA?$AAR?$AAN?$AA?3?$AA?5?$AAO?$AAA?$AAL?$AAI?$AAo?$AAC?$AAt?$AAl?$AAP?$AAr?$AAo?$AAc?$AAe?$AAs?$AAs?$AAo?$AAr?$AAI?$AAn?$AAf?$AAo?$AA?3?$AA?5?$AAI?$AAn?$AAv@ 00014348     oal_ioctl:procinfo.obj
 0001:000033b4       ??_C@_1DM@NEACNOML@?$AA?$CL?$AAO?$AAA?$AAL?$AAI?$AAo?$AAC?$AAt?$AAl?$AAP?$AAr?$AAo?$AAc?$AAe?$AAs?$AAs?$AAo?$AAr?$AAI?$AAn?$AAf?$AAo?$AA?$CI?$AA?4?$AA?4?$AA?4?$AA?$CJ?$AA?$AN?$AA?6?$AA?$AA@ 000143b4     oal_ioctl:procinfo.obj
 0001:00003490       ??_C@_1FK@JJDHOCFD@?$AAW?$AAA?$AAR?$AAN?$AA?3?$AA?5?$AAO?$AAA?$AAL?$AAI?$AAo?$AAC?$AAt?$AAl?$AAH?$AAa?$AAl?$AAG?$AAe?$AAt?$AAU?$AAU?$AAI?$AAD?$AA?3?$AA?5?$AAB?$AAu?$AAf?$AAf?$AAe?$AAr@ 00014490     oal_ioctl:uuid.obj
 0001:000034f0       ??_C@_1NA@DANHDCDJ@?$AAW?$AAa?$AAr?$AAn?$AAi?$AAn?$AAg?$AA?3?$AA?5?$AAI?$AAO?$AAC?$AAT?$AAL?$AA_?$AAH?$AAA?$AAL?$AA_?$AAG?$AAE?$AAT?$AA_?$AAU?$AAU?$AAI?$AAD?$AA?5?$AAi?$AAs?$AA?5?$AAu@ 000144f0     oal_ioctl:uuid.obj
 0001:000035c0       ??_C@_1HC@GCDGDEMK@?$AAE?$AAR?$AAR?$AAO?$AAR?$AA?3?$AA?5?$AAO?$AAA?$AAL?$AAI?$AAo?$AAC?$AAt?$AAl?$AAH?$AAa?$AAl?$AAG?$AAe?$AAt?$AAU?$AAU?$AAI?$AAD?$AA?3?$AA?5?$AAD?$AAe?$AAv?$AAi?$AAc@ 000145c0     oal_ioctl:uuid.obj
 0001:00003638       ??_C@_1GE@PBBGNNAO@?$AAW?$AAA?$AAR?$AAN?$AA?3?$AA?5?$AAO?$AAA?$AAL?$AAI?$AAo?$AAC?$AAt?$AAl?$AAH?$AAa?$AAl?$AAG?$AAe?$AAt?$AAU?$AAU?$AAI?$AAD?$AA?3?$AA?5?$AAI?$AAn?$AAv?$AAa?$AAl?$AAi@ 00014638     oal_ioctl:uuid.obj
 0001:000036a0       ??_C@_1OE@KFAEFCPB@?$AAW?$AAa?$AAr?$AAn?$AAi?$AAn?$AAg?$AA?3?$AA?5?$AAy?$AAo?$AAu?$AA?5?$AAa?$AAr?$AAe?$AA?5?$AAc?$AAa?$AAl?$AAl?$AAi?$AAn?$AAg?$AA?5?$AAI?$AAO?$AAC?$AAT?$AAL?$AA_?$AAH@ 000146a0     oal_ioctl:uuid.obj
 0001:00003818       ??_C@_1EG@HKOJPLNE@?$AA?9?$AAO?$AAA?$AAL?$AAI?$AAo?$AAC?$AAt?$AAl?$AAH?$AAa?$AAl?$AAG?$AAe?$AAt?$AAD?$AAe?$AAv?$AAi?$AAc?$AAe?$AAI?$AAD?$AA?$CI?$AAr?$AAc?$AA?5?$AA?$DN?$AA?5?$AA?$CF?$AAd?$AA?$CJ@ 00014818     oal_ioctl:deviceid.obj
 0001:00003860       ??_C@_1GE@GPJLHAFO@?$AAW?$AAA?$AAR?$AAN?$AA?3?$AA?5?$AAO?$AAA?$AAL?$AAI?$AAo?$AAC?$AAt?$AAl?$AAH?$AAa?$AAl?$AAG?$AAe?$AAt?$AAD?$AAe?$AAv?$AAi?$AAc?$AAe?$AAI?$AAD?$AA?3?$AA?5?$AAI?$AAn@ 00014860     oal_ioctl:deviceid.obj
 0001:000038c8       ??_C@_1LK@FOLPDAJB@?$AAW?$AAA?$AAR?$AAN?$AA?3?$AA?5?$AAO?$AAA?$AAL?$AAI?$AAo?$AAC?$AAt?$AAl?$AAH?$AAa?$AAl?$AAG?$AAe?$AAt?$AAD?$AAe?$AAv?$AAi?$AAc?$AAe?$AAI?$AAD?$AA?3?$AA?5?$AAC?$AAa@ 000148c8     oal_ioctl:deviceid.obj
 0001:00003988       ??_C@_1LO@DFJMJCEI@?$AAW?$AAA?$AAR?$AAN?$AA?3?$AA?5?$AAO?$AAA?$AAL?$AAI?$AAo?$AAC?$AAt?$AAl?$AAH?$AAa?$AAl?$AAG?$AAe?$AAt?$AAD?$AAe?$AAv?$AAi?$AAc?$AAe?$AAI?$AAD?$AA?3?$AA?5?$AAC?$AAa@ 00014988     oal_ioctl:deviceid.obj
 0001:00003a48       ??_C@_1PC@IHJIIKFF@?$AAW?$AAa?$AAr?$AAn?$AAi?$AAn?$AAg?$AA?3?$AA?5?$AAy?$AAo?$AAu?$AA?5?$AAa?$AAr?$AAe?$AA?5?$AAr?$AAe?$AAq?$AAu?$AAe?$AAs?$AAt?$AAi?$AAn?$AAg?$AA?5?$AAI?$AAO?$AAC?$AAT@ 00014a48     oal_ioctl:deviceid.obj
 0001:00003b3c       ??_C@_1DO@MLDPBFAO@?$AA?$CL?$AAO?$AAA?$AAL?$AAI?$AAo?$AAc?$AAt?$AAl?$AAH?$AAa?$AAl?$AAG?$AAe?$AAt?$AAD?$AAe?$AAv?$AAi?$AAc?$AAe?$AAI?$AAD?$AA?$CI?$AA?4?$AA?4?$AA?4?$AA?$CJ?$AA?$AN?$AA?6?$AA?$AA@ 00014b3c     oal_ioctl:deviceid.obj
 0001:00003b94       ??_C@_1CI@DNLIPKLH@?$AAS?$AAP?$AAI?$AA_?$AAG?$AAE?$AAT?$AAP?$AAL?$AAA?$AAT?$AAF?$AAO?$AAR?$AAM?$AAT?$AAY?$AAP?$AAE?$AA?$AA@ 00014b94     oal_ioctl:deviceinfo.obj
 0001:00003bc0       ??_C@_1BEM@IMHNFGHE@?$AAW?$AAa?$AAr?$AAn?$AAi?$AAn?$AAg?$AA?3?$AA?5?$AAy?$AAo?$AAu?$AA?5?$AAa?$AAr?$AAe?$AA?5?$AAr?$AAe?$AAq?$AAu?$AAe?$AAs?$AAt?$AAi?$AAn?$AAg?$AA?5?$AAI?$AAO?$AAC?$AAT@ 00014bc0     oal_ioctl:deviceinfo.obj
 0001:00003d10       ??_C@_1GO@GEFDPJAG@?$AAW?$AAA?$AAR?$AAN?$AA?3?$AA?5?$AAO?$AAA?$AAL?$AAI?$AAo?$AAC?$AAt?$AAl?$AAH?$AAa?$AAl?$AAG?$AAe?$AAt?$AAD?$AAe?$AAv?$AAi?$AAc?$AAe?$AAi?$AAn?$AAf?$AAo?$AA?3?$AA?3@ 00014d10     oal_ioctl:deviceinfo.obj
 0001:00003d80       ??_C@_1NG@HBFOMIME@?$AAE?$AAR?$AAR?$AAO?$AAR?$AA?3?$AA?5?$AAO?$AAA?$AAL?$AAI?$AAo?$AAC?$AAt?$AAl?$AAH?$AAa?$AAl?$AAG?$AAe?$AAt?$AAD?$AAe?$AAv?$AAi?$AAc?$AAe?$AAi?$AAn?$AAf?$AAo?$AA?3@ 00014d80     oal_ioctl:deviceinfo.obj
 0001:00003e58       ??_C@_1LA@BNOICHNN@?$AAE?$AAR?$AAR?$AAO?$AAR?$AA?3?$AA?5?$AAO?$AAA?$AAL?$AAI?$AAo?$AAC?$AAt?$AAl?$AAH?$AAa?$AAl?$AAG?$AAe?$AAt?$AAD?$AAe?$AAv?$AAi?$AAc?$AAe?$AAI?$AAn?$AAf?$AAo?$AA?3@ 00014e58     oal_ioctl:deviceinfo.obj
 0001:00003f08       ??_C@_1BO@MIPEKPNN@?$AAS?$AAP?$AAI?$AA_?$AAG?$AAE?$AAT?$AAO?$AAE?$AAM?$AAI?$AAN?$AAF?$AAO?$AA?$AA@ 00014f08     oal_ioctl:deviceinfo.obj
 0001:00003f28       ??_C@_1CO@EPEFNCOE@?$AAS?$AAP?$AAI?$AA_?$AAG?$AAE?$AAT?$AAP?$AAL?$AAA?$AAT?$AAF?$AAO?$AAR?$AAM?$AAV?$AAE?$AAR?$AAS?$AAI?$AAO?$AAN?$AA?$AA@ 00014f28     oal_ioctl:deviceinfo.obj
 0001:00003f58       ??_C@_1CG@NCDPNLLL@?$AAS?$AAP?$AAI?$AA_?$AAG?$AAE?$AAT?$AAP?$AAR?$AAO?$AAJ?$AAE?$AAC?$AAT?$AAN?$AAA?$AAM?$AAE?$AA?$AA@ 00014f58     oal_ioctl:deviceinfo.obj
 0001:00003f80       ??_C@_1CI@BNCCNAEN@?$AAS?$AAP?$AAI?$AA_?$AAG?$AAE?$AAT?$AAP?$AAL?$AAA?$AAT?$AAF?$AAO?$AAR?$AAM?$AAN?$AAA?$AAM?$AAE?$AA?$AA@ 00014f80     oal_ioctl:deviceinfo.obj
 0001:00003fa8       ??_C@_1CE@JLAPMINP@?$AAS?$AAP?$AAI?$AA_?$AAG?$AAE?$AAT?$AAB?$AAO?$AAO?$AAT?$AAM?$AAE?$AAN?$AAA?$AAM?$AAE?$AA?$AA@ 00014fa8     oal_ioctl:deviceinfo.obj
 0001:00003fcc       ??_C@_1BI@MGABGHAL@?$AAS?$AAP?$AAI?$AA_?$AAG?$AAE?$AAT?$AAU?$AAU?$AAI?$AAD?$AA?$AA@ 00014fcc     oal_ioctl:deviceinfo.obj
 0001:00003ff4       ??_C@_1CG@IIMMCNFM@?$AAS?$AAP?$AAI?$AA_?$AAG?$AAE?$AAT?$AAG?$AAU?$AAI?$AAD?$AAP?$AAA?$AAT?$AAT?$AAE?$AAR?$AAN?$AA?$AA@ 00014ff4     oal_ioctl:deviceinfo.obj
 0001:00004020       ??_C@_1FO@DMDJMEMA@?$AA?9?$AAO?$AAA?$AAL?$AAI?$AAo?$AAC?$AAt?$AAl?$AAH?$AAa?$AAl?$AAG?$AAe?$AAt?$AAD?$AAe?$AAv?$AAi?$AAc?$AAe?$AAI?$AAn?$AAf?$AAo?$AA?$CI?$AAS?$AAP?$AAI?$AA?5?$AA?$DN?$AA?5@ 00015020     oal_ioctl:deviceinfo.obj
 0001:00004080       ??_C@_1GK@FDHCLEBC@?$AAE?$AAR?$AAR?$AAO?$AAR?$AA?3?$AA?5?$AAO?$AAA?$AAL?$AAI?$AAo?$AAC?$AAt?$AAl?$AAH?$AAa?$AAl?$AAG?$AAe?$AAt?$AAD?$AAe?$AAv?$AAi?$AAc?$AAe?$AAI?$AAn?$AAf?$AAo?$AA?3@ 00015080     oal_ioctl:deviceinfo.obj
 0001:000040f0       ??_C@_1GG@BAANNGGI@?$AAE?$AAR?$AAR?$AAO?$AAR?$AA?3?$AA?5?$AAO?$AAA?$AAL?$AAI?$AAo?$AAC?$AAt?$AAl?$AAH?$AAa?$AAl?$AAG?$AAe?$AAt?$AAD?$AAe?$AAv?$AAi?$AAc?$AAe?$AAI?$AAn?$AAf?$AAo?$AA?3@ 000150f0     oal_ioctl:deviceinfo.obj
 0001:00004158       ??_C@_1EC@NLAFOPGI@?$AA?$CL?$AAO?$AAA?$AAL?$AAI?$AAo?$AAC?$AAt?$AAl?$AAH?$AAa?$AAl?$AAG?$AAe?$AAt?$AAD?$AAe?$AAv?$AAi?$AAc?$AAe?$AAI?$AAn?$AAf?$AAo?$AA?$CI?$AA?4?$AA?4?$AA?4?$AA?$CJ?$AA?$AN?$AA?6@ 00015158     oal_ioctl:deviceinfo.obj
 0001:0000419c       ??_C@_11LOCGONAA@?$AA?$AA@ 0001519c     oal_ioctl:deviceinfo.obj
 0001:00004230       ??_C@_1DC@EGGJEANK@?$AA?9?$AAO?$AAE?$AAM?$AAI?$AAo?$AAC?$AAo?$AAn?$AAt?$AAr?$AAo?$AAl?$AA?$CI?$AAr?$AAc?$AA?5?$AA?$DN?$AA?5?$AA?$CF?$AAd?$AA?$CJ?$AA?$AN?$AA?6?$AA?$AA@ 00015230     oal_ioctl:ioctl.obj
 0001:00004268       ??_C@_1HM@LHHDIECD@?$AAO?$AAE?$AAM?$AAI?$AAo?$AAC?$AAo?$AAn?$AAt?$AAr?$AAo?$AAl?$AA?3?$AA?5?$AAU?$AAn?$AAs?$AAu?$AAp?$AAp?$AAo?$AAr?$AAt?$AAe?$AAd?$AA?5?$AAC?$AAo?$AAd?$AAe?$AA?5?$AA0@ 00015268     oal_ioctl:ioctl.obj
 0001:000042e8       ??_C@_1GA@KJDOLNLD@?$AA?$CL?$AAO?$AAE?$AAM?$AAI?$AAo?$AAC?$AAo?$AAn?$AAt?$AAr?$AAo?$AAl?$AA?$CI?$AA0?$AAx?$AA?$CF?$AAx?$AA?0?$AA?5?$AA0?$AAx?$AA?$CF?$AAx?$AA?0?$AA?5?$AA?$CF?$AAd?$AA?0?$AA?5?$AA0?$AAx@ 000152e8     oal_ioctl:ioctl.obj
 0001:00004348       ??_C@_1DE@DAHNLBLJ@?$AA?9?$AAO?$AAA?$AAL?$AAP?$AAA?$AAt?$AAo?$AAV?$AAA?$AA?$CI?$AAv?$AAa?$AA?5?$AA?$DN?$AA?5?$AA0?$AAx?$AA?$CF?$AA0?$AA8?$AAx?$AA?$CJ?$AA?$AN?$AA?6?$AA?$AA@ 00015348     oal_memory_arm:memory.obj
 0001:0000437c       ??_C@_1CO@JEIJEAKF@?$AA?$CL?$AAO?$AAA?$AAL?$AAP?$AAA?$AAt?$AAo?$AAV?$AAA?$AA?$CI?$AA0?$AAx?$AA?$CF?$AAx?$AA?0?$AA?5?$AA?$CF?$AAd?$AA?$CJ?$AA?$AN?$AA?6?$AA?$AA@ 0001537c     oal_memory_arm:memory.obj
 0001:000043ac       ??_C@_1DA@BBOHBBNH@?$AA?9?$AAO?$AAA?$AAL?$AAV?$AAA?$AAt?$AAo?$AAP?$AAA?$AA?$CI?$AAp?$AAa?$AA?5?$AA?$DN?$AA?5?$AA0?$AAx?$AA?$CF?$AAx?$AA?$CJ?$AA?$AN?$AA?6?$AA?$AA@ 000153ac     oal_memory_arm:memory.obj
 0001:000043dc       ??_C@_1CK@LKNIEAFP@?$AA?$CL?$AAO?$AAA?$AAL?$AAV?$AAA?$AAt?$AAo?$AAP?$AAA?$AA?$CI?$AA0?$AAx?$AA?$CF?$AA0?$AA8?$AAx?$AA?$CJ?$AA?$AN?$AA?6?$AA?$AA@ 000153dc     oal_memory_arm:memory.obj
 0001:00004408       pTOC                       00015408     nkldr:ldrcmn.obj
 0001:0000440c       RomExt                     0001540c     nkldr:ldrcmn.obj
 0001:00004438       ??_C@_0L@CPPPICDM@kernel?4dll?$AA@ 00015438     nkldr:ldrcmn.obj
 0001:000044d8       ??_C@_1EA@CJMKJJJH@?$AAO?$AAA?$AAL?$AAL?$AAo?$AAc?$AAa?$AAl?$AAA?$AAl?$AAl?$AAo?$AAc?$AA?5?$AAr?$AAe?$AAt?$AAu?$AAr?$AAn?$AAe?$AAd?$AA?5?$AAN?$AAU?$AAL?$AAL?$AA?5?$AA?$CB?$AA?$AN?$AA?6?$AA?$AA@ 000154d8     common_ti_oal_alloc:alloc.obj
 0001:000045a8       ??_C@_1EA@BFGMCCBB@?$AA?$AN?$AA?6?$AA?5?$AAO?$AAA?$AAL?$AAT?$AAi?$AAm?$AAe?$AAr?$AAG?$AAe?$AAt?$AAR?$AAe?$AAg?$AA?3?$AA?5?$AAw?$AAa?$AAi?$AAt?$AA?5?$AAt?$AAi?$AAm?$AAe?$AAo?$AAu?$AAt?$AA?$AA@ 000155a8     common_ti_gpt_systimer:timer.obj
 0001:000045e8       ??_C@_1EA@OPCPFCAE@?$AA?$AN?$AA?6?$AA?5?$AAO?$AAA?$AAL?$AAT?$AAi?$AAm?$AAe?$AAr?$AAS?$AAe?$AAt?$AAR?$AAe?$AAg?$AA?3?$AA?5?$AAw?$AAa?$AAi?$AAt?$AA?5?$AAt?$AAi?$AAm?$AAe?$AAo?$AAu?$AAt?$AA?$AA@ 000155e8     common_ti_gpt_systimer:timer.obj
 0001:00004628       ??_C@_1DC@BNLGCJKD@?$AA?9?$AAO?$AAA?$AAL?$AAT?$AAi?$AAm?$AAe?$AAr?$AAI?$AAn?$AAi?$AAt?$AA?$CI?$AAr?$AAc?$AA?5?$AA?$DN?$AA?5?$AA?$CF?$AAd?$AA?$CJ?$AA?$AN?$AA?6?$AA?$AA@ 00015628     common_ti_gpt_systimer:timer.obj
 0001:00004660       ??_C@_1HM@CJGLDOPJ@?$AAE?$AAR?$AAR?$AAO?$AAR?$AA?3?$AA?5?$AAO?$AAA?$AAL?$AAT?$AAi?$AAm?$AAe?$AAr?$AAI?$AAn?$AAi?$AAt?$AA?3?$AA?5?$AAI?$AAn?$AAt?$AAe?$AAr?$AAr?$AAu?$AAp?$AAt?$AA?5?$AAe@ 00015660     common_ti_gpt_systimer:timer.obj
 0001:000046dc       ??_C@_1DI@BBHLNDEO@?$AA?$CL?$AAO?$AAA?$AAL?$AAT?$AAi?$AAm?$AAe?$AAr?$AAI?$AAn?$AAi?$AAt?$AA?$CI?$AA?$CF?$AAd?$AA?0?$AA?5?$AA?$CF?$AAd?$AA?0?$AA?5?$AA?$CF?$AAd?$AA?$CJ?$AA?$AN?$AA?6?$AA?$AA@ 000156dc     common_ti_gpt_systimer:timer.obj
 0001:000047a8       ??_C@_1DC@FFGFMCFN@?$AA?$CK?$AA?$CK?$AA?$CK?$AA?$CK?$AAP?$AAr?$AAo?$AAf?$AAi?$AAl?$AAe?$AAr?$AA?5?$AAB?$AAu?$AAi?$AAl?$AAd?$AA?$CK?$AA?$CK?$AA?$CK?$AA?$CK?$AA?$AN?$AA?6?$AA?$AA@ 000157a8     common_ti_gpt_profiler:profiler.obj
 0001:000047e0       ??_C@_1FI@JOODGIBI@?$AA?9?$AA?9?$AA?9?$AAH?$AAi?$AAg?$AAh?$AA?5?$AAP?$AAe?$AAr?$AAf?$AAo?$AAr?$AAm?$AAa?$AAn?$AAc?$AAe?$AA?5?$AAF?$AAr?$AAe?$AAq?$AAu?$AAe?$AAn?$AAc?$AAy?$AA?5?$AAi?$AAs@ 000157e0     common_ti_gpt_profiler:profiler.obj
 0001:000049e8       ??_C@_1DO@NDIEKHNP@?$AA?9?$AAO?$AAA?$AAL?$AAI?$AAn?$AAt?$AAr?$AAR?$AAe?$AAq?$AAu?$AAe?$AAs?$AAt?$AAI?$AAr?$AAq?$AAs?$AA?$CI?$AAr?$AAc?$AA?5?$AA?$DN?$AA?5?$AA?$CF?$AAd?$AA?$CJ?$AA?$AN?$AA?6?$AA?$AA@ 000159e8     common_ti_intr:intr.obj
 0001:00004a28       ??_C@_1HO@EBPJKEJJ@?$AA?$CL?$AAO?$AAA?$AAL?$AAI?$AAn?$AAt?$AAr?$AAR?$AAe?$AAq?$AAu?$AAe?$AAs?$AAt?$AAI?$AAr?$AAq?$AAs?$AA?$CI?$AA0?$AAx?$AA?$CF?$AA0?$AA8?$AAx?$AA?9?$AA?$DO?$AA?$CF?$AAd?$AA?1?$AA?$CF@ 00015a28     common_ti_intr:intr.obj
 0001:00004aa8       ??_C@_1DM@INNHDHDJ@?$AA?9?$AAO?$AAA?$AAL?$AAI?$AAn?$AAt?$AAr?$AAE?$AAn?$AAa?$AAb?$AAl?$AAe?$AAI?$AAr?$AAq?$AAs?$AA?$CI?$AAr?$AAc?$AA?5?$AA?$DN?$AA?5?$AA?$CF?$AAd?$AA?$CJ?$AA?$AN?$AA?6?$AA?$AA@ 00015aa8     common_ti_intr:intr.obj
 0001:00004ae8       ??_C@_1EA@MEDKAPAI@?$AA?$CL?$AAO?$AAA?$AAL?$AAn?$AAt?$AAr?$AAE?$AAn?$AAa?$AAb?$AAl?$AAe?$AAI?$AAr?$AAq?$AAs?$AA?$CI?$AA?$CF?$AAd?$AA?0?$AA?5?$AA0?$AAx?$AA?$CF?$AA0?$AA8?$AAx?$AA?$CJ?$AA?$AN?$AA?6?$AA?$AA@ 00015ae8     common_ti_intr:intr.obj
 0001:00004b28       ??_C@_1CM@GPENGBBP@?$AA?9?$AAO?$AAA?$AAL?$AAI?$AAn?$AAt?$AAr?$AAD?$AAi?$AAs?$AAa?$AAb?$AAl?$AAe?$AAI?$AAr?$AAq?$AAs?$AA?$AN?$AA?6?$AA?$AA@ 00015b28     common_ti_intr:intr.obj
 0001:00004b58       ??_C@_1EE@NIPMEMC@?$AA?$CL?$AAO?$AAA?$AAL?$AAI?$AAn?$AAt?$AAr?$AAD?$AAi?$AAs?$AAa?$AAb?$AAl?$AAe?$AAI?$AAr?$AAq?$AAs?$AA?$CI?$AA?$CF?$AAd?$AA?0?$AA?5?$AA0?$AAx?$AA?$CF?$AA0?$AA8?$AAx?$AA?$CJ?$AA?$AN@ 00015b58     common_ti_intr:intr.obj
 0001:00004b9c       ??_C@_1CG@LBOJEJPE@?$AA?9?$AAO?$AAA?$AAL?$AAI?$AAn?$AAt?$AAr?$AAD?$AAo?$AAn?$AAe?$AAI?$AAr?$AAq?$AAs?$AA?$AN?$AA?6?$AA?$AA@ 00015b9c     common_ti_intr:intr.obj
 0001:00004bc4       ??_C@_1DO@FCJPHKGC@?$AA?$CL?$AAO?$AAA?$AAL?$AAI?$AAn?$AAt?$AAr?$AAD?$AAo?$AAn?$AAe?$AAI?$AAr?$AAq?$AAs?$AA?$CI?$AA?$CF?$AAd?$AA?0?$AA?5?$AA0?$AAx?$AA?$CF?$AA0?$AA8?$AAx?$AA?$CJ?$AA?$AN?$AA?6?$AA?$AA@ 00015bc4     common_ti_intr:intr.obj
 0001:00004c04       ??_C@_1DM@NLILHIEP@?$AAO?$AAE?$AAM?$AAI?$AAn?$AAt?$AAe?$AAr?$AAr?$AAu?$AAp?$AAt?$AAH?$AAa?$AAn?$AAd?$AAl?$AAe?$AAr?$AA?$CI?$AAI?$AAr?$AAq?$AA?5?$AA?$CF?$AAd?$AA?$CJ?$AA?$AN?$AA?6?$AA?$AA@ 00015c04     common_ti_intr:intr.obj
 0001:00004c40       ??_C@_1DK@JEFKKIKI@?$AA?9?$AAO?$AAA?$AAL?$AAI?$AAn?$AAt?$AAe?$AAr?$AAr?$AAu?$AAp?$AAt?$AAI?$AAn?$AAi?$AAt?$AA?$CI?$AAr?$AAc?$AA?5?$AA?$DN?$AA?5?$AA?$CF?$AAd?$AA?$CJ?$AA?$AN?$AA?6?$AA?$AA@ 00015c40     common_ti_intr:intr.obj
 0001:00004c80       ??_C@_1KE@IBNEHINB@?$AAC?$AA?3?$AA?2?$AAW?$AAI?$AAN?$AAC?$AAE?$AA6?$AA0?$AA0?$AA?2?$AAP?$AAL?$AAA?$AAT?$AAF?$AAO?$AAR?$AAM?$AA?2?$AAC?$AAO?$AAM?$AAM?$AAO?$AAN?$AA?2?$AAS?$AAR?$AAC?$AA?2@ 00015c80     common_ti_intr:intr.obj
 0001:00004d24       ??_C@_1CI@OHCJFJPM@?$AAE?$AAR?$AAR?$AAO?$AAR?$AA?3?$AA?5?$AA?$CF?$AAs?$AA?5?$AAl?$AAi?$AAn?$AAe?$AA?5?$AA?$CF?$AAd?$AA?3?$AA?5?$AA?$AA@ 00015d24     common_ti_intr:intr.obj
 0001:00004d50       ??_C@_1GE@GDDCDNKG@?$AAu?$AAn?$AAa?$AAb?$AAl?$AAe?$AA?5?$AAt?$AAo?$AA?5?$AAa?$AAl?$AAl?$AAo?$AAc?$AAa?$AAt?$AAe?$AA?5?$AAi?$AAn?$AAt?$AAe?$AAr?$AAr?$AAu?$AAp?$AAt?$AA?5?$AAf?$AAo?$AAr@ 00015d50     common_ti_intr:intr.obj
 0001:00004db4       ??_C@_1CI@LJHDCJDG@?$AA?$CL?$AAO?$AAA?$AAL?$AAI?$AAn?$AAt?$AAe?$AAr?$AAr?$AAu?$AAp?$AAt?$AAI?$AAn?$AAi?$AAt?$AA?$AN?$AA?6?$AA?$AA@ 00015db4     common_ti_intr:intr.obj
 0001:00004e70       ??_C@_1CO@DBMFJBPK@?$AA?9?$AAO?$AAE?$AAM?$AAI?$AAn?$AAt?$AAe?$AAr?$AAr?$AAu?$AAp?$AAt?$AAM?$AAa?$AAp?$AAI?$AAn?$AAi?$AAt?$AA?$AN?$AA?6?$AA?$AA@ 00015e70     common_ti_intr:map.obj
 0001:00004ea0       ??_C@_1CO@OKABMONB@?$AA?$CL?$AAO?$AAE?$AAM?$AAI?$AAn?$AAt?$AAe?$AAr?$AAr?$AAu?$AAp?$AAt?$AAM?$AAa?$AAp?$AAI?$AAn?$AAi?$AAt?$AA?$AN?$AA?6?$AA?$AA@ 00015ea0     common_ti_intr:map.obj
 0001:00004ed0       ??_C@_1DE@CBLJKBBB@?$AA?9?$AAO?$AAA?$AAL?$AAI?$AAn?$AAt?$AAr?$AAS?$AAt?$AAa?$AAt?$AAi?$AAc?$AAT?$AAr?$AAa?$AAn?$AAs?$AAl?$AAa?$AAt?$AAe?$AA?$AN?$AA?6?$AA?$AA@ 00015ed0     common_ti_intr:map.obj
 0001:00004f08       ??_C@_1EE@DPKCCBO@?$AA?$CL?$AAO?$AAA?$AAL?$AAI?$AAn?$AAt?$AAr?$AAS?$AAt?$AAa?$AAt?$AAi?$AAc?$AAT?$AAr?$AAa?$AAn?$AAs?$AAl?$AAa?$AAt?$AAe?$AA?$CI?$AA?$CF?$AAd?$AA?0?$AA?5?$AA?$CF?$AAd?$AA?$CJ?$AA?$AN@ 00015f08     common_ti_intr:map.obj
 0001:00004f50       ??_C@_1EA@JDMBMDEN@?$AA?9?$AAO?$AAA?$AAL?$AAT?$AAr?$AAa?$AAn?$AAs?$AAl?$AAa?$AAt?$AAe?$AAS?$AAy?$AAs?$AAI?$AAn?$AAt?$AAr?$AA?$CI?$AAr?$AAc?$AA?5?$AA?$DN?$AA?5?$AA?$CF?$AAd?$AA?$CJ?$AA?$AN?$AA?6?$AA?$AA@ 00015f50     common_ti_intr:map.obj
 0001:00004f90       ??_C@_1DG@HAMHNOBJ@?$AA?$CL?$AAO?$AAA?$AAL?$AAT?$AAr?$AAa?$AAn?$AAs?$AAl?$AAa?$AAt?$AAe?$AAS?$AAy?$AAs?$AAI?$AAn?$AAt?$AAr?$AA?$CI?$AA?$CF?$AAd?$AA?$CJ?$AA?$AN?$AA?6?$AA?$AA@ 00015f90     common_ti_intr:map.obj
 0001:00004fc8       ??_C@_1EK@JOJPHPGP@?$AA?9?$AAO?$AAA?$AAL?$AAI?$AAn?$AAt?$AAr?$AAT?$AAr?$AAa?$AAn?$AAs?$AAl?$AAa?$AAt?$AAe?$AAI?$AAr?$AAq?$AA?$CI?$AAs?$AAy?$AAs?$AAI?$AAn?$AAt?$AAr?$AA?5?$AA?$DN?$AA?5?$AA?$CF@ 00015fc8     common_ti_intr:map.obj
 0001:00005014       ??_C@_1DG@IAFKCJEB@?$AA?$CL?$AAO?$AAA?$AAL?$AAI?$AAn?$AAt?$AAr?$AAT?$AAr?$AAa?$AAn?$AAs?$AAl?$AAa?$AAt?$AAe?$AAI?$AAr?$AAq?$AA?$CI?$AA?$CF?$AAd?$AA?$CJ?$AA?$AN?$AA?6?$AA?$AA@ 00016014     common_ti_intr:map.obj
 0001:00005050       ??_C@_1EO@CCPDBEFN@?$AA?9?$AAO?$AAA?$AAL?$AAI?$AAn?$AAt?$AAr?$AAR?$AAe?$AAq?$AAu?$AAe?$AAs?$AAt?$AAS?$AAy?$AAs?$AAI?$AAn?$AAt?$AAr?$AA?$CI?$AAs?$AAy?$AAs?$AAI?$AAn?$AAt?$AAr?$AA?5?$AA?$DN@ 00016050     common_ti_intr:map.obj
 0001:000050a0       ??_C@_1HG@GANLJKGD@?$AAE?$AAR?$AAR?$AAO?$AAR?$AA?3?$AA?5?$AAO?$AAA?$AAL?$AAI?$AAn?$AAt?$AAr?$AAR?$AAe?$AAq?$AAu?$AAe?$AAs?$AAt?$AAS?$AAy?$AAs?$AAI?$AAn?$AAt?$AAr?$AA?3?$AA?5?$AAN?$AAo@ 000160a0     common_ti_intr:map.obj
 0001:00005118       ??_C@_1JG@CKDDKDGB@?$AAE?$AAR?$AAR?$AAO?$AAR?$AA?3?$AA?5?$AAO?$AAA?$AAL?$AAI?$AAn?$AAt?$AAr?$AAR?$AAe?$AAq?$AAu?$AAe?$AAs?$AAt?$AAS?$AAy?$AAs?$AAI?$AAn?$AAt?$AAr?$AA?3?$AA?5?$AAS?$AAt@ 00016118     common_ti_intr:map.obj
 0001:000051b0       ??_C@_1GI@NODFOAGP@?$AAE?$AAR?$AAR?$AAO?$AAR?$AA?3?$AA?5?$AAO?$AAA?$AAL?$AAI?$AAn?$AAt?$AAr?$AAR?$AAe?$AAq?$AAu?$AAe?$AAs?$AAt?$AAS?$AAy?$AAs?$AAI?$AAn?$AAt?$AAr?$AA?3?$AA?5?$AAI?$AAR@ 000161b0     common_ti_intr:map.obj
 0001:00005218       ??_C@_1IM@ENJFJBNJ@?$AAE?$AAR?$AAR?$AAO?$AAR?$AA?3?$AA?5?$AAO?$AAA?$AAL?$AAI?$AAn?$AAt?$AAr?$AAR?$AAe?$AAq?$AAu?$AAe?$AAs?$AAt?$AAS?$AAy?$AAs?$AAI?$AAn?$AAt?$AAr?$AA?3?$AA?5?$AAO?$AAn@ 00016218     common_ti_intr:map.obj
 0001:000052a8       ??_C@_1FK@JNHCPMAP@?$AA?$CL?$AAO?$AAA?$AAL?$AAI?$AAn?$AAt?$AAr?$AAR?$AAe?$AAq?$AAu?$AAe?$AAs?$AAt?$AAS?$AAy?$AAs?$AAI?$AAn?$AAt?$AAr?$AA?$CI?$AA?$CF?$AAd?$AA?0?$AA?5?$AA0?$AAx?$AA?$CF?$AA0?$AA8@ 000162a8     common_ti_intr:map.obj
 0001:00005308       ??_C@_1EE@GBADJBKJ@?$AA?9?$AAO?$AAA?$AAL?$AAI?$AAn?$AAt?$AAr?$AAR?$AAe?$AAl?$AAe?$AAa?$AAs?$AAe?$AAS?$AAy?$AAs?$AAI?$AAn?$AAt?$AAr?$AA?$CI?$AAr?$AAc?$AA?5?$AA?$DN?$AA?5?$AA?$CF?$AAd?$AA?$CJ?$AA?$AN@ 00016308     common_ti_intr:map.obj
 0001:00005350       ??_C@_1HC@BIEMDHNG@?$AAE?$AAR?$AAR?$AAO?$AAR?$AA?3?$AA?5?$AAO?$AAA?$AAL?$AAI?$AAn?$AAt?$AAr?$AAR?$AAe?$AAl?$AAe?$AAa?$AAs?$AAe?$AAS?$AAy?$AAs?$AAI?$AAn?$AAt?$AAr?$AA?3?$AA?5?$AAI?$AAn@ 00016350     common_ti_intr:map.obj
 0001:000053c4       ??_C@_1DK@GDEEGDPM@?$AA?$CL?$AAO?$AAA?$AAL?$AAI?$AAn?$AAt?$AAr?$AAR?$AAe?$AAl?$AAe?$AAa?$AAs?$AAe?$AAS?$AAy?$AAs?$AAI?$AAn?$AAt?$AAr?$AA?$CI?$AA?$CF?$AAd?$AA?$CJ?$AA?$AN?$AA?6?$AA?$AA@ 000163c4     common_ti_intr:map.obj
 0001:00005490       ??_C@_1DM@KHBFOEPK@?$AA?9?$AAO?$AAE?$AAM?$AAI?$AAn?$AAt?$AAe?$AAr?$AAr?$AAu?$AAp?$AAt?$AAE?$AAn?$AAa?$AAb?$AAl?$AAe?$AA?$CI?$AAr?$AAc?$AA?5?$AA?$DN?$AA?5?$AA1?$AA?$CJ?$AA?$AN?$AA?6?$AA?$AA@ 00016490     common_ti_intr:oem.obj
 0001:000054d0       ??_C@_1HO@IIIKCIAC@?$AAE?$AAR?$AAR?$AAO?$AAR?$AA?3?$AA?5?$AAO?$AAE?$AAM?$AAI?$AAn?$AAt?$AAe?$AAr?$AAr?$AAu?$AAp?$AAt?$AAE?$AAn?$AAa?$AAb?$AAl?$AAe?$AA?3?$AA?5?$AAI?$AAR?$AAQ?$AAs?$AA?5@ 000164d0     common_ti_intr:oem.obj
 0001:00005550       ??_C@_1EI@HHGIJMMI@?$AA?$CL?$AAO?$AAE?$AAM?$AAI?$AAn?$AAt?$AAe?$AAr?$AAr?$AAu?$AAp?$AAt?$AAE?$AAn?$AAa?$AAb?$AAl?$AAe?$AA?$CI?$AA?$CF?$AAd?$AA?0?$AA?5?$AA0?$AAx?$AA?$CF?$AAx?$AA?0?$AA?5?$AA?$CF?$AAd@ 00016550     common_ti_intr:oem.obj
 0001:00005598       ??_C@_1CO@FKOPLHGO@?$AA?9?$AAO?$AAE?$AAM?$AAI?$AAn?$AAt?$AAe?$AAr?$AAr?$AAu?$AAp?$AAt?$AAD?$AAi?$AAs?$AAa?$AAb?$AAl?$AAe?$AA?$AN?$AA?6?$AA?$AA@ 00016598     common_ti_intr:oem.obj
 0001:000055c8       ??_C@_1DG@HOKLDENP@?$AA?$CL?$AAO?$AAE?$AAM?$AAI?$AAn?$AAt?$AAe?$AAr?$AAr?$AAu?$AAp?$AAt?$AAD?$AAi?$AAs?$AAa?$AAb?$AAl?$AAe?$AA?$CI?$AA?$CF?$AAd?$AA?$CJ?$AA?$AN?$AA?6?$AA?$AA@ 000165c8     common_ti_intr:oem.obj
 0001:00005600       ??_C@_1CI@OPHGDEL@?$AA?9?$AAO?$AAE?$AAM?$AAI?$AAn?$AAt?$AAe?$AAr?$AAr?$AAu?$AAp?$AAt?$AAM?$AAa?$AAs?$AAk?$AA?$AN?$AA?6?$AA?$AA@ 00016600     common_ti_intr:oem.obj
 0001:00005628       ??_C@_1DI@MFEEGIMP@?$AA?$CL?$AAO?$AAE?$AAM?$AAI?$AAn?$AAt?$AAe?$AAr?$AAr?$AAu?$AAp?$AAt?$AAM?$AAa?$AAs?$AAk?$AA?$CI?$AA?$CF?$AAd?$AA?0?$AA?5?$AA?$CF?$AAd?$AA?$CJ?$AA?$AN?$AA?6?$AA?$AA@ 00016628     common_ti_intr:oem.obj
 0001:00005660       ??_C@_1CI@IOEKFHHP@?$AA?9?$AAO?$AAE?$AAM?$AAI?$AAn?$AAt?$AAe?$AAr?$AAr?$AAu?$AAp?$AAt?$AAD?$AAo?$AAn?$AAe?$AA?$AN?$AA?6?$AA?$AA@ 00016660     common_ti_intr:oem.obj
 0001:00005688       ??_C@_1DA@HAMHGFMF@?$AA?$CL?$AAO?$AAE?$AAM?$AAI?$AAn?$AAt?$AAe?$AAr?$AAr?$AAu?$AAp?$AAt?$AAD?$AAo?$AAn?$AAe?$AA?$CI?$AA?$CF?$AAd?$AA?$CJ?$AA?$AN?$AA?6?$AA?$AA@ 00016688     common_ti_intr:oem.obj
 0001:000057d8       ??_C@_1CO@DGGDEGNL@?$AA?9?$AAO?$AAA?$AAL?$AAC?$AAa?$AAc?$AAh?$AAe?$AAG?$AAl?$AAo?$AAb?$AAa?$AAl?$AAs?$AAI?$AAn?$AAi?$AAt?$AA?$AN?$AA?6?$AA?$AA@ 000167d8     common_ti_cortexA8_cache:init.obj
 0001:00005808       ??_C@_1PO@EIKPNFFJ@?$AAL?$AA2?$AA?5?$AAc?$AAa?$AAc?$AAh?$AAe?$AA?5?$AAd?$AAe?$AAt?$AAa?$AAi?$AAl?$AAs?$AA?3?$AA?$AN?$AA?6?$AA?5?$AAf?$AAl?$AAa?$AAg?$AAs?$AA?5?$AA?$CF?$AAx?$AA?$AN?$AA?6?$AAI?$AA?3@ 00016808     common_ti_cortexA8_cache:init.obj
 0001:00005908       ??_C@_1PO@EMKFNNPM@?$AAL?$AA1?$AA?5?$AAc?$AAa?$AAc?$AAh?$AAe?$AA?5?$AAd?$AAe?$AAt?$AAa?$AAi?$AAl?$AAs?$AA?3?$AA?$AN?$AA?6?$AA?5?$AAf?$AAl?$AAa?$AAg?$AAs?$AA?5?$AA?$CF?$AAx?$AA?$AN?$AA?6?$AAI?$AA?3@ 00016908     common_ti_cortexA8_cache:init.obj
 0001:00005a08       ??_C@_1EK@IAJMFJBI@?$AAC?$AAa?$AAc?$AAh?$AAe?$AAT?$AAy?$AAp?$AAe?$AA?5?$AA?$DN?$AA?5?$AA?$CF?$AAx?$AA?5?$AA?5?$AA?5?$AAC?$AAa?$AAc?$AAh?$AAe?$AAL?$AAe?$AAv?$AAe?$AAl?$AAI?$AAD?$AA?5?$AA?$DN?$AA?5@ 00016a08     common_ti_cortexA8_cache:init.obj
 0001:00005a54       ??_C@_1DC@KHMCGECI@?$AA?$CL?$AAO?$AAA?$AAL?$AAC?$AAa?$AAc?$AAh?$AAe?$AAG?$AAl?$AAo?$AAb?$AAa?$AAl?$AAs?$AAI?$AAn?$AAi?$AAt?$AA?$CI?$AA?$CJ?$AA?$AN?$AA?6?$AA?$AA@ 00016a54     common_ti_cortexA8_cache:init.obj
 0001:00005b18       ??_C@_1DE@IMMEIMED@?$AA?9?$AAO?$AAA?$AAL?$AAS?$AAe?$AAt?$AAM?$AAe?$AAm?$AAo?$AAr?$AAy?$AAA?$AAt?$AAt?$AAr?$AAi?$AAb?$AAu?$AAt?$AAe?$AAs?$AA?$AN?$AA?6?$AA?$AA@ 00016b18     common_ti_cortexA8_cache:attrib.obj
 0001:00005b4c       ??_C@_1DI@GKMGPOBP@?$AA?$CL?$AAO?$AAA?$AAL?$AAS?$AAe?$AAt?$AAM?$AAe?$AAm?$AAo?$AAr?$AAy?$AAA?$AAt?$AAt?$AAr?$AAi?$AAb?$AAu?$AAt?$AAe?$AAs?$AA?$CI?$AA?$CJ?$AA?$AN?$AA?6?$AA?$AA@ 00016b4c     common_ti_cortexA8_cache:attrib.obj
 0001:00005c18       ??_C@_1EI@PJAHKOP@?$AA?9?$AAO?$AAA?$AAL?$AAI?$AAo?$AAc?$AAt?$AAl?$AAH?$AAa?$AAl?$AAG?$AAe?$AAt?$AAC?$AAa?$AAc?$AAh?$AAe?$AAI?$AAn?$AAf?$AAo?$AA?$CI?$AAr?$AAc?$AA?5?$AA?$DN?$AA?5?$AA?$CF?$AAd@ 00016c18     common_ti_cortexA8_cache:ioctl.obj
 0001:00005c60       ??_C@_1GE@MBKHJMBD@?$AAW?$AAA?$AAR?$AAN?$AA?3?$AA?5?$AAO?$AAA?$AAL?$AAI?$AAo?$AAc?$AAt?$AAl?$AAH?$AAa?$AAl?$AAG?$AAe?$AAt?$AAC?$AAa?$AAc?$AAh?$AAe?$AAI?$AAn?$AAf?$AAo?$AA?3?$AA?5?$AAB@ 00016c60     common_ti_cortexA8_cache:ioctl.obj
 0001:00005cc8       ??_C@_1HM@KKNPJOOC@?$AAW?$AAA?$AAR?$AAN?$AA?3?$AA?5?$AAO?$AAA?$AAL?$AAI?$AAo?$AAc?$AAt?$AAl?$AAH?$AAa?$AAl?$AAG?$AAe?$AAt?$AAC?$AAa?$AAc?$AAh?$AAe?$AAI?$AAn?$AAf?$AAo?$AA?3?$AA?5?$AAI@ 00016cc8     common_ti_cortexA8_cache:ioctl.obj
 0001:00005d48       ??_C@_1EA@GDPMLOAC@?$AA?$CL?$AAO?$AAA?$AAL?$AAI?$AAo?$AAc?$AAt?$AAl?$AAH?$AAa?$AAl?$AAG?$AAe?$AAt?$AAC?$AAa?$AAc?$AAh?$AAe?$AAI?$AAn?$AAf?$AAo?$AA?$CI?$AA?4?$AA?4?$AA?4?$AA?$CJ?$AA?$AN?$AA?6?$AA?$AA@ 00016d48     common_ti_cortexA8_cache:ioctl.obj
 0001:00005e18       ??_C@_1CM@BMDDLKDO@?$AA?9?$AAO?$AAE?$AAM?$AAC?$AAa?$AAc?$AAh?$AAe?$AAR?$AAa?$AAn?$AAg?$AAe?$AAF?$AAl?$AAu?$AAs?$AAh?$AA?$AN?$AA?6?$AA?$AA@ 00016e18     common_ti_cortexA8_cache:flush.obj
 0001:00005e48       ??_C@_1FE@FFFKHHBK@?$AA?$CL?$AAO?$AAE?$AAM?$AAC?$AAa?$AAc?$AAh?$AAe?$AAR?$AAa?$AAn?$AAg?$AAe?$AAF?$AAl?$AAu?$AAs?$AAh?$AA?$CI?$AA0?$AAx?$AA?$CF?$AA0?$AA8?$AAx?$AA?0?$AA?5?$AA?$CF?$AAd?$AA?0?$AA?5@ 00016e48     common_ti_cortexA8_cache:flush.obj
 0001:00005f38       ??_C@_1KM@EEHAFCCJ@?$AAC?$AA?3?$AA?2?$AAW?$AAI?$AAN?$AAC?$AAE?$AA6?$AA0?$AA0?$AA?2?$AAP?$AAL?$AAA?$AAT?$AAF?$AAO?$AAR?$AAM?$AA?2?$AAC?$AAO?$AAM?$AAM?$AAO?$AAN?$AA?2?$AAS?$AAR?$AAC?$AA?2@ 00016f38     common_ti_oali2c:oali2c.obj
 0001:00005fe4       ??_C@_1CC@EHKJMBJI@?$AAD?$AAe?$AAv?$AAi?$AAc?$AAe?$AA?5?$AAn?$AAo?$AAt?$AA?5?$AAf?$AAo?$AAu?$AAn?$AAd?$AA?$AA@ 00016fe4     common_ti_oali2c:oali2c.obj
 0001:00006008       ??_C@_1KA@GOKKFLEJ@?$AAW?$AAA?$AAR?$AAN?$AA?3?$AA?5?$AAI?$AA2?$AAC?$AA?3?$AA?3?$AAI?$AA2?$AAC?$AAP?$AAo?$AAl?$AAl?$AAS?$AAt?$AAa?$AAt?$AAu?$AAs?$AA?5?$AA?9?$AA?5?$AAc?$AAh?$AAe?$AAc?$AAk@ 00017008     common_ti_oali2c:oali2c.obj
 0001:000060a8       ??_C@_1GK@FLELOHLG@?$AAW?$AAA?$AAR?$AAN?$AA?3?$AA?5?$AAI?$AA2?$AAC?$AA?3?$AA?3?$AAI?$AA2?$AAC?$AAR?$AAe?$AAs?$AAe?$AAt?$AAD?$AAe?$AAv?$AAi?$AAc?$AAe?$AA?5?$AA?9?$AA?5?$AAf?$AAa?$AAi?$AAl@ 000170a8     common_ti_oali2c:oali2c.obj
 0001:00006118       ??_C@_1GO@NCGHHJFM@?$AAW?$AAA?$AAR?$AAN?$AA?3?$AA?5?$AAI?$AA2?$AAC?$AA?3?$AA?5?$AAW?$AAr?$AAi?$AAt?$AAe?$AA?5?$AAf?$AAa?$AAi?$AAl?$AAe?$AAd?$AA?5?$AA?$CI?$AAS?$AAA?$AA?$DN?$AA0?$AAx?$AA?$CF?$AA0@ 00017118     common_ti_oali2c:oali2c.obj
 0001:00006188       ??_C@_1CO@EBLPIMOB@?$AAW?$AAr?$AAi?$AAt?$AAe?$AA?3?$AA?5?$AAA?$AAt?$AAt?$AAe?$AAm?$AAp?$AAt?$AAs?$AA?5?$AA?$DN?$AA?5?$AA?$CF?$AAd?$AA?$AN?$AA?6?$AA?$AA@ 00017188     common_ti_oali2c:oali2c.obj
 0001:000061b8       ??_C@_1HM@LEOLDKCA@?$AAW?$AAA?$AAR?$AAN?$AA?3?$AA?5?$AAI?$AA2?$AAC?$AA?3?$AA?5?$AAR?$AAe?$AAa?$AAd?$AA?5?$AAf?$AAa?$AAi?$AAl?$AAe?$AAd?$AA?5?$AA?$CI?$AAs?$AAl?$AAa?$AAv?$AAe?$AA?5?$AAa?$AAd@ 000171b8     common_ti_oali2c:oali2c.obj
 0001:00006234       ??_C@_1CM@HPEFBBEG@?$AAR?$AAe?$AAa?$AAd?$AA?3?$AA?5?$AAA?$AAt?$AAt?$AAe?$AAm?$AAp?$AAt?$AAs?$AA?5?$AA?$DN?$AA?5?$AA?$CF?$AAd?$AA?$AN?$AA?6?$AA?$AA@ 00017234     common_ti_oali2c:oali2c.obj
 0001:00006260       ??_C@_1CO@IKDMELMO@?$AAI?$AA2?$AAC?$AA?3?$AA?5?$AAR?$AAE?$AAS?$AAE?$AAT?$AA?5?$AAd?$AAe?$AAv?$AAi?$AAc?$AAe?$AA?5?$AA?$CF?$AAd?$AA?$AN?$AA?6?$AA?$AA@ 00017260     common_ti_oali2c:oali2c.obj
 0001:000063b0       ??_C@_1LI@PMKLMLGK@?$AAC?$AA?3?$AA?2?$AAW?$AAI?$AAN?$AAC?$AAE?$AA6?$AA0?$AA0?$AA?2?$AAP?$AAL?$AAA?$AAT?$AAF?$AAO?$AAR?$AAM?$AA?2?$AAC?$AAO?$AAM?$AAM?$AAO?$AAN?$AA?2?$AAS?$AAR?$AAC?$AA?2@ 000173b0     common_ti_oalpadcfg:oalpadcfg.obj
 0001:00006468       ??_C@_1FM@HMOJBEID@?$AAP?$AAA?$AAD?$AA?5?$AA?$CF?$AAd?$AA?5?$AAn?$AAo?$AAt?$AA?5?$AAf?$AAo?$AAu?$AAn?$AAd?$AA?5?$AAi?$AAn?$AA?5?$AAp?$AAa?$AAd?$AA?5?$AAc?$AAo?$AAn?$AAf?$AAi?$AAg?$AAu?$AAr@ 00017468     common_ti_oalpadcfg:oalpadcfg.obj
 0001:00006558       ??_C@_1EA@MJDDODLH@?$AA?9?$AAO?$AAA?$AAL?$AAI?$AAo?$AAC?$AAt?$AAl?$AAH?$AAA?$AAL?$AAP?$AAo?$AAs?$AAt?$AAI?$AAn?$AAi?$AAt?$AA?$CI?$AAr?$AAc?$AA?5?$AA?$DN?$AA?5?$AA?$CF?$AAd?$AA?$CJ?$AA?$AN?$AA?6?$AA?$AA@ 00017558     common_ti_ioctl:ioctlex.obj
 0001:00006598       ??_C@_1CO@GIIFGNCE@?$AA?$CL?$AAO?$AAA?$AAL?$AAI?$AAo?$AAC?$AAt?$AAl?$AAH?$AAA?$AAL?$AAP?$AAo?$AAs?$AAt?$AAI?$AAn?$AAi?$AAt?$AA?$AN?$AA?6?$AA?$AA@ 00017598     common_ti_ioctl:ioctlex.obj
 0001:000065c8       ??_C@_1EG@PFJNLOAE@?$AA?9?$AAO?$AAA?$AAL?$AAI?$AAo?$AAC?$AAt?$AAl?$AAH?$AAa?$AAl?$AAI?$AAr?$AAq?$AA2?$AAS?$AAy?$AAs?$AAi?$AAn?$AAt?$AAr?$AA?$CI?$AAr?$AAc?$AA?5?$AA?$DN?$AA?5?$AA?$CF?$AAd?$AA?$CJ@ 000175c8     common_ti_ioctl:ioctlex.obj
 0001:00006610       ??_C@_1GC@IHFCBEA@?$AAW?$AAA?$AAR?$AAN?$AA?3?$AA?5?$AAI?$AAO?$AAC?$AAT?$AAL?$AA_?$AAH?$AAA?$AAL?$AA_?$AAI?$AAR?$AAQ?$AA2?$AAS?$AAY?$AAS?$AAI?$AAN?$AAT?$AAR?$AA?5?$AAi?$AAn?$AAv?$AAa@ 00017610     common_ti_ioctl:ioctlex.obj
 0001:00006674       ??_C@_1DE@MPBNEBBN@?$AA?$CL?$AAO?$AAA?$AAL?$AAI?$AAo?$AAC?$AAt?$AAl?$AAH?$AAa?$AAl?$AAI?$AAr?$AAq?$AA2?$AAS?$AAy?$AAs?$AAi?$AAn?$AAt?$AAr?$AA?$AN?$AA?6?$AA?$AA@ 00017674     common_ti_ioctl:ioctlex.obj
 0001:000066a8       ??_C@_1EA@DEBHKKOP@?$AA?9?$AAO?$AAA?$AAL?$AAI?$AAo?$AAC?$AAt?$AAl?$AAH?$AAa?$AAl?$AAG?$AAe?$AAt?$AAC?$AAp?$AAu?$AAI?$AAD?$AA?$CI?$AAr?$AAc?$AA?5?$AA?$DN?$AA?5?$AA?$CF?$AAd?$AA?$CJ?$AA?$AN?$AA?6?$AA?$AA@ 000176a8     common_ti_ioctl:ioctlex.obj
 0001:000066e8       ??_C@_1FO@BENBDFHF@?$AAW?$AAA?$AAR?$AAN?$AA?3?$AA?5?$AAI?$AAO?$AAC?$AAT?$AAL?$AA_?$AAH?$AAA?$AAL?$AA_?$AAG?$AAE?$AAT?$AA_?$AAC?$AAP?$AAU?$AAI?$AAD?$AA?5?$AAi?$AAn?$AAv?$AAa?$AAl?$AAi@ 000176e8     common_ti_ioctl:ioctlex.obj
 0001:00006748       ??_C@_1CO@NNOIOCIJ@?$AA?$CL?$AAO?$AAA?$AAL?$AAI?$AAo?$AAC?$AAt?$AAl?$AAH?$AAa?$AAl?$AAG?$AAe?$AAt?$AAC?$AAp?$AAu?$AAI?$AAD?$AA?$AN?$AA?6?$AA?$AA@ 00017748     common_ti_ioctl:ioctlex.obj
 0001:00006778       ??_C@_1EA@LEODHOHI@?$AA?9?$AAO?$AAA?$AAL?$AAI?$AAo?$AAC?$AAt?$AAl?$AAH?$AAa?$AAl?$AAG?$AAe?$AAt?$AAD?$AAi?$AAe?$AAI?$AAD?$AA?$CI?$AAr?$AAc?$AA?5?$AA?$DN?$AA?5?$AA?$CF?$AAd?$AA?$CJ?$AA?$AN?$AA?6?$AA?$AA@ 00017778     common_ti_ioctl:ioctlex.obj
 0001:000067b8       ??_C@_1FO@IFLGBEFI@?$AAW?$AAA?$AAR?$AAN?$AA?3?$AA?5?$AAI?$AAO?$AAC?$AAT?$AAL?$AA_?$AAH?$AAA?$AAL?$AA_?$AAG?$AAE?$AAT?$AA_?$AAD?$AAI?$AAE?$AAI?$AAD?$AA?5?$AAi?$AAn?$AAv?$AAa?$AAl?$AAi@ 000177b8     common_ti_ioctl:ioctlex.obj
 0001:00006818       ??_C@_1CO@OEONDECM@?$AA?$CL?$AAO?$AAA?$AAL?$AAI?$AAo?$AAC?$AAt?$AAl?$AAH?$AAa?$AAl?$AAG?$AAe?$AAt?$AAD?$AAi?$AAe?$AAI?$AAD?$AA?$AN?$AA?6?$AA?$AA@ 00017818     common_ti_ioctl:ioctlex.obj
 0001:00006848       ??_C@_1EI@BLNOICKL@?$AA?9?$AAO?$AAA?$AAL?$AAI?$AAo?$AAC?$AAt?$AAl?$AAH?$AAa?$AAl?$AAG?$AAe?$AAt?$AAC?$AAp?$AAu?$AAF?$AAa?$AAm?$AAi?$AAl?$AAy?$AA?$CI?$AAr?$AAc?$AA?5?$AA?$DN?$AA?5?$AA?$CF?$AAd@ 00017848     common_ti_ioctl:ioctlex.obj
 0001:00006890       ??_C@_1GG@PIALBOFK@?$AAW?$AAA?$AAR?$AAN?$AA?3?$AA?5?$AAI?$AAO?$AAC?$AAT?$AAL?$AA_?$AAH?$AAA?$AAL?$AA_?$AAG?$AAE?$AAT?$AA_?$AAC?$AAP?$AAU?$AAF?$AAA?$AAM?$AAI?$AAL?$AAY?$AA?5?$AAi?$AAn@ 00017890     common_ti_ioctl:ioctlex.obj
 0001:000068f8       ??_C@_1DG@LANGKFOF@?$AA?$CL?$AAO?$AAA?$AAL?$AAI?$AAo?$AAC?$AAt?$AAl?$AAH?$AAa?$AAl?$AAG?$AAe?$AAt?$AAC?$AAp?$AAu?$AAF?$AAa?$AAm?$AAi?$AAl?$AAy?$AA?$AN?$AA?6?$AA?$AA@ 000178f8     common_ti_ioctl:ioctlex.obj
 0001:00006930       ??_C@_1EM@IBJMOHCM@?$AA?9?$AAO?$AAA?$AAL?$AAI?$AAo?$AAC?$AAt?$AAl?$AAH?$AAa?$AAl?$AAG?$AAe?$AAt?$AAC?$AAp?$AAu?$AAR?$AAe?$AAv?$AAi?$AAs?$AAi?$AAo?$AAn?$AA?$CI?$AAr?$AAc?$AA?5?$AA?$DN?$AA?5@ 00017930     common_ti_ioctl:ioctlex.obj
 0001:00006980       ??_C@_1GK@POJMJFBK@?$AAW?$AAA?$AAR?$AAN?$AA?3?$AA?5?$AAI?$AAO?$AAC?$AAT?$AAL?$AA_?$AAH?$AAA?$AAL?$AA_?$AAG?$AAE?$AAT?$AA_?$AAC?$AAP?$AAU?$AAR?$AAE?$AAV?$AAI?$AAS?$AAI?$AAO?$AAN?$AA?5@ 00017980     common_ti_ioctl:ioctlex.obj
 0001:000069ec       ??_C@_1DK@CEHAAOCK@?$AA?$CL?$AAO?$AAA?$AAL?$AAI?$AAo?$AAC?$AAt?$AAl?$AAH?$AAa?$AAl?$AAG?$AAe?$AAt?$AAC?$AAp?$AAu?$AAR?$AAe?$AAv?$AAi?$AAs?$AAi?$AAo?$AAn?$AA?$AN?$AA?6?$AA?$AA@ 000179ec     common_ti_ioctl:ioctlex.obj
 0001:00006a28       ??_C@_1GE@NPAKGOIN@?$AAW?$AAA?$AAR?$AAN?$AA?3?$AA?5?$AAI?$AAO?$AAC?$AAT?$AAL?$AA_?$AAH?$AAA?$AAL?$AA_?$AAG?$AAE?$AAT?$AA_?$AAC?$AAP?$AAU?$AAS?$AAP?$AAE?$AAE?$AAD?$AA?5?$AAi?$AAn?$AAv@ 00017a28     common_ti_ioctl:ioctlex.obj
 0001:00006a90       ??_C@_1EM@GCDJKLDG@?$AA?9?$AAO?$AAA?$AAL?$AAI?$AAo?$AAC?$AAt?$AAl?$AAH?$AAa?$AAl?$AAI?$AA2?$AAC?$AAC?$AAo?$AAp?$AAy?$AAF?$AAn?$AAT?$AAa?$AAb?$AAl?$AAe?$AA?$CI?$AAr?$AAc?$AA?5?$AA?$DN?$AA?5@ 00017a90     common_ti_ioctl:ioctlex.obj
 0001:00006adc       ??_C@_1DK@HHILBGF@?$AA?$CL?$AAO?$AAA?$AAL?$AAI?$AAo?$AAC?$AAt?$AAl?$AAH?$AAa?$AAl?$AAI?$AA2?$AAC?$AAC?$AAo?$AAp?$AAy?$AAF?$AAn?$AAT?$AAa?$AAb?$AAl?$AAe?$AA?$AN?$AA?6?$AA?$AA@ 00017adc     common_ti_ioctl:ioctlex.obj
 0001:00006b18       ??_C@_1FC@FCGPKNOO@?$AA?9?$AAO?$AAA?$AAL?$AAI?$AAo?$AAC?$AAt?$AAl?$AAH?$AAa?$AAl?$AAP?$AAa?$AAd?$AAC?$AAf?$AAg?$AAC?$AAo?$AAp?$AAy?$AAF?$AAn?$AAT?$AAa?$AAb?$AAl?$AAe?$AA?$CI?$AAr?$AAc@ 00017b18     common_ti_ioctl:ioctlex.obj
 0001:00006b70       ??_C@_1EA@OGPBEJDC@?$AA?$CL?$AAO?$AAA?$AAL?$AAI?$AAo?$AAC?$AAt?$AAl?$AAH?$AAa?$AAl?$AAP?$AAa?$AAd?$AAC?$AAf?$AAg?$AAC?$AAo?$AAp?$AAy?$AAF?$AAn?$AAT?$AAa?$AAb?$AAl?$AAe?$AA?$AN?$AA?6?$AA?$AA@ 00017b70     common_ti_ioctl:ioctlex.obj
 0001:00006bb0       ??_C@_1EI@KCAEIEE@?$AA?9?$AAO?$AAA?$AAL?$AAI?$AAo?$AAc?$AAt?$AAl?$AAH?$AAa?$AAl?$AAG?$AAe?$AAt?$AAN?$AAe?$AAo?$AAn?$AAS?$AAt?$AAa?$AAt?$AAs?$AA?$CI?$AAr?$AAc?$AA?5?$AA?$DN?$AA?5?$AA?$CF?$AAd@ 00017bb0     common_ti_ioctl:ioctlex.obj
 0001:00006bf8       ??_C@_1M@IKKIHJKB@?$AAc?$AAl?$AAe?$AAa?$AAr?$AA?$AA@ 00017bf8     common_ti_ioctl:ioctlex.obj
 0001:00006c08       ??_C@_1GI@CJLHKHNC@?$AAW?$AAA?$AAR?$AAN?$AA?3?$AA?5?$AAI?$AAO?$AAC?$AAT?$AAL?$AA_?$AAH?$AAA?$AAL?$AA_?$AAG?$AAE?$AAT?$AA_?$AAN?$AAE?$AAO?$AAN?$AA_?$AAS?$AAT?$AAA?$AAT?$AAS?$AA?5?$AAi@ 00017c08     common_ti_ioctl:ioctlex.obj
 0001:00006c70       ??_C@_1DG@KOMHBINP@?$AA?$CL?$AAO?$AAA?$AAL?$AAI?$AAo?$AAc?$AAt?$AAl?$AAH?$AAa?$AAl?$AAG?$AAe?$AAt?$AAN?$AAe?$AAo?$AAn?$AAS?$AAt?$AAa?$AAt?$AAs?$AA?$AN?$AA?6?$AA?$AA@ 00017c70     common_ti_ioctl:ioctlex.obj
 0001:00006ca8       ??_C@_1EE@OFAPOFKI@?$AA?9?$AAO?$AAA?$AAL?$AAI?$AAo?$AAc?$AAt?$AAl?$AAH?$AAa?$AAl?$AAG?$AAe?$AAt?$AAE?$AAc?$AAc?$AAT?$AAy?$AAp?$AAe?$AA?$CI?$AAr?$AAc?$AA?5?$AA?$DN?$AA?5?$AA?$CF?$AAd?$AA?$CJ?$AA?$AN@ 00017ca8     common_ti_ioctl:ioctlex.obj
 0001:00006cf0       ??_C@_1GC@MLINBDIE@?$AAW?$AAA?$AAR?$AAN?$AA?3?$AA?5?$AAO?$AAA?$AAL?$AAI?$AAo?$AAc?$AAt?$AAl?$AAH?$AAa?$AAl?$AAG?$AAe?$AAt?$AAE?$AAc?$AAc?$AAT?$AAy?$AAp?$AAe?$AA?5?$AAi?$AAn?$AAv?$AAa@ 00017cf0     common_ti_ioctl:ioctlex.obj
 0001:00006d54       ??_C@_1DC@JDMHLFOE@?$AA?$CL?$AAO?$AAA?$AAL?$AAI?$AAo?$AAc?$AAt?$AAl?$AAH?$AAa?$AAl?$AAG?$AAe?$AAt?$AAE?$AAc?$AAc?$AAT?$AAy?$AAp?$AAe?$AA?$AN?$AA?6?$AA?$AA@ 00017d54     common_ti_ioctl:ioctlex.obj
 0001:00006d88       ??_C@_1CI@GCCMIBEH@?$AAI?$AAn?$AAv?$AAa?$AAl?$AAi?$AAd?$AA?5?$AAp?$AAa?$AAr?$AAa?$AAm?$AAe?$AAt?$AAe?$AAr?$AA?$AN?$AA?6?$AA?$AA@ 00017d88     common_ti_ioctl:ioctlex.obj
 0001:00006db0       ??_C@_1DK@PIJPCDOD@?$AA?9?$AAI?$AAO?$AAC?$AAT?$AAL?$AA_?$AAH?$AAA?$AAL?$AA_?$AAG?$AAE?$AAT?$AA_?$AAD?$AAI?$AAS?$AAP?$AAL?$AAA?$AAY?$AA_?$AAR?$AAE?$AAS?$AA?$AN?$AA?6?$AA?$AA@ 00017db0     common_ti_ioctl:ioctlex.obj
 0001:00006dec       ??_C@_1DK@JNHMAEMI@?$AA?$CL?$AAI?$AAO?$AAC?$AAT?$AAL?$AA_?$AAH?$AAA?$AAL?$AA_?$AAG?$AAE?$AAT?$AA_?$AAD?$AAI?$AAS?$AAP?$AAL?$AAA?$AAY?$AA_?$AAR?$AAE?$AAS?$AA?$AN?$AA?6?$AA?$AA@ 00017dec     common_ti_ioctl:ioctlex.obj
 0001:00006e28       ??_C@_1DM@MHNEBIFL@?$AA?9?$AAI?$AAO?$AAC?$AAT?$AAL?$AA_?$AAH?$AAA?$AAL?$AA_?$AAC?$AAO?$AAN?$AAV?$AAE?$AAR?$AAT?$AA_?$AAC?$AAA?$AA_?$AAT?$AAO?$AA_?$AAP?$AAA?$AA?$AN?$AA?6?$AA?$AA@ 00017e28     common_ti_ioctl:ioctlex.obj
 0001:00006e64       ??_C@_1DM@BEKODFLK@?$AA?$CL?$AAI?$AAO?$AAC?$AAT?$AAL?$AA_?$AAH?$AAA?$AAL?$AA_?$AAC?$AAO?$AAN?$AAV?$AAE?$AAR?$AAT?$AA_?$AAC?$AAA?$AA_?$AAT?$AAO?$AA_?$AAP?$AAA?$AA?$AN?$AA?6?$AA?$AA@ 00017e64     common_ti_ioctl:ioctlex.obj
 0001:00006f30       ??_C@_1EO@MMBLCMMP@?$AA?9?$AAO?$AAA?$AAL?$AAI?$AAo?$AAC?$AAt?$AAl?$AAH?$AAa?$AAl?$AAG?$AAe?$AAt?$AAR?$AAN?$AAd?$AAi?$AAs?$AAM?$AAa?$AAc?$AAA?$AAd?$AAd?$AAr?$AA?$CI?$AAr?$AAc?$AA?5?$AA?$DN@ 00017f30     common_ti_ioctl:rndismac.obj
 0001:00006f80       ??_C@_1GK@KIBKEAJB@?$AAW?$AAA?$AAR?$AAN?$AA?3?$AA?5?$AAO?$AAA?$AAL?$AAI?$AAo?$AAC?$AAt?$AAl?$AAH?$AAa?$AAl?$AAG?$AAe?$AAt?$AAR?$AAN?$AAd?$AAi?$AAs?$AAM?$AAa?$AAc?$AAA?$AAd?$AAd?$AAr@ 00017f80     common_ti_ioctl:rndismac.obj
 0001:00007080       ??_C@_1HE@MPDJKIGD@?$AAW?$AAA?$AAR?$AAN?$AA?3?$AA?5?$AAO?$AAA?$AAL?$AAI?$AAo?$AAC?$AAt?$AAl?$AAH?$AAa?$AAl?$AAQ?$AAu?$AAe?$AAr?$AAy?$AAF?$AAo?$AAr?$AAm?$AAa?$AAt?$AAP?$AAa?$AAr?$AAt@ 00018080     common_ti_ioctl:format.obj
 0001:000070f8       ??_C@_1EE@GIKICLCE@?$AA?$CK?$AA?$CK?$AA?$CK?$AA?5?$AAC?$AAo?$AAl?$AAd?$AA?5?$AAB?$AAo?$AAo?$AAt?$AA?5?$AA?9?$AA?5?$AAF?$AAo?$AAr?$AAm?$AAa?$AAt?$AA?5?$AAT?$AAF?$AAA?$AAT?$AA?5?$AA?$CK?$AA?$CK?$AA?$CK?$AA?$AN@ 000180f8     common_ti_ioctl:format.obj
 0001:000071d0       ??_C@_1EI@MCIJGMLN@?$AA?9?$AAO?$AAA?$AAL?$AAI?$AAo?$AAC?$AAt?$AAl?$AAH?$AAa?$AAl?$AAG?$AAe?$AAt?$AAH?$AAW?$AAE?$AAn?$AAt?$AAr?$AAo?$AAp?$AAy?$AA?$CI?$AAr?$AAc?$AA?5?$AA?$DN?$AA?5?$AA?$CF?$AAd@ 000181d0     common_ti_ioctl:hwentropy.obj
 0001:00007218       ??_C@_1GE@KDBGDMBH@?$AAW?$AAA?$AAR?$AAN?$AA?3?$AA?5?$AAO?$AAA?$AAL?$AAI?$AAo?$AAC?$AAt?$AAl?$AAH?$AAa?$AAl?$AAG?$AAe?$AAt?$AAH?$AAW?$AAE?$AAn?$AAt?$AAr?$AAo?$AAp?$AAy?$AA?3?$AA?5?$AAB@ 00018218     common_ti_ioctl:hwentropy.obj
 0001:00007310       ??_C@_1CK@MAHBEPGM@?$AA?9?$AAO?$AAA?$AAL?$AAI?$AAo?$AAC?$AAt?$AAl?$AAH?$AAa?$AAl?$AAR?$AAe?$AAb?$AAo?$AAo?$AAt?$AA?$AN?$AA?6?$AA?$AA@ 00018310     common_ti_ioctl:reboot.obj
 0001:0000733c       ??_C@_1CA@PEBMPEHG@?$AA?$CK?$AA?$CK?$AA?$CK?$AA?5?$AAR?$AAE?$AAS?$AAE?$AAT?$AA?5?$AA?$CK?$AA?$CK?$AA?$CK?$AA?$AN?$AA?6?$AA?$AA@ 0001833c     common_ti_ioctl:reboot.obj
 0001:0000735c       ??_C@_1CK@LAAGFJIK@?$AA?$CL?$AAO?$AAA?$AAL?$AAI?$AAo?$AAC?$AAt?$AAl?$AAH?$AAa?$AAl?$AAR?$AAe?$AAb?$AAo?$AAo?$AAt?$AA?$AN?$AA?6?$AA?$AA@ 0001835c     common_ti_ioctl:reboot.obj
 0001:00007418       ??_C@_1EA@LOAJIJJI@?$AA?9?$AAO?$AAE?$AAM?$AAI?$AAn?$AAt?$AAe?$AAr?$AAr?$AAu?$AAp?$AAt?$AAP?$AAe?$AAn?$AAd?$AAi?$AAn?$AAg?$AA?$CI?$AAr?$AAc?$AA?5?$AA?$DN?$AA?5?$AA?$CF?$AAd?$AA?$CJ?$AA?$AN?$AA?6?$AA?$AA@ 00018418     OMAP3530_oal_power:power.obj
 0001:00007458       ??_C@_1DG@KCFEDALK@?$AA?$CL?$AAO?$AAE?$AAM?$AAI?$AAn?$AAt?$AAe?$AAr?$AAr?$AAu?$AAp?$AAt?$AAP?$AAe?$AAn?$AAd?$AAi?$AAn?$AAg?$AA?$CI?$AA?$CF?$AAd?$AA?$CJ?$AA?$AN?$AA?6?$AA?$AA@ 00018458     OMAP3530_oal_power:power.obj
 0001:00007490       ??_C@_1DG@KDDHMOEO@?$AA?$AN?$AA?6?$AAW?$AAa?$AAk?$AAe?$AA?5?$AAd?$AAu?$AAe?$AA?5?$AAt?$AAo?$AA?5?$AAS?$AAY?$AAS?$AAI?$AAN?$AAT?$AAR?$AA?5?$AA?$CF?$AAd?$AA?$AN?$AA?6?$AA?$AA@ 00018490     OMAP3530_oal_power:power.obj
 0001:000074c8       ??_C@_1BO@GGDDDJNF@?$AA?5?$AA?5?$AAS?$AAY?$AAS?$AAI?$AAN?$AAT?$AAR?$AA?5?$AA?$CF?$AAd?$AA?$AN?$AA?6?$AA?$AA@ 000184c8     OMAP3530_oal_power:power.obj
 0001:000074e8       ??_C@_1DA@OKMJBLLN@?$AAE?$AAn?$AAa?$AAb?$AAl?$AAe?$AAd?$AA?5?$AAw?$AAa?$AAk?$AAe?$AA?5?$AAs?$AAo?$AAu?$AAr?$AAc?$AAe?$AAs?$AA?3?$AA?$AN?$AA?6?$AA?$AA@ 000184e8     OMAP3530_oal_power:power.obj
 0001:000075a8       ??_C@_15BMCNAON@?$AAR?$AAX?$AA?$AA@ 000185a8     OMAP3530_soccfg:devicemap.obj
 0001:000075b0       ??_C@_15NHJLDDPA@?$AAT?$AAX?$AA?$AA@ 000185b0     OMAP3530_soccfg:devicemap.obj
 0001:000075b8       ??_C@_17GHFABBII@?$AAM?$AAM?$AAU?$AA?$AA@ 000185b8     OMAP3530_soccfg:devicemap.obj
 0001:000075c0       ??_C@_19EMJFMDEF@?$AAI?$AAR?$AAQ?$AA3?$AA?$AA@ 000185c0     OMAP3530_soccfg:devicemap.obj
 0001:000075cc       ??_C@_19PECJKECA@?$AAI?$AAR?$AAQ?$AA2?$AA?$AA@ 000185cc     OMAP3530_soccfg:devicemap.obj
 0001:000075d8       ??_C@_19OGJMALMO@?$AAI?$AAR?$AAQ?$AA1?$AA?$AA@ 000185d8     OMAP3530_soccfg:devicemap.obj
 0001:000075e4       ??_C@_19FOCAGMKL@?$AAI?$AAR?$AAQ?$AA0?$AA?$AA@ 000185e4     OMAP3530_soccfg:devicemap.obj
 0001:000075f0       ??_C@_1BC@JBFPJMDB@?$AAo?$AAv?$AAe?$AAr?$AAf?$AAl?$AAo?$AAw?$AA?$AA@ 000185f0     OMAP3530_soccfg:devicemap.obj
 0001:00007698       s_DeviceAddressMap         00018698     OMAP3530_soccfg:devicemap.obj
 0001:00007898       s_DeviceIrqMap             00018898     OMAP3530_soccfg:devicemap.obj
 0001:00007d38       ??_C@_1JA@LGLDCCHC@?$AAO?$AAA?$AAL?$AAI?$AAs?$AAP?$AAr?$AAo?$AAc?$AAe?$AAs?$AAs?$AAo?$AAr?$AAF?$AAe?$AAa?$AAt?$AAu?$AAr?$AAe?$AAP?$AAr?$AAe?$AAs?$AAe?$AAn?$AAt?$AA?3?$AA?5?$AA?$CI?$AA0@ 00018d38     OMAP3530_oal_misc:feature.obj
 0001:00007e58       ??_C@_1DM@HCJMCLID@?$AA?$CL?$AAS?$AAm?$AAa?$AAr?$AAt?$AAR?$AAe?$AAf?$AAl?$AAe?$AAx?$AA?5?$AAr?$AAe?$AAg?$AAi?$AAs?$AAt?$AAe?$AAr?$AA?5?$AAD?$AAU?$AAM?$AAP?$AA?3?$AA?$AN?$AA?6?$AA?$AA@ 00018e58     OMAP3530_oal_sr:oal_sr.obj
 0001:00007e94       ??_C@_1CC@KLDDLMIK@?$AA?7?$AAS?$AAR?$AAC?$AAO?$AAN?$AAF?$AAI?$AAG?$AA?3?$AA?7?$AA?7?$AA?$CF?$AAx?$AA?$AN?$AA?6?$AA?$AA@ 00018e94     OMAP3530_oal_sr:oal_sr.obj
 0001:00007eb8       ??_C@_1CC@MPAJGDLO@?$AA?7?$AAS?$AAR?$AAS?$AAT?$AAA?$AAT?$AAU?$AAS?$AA?3?$AA?7?$AA?7?$AA?$CF?$AAx?$AA?$AN?$AA?6?$AA?$AA@ 00018eb8     OMAP3530_oal_sr:oal_sr.obj
 0001:00007edc       ??_C@_1BO@BGLJEEOM@?$AA?7?$AAS?$AAE?$AAN?$AAV?$AAA?$AAL?$AA?3?$AA?7?$AA?7?$AA?$CF?$AAx?$AA?$AN?$AA?6?$AA?$AA@ 00018edc     OMAP3530_oal_sr:oal_sr.obj
 0001:00007efc       ??_C@_1BO@KHHKDINM@?$AA?7?$AAS?$AAE?$AAN?$AAM?$AAI?$AAN?$AA?3?$AA?7?$AA?7?$AA?$CF?$AAx?$AA?$AN?$AA?6?$AA?$AA@ 00018efc     OMAP3530_oal_sr:oal_sr.obj
 0001:00007f1c       ??_C@_1BO@BKHOAOPD@?$AA?7?$AAS?$AAE?$AAN?$AAM?$AAA?$AAX?$AA?3?$AA?7?$AA?7?$AA?$CF?$AAx?$AA?$AN?$AA?6?$AA?$AA@ 00018f1c     OMAP3530_oal_sr:oal_sr.obj
 0001:00007f3c       ??_C@_1BO@CGMCEODF@?$AA?7?$AAS?$AAE?$AAN?$AAA?$AAV?$AAG?$AA?3?$AA?7?$AA?7?$AA?$CF?$AAx?$AA?$AN?$AA?6?$AA?$AA@ 00018f3c     OMAP3530_oal_sr:oal_sr.obj
 0001:00007f5c       ??_C@_1CE@OLFJAIOF@?$AA?7?$AAA?$AAV?$AAG?$AAW?$AAE?$AAI?$AAG?$AAH?$AAT?$AA?3?$AA?7?$AA?7?$AA?$CF?$AAx?$AA?$AN?$AA?6?$AA?$AA@ 00018f5c     OMAP3530_oal_sr:oal_sr.obj
 0001:00007f80       ??_C@_1DC@PJEIKBGE@?$AA?7?$AAN?$AAV?$AAA?$AAL?$AAU?$AAE?$AAR?$AAE?$AAC?$AAI?$AAP?$AAR?$AAO?$AAC?$AAA?$AAL?$AA?3?$AA?7?$AA?7?$AA?$CF?$AAx?$AA?$AN?$AA?6?$AA?$AA@ 00018f80     OMAP3530_oal_sr:oal_sr.obj
 0001:00007fb4       ??_C@_1CC@FLBPAKFF@?$AA?7?$AAS?$AAE?$AAN?$AAE?$AAR?$AAR?$AAO?$AAR?$AA?3?$AA?7?$AA?7?$AA?$CF?$AAx?$AA?$AN?$AA?6?$AA?$AA@ 00018fb4     OMAP3530_oal_sr:oal_sr.obj
 0001:00007fd8       ??_C@_1CE@GPEMKPMB@?$AA?7?$AAE?$AAR?$AAR?$AAC?$AAO?$AAN?$AAF?$AAI?$AAG?$AA?3?$AA?7?$AA?7?$AA?$CF?$AAx?$AA?$AN?$AA?6?$AA?$AA@ 00018fd8     OMAP3530_oal_sr:oal_sr.obj
 0001:00007ffc       ??_C@_1CM@CJHEJDAE@?$AA?7?$AAI?$AAR?$AAQ?$AAS?$AAT?$AAA?$AAT?$AAU?$AAS?$AA_?$AAR?$AAA?$AAW?$AA?3?$AA?7?$AA?7?$AA?$CF?$AAx?$AA?$AN?$AA?6?$AA?$AA@ 00018ffc     OMAP3530_oal_sr:oal_sr.obj
 0001:00008028       ??_C@_1CE@CCLNJOME@?$AA?7?$AAI?$AAR?$AAQ?$AAS?$AAT?$AAA?$AAT?$AAU?$AAS?$AA?3?$AA?7?$AA?7?$AA?$CF?$AAx?$AA?$AN?$AA?6?$AA?$AA@ 00019028     OMAP3530_oal_sr:oal_sr.obj
 0001:0000804c       ??_C@_1CM@FKAAFELP@?$AA?7?$AAI?$AAR?$AAQ?$AAE?$AAN?$AAA?$AAB?$AAL?$AAE?$AA_?$AAS?$AAE?$AAT?$AA?3?$AA?7?$AA?7?$AA?$CF?$AAx?$AA?$AN?$AA?6?$AA?$AA@ 0001904c     OMAP3530_oal_sr:oal_sr.obj
 0001:00008078       ??_C@_1CM@FDHEPIP@?$AA?7?$AAI?$AAR?$AAQ?$AAE?$AAN?$AAA?$AAB?$AAL?$AAE?$AA_?$AAC?$AAL?$AAR?$AA?3?$AA?7?$AA?7?$AA?$CF?$AAx?$AA?$AN?$AA?6?$AA?$AA@ 00019078     OMAP3530_oal_sr:oal_sr.obj
 0001:000080a8       ??_C@_1IK@BPJEEHJP@?$AA?$AN?$AA?6?$AAS?$AAm?$AAa?$AAr?$AAt?$AAR?$AAe?$AAf?$AAl?$AAe?$AAx?$AA_?$AAG?$AAe?$AAt?$AA_?$AAf?$AAu?$AAn?$AAc?$AAt?$AAi?$AAo?$AAn?$AAs?$AA_?$AAh?$AAa?$AAn?$AAd@ 000190a8     OMAP3530_oal_sr:oal_sr.obj
 0001:000081c8       ??_C@_1EI@DMKFONCI@?$AA?9?$AA_?$AAP?$AAr?$AAc?$AAm?$AAD?$AAe?$AAv?$AAi?$AAc?$AAe?$AAH?$AAw?$AAU?$AAp?$AAd?$AAa?$AAt?$AAe?$AAA?$AAu?$AAt?$AAo?$AAi?$AAd?$AAl?$AAe?$AA?$CI?$AA?$CJ?$AA?$DN?$AA?$CF@ 000191c8     OMAP3530_oal_prcm:prcm_device.obj
 0001:00008210       ??_C@_1FC@JFJNOCNE@?$AA?$CL?$AA_?$AAP?$AAr?$AAc?$AAm?$AAD?$AAe?$AAv?$AAi?$AAc?$AAe?$AAH?$AAw?$AAU?$AAp?$AAd?$AAa?$AAt?$AAe?$AAA?$AAu?$AAt?$AAo?$AAi?$AAd?$AAl?$AAe?$AA?$CI?$AAd?$AAe?$AAv@ 00019210     OMAP3530_oal_prcm:prcm_device.obj
 0001:00008268       ??_C@_1EE@DHLHDFDF@?$AA?9?$AA_?$AAP?$AAr?$AAc?$AAm?$AAD?$AAe?$AAv?$AAi?$AAc?$AAe?$AAE?$AAn?$AAa?$AAb?$AAl?$AAe?$AAA?$AAu?$AAt?$AAo?$AAI?$AAd?$AAl?$AAe?$AA?$CI?$AA?$CJ?$AA?$DN?$AA?$CF?$AAd?$AA?$AN@ 00019268     OMAP3530_oal_prcm:prcm_device.obj
 0001:000082b0       ??_C@_1FG@JDCJJDME@?$AA?$CL?$AA_?$AAP?$AAr?$AAc?$AAm?$AAD?$AAe?$AAv?$AAi?$AAc?$AAe?$AAE?$AAn?$AAa?$AAb?$AAl?$AAe?$AAA?$AAu?$AAt?$AAo?$AAI?$AAd?$AAl?$AAe?$AA?$CI?$AAd?$AAe?$AAv?$AAI?$AAd@ 000192b0     OMAP3530_oal_prcm:prcm_device.obj
 0001:00008308       ??_C@_1EE@LKHHNJGE@?$AA?$CL?$AA_?$AAP?$AAr?$AAc?$AAm?$AAU?$AAp?$AAd?$AAa?$AAt?$AAe?$AAD?$AAe?$AAv?$AAi?$AAc?$AAe?$AAC?$AAl?$AAo?$AAc?$AAk?$AAS?$AAo?$AAu?$AAr?$AAc?$AAe?$AA?$CI?$AA?$CJ?$AA?$AN@ 00019308     OMAP3530_oal_prcm:prcm_device.obj
 0001:00008350       ??_C@_1HO@BDPNINII@?$AA?$CL?$AA_?$AAP?$AAr?$AAc?$AAm?$AAU?$AAp?$AAd?$AAa?$AAt?$AAe?$AAD?$AAe?$AAv?$AAi?$AAc?$AAe?$AAC?$AAl?$AAo?$AAc?$AAk?$AAS?$AAo?$AAu?$AAr?$AAc?$AAe?$AA?$CI?$AAp?$AAS@ 00019350     OMAP3530_oal_prcm:prcm_device.obj
 0001:000083d0       ??_C@_1EO@BLAPGCDC@?$AA?9?$AA_?$AAP?$AAr?$AAc?$AAm?$AAD?$AAe?$AAv?$AAi?$AAc?$AAe?$AAW?$AAa?$AAi?$AAt?$AAF?$AAo?$AAr?$AAD?$AAe?$AAv?$AAi?$AAc?$AAe?$AAA?$AAc?$AAc?$AAe?$AAs?$AAs?$AA?$CI@ 000193d0     OMAP3530_oal_prcm:prcm_device.obj
 0001:00008420       ??_C@_1FI@NMFDDLHH@?$AA?$CL?$AA_?$AAP?$AAr?$AAc?$AAm?$AAD?$AAe?$AAv?$AAi?$AAc?$AAe?$AAW?$AAa?$AAi?$AAt?$AAF?$AAo?$AAr?$AAD?$AAe?$AAv?$AAi?$AAc?$AAe?$AAA?$AAc?$AAc?$AAe?$AAs?$AAs?$AA?$CI@ 00019420     OMAP3530_oal_prcm:prcm_device.obj
 0001:00008478       ??_C@_1EA@CPOENIOI@?$AA?9?$AA_?$AAP?$AAr?$AAc?$AAm?$AAD?$AAe?$AAv?$AAi?$AAc?$AAe?$AAE?$AAn?$AAa?$AAb?$AAl?$AAe?$AAW?$AAa?$AAk?$AAe?$AAU?$AAp?$AA?$CI?$AA?$CJ?$AA?$DN?$AA?$CF?$AAd?$AA?$AN?$AA?6?$AA?$AA@ 00019478     OMAP3530_oal_prcm:prcm_device.obj
 0001:000084b8       ??_C@_1EK@NOGBCNIM@?$AA?$CL?$AA_?$AAP?$AAr?$AAc?$AAm?$AAD?$AAe?$AAv?$AAi?$AAc?$AAe?$AAE?$AAn?$AAa?$AAb?$AAl?$AAe?$AAW?$AAa?$AAk?$AAe?$AAU?$AAp?$AA?$CI?$AAd?$AAe?$AAv?$AAI?$AAd?$AA?$DN?$AA?$CF@ 000194b8     OMAP3530_oal_prcm:prcm_device.obj
 0001:00008508       ??_C@_1EA@KEPHJOIB@?$AA?9?$AA_?$AAP?$AAr?$AAc?$AAm?$AAD?$AAe?$AAv?$AAi?$AAc?$AAe?$AAE?$AAn?$AAa?$AAb?$AAl?$AAe?$AAF?$AAC?$AAl?$AAo?$AAc?$AAk?$AA?$CI?$AA?$CJ?$AA?$DN?$AA?$CF?$AAd?$AA?$AN?$AA?6?$AA?$AA@ 00019508     OMAP3530_oal_prcm:prcm_device.obj
 0001:00008548       ??_C@_1FC@GCMBLELH@?$AA?$CL?$AA_?$AAP?$AAr?$AAc?$AAm?$AAD?$AAe?$AAv?$AAi?$AAc?$AAe?$AAE?$AAn?$AAa?$AAb?$AAl?$AAe?$AAF?$AAC?$AAl?$AAo?$AAc?$AAk?$AA?$CI?$AAd?$AAe?$AAv?$AAI?$AAd?$AA?$DN?$AA?$CF@ 00019548     OMAP3530_oal_prcm:prcm_device.obj
 0001:000085a0       ??_C@_1EA@KNFBIFDK@?$AA?9?$AA_?$AAP?$AAr?$AAc?$AAm?$AAD?$AAe?$AAv?$AAi?$AAc?$AAe?$AAE?$AAn?$AAa?$AAb?$AAl?$AAe?$AAI?$AAC?$AAl?$AAo?$AAc?$AAk?$AA?$CI?$AA?$CJ?$AA?$DN?$AA?$CF?$AAd?$AA?$AN?$AA?6?$AA?$AA@ 000195a0     OMAP3530_oal_prcm:prcm_device.obj
 0001:000085e0       ??_C@_1FC@IOGCKABF@?$AA?$CL?$AA_?$AAP?$AAr?$AAc?$AAm?$AAD?$AAe?$AAv?$AAi?$AAc?$AAe?$AAE?$AAn?$AAa?$AAb?$AAl?$AAe?$AAI?$AAC?$AAl?$AAo?$AAc?$AAk?$AA?$CI?$AAd?$AAe?$AAv?$AAI?$AAd?$AA?$DN?$AA?$CF@ 000195e0     OMAP3530_oal_prcm:prcm_device.obj
 0001:00008638       ??_C@_1EI@EFBPCNHG@?$AA?9?$AA_?$AAP?$AAr?$AAc?$AAm?$AAD?$AAe?$AAv?$AAi?$AAc?$AAe?$AAE?$AAn?$AAa?$AAb?$AAl?$AAe?$AAI?$AAC?$AAl?$AAo?$AAc?$AAk?$AA_?$AAD?$AAS?$AAS?$AA?$CI?$AA?$CJ?$AA?$DN?$AA?$CF@ 00019638     OMAP3530_oal_prcm:prcm_device.obj
 0001:00008680       ??_C@_1FC@LEEBAIPA@?$AA?$CL?$AA_?$AAP?$AAr?$AAc?$AAm?$AAD?$AAe?$AAv?$AAi?$AAc?$AAe?$AAE?$AAn?$AAa?$AAb?$AAl?$AAe?$AAI?$AAC?$AAl?$AAo?$AAc?$AAk?$AA_?$AAD?$AAS?$AAS?$AA?$CI?$AAd?$AAe?$AAv@ 00019680     OMAP3530_oal_prcm:prcm_device.obj
 0001:000086d8       ??_C@_1EE@HJAJMPDD@?$AA?9?$AA_?$AAP?$AAr?$AAc?$AAm?$AAD?$AAe?$AAv?$AAi?$AAc?$AAe?$AAS?$AAe?$AAt?$AAS?$AAo?$AAu?$AAr?$AAc?$AAe?$AAC?$AAl?$AAo?$AAc?$AAk?$AA?$CI?$AA?$CJ?$AA?$DN?$AA?$CF?$AAd?$AA?$AN@ 000196d8     OMAP3530_oal_prcm:prcm_device.obj
 0001:00008720       ??_C@_1EO@LHILKJLD@?$AA?$CL?$AA_?$AAP?$AAr?$AAc?$AAm?$AAD?$AAe?$AAv?$AAi?$AAc?$AAe?$AAS?$AAe?$AAt?$AAS?$AAo?$AAu?$AAr?$AAc?$AAe?$AAC?$AAl?$AAo?$AAc?$AAk?$AA?$CI?$AAd?$AAe?$AAv?$AAI?$AAd@ 00019720     OMAP3530_oal_prcm:prcm_device.obj
 0001:00008770       ??_C@_1EE@JHHLFMG@?$AA?9?$AAP?$AAr?$AAc?$AAm?$AAD?$AAe?$AAv?$AAi?$AAc?$AAe?$AAG?$AAe?$AAt?$AAE?$AAn?$AAa?$AAb?$AAl?$AAe?$AAd?$AAS?$AAt?$AAa?$AAt?$AAe?$AA?$CI?$AA?$CJ?$AA?$DN?$AA?$CF?$AAd?$AA?$AN@ 00019770     OMAP3530_oal_prcm:prcm_device.obj
 0001:000087b8       ??_C@_1EO@HBNBPEKM@?$AA?$CL?$AAP?$AAr?$AAc?$AAm?$AAD?$AAe?$AAv?$AAi?$AAc?$AAe?$AAG?$AAe?$AAt?$AAE?$AAn?$AAa?$AAb?$AAl?$AAe?$AAd?$AAS?$AAt?$AAa?$AAt?$AAe?$AA?$CI?$AAd?$AAe?$AAv?$AAI?$AAd@ 000197b8     OMAP3530_oal_prcm:prcm_device.obj
 0001:00008808       ??_C@_1EG@DAEKPJBG@?$AA?9?$AAP?$AAr?$AAc?$AAm?$AAD?$AAe?$AAv?$AAi?$AAc?$AAe?$AAG?$AAe?$AAt?$AAA?$AAu?$AAt?$AAo?$AAI?$AAd?$AAl?$AAe?$AAS?$AAt?$AAa?$AAt?$AAe?$AA?$CI?$AA?$CJ?$AA?$DN?$AA?$CF?$AAd@ 00019808     OMAP3530_oal_prcm:prcm_device.obj
 0001:00008850       ??_C@_1FA@BNNNADLI@?$AA?$CL?$AAP?$AAr?$AAc?$AAm?$AAD?$AAe?$AAv?$AAi?$AAc?$AAe?$AAG?$AAe?$AAt?$AAA?$AAu?$AAt?$AAo?$AAI?$AAd?$AAl?$AAe?$AAS?$AAt?$AAa?$AAt?$AAe?$AA?$CI?$AAd?$AAe?$AAv?$AAI@ 00019850     OMAP3530_oal_prcm:prcm_device.obj
 0001:000088a0       ??_C@_1EE@MKDIBCEI@?$AA?9?$AAP?$AAr?$AAc?$AAm?$AAD?$AAe?$AAv?$AAi?$AAc?$AAe?$AAS?$AAe?$AAt?$AAS?$AAo?$AAu?$AAr?$AAc?$AAe?$AAC?$AAl?$AAo?$AAc?$AAk?$AAs?$AA?$CI?$AA?$CJ?$AA?$DN?$AA?$CF?$AAd?$AA?$AN@ 000198a0     OMAP3530_oal_prcm:prcm_device.obj
 0001:000088e8       ??_C@_1EO@EJAHHGM@?$AA?$CL?$AAP?$AAr?$AAc?$AAm?$AAD?$AAe?$AAv?$AAi?$AAc?$AAe?$AAS?$AAe?$AAt?$AAS?$AAo?$AAu?$AAr?$AAc?$AAe?$AAC?$AAl?$AAo?$AAc?$AAk?$AAs?$AA?$CI?$AAd?$AAe?$AAv?$AAI?$AAd@ 000198e8     OMAP3530_oal_prcm:prcm_device.obj
 0001:00008938       ??_C@_1DO@HIGIHNHE@?$AA?9?$AAP?$AAr?$AAc?$AAm?$AAD?$AAe?$AAv?$AAi?$AAc?$AAe?$AAE?$AAn?$AAa?$AAb?$AAl?$AAe?$AAI?$AAC?$AAl?$AAo?$AAc?$AAk?$AA?$CI?$AA?$CJ?$AA?$DN?$AA?$CF?$AAd?$AA?$AN?$AA?6?$AA?$AA@ 00019938     OMAP3530_oal_prcm:prcm_device.obj
 0001:00008978       ??_C@_1FE@KMJFBHPK@?$AA?5?$AAP?$AAr?$AAc?$AAm?$AAD?$AAe?$AAv?$AAi?$AAc?$AAe?$AAE?$AAn?$AAa?$AAb?$AAl?$AAe?$AAI?$AAC?$AAl?$AAo?$AAc?$AAk?$AA?5?$AA?$CF?$AAs?$AAu?$AAp?$AAd?$AAa?$AAt?$AAe@ 00019978     OMAP3530_oal_prcm:prcm_device.obj
 0001:000089cc       ??_C@_1M@JKENIMHM@?$AAs?$AAk?$AAi?$AAp?$AA?5?$AA?$AA@ 000199cc     OMAP3530_oal_prcm:prcm_device.obj
 0001:000089d8       ??_C@_1FA@FIBGHEOF@?$AA?$CL?$AAP?$AAr?$AAc?$AAm?$AAD?$AAe?$AAv?$AAi?$AAc?$AAe?$AAE?$AAn?$AAa?$AAb?$AAl?$AAe?$AAI?$AAC?$AAl?$AAo?$AAc?$AAk?$AA?$CI?$AAd?$AAe?$AAv?$AAI?$AAd?$AA?$DN?$AA?$CF?$AAd@ 000199d8     OMAP3530_oal_prcm:prcm_device.obj
 0001:00008a28       ??_C@_1DO@HBMOGGMP@?$AA?9?$AAP?$AAr?$AAc?$AAm?$AAD?$AAe?$AAv?$AAi?$AAc?$AAe?$AAE?$AAn?$AAa?$AAb?$AAl?$AAe?$AAF?$AAC?$AAl?$AAo?$AAc?$AAk?$AA?$CI?$AA?$CJ?$AA?$DN?$AA?$CF?$AAd?$AA?$AN?$AA?6?$AA?$AA@ 00019a28     OMAP3530_oal_prcm:prcm_device.obj
 0001:00008a68       ??_C@_1FE@HMEOIMKB@?$AA?5?$AAP?$AAr?$AAc?$AAm?$AAD?$AAe?$AAv?$AAi?$AAc?$AAe?$AAE?$AAn?$AAa?$AAb?$AAl?$AAe?$AAF?$AAC?$AAl?$AAo?$AAc?$AAk?$AA?5?$AA?$CF?$AAs?$AAu?$AAp?$AAd?$AAa?$AAt?$AAe@ 00019a68     OMAP3530_oal_prcm:prcm_device.obj
 0001:00008ac0       ??_C@_1FA@LELFGAEH@?$AA?$CL?$AAP?$AAr?$AAc?$AAm?$AAD?$AAe?$AAv?$AAi?$AAc?$AAe?$AAE?$AAn?$AAa?$AAb?$AAl?$AAe?$AAF?$AAC?$AAl?$AAo?$AAc?$AAk?$AA?$CI?$AAd?$AAe?$AAv?$AAI?$AAd?$AA?$DN?$AA?$CF?$AAd@ 00019ac0     OMAP3530_oal_prcm:prcm_device.obj
 0001:00008b10       ??_C@_1EC@PJGJDLC@?$AA?9?$AAP?$AAr?$AAc?$AAm?$AAD?$AAe?$AAv?$AAi?$AAc?$AAe?$AAE?$AAn?$AAa?$AAb?$AAl?$AAe?$AAA?$AAu?$AAt?$AAo?$AAI?$AAd?$AAl?$AAe?$AA?$CI?$AA?$CJ?$AA?$DN?$AA?$CF?$AAd?$AA?$AN?$AA?6@ 00019b10     OMAP3530_oal_prcm:prcm_device.obj
 0001:00008b58       ??_C@_1FE@LLCMNDJM@?$AA?$CL?$AAP?$AAr?$AAc?$AAm?$AAD?$AAe?$AAv?$AAi?$AAc?$AAe?$AAE?$AAn?$AAa?$AAb?$AAl?$AAe?$AAA?$AAu?$AAt?$AAo?$AAI?$AAd?$AAl?$AAe?$AA?$CI?$AAd?$AAe?$AAv?$AAI?$AAd?$AA?$DN@ 00019b58     OMAP3530_oal_prcm:prcm_device.obj
 0001:00008bb0       ??_C@_1EE@IPMFOJGB@?$AA?9?$AAP?$AAr?$AAc?$AAm?$AAD?$AAe?$AAv?$AAi?$AAc?$AAe?$AAG?$AAe?$AAt?$AAC?$AAo?$AAn?$AAt?$AAe?$AAx?$AAt?$AAS?$AAt?$AAa?$AAt?$AAe?$AA?$CI?$AA?$CJ?$AA?$DN?$AA?$CF?$AAd?$AA?$AN@ 00019bb0     OMAP3530_oal_prcm:prcm_device.obj
 0001:00008bf8       ??_C@_1EO@NBCGFJHE@?$AA?$CL?$AAP?$AAr?$AAc?$AAm?$AAD?$AAe?$AAv?$AAi?$AAc?$AAe?$AAG?$AAe?$AAt?$AAC?$AAo?$AAn?$AAt?$AAe?$AAx?$AAt?$AAS?$AAt?$AAa?$AAt?$AAe?$AA?$CI?$AAd?$AAe?$AAv?$AAI?$AAd@ 00019bf8     OMAP3530_oal_prcm:prcm_device.obj
 0001:00008c48       ??_C@_1EK@DOOJMPPH@?$AA?9?$AAP?$AAr?$AAc?$AAm?$AAD?$AAe?$AAv?$AAi?$AAc?$AAe?$AAG?$AAe?$AAt?$AAS?$AAo?$AAu?$AAr?$AAc?$AAe?$AAC?$AAl?$AAo?$AAc?$AAk?$AAI?$AAn?$AAf?$AAo?$AA?$CI?$AA?$CJ?$AA?$DN@ 00019c48     OMAP3530_oal_prcm:prcm_device.obj
[...]
 0003:00001f68       _fclk_GPIO4                00042f68     OMAP3530_oal_prcm:prcm_device.obj
 0003:00001f78       _fclk_GPIO5                00042f78     OMAP3530_oal_prcm:prcm_device.obj
 0003:00001f88       _fclk_GPIO6                00042f88     OMAP3530_oal_prcm:prcm_device.obj
 0003:00001f98       _fclk_MCBSP2               00042f98     OMAP3530_oal_prcm:prcm_device.obj
 0003:00001fa8       _fclk_MCBSP3               00042fa8     OMAP3530_oal_prcm:prcm_device.obj
 0003:00001fb8       _fclk_MCBSP4               00042fb8     OMAP3530_oal_prcm:prcm_device.obj
 0003:00001fc8       _fclk_GPT2                 00042fc8     OMAP3530_oal_prcm:prcm_device.obj
 0003:00001fd8       _fclk_GPT3                 00042fd8     OMAP3530_oal_prcm:prcm_device.obj
 0003:00001fe8       _fclk_GPT4                 00042fe8     OMAP3530_oal_prcm:prcm_device.obj
 0003:00001ff8       _fclk_GPT5                 00042ff8     OMAP3530_oal_prcm:prcm_device.obj
 0003:00002008       _fclk_GPT6                 00043008     OMAP3530_oal_prcm:prcm_device.obj
 0003:00002018       _fclk_GPT7                 00043018     OMAP3530_oal_prcm:prcm_device.obj
 0003:00002028       _fclk_GPT8                 00043028     OMAP3530_oal_prcm:prcm_device.obj
 0003:00002038       _fclk_GPT9                 00043038     OMAP3530_oal_prcm:prcm_device.obj
 0003:00002048       _fclk_UART4                00043048     OMAP3530_oal_prcm:prcm_device.obj
 0003:00002058       _fclk_DSS                  00043058     OMAP3530_oal_prcm:prcm_device.obj
 0003:00002068       _fclk_DSS1                 00043068     OMAP3530_oal_prcm:prcm_device.obj
 0003:00002078       _fclk_DSS2                 00043078     OMAP3530_oal_prcm:prcm_device.obj
 0003:00002088       _fclk_TVOUT                00043088     OMAP3530_oal_prcm:prcm_device.obj
 0003:00002098       _fclk_CAM                  00043098     OMAP3530_oal_prcm:prcm_device.obj
 0003:000020a8       _fclk_CSI2                 000430a8     OMAP3530_oal_prcm:prcm_device.obj
 0003:000020b8       _fclk_3D                   000430b8     OMAP3530_oal_prcm:prcm_device.obj
 0003:000020c8       _fclk_SGX                  000430c8     OMAP3530_oal_prcm:prcm_device.obj
 0003:000020d8       _fclk_IVA2                 000430d8     OMAP3530_oal_prcm:prcm_device.obj
 0003:000020e8       _fclk_HSUSB2               000430e8     OMAP3530_oal_prcm:prcm_device.obj
 0003:000020f8       _fclk_HSUSB1               000430f8     OMAP3530_oal_prcm:prcm_device.obj
 0003:00002108       _wken_D2D                  00043108     OMAP3530_oal_prcm:prcm_device.obj
 0003:00002110       _wken_I2C1                 00043110     OMAP3530_oal_prcm:prcm_device.obj
 0003:00002118       _wken_I2C2                 00043118     OMAP3530_oal_prcm:prcm_device.obj
 0003:00002120       _wken_I2C3                 00043120     OMAP3530_oal_prcm:prcm_device.obj
 0003:00002128       _wken_MMC1                 00043128     OMAP3530_oal_prcm:prcm_device.obj
 0003:00002130       _wken_MMC2                 00043130     OMAP3530_oal_prcm:prcm_device.obj
 0003:00002138       _wken_MMC3                 00043138     OMAP3530_oal_prcm:prcm_device.obj
 0003:00002140       _wken_UART1                00043140     OMAP3530_oal_prcm:prcm_device.obj
 0003:00002148       _wken_UART2                00043148     OMAP3530_oal_prcm:prcm_device.obj
 0003:00002150       _wken_MCBSP1               00043150     OMAP3530_oal_prcm:prcm_device.obj
 0003:00002158       _wken_MCBSP5               00043158     OMAP3530_oal_prcm:prcm_device.obj
 0003:00002160       _wken_MCSPI1               00043160     OMAP3530_oal_prcm:prcm_device.obj
 0003:00002168       _wken_MCSPI2               00043168     OMAP3530_oal_prcm:prcm_device.obj
 0003:00002170       _wken_MCSPI3               00043170     OMAP3530_oal_prcm:prcm_device.obj
 0003:00002178       _wken_MCSPI4               00043178     OMAP3530_oal_prcm:prcm_device.obj
 0003:00002180       _wken_GPT10                00043180     OMAP3530_oal_prcm:prcm_device.obj
 0003:00002188       _wken_GPT11                00043188     OMAP3530_oal_prcm:prcm_device.obj
 0003:00002190       _wken_HSOTGUSB             00043190     OMAP3530_oal_prcm:prcm_device.obj
 0003:00002198       _wken_USBTLL               00043198     OMAP3530_oal_prcm:prcm_device.obj
 0003:000021a0       _wken_GPT1                 000431a0     OMAP3530_oal_prcm:prcm_device.obj
 0003:000021a8       _wken_GPIO1                000431a8     OMAP3530_oal_prcm:prcm_device.obj
 0003:000021b0       _wken_SR1                  000431b0     OMAP3530_oal_prcm:prcm_device.obj
 0003:000021b8       _wken_SR2                  000431b8     OMAP3530_oal_prcm:prcm_device.obj
 0003:000021c0       _wken_IO                   000431c0     OMAP3530_oal_prcm:prcm_device.obj
 0003:000021c8       _wken_USIM                 000431c8     OMAP3530_oal_prcm:prcm_device.obj
 0003:000021d0       _wken_UART3                000431d0     OMAP3530_oal_prcm:prcm_device.obj
 0003:000021d8       _wken_GPIO2                000431d8     OMAP3530_oal_prcm:prcm_device.obj
 0003:000021e0       _wken_GPIO3                000431e0     OMAP3530_oal_prcm:prcm_device.obj
 0003:000021e8       _wken_GPIO4                000431e8     OMAP3530_oal_prcm:prcm_device.obj
 0003:000021f0       _wken_GPIO5                000431f0     OMAP3530_oal_prcm:prcm_device.obj
 0003:000021f8       _wken_GPIO6                000431f8     OMAP3530_oal_prcm:prcm_device.obj
 0003:00002200       _wken_MCBSP2               00043200     OMAP3530_oal_prcm:prcm_device.obj
 0003:00002208       _wken_MCBSP3               00043208     OMAP3530_oal_prcm:prcm_device.obj
 0003:00002210       _wken_MCBSP4               00043210     OMAP3530_oal_prcm:prcm_device.obj
 0003:00002218       _wken_GPT2                 00043218     OMAP3530_oal_prcm:prcm_device.obj
 0003:00002220       _wken_GPT3                 00043220     OMAP3530_oal_prcm:prcm_device.obj
 0003:00002228       _wken_GPT4                 00043228     OMAP3530_oal_prcm:prcm_device.obj
 0003:00002230       _wken_GPT5                 00043230     OMAP3530_oal_prcm:prcm_device.obj
 0003:00002238       _wken_GPT6                 00043238     OMAP3530_oal_prcm:prcm_device.obj
 0003:00002240       _wken_GPT7                 00043240     OMAP3530_oal_prcm:prcm_device.obj
 0003:00002248       _wken_GPT8                 00043248     OMAP3530_oal_prcm:prcm_device.obj
 0003:00002250       _wken_GPT9                 00043250     OMAP3530_oal_prcm:prcm_device.obj
 0003:00002258       _wken_UART4                00043258     OMAP3530_oal_prcm:prcm_device.obj
 0003:00002260       _wken_DSS                  00043260     OMAP3530_oal_prcm:prcm_device.obj
 0003:00002268       _wken_USBHOST              00043268     OMAP3530_oal_prcm:prcm_device.obj
 0003:00002270       s_rgDeviceLookupTable      00043270     OMAP3530_oal_prcm:prcm_device.obj
 0003:00002cc8       _ssr_fclk                  00043cc8     OMAP3530_oal_prcm:prcm_clock.obj
 0003:00002cd4       _cam_fclk                  00043cd4     OMAP3530_oal_prcm:prcm_clock.obj
 0003:00002ce0       _dss1_fclk                 00043ce0     OMAP3530_oal_prcm:prcm_clock.obj
 0003:00002cec       _usim_fclk                 00043cec     OMAP3530_oal_prcm:prcm_clock.obj
 0003:00002d00       _cm_usim_fclk              00043d00     OMAP3530_oal_prcm:prcm_clock.obj
 0003:00002d14       _sgx_fclk                  00043d14     OMAP3530_oal_prcm:prcm_clock.obj
 0003:00002d38       _tv_fclk                   00043d38     OMAP3530_oal_prcm:prcm_clock.obj
 0003:00002d50       s_DpllTable                00043d50     OMAP3530_oal_prcm:prcm_clock.obj
 0003:00002d98       s_DpllClkOutTable          00043d98     OMAP3530_oal_prcm:prcm_clock.obj
 0003:00002e18       s_SrcClockTable            00043e18     OMAP3530_oal_prcm:prcm_clock.obj
 0003:00003574       s_VddNameTable             00044574     OMAP3530_oal_prcm:prcm_clock.obj
 0003:0000359c       s_DpllNameTable            0004459c     OMAP3530_oal_prcm:prcm_clock.obj
 0003:000035e8       s_DpllClkOutNameTable      000445e8     OMAP3530_oal_prcm:prcm_clock.obj
 0003:00003628       s_SrcClockNameTable        00044628     OMAP3530_oal_prcm:prcm_clock.obj
 0003:00003780       DeviceNames                00044780     OMAP3530_oal_prcm:prcm_clock.obj
 0003:000038c8       DumpRegArray               000448c8     OMAP3530_oal_prcm:prcm_clock.obj
 0003:000046c8       _CoreClockDomain           000456c8     OMAP3530_oal_prcm:prcm_domain.obj
 0003:000046f0       _PeripheralClockDomain     000456f0     OMAP3530_oal_prcm:prcm_domain.obj
 0003:00004700       _UsbHostClockDomain        00045700     OMAP3530_oal_prcm:prcm_domain.obj
 0003:00004710       _EmulationClockDomain      00045710     OMAP3530_oal_prcm:prcm_domain.obj
 0003:00004720       _MpuClockDomain            00045720     OMAP3530_oal_prcm:prcm_domain.obj
 0003:00004730       _DssClockDomain            00045730     OMAP3530_oal_prcm:prcm_domain.obj
 0003:00004740       _NeonClockDomain           00045740     OMAP3530_oal_prcm:prcm_domain.obj
 0003:00004750       _Iva2ClockDomain           00045750     OMAP3530_oal_prcm:prcm_domain.obj
 0003:00004760       _CameraClockDomain         00045760     OMAP3530_oal_prcm:prcm_domain.obj
 0003:00004770       _SgxClockDomain            00045770     OMAP3530_oal_prcm:prcm_domain.obj
 0003:00004780       _WakeupPowerDomain         00045780     OMAP3530_oal_prcm:prcm_domain.obj
 0003:00004790       _CorePowerDomain           00045790     OMAP3530_oal_prcm:prcm_domain.obj
 0003:000047a0       _PeripheralPowerDomain     000457a0     OMAP3530_oal_prcm:prcm_domain.obj
 0003:000047b0       _UsbHostPowerDomain        000457b0     OMAP3530_oal_prcm:prcm_domain.obj
 0003:000047c0       _MpuPowerDomain            000457c0     OMAP3530_oal_prcm:prcm_domain.obj
 0003:000047d0       _DssPowerDomain            000457d0     OMAP3530_oal_prcm:prcm_domain.obj
 0003:000047e0       _NeonPowerDomain           000457e0     OMAP3530_oal_prcm:prcm_domain.obj
 0003:000047f0       _Iva2PowerDomain           000457f0     OMAP3530_oal_prcm:prcm_domain.obj
 0003:00004800       _CameraPowerDomain         00045800     OMAP3530_oal_prcm:prcm_domain.obj
 0003:00004810       _SgxPowerDomain            00045810     OMAP3530_oal_prcm:prcm_domain.obj
 0003:00004820       s_DomainTable              00045820     OMAP3530_oal_prcm:prcm_domain.obj
 0003:00004a50       Tps659xx_Gpio              00045a50     TPS659xx_oal_gpio:tps659xx_gpio.obj
 0003:00004a98       Omap_Gpio                  00045a98     common_ti_oal_omap_gpio:omap35xx_gpio.obj
 0003:00004af8       g_dwMeasuredSysClkFreq     00045af8     bspcfg:bspcfg.obj
 0003:00004afc       _rgScaleTable              00045afc     bspcfg:bspcfg.obj
 0003:00004b20       _rgI2CDevice               00045b20     bspcfg:bspcfg.obj
 0003:00004c00       SupportedNands             00045c00     bspcfg:bspcfg.obj
 0003:00004c3c       BSPGpioTables              00045c3c     bspcfg:bspcfg.obj
 0003:000054f0       s_rgClockDomainDependency  000464f0     oal:oem_prcm_device.obj
 0003:00005da0       g_oalRetailMsgEnable       00046da0     oal:init.obj
 0003:00005da4       g_ResumeRTC                00046da4     oal:init.obj
 0003:00007b20       g_PrcmDebugSuspendResume   00048b20     oal:oem_pm.obj
 0003:00007b24       g_pTimerRegs               00048b24     oal:oem_pm.obj
 0003:00007b28       g_pGPMCRegs                00048b28     oal:oem_pm.obj
 0003:00007b2c       g_pSDRCRegs                00048b2c     oal:oem_pm.obj
 0003:00007b30       g_pSMSRegs                 00048b30     oal:oem_pm.obj
 0003:00007b34       g_pVRFBRegs                00048b34     oal:oem_pm.obj
 0003:00007b38       g_pContextRestore          00048b38     oal:oem_pm.obj
 0003:00007b3c       g_pSdrcRestore             00048b3c     oal:oem_pm.obj
 0003:00007b40       g_pPrcmRestore             00048b40     oal:oem_pm.obj
 0003:00007b44       g_ffContextSaveMask        00048b44     oal:oem_pm.obj
 0003:00007b4c       g_pSyscPadWkupRegs         00048b4c     oal:oem_pm.obj
 0003:00007b50       g_pSyscPadConfsRegs        00048b50     oal:oem_pm.obj
 0003:00007b5c       g_oalIoCtlClockSpeed       00048b5c     oal:ioctl.obj
 0003:00007e64       g_oalProfilerEnabled       00048e64     common_ti_gpt_profiler:profiler.obj
 0003:00007e68       g_pPerfTimer               00048e68     common_ti_gpt_profiler:profiler.obj
 0003:00007e84       g_oalNeonStat              00048e84     common_ti_vfpneon:vfphandler.obj
 0003:00008984       _fclk_USBHOST1             00049984     OMAP3530_oal_prcm:prcm_device.obj
 0003:00008994       _fclk_USBHOST2             00049994     OMAP3530_oal_prcm:prcm_device.obj
 0003:000089a4       _fclk_USBHOST3             000499a4     OMAP3530_oal_prcm:prcm_device.obj
 0003:000089fc       g_pSysCtrlGenReg           000499fc     OMAP3530_oal_prcm:prcm.obj
 0003:00008a00       g_PrcmPostInit             00049a00     OMAP3530_oal_prcm:prcm.obj
 0003:00008a04       g_bSingleThreaded          00049a04     OMAP3530_oal_prcm:prcm.obj
 0003:00008a08       g_pCPUInfo                 00049a08     OMAP3530_oal_prcm:prcm.obj
 0003:00008a0c       fnCpuStart                 00049a0c     OMAP3530_oal_prcm:prcm.obj
 0003:00008a10       fnOALCPUIdle               00049a10     OMAP3530_oal_prcm:prcm.obj
 0003:00008a14       fnOALUpdateCoreFreq        00049a14     OMAP3530_oal_prcm:prcm.obj
 0003:00008a18       fnOALCPUWarmReset          00049a18     OMAP3530_oal_prcm:prcm.obj
 0003:000094d4       s_VddTable                 0004a4d4     OMAP3530_oal_prcm:prcm_clock.obj
 0003:00009640       ?csGpio@@3UCRITICAL_SECTION@@A 0004a640     TPS659xx_oal_gpio:tps659xx_gpio.obj
 0003:00009658       ?g_fGpioPostInit@@3HA      0004a658     TPS659xx_oal_gpio:tps659xx_gpio.obj
 0003:0000973c       map                        0004a73c     <common>
 0003:00009740       nbBlock                    0004a740     <common>
 0003:00009744       poolSize                   0004a744     <common>
 0003:00009748       pool                       0004a748     <common>
 0003:00009760       g_oalTimerContext          0004a760     <common>
 0003:00009780       g_TimerDevice              0004a780     <common>
 0003:00009784       g_oalProfilerIncrement     0004a784     <common>
 0003:000097a0       g_oalCacheInfo             0004a7a0     <common>
 0003:000097e8       g_dwRangeLimit             0004a7e8     <common>
 0003:00009800       VfpNeonSave                0004a800     <common>
 0003:00009908       g_pPrcmCm                  0004a908     <common>
 0003:00009920       g_rgPrcmMutex              0004a920     <common>
 0003:00009998       g_pPrcmPrm                 0004a998     <common>
 0003:0000999c       SmartReflex_funcs          0004a99c     <common>
 0003:000099a0       g_PrcmPrm                  0004a9a0     <common>
 0003:000099d8       g_pIdCodeReg               0004a9d8     <common>
 0003:000099e0       g_PrcmCm                   0004a9e0     <common>
 0003:00009a18       g_dwCpuFamily              0004aa18     <common>
 0003:00009a1c       gDevice_prefix             0004aa1c     <common>
 0003:00009a20       g_oalKitlEnabled           0004aa20     <common>
 0003:00009a40       g_oalILT                   0004aa40     <common>
 0003:00009a60       g_oalTimer                 0004aa60     <common>
 0003:00009a88       _soft_fp_control           0004aa88     <common>
 0003:00009a8c       g_pNKGlobal                0004aa8c     <common>

 entry point at        0001:0000f2f8

 Static symbols

 0001:0000f544       ConfigurePadArray          00020544 f   oal:init.obj
 0001:0000f59c       OALCalibrateSysClk         0002059c f   oal:init.obj
 0001:0000f7e8       OALGPIOSetDefaultValues    000207e8 f   oal:init.obj
 0001:0000f8ac       OEMEnumExtensionDRAM       000208ac f   oal:init.obj
 0001:000108f4       InitT2PowerSequence        000218f4 f   oal:oem_pm.obj
 0001:00013f70       SmartReflex_Adjust_EFUSE_nvalue 00024f70 f   oal:opp_map.obj
 0001:000164e0       ?CheckBufferSize@@YAHPBXABIPAI1PBG@Z 000274e0 f   oal_ioctl:deviceinfo.obj
 0001:0001658c       ?GetBootMeName@@YAHPAXIPAIPAPBG@Z 0002758c f   oal_ioctl:deviceinfo.obj
 0001:00016d04       ReturnFalse                00027d04 f   oemmain:oemglobal.obj
 0001:00016d0c       ReturnSelf                 00027d0c f   oemmain:oemglobal.obj
 0001:00016d10       FakeCalcPage               00027d10 f   oemmain:oemglobal.obj
 0001:0001cba8       I2CResetDevice             0002dba8 f   common_ti_oali2c:oali2c.obj
 0001:0001cec0       I2CTransaction             0002dec0 f   common_ti_oali2c:oali2c.obj
 0001:0001da38       FindPad                    0002ea38 f   common_ti_oalpadcfg:oalpadcfg.obj
 0001:0001f9c4       _PrcmDeviceAddrefDeviceDomain 000309c4 f   OMAP3530_oal_prcm:prcm_device.obj
 0001:0001fa68       _PrcmDeviceReleaseDeviceDomain 00030a68 f   OMAP3530_oal_prcm:prcm_device.obj
 0001:0002217c       _ClockInitialize           0003317c f   OMAP3530_oal_prcm:prcm_clock.obj
 0001:0002225c       _ClockHwUpdateParentClock  0003325c f   OMAP3530_oal_prcm:prcm_clock.obj
 0001:00022b0c       _ClockHwUpdateDpllState    00033b0c f   OMAP3530_oal_prcm:prcm_clock.obj
 0001:00022e0c       _ClockUpdateDpllOutput     00033e0c f   OMAP3530_oal_prcm:prcm_clock.obj
 0001:00024774       _DomainClockRestore        00035774 f   OMAP3530_oal_prcm:prcm_domain.obj
 0001:00024928       _PrcmDomainHwUpdate        00035928 f   OMAP3530_oal_prcm:prcm_domain.obj
 0001:000271f8       ?WriteTwlReg@@YAHKPAEI@Z   000381f8 f   TPS659xx_oal_gpio:tps659xx_gpio.obj
 0001:00027250       ?ReadTwlReg@@YAHKPAEI@Z    00038250 f   TPS659xx_oal_gpio:tps659xx_gpio.obj
 0001:000272a8       ?Tps659xxGpioInit@@YAHPBGPAPAXPAI@Z 000382a8 f   TPS659xx_oal_gpio:tps659xx_gpio.obj
 0001:000272b8       ?Tps659xxGpioPostInit@@YAHPAX@Z 000382b8 f   TPS659xx_oal_gpio:tps659xx_gpio.obj
 0001:000272e0       ?Tps659xxGpioDeinit@@YAHPAX@Z 000382e0 f   TPS659xx_oal_gpio:tps659xx_gpio.obj
 0001:00027320       ?Tps659xxGpioSetMode@@YAHPAXII@Z 00038320 f   TPS659xx_oal_gpio:tps659xx_gpio.obj
 0001:00027488       ?Tps659xxGpioGetMode@@YAKPAXI@Z 00038488 f   TPS659xx_oal_gpio:tps659xx_gpio.obj
 0001:00027558       ?Tps659xxGpioPullup@@YAHPAXII@Z 00038558 f   TPS659xx_oal_gpio:tps659xx_gpio.obj
 0001:0002760c       ?Tps659xxGpioPulldown@@YAHPAXII@Z 0003860c f   TPS659xx_oal_gpio:tps659xx_gpio.obj
 0001:000276c0       ?Tps659xxGpioSetBit@@YAHPAXI@Z 000386c0 f   TPS659xx_oal_gpio:tps659xx_gpio.obj
 0001:00027718       ?Tps659xxGpioClrBit@@YAHPAXI@Z 00038718 f   TPS659xx_oal_gpio:tps659xx_gpio.obj
 0001:00027770       ?Tps659xxGpioGetBit@@YAKPAXI@Z 00038770 f   TPS659xx_oal_gpio:tps659xx_gpio.obj
 0001:000277cc       ?Tps659xxGpioIoControl@@YAHPAXIPAEI1IPAK@Z 000387cc f   TPS659xx_oal_gpio:tps659xx_gpio.obj
 0001:00027988       ?OmapGpioPostInit@@YAHPAX@Z 00038988 f   common_ti_oal_omap_gpio:omap35xx_gpio.obj
 0001:000279e0       ?OmapGpioDeinit@@YAHPAX@Z  000389e0 f   common_ti_oal_omap_gpio:omap35xx_gpio.obj
 0001:00027ab0       ?OmapGpioSetMode@@YAHPAXII@Z 00038ab0 f   common_ti_oal_omap_gpio:omap35xx_gpio.obj
 0001:00027bd8       ?OmapGpioGetMode@@YAKPAXI@Z 00038bd8 f   common_ti_oal_omap_gpio:omap35xx_gpio.obj
 0001:00027ccc       ?OmapGpioPullup@@YAHPAXII@Z 00038ccc f   common_ti_oal_omap_gpio:omap35xx_gpio.obj
 0001:00027cd4       ?OmapGpioPulldown@@YAHPAXII@Z 00038cd4 f   common_ti_oal_omap_gpio:omap35xx_gpio.obj
 0001:00027cdc       ?OmapGpioSetBit@@YAHPAXI@Z 00038cdc f   common_ti_oal_omap_gpio:omap35xx_gpio.obj
 0001:00027d94       ?OmapGpioClrBit@@YAHPAXI@Z 00038d94 f   common_ti_oal_omap_gpio:omap35xx_gpio.obj
 0001:00027e4c       ?OmapGpioGetBit@@YAKPAXI@Z 00038e4c f   common_ti_oal_omap_gpio:omap35xx_gpio.obj
 0001:00027ef8       ?OmapGpioIoControl@@YAHPAXIPAEI1IPAK@Z 00038ef8 f   common_ti_oal_omap_gpio:omap35xx_gpio.obj
 0001:00027f00       ?OmapGpioInit@@YAHPBGPAPAXPAI@Z 00038f00 f   common_ti_oal_omap_gpio:omap35xx_gpio.obj
 0001:00028058       GetGroupByID               00039058 f   common_ti_oal_gpiodispatch:gpio_dispatch.obj
