 pxa27x_ms_v1_lcd

 Timestamp is 525f82df (Thu Oct 17 14:25:35 2013)

 Preferred load address is 10000000

 Start         Length     Name                   Class
 0001:00000000 00000004H .CRT$XCA                CODE
 0001:00000004 00000004H .CRT$XCU                CODE
 0001:00000008 00000004H .CRT$XCZ                CODE
 0001:0000000c 00000004H .CRT$XIA                CODE
 0001:00000010 00000004H .CRT$XIZ                CODE
 0001:00000014 00000004H .CRT$XPA                CODE
 0001:00000018 00000004H .CRT$XPZ                CODE
 0001:0000001c 00000004H .CRT$XTA                CODE
 0001:00000020 00000004H .CRT$XTZ                CODE
 0001:00000030 00001690H .rdata                  CODE
 0001:000016c0 0000002dH .rdata$debug            CODE
 0001:00001700 0002180cH .text                   CODE
 0001:00022f0c 00000030H .text$yc                CODE
 0001:00022f3c 00000090H .xdata                  CODE
 0001:00022fcc 00000028H .idata$2                CODE
 0001:00022ff4 00000014H .idata$3                CODE
 0001:00023008 00000100H .idata$4                CODE
 0001:00023108 00000016H .idata$6                CODE
 0001:00023120 0000005cH .edata                  CODE
 0002:00000000 0000083cH EBCOPY16OPT             CODE
 0003:00000000 000002a0H DISPLAYDRV              CODE
 0004:00000000 00000180H EBTEXT16OPT             CODE
 0005:00000000 000001f8H EBFILL16OPT             CODE
 0006:00000000 00000100H .idata$5                DATA
 0006:00000100 0000bc0cH .data                   DATA
 0006:0000bd20 00005080H .bss                    DATA
 0007:00000000 00000c08H .pdata                  DATA

  Address         Publics by Value              Rva+Base       Lib:Object

 0000:00000000       ___safe_se_handler_table   00000000     <absolute>
 0000:00000000       ___safe_se_handler_count   00000000     <absolute>
 0001:00000000       __xc_a                     10001000     corelib0:crt0init.obj
 0001:00000008       __xc_z                     10001008     corelib0:crt0init.obj
 0001:0000000c       __xi_a                     1000100c     corelib0:crt0init.obj
 0001:00000010       __xi_z                     10001010     corelib0:crt0init.obj
 0001:00000014       __xp_a                     10001014     corelib0:crt0init.obj
 0001:00000018       __xp_z                     10001018     corelib0:crt0init.obj
 0001:0000001c       __xt_a                     1000101c     corelib0:crt0init.obj
 0001:00000020       __xt_z                     10001020     corelib0:crt0init.obj
 0001:00000108       ??_C@_1GI@LBPPMOKF@?$AA?$HL?$AA?$CF?$AA0?$AA8?$AAl?$AAX?$AA?9?$AA?$CF?$AA0?$AA4?$AAX?$AA?9?$AA?$CF?$AA0?$AA4?$AAX?$AA?9?$AA?$CF?$AA0?$AA2?$AAX?$AA?$CF?$AA0?$AA2?$AAX?$AA?9?$AA?$CF?$AA0?$AA2?$AAX?$AA?$CF?$AA0@ 10001108     sa2video.obj
 0001:00000170       ??_C@_1NK@KKMLOGOP@?$AAS?$AAA?$AA2?$AAV?$AAi?$AAd?$AAe?$AAo?$AA?3?$AA?3?$AAA?$AAd?$AAv?$AAe?$AAr?$AAt?$AAi?$AAs?$AAe?$AAP?$AAo?$AAw?$AAe?$AAr?$AAI?$AAn?$AAt?$AAe?$AAr?$AAf?$AAa?$AAc@ 10001170     sa2video.obj
 0001:0000024c       ??_C@_13FPGAJAPJ@?$AA?2?$AA?$AA@ 1000124c     sa2video.obj
 0001:00000250       ??_C@_1LK@BENOMAIB@?$AAS?$AAA?$AA2?$AAV?$AAi?$AAd?$AAe?$AAo?$AA?3?$AA?3?$AAA?$AAd?$AAv?$AAe?$AAr?$AAt?$AAi?$AAs?$AAe?$AAP?$AAo?$AAw?$AAe?$AAr?$AAI?$AAn?$AAt?$AAe?$AAr?$AAf?$AAa?$AAc@ 10001250     sa2video.obj
 0001:00000310       ??_C@_1EO@BHDHHEGO@?$AA?$HL?$AAE?$AAB?$AA9?$AA1?$AAC?$AA7?$AAC?$AA9?$AA?9?$AA8?$AAB?$AAF?$AA6?$AA?9?$AA4?$AAa?$AA2?$AAd?$AA?9?$AA9?$AAA?$AAB?$AA8?$AA?9?$AA6?$AA9?$AA7?$AA2?$AA4?$AAE?$AAE@ 10001310     sa2video.obj
 0001:00000360       ??_C@_1M@FIJHFMPA@?$AAA?$AAN?$AAG?$AAL?$AAE?$AA?$AA@ 10001360     sa2video.obj
 0001:0000036c       ??_C@_1CI@PNCEGBJC@?$AAS?$AAY?$AAS?$AAT?$AAE?$AAM?$AA?2?$AAG?$AAD?$AAI?$AA?2?$AAR?$AAO?$AAT?$AAA?$AAT?$AAI?$AAO?$AAN?$AA?$AA@ 1000136c     sa2video.obj
 0001:00000398       ??_7SA2Video@@6B@          10001398     sa2video.obj
 0001:00000480       ??_C@_1FC@JMNBBIFC@?$AAS?$AAA?$AA2?$AAV?$AAI?$AAD?$AAE?$AAO?$AA?3?$AA?3?$AAI?$AAO?$AAC?$AAT?$AAL?$AA_?$AAP?$AAO?$AAW?$AAE?$AAR?$AA_?$AAS?$AAE?$AAT?$AA?9?$AA?$CI?$AAD?$AA?$CF?$AAd?$AA?$CJ?$AA?5@ 10001480     sa2video.obj
 0001:000004d8       ??_C@_1FG@JDBAEIHI@?$AAS?$AAA?$AA2?$AAV?$AAI?$AAD?$AAE?$AAO?$AA?3?$AA?3?$AAI?$AAO?$AAC?$AAT?$AAL?$AA_?$AAP?$AAO?$AAW?$AAE?$AAR?$AA_?$AAQ?$AAU?$AAE?$AAR?$AAY?$AA?9?$AA?$CI?$AAD?$AA?$CF?$AAd@ 100014d8     sa2video.obj
 0001:00000530       ??_C@_1HA@LCOCAHFG@?$AAS?$AAA?$AA2?$AAV?$AAi?$AAd?$AAe?$AAo?$AA?3?$AA?3?$AAS?$AAe?$AAt?$AAP?$AAo?$AAw?$AAe?$AAr?$AAM?$AAa?$AAn?$AAa?$AAg?$AAe?$AAm?$AAe?$AAn?$AAt?$AA?3?$AAD?$AAe?$AAv@ 10001530     sa2video.obj
 0001:000005a0       ??_C@_1BI@MHLCFIP@?$AAL?$AAT?$AAM?$AA0?$AA3?$AA5?$AAA?$AA7?$AA7?$AA6?$AAC?$AA?$AA@ 100015a0     dispdrvr.obj
 0001:000005b8       ??_C@_1BC@FHPFELGP@?$AAL?$AAQ?$AA6?$AA4?$AAD?$AA3?$AA4?$AA1?$AA?$AA@ 100015b8     dispdrvr.obj
 0001:000005cc       ??_C@_1O@MJNAIELA@?$AAL?$AAM?$AA8?$AAV?$AA3?$AA1?$AA?$AA@ 100015cc     dispdrvr.obj
 0001:000005e0       ??_C@_1LO@BAAOGPO@?$AAD?$AAo?$AAn?$AAe?$AA?5?$AAg?$AAe?$AAt?$AAt?$AAi?$AAn?$AAg?$AA?5?$AAR?$AAe?$AAg?$AAi?$AAs?$AAt?$AAr?$AAy?$AA?5?$AAv?$AAa?$AAl?$AAu?$AAe?$AAs?$AA?3?$AA?$AN?$AA?6?$AAb@ 100015e0     dispdrvr.obj
 0001:000006a0       ??_C@_1BG@DDJDMFBH@?$AAL?$AAT?$AAM?$AA0?$AA4?$AAC?$AA3?$AA8?$AA0?$AAK?$AA?$AA@ 100016a0     dispdrvr.obj
 0001:000006b8       ??_C@_1CK@EIPIGAAA@?$AAE?$AAn?$AAa?$AAb?$AAl?$AAe?$AAS?$AAc?$AAr?$AAe?$AAe?$AAn?$AAB?$AAl?$AAa?$AAn?$AAk?$AAi?$AAn?$AAg?$AA?$AA@ 100016b8     dispdrvr.obj
 0001:000006e4       ??_C@_1CM@MNHPDPDI@?$AAD?$AAi?$AAs?$AAa?$AAb?$AAl?$AAe?$AAS?$AAc?$AAr?$AAe?$AAe?$AAn?$AAR?$AAo?$AAt?$AAa?$AAt?$AAi?$AAo?$AAn?$AA?$AA@ 100016e4     dispdrvr.obj
 0001:00000710       ??_C@_1BI@GEDFANEH@?$AAD?$AAi?$AAs?$AAp?$AAl?$AAa?$AAy?$AAT?$AAy?$AAp?$AAe?$AA?$AA@ 10001710     dispdrvr.obj
 0001:00000728       ??_C@_17JBHIEIFL@?$AAB?$AAp?$AAp?$AA?$AA@ 10001728     dispdrvr.obj
 0001:00000730       ??_C@_1BC@CHCDJFGK@?$AAC?$AAy?$AAS?$AAc?$AAr?$AAe?$AAe?$AAn?$AA?$AA@ 10001730     dispdrvr.obj
 0001:00000744       ??_C@_1BC@IJELAEPL@?$AAC?$AAx?$AAS?$AAc?$AAr?$AAe?$AAe?$AAn?$AA?$AA@ 10001744     dispdrvr.obj
 0001:00000758       ??_C@_1DM@NCJPFFII@?$AAD?$AAr?$AAi?$AAv?$AAe?$AAr?$AAs?$AA?2?$AAD?$AAi?$AAs?$AAp?$AAl?$AAa?$AAy?$AA?2?$AAP?$AAX?$AAA?$AA2?$AA7?$AAx?$AA?2?$AAC?$AAo?$AAn?$AAf?$AAi?$AAg?$AA?$AA@ 10001758     dispdrvr.obj
 0001:00000794       ??_C@_0CB@CGKDKANF@DispDrvrInitialize?5?3?5v_pGPIORegs@ 10001794     dispdrvr.obj
 0001:000007b8       ??_C@_0CA@MKNHKMEH@DispDrvrInitialize?5?3?5v_pClkRegs?$AA@ 100017b8     dispdrvr.obj
 0001:000007d8       ??_C@_0CA@BEOJHMNH@DispDrvrInitialize?5?3?5v_pLcdRegs?$AA@ 100017d8     dispdrvr.obj
 0001:000007f8       ??_C@_0CA@DGHPNJML@DispDrvrInitialize?5?3?5v_pOSTRegs?$AA@ 100017f8     dispdrvr.obj
 0001:00000818       ??_C@_0CA@MDACKFDO@DispDrvrInitialize?5?3?5v_pI2CRegs?$AA@ 10001818     dispdrvr.obj
 0001:00000838       ??_C@_0BN@LOBFCJCF@DispDrvrInitialize?5?3?5v_pDMAC?$AA@ 10001838     dispdrvr.obj
 0001:00000858       ??_C@_1HK@OHAMICA@?$AAC?$AAR?$AAI?$AAT?$AAI?$AAC?$AAA?$AAL?$AA?5?$AAE?$AAR?$AAR?$AAO?$AAR?$AA?3?$AA?5?$AAb?$AAl?$AAa?$AAn?$AAk?$AA?5?$AAd?$AAi?$AAs?$AAp?$AAl?$AAa?$AAy?$AA?5?$AAS?$AAD@ 10001858     dispdrvr.obj
 0001:000008d8       ??_C@_1GO@IELHMFCI@?$AAC?$AAR?$AAI?$AAT?$AAI?$AAC?$AAA?$AAL?$AA?5?$AAE?$AAR?$AAR?$AAO?$AAR?$AA?3?$AA?5?$AAd?$AAi?$AAs?$AAp?$AAl?$AAa?$AAy?$AA?5?$AAS?$AAD?$AAR?$AAA?$AAM?$AA?5?$AAr?$AAe@ 100018d8     dispdrvr.obj
 0001:00000948       ??_C@_1FC@NEEFFAOB@?$AAD?$AAi?$AAs?$AAp?$AAl?$AAa?$AAy?$AA?5?$AAD?$AAr?$AAi?$AAv?$AAe?$AAr?$AA?5?$AAI?$AAn?$AAi?$AAt?$AAi?$AAa?$AAl?$AAi?$AAz?$AAa?$AAt?$AAi?$AAo?$AAn?$AA?5?$AAC?$AAo@ 10001948     dispdrvr.obj
 0001:00000b0c       ??_7GPESurf@@6B@           10001b0c     ddgpe:ddgpesurf.obj
 0001:00000b10       ??_7DDGPESurf@@6B@         10001b10     ddgpe:ddgpesurf.obj
 0001:00000c10       ?EDDGPEPixelFormatToEGPEFormat@@3QBW4EGPEFormat@@B 10001c10     ddgpe:ddgpe.obj
 0001:00000c5c       ?EGPEFormatToEDDGPEPixelFormat@@3QBW4EDDGPEPixelFormat@@B 10001c5c     ddgpe:ddgpe.obj
 0001:00000c88       ??_7DDGPE@@6B@             10001c88     ddgpe:ddgpe.obj
 0001:00001050       g_NullBlendFunction        10002050     gperotate:ddi_if.obj
 0001:000010d4       ??_C@_17BJMBELJK@?$AAG?$AAP?$AAE?$AA?$AA@ 100020d4     gperotate:ddi_if.obj
 0001:000010dc       EGPEFormatToBpp            100020dc     gperotate:gpe.obj
 0001:00001100       EGPEFormatToIFormat        10002100     gperotate:gpe.obj
 0001:00001124       IFormatToEGPEFormat        10002124     gperotate:gpe.obj
 0001:00001150       ??_7GPE@@6B@               10002150     gperotate:gpe.obj
 0001:000011cc       ??_C@_1BM@OHJNPODK@?$AAA?$AAs?$AAp?$AAe?$AAc?$AAt?$AAR?$AAa?$AAt?$AAi?$AAo?$AAX?$AAY?$AA?$AA@ 100021cc     gperotate:gpe.obj
 0001:000011e8       ??_C@_1BK@GPCKCPMK@?$AAA?$AAs?$AAp?$AAe?$AAc?$AAt?$AAR?$AAa?$AAt?$AAi?$AAo?$AAY?$AA?$AA@ 100021e8     gperotate:gpe.obj
 0001:00001204       ??_C@_1BK@NHJGEIKP@?$AAA?$AAs?$AAp?$AAe?$AAc?$AAt?$AAR?$AAa?$AAt?$AAi?$AAo?$AAX?$AA?$AA@ 10002204     gperotate:gpe.obj
 0001:00001220       ??_C@_1BO@ONBCMHFO@?$AAL?$AAo?$AAg?$AAi?$AAc?$AAa?$AAl?$AAP?$AAi?$AAx?$AAe?$AAl?$AAs?$AAY?$AA?$AA@ 10002220     gperotate:gpe.obj
 0001:00001240       ??_C@_1BO@FFKOKADL@?$AAL?$AAo?$AAg?$AAi?$AAc?$AAa?$AAl?$AAP?$AAi?$AAx?$AAe?$AAl?$AAs?$AAX?$AA?$AA@ 10002240     gperotate:gpe.obj
 0001:00001260       ??_C@_1BK@HNDINEGH@?$AAV?$AAe?$AAr?$AAt?$AAi?$AAc?$AAa?$AAl?$AAS?$AAi?$AAz?$AAe?$AA?$AA@ 10002260     gperotate:gpe.obj
 0001:0000127c       ??_C@_1BO@CPEMBNKP@?$AAH?$AAo?$AAr?$AAi?$AAz?$AAo?$AAn?$AAt?$AAa?$AAl?$AAS?$AAi?$AAz?$AAe?$AA?$AA@ 1000227c     gperotate:gpe.obj
 0001:00001348       ??_C@_1GA@EAMBNKKC@?$AAG?$AAP?$AAE?$AA?3?$AA?5?$AA?$CK?$AA?$CK?$AA?5?$AAW?$AAA?$AAR?$AAN?$AAI?$AAN?$AAG?$AA?5?$AA?$CK?$AA?$CK?$AA?5?$AAS?$AAU?$AAR?$AAF?$AAO?$AAB?$AAJ?$AA?4?$AAf?$AAj?$AAB?$AAi?$AAt@ 10002348     gperotate:tmpgpesurf.obj
 0001:00001460       ??_C@_1IG@FHHHJKOA@?$AAC?$AA?3?$AA?2?$AAW?$AAI?$AAN?$AAC?$AAE?$AA6?$AA0?$AA0?$AA?2?$AAP?$AAL?$AAA?$AAT?$AAF?$AAO?$AAR?$AAM?$AA?2?$AAC?$AAO?$AAM?$AAM?$AAO?$AAN?$AA?2?$AAS?$AAR?$AAC?$AA?2@ 10002460     pxa27x_ms_v1_drvlib:valloc.obj
 0001:000014e8       ??_C@_1CI@OHCJFJPM@?$AAE?$AAR?$AAR?$AAO?$AAR?$AA?3?$AA?5?$AA?$CF?$AAs?$AA?5?$AAl?$AAi?$AAn?$AAe?$AA?5?$AA?$CF?$AAd?$AA?3?$AA?5?$AA?$AA@ 100024e8     pxa27x_ms_v1_drvlib:valloc.obj
 0001:00001510       ??_C@_1II@OGOOAFNE@?$AAV?$AAi?$AAr?$AAt?$AAu?$AAa?$AAl?$AAC?$AAo?$AAp?$AAy?$AAC?$AAo?$AAp?$AAy?$AAP?$AAh?$AAy?$AAs?$AAi?$AAc?$AAa?$AAl?$AA?5?$AAf?$AAa?$AAi?$AAl?$AAe?$AAd?$AA?$CB?$AA?5@ 10002510     pxa27x_ms_v1_drvlib:valloc.obj
 0001:00001598       ??_C@_1HE@NJMOAGKK@?$AAV?$AAi?$AAr?$AAt?$AAu?$AAa?$AAl?$AAA?$AAl?$AAl?$AAo?$AAc?$AAC?$AAo?$AAp?$AAy?$AAP?$AAh?$AAy?$AAs?$AAi?$AAc?$AAa?$AAl?$AA?5?$AAf?$AAa?$AAi?$AAl?$AAe?$AAd?$AA?$CB@ 10002598     pxa27x_ms_v1_drvlib:valloc.obj
 0001:00001610       LS022Q8DD06_DATA_SET_1     10002610     pxa27x_ms_v1_xllp:xllp_lcd.obj
 0001:0000169c       LS022Q8DD06_DATA_SET_2     1000269c     pxa27x_ms_v1_xllp:xllp_lcd.obj
 0001:00001700       DrvEnableDriver            10002700 f   sa2video.obj
 0001:00001710       ?PowerHandler@SA2Video@@UAAXH@Z 10002710 f   sa2video.obj
 0001:00001748       ?SetMode@SA2Video@@UAAJHPAPAUHPALETTE__@@@Z 10002748 f   sa2video.obj
 0001:0000180c       ?GetModeInfo@SA2Video@@UAAJPAUGPEMode@@H@Z 1000280c f   sa2video.obj
 0001:00001844       ?NumModes@SA2Video@@UAAHXZ 10002844 f   sa2video.obj
 0001:0000184c       ?WaitForNotBusy@SA2Video@@UAAXXZ 1000284c f   sa2video.obj
 0001:00001850       ?IsBusy@SA2Video@@UAAHXZ   10002850 f   sa2video.obj
 0001:00001858       ?GetPhysicalVideoMemory@SA2Video@@UAAXPAK0@Z 10002858 f   sa2video.obj
 0001:00001898       ?GetVirtualVideoMemory@SA2Video@@QAAXPAK0@Z 10002898 f   sa2video.obj
 0001:000018d0       ?AllocSurface@SA2Video@@UAAJPAPAVDDGPESurf@@HHW4EGPEFormat@@W4EDDGPEPixelFormat@@H@Z 100028d0 f   sa2video.obj
 0001:000019a0       ?AllocSurface@SA2Video@@UAAJPAPAVGPESurf@@HHW4EGPEFormat@@H@Z 100029a0 f   sa2video.obj
 0001:00001a2c       ?EmulatedBltFill16_Eml@@YAJPAUGPEBltParms@@@Z 10002a2c f i sa2video.obj
 0001:00001a8c       ?EmulatedBltSrcCopy1616_Eml@@YAJPAUGPEBltParms@@@Z 10002a8c f   sa2video.obj
 0001:00001b2c       ?EmulatedBltAlphaText16_Eml@@YAJPAUGPEBltParms@@@Z 10002b2c f i sa2video.obj
 0001:00001d08       ?EmulatedBltText16_Eml@@YAJPAUGPEBltParms@@@Z 10002d08 f i sa2video.obj
 0001:00001da4       ?WrappedEmulatedBlt@SA2Video@@AAAJPAUGPEBltParms@@@Z 10002da4 f   sa2video.obj
 0001:00002030       ?InVBlank@SA2Video@@UAAHXZ 10003030 f   sa2video.obj
 0001:00002054       ?SetPalette@SA2Video@@UAAJPBUtagPALETTEENTRY@@GG@Z 10003054 f   sa2video.obj
 0001:000020ac       DrvGetMasks                100030ac f   sa2video.obj
 0001:000020b8       ?PmToVideoPowerState@SA2Video@@AAAKW4_CEDEVICE_POWER_STATE@@@Z 100030b8 f   sa2video.obj
 0001:00002100       ?VideoToPmPowerState@SA2Video@@AAA?AW4_CEDEVICE_POWER_STATE@@K@Z 10003100 f   sa2video.obj
 0001:00002140       ?SetPmPowerState@SA2Video@@AAAXW4_CEDEVICE_POWER_STATE@@@Z 10003140 f   sa2video.obj
 0001:000021b8       ?ConvertStringToGuid@SA2Video@@AAAHPBGPAU_GUID@@@Z 100031b8 f   sa2video.obj
 0001:000022a0       ?AdvertisePowerInterface@SA2Video@@AAAHXZ 100032a0 f   sa2video.obj
 0001:000023a0       ?GetRotateModeFromReg@SA2Video@@QAAHXZ 100033a0 f   sa2video.obj
 0001:00002468       ?SetRotateParams@SA2Video@@QAAXXZ 10003468 f   sa2video.obj
 0001:000024bc       ?CursorOn@SA2Video@@QAAXXZ 100034bc f   sa2video.obj
 0001:000026f0       ?CursorOff@SA2Video@@QAAXXZ 100036f0 f   sa2video.obj
 0001:00002808       ??0SA2Video@@QAA@XZ        10003808 f   sa2video.obj
 0001:000029b0       ?GetPhysicalModeId@DDGPE@@UAAKXZ 100039b0 f i sa2video.obj
 0001:000029b8       ?GetDriverData@DDGPE@@UAAPAUDDGPEDriverData@@XZ 100039b8 f i sa2video.obj
 0001:000029c0       ?SetDriverData@DDGPE@@UAAXPAUDDGPEDriverData@@@Z 100039c0 f i sa2video.obj
 0001:000029c8       ??_ESA2Video@@UAAPAXI@Z    100039c8 f i sa2video.obj
 0001:000029c8       ??_GSA2Video@@UAAPAXI@Z    100039c8 f i sa2video.obj
 0001:000029f0       ?SetPointerShape@SA2Video@@UAAJPAVGPESurf@@0HHHH@Z 100039f0 f   sa2video.obj
 0001:00002b7c       ?MovePointer@SA2Video@@UAAJHH@Z 10003b7c f   sa2video.obj
 0001:00002c38       ?WrappedEmulatedLine@SA2Video@@AAAJPAUGPELineParms@@@Z 10003c38 f   sa2video.obj
 0001:00002e58       ?Line@SA2Video@@UAAJPAUGPELineParms@@W4EGPEPhase@@@Z 10003e58 f   sa2video.obj
 0001:00002e90       ?BltPrepare@SA2Video@@UAAJPAUGPEBltParms@@@Z 10003e90 f   sa2video.obj
 0001:00003070       ?BltComplete@SA2Video@@UAAJPAUGPEBltParms@@@Z 10004070 f   sa2video.obj
 0001:000030a8       ?DynRotate@SA2Video@@QAAJH@Z 100040a8 f   sa2video.obj
 0001:00003160       GetGPE                     10004160 f   sa2video.obj
 0001:000031a0       ?DrvEscape@SA2Video@@UAAKPAU_SURFOBJ@@KKPAXK1@Z 100041a0 f   sa2video.obj
 0001:00003740       DispDrvrSetPalette         10004740 f   dispdrvr.obj
 0001:000037e4       InitCursor                 100047e4 f   dispdrvr.obj
 0001:0000387c       Cleanup                    1000487c f   dispdrvr.obj
 0001:00003a40       DispDrvrPowerHandler       10004a40 f   dispdrvr.obj
 0001:00003ae0       ClearFrameBuffer           10004ae0 f   dispdrvr.obj
 0001:00003b64       DirtyRectDumpPortraitLoop_C 10004b64 f   dispdrvr.obj
 0001:00003c34       DispDrvrDirtyRectDump      10004c34 f   dispdrvr.obj
 0001:00003d58       DirtyRectDumpPortraitLoop_C_rectfill 10004d58 f   dispdrvr.obj
 0001:00003de4       DispDrvrDirtyRectDump_rectfill 10004de4 f   dispdrvr.obj
 0001:00003ef0       DispDrvrDirtyRectDump2     10004ef0 f   dispdrvr.obj
 0001:00003fa8       DispDrvrMoveCursor         10004fa8 f   dispdrvr.obj
 0001:00003fb4       ReadRegistryData           10004fb4 f   dispdrvr.obj
 0001:000042b4       ScrollBuffer               100052b4 f   dispdrvr.obj
 0001:00004370       MapVirtualAddress          10005370 f   dispdrvr.obj
 0001:000046e4       DispDrvrInitialize         100056e4 f   dispdrvr.obj
 0001:000048a4       ?HalGetDriverInfo@@YAKPAU_DDHAL_GETDRIVERINFODATA@@@Z 100058a4 f   halcaps.obj
 0001:000048bc       buildDDHALInfo             100058bc f   halcaps.obj
 0001:00004990       ??0GPESurf@@QAA@HHPAXHW4EGPEFormat@@@Z 10005990 f i ddgpe:ddgpesurf.obj
 0001:000049e8       ??_EGPESurf@@UAAPAXI@Z     100059e8 f i ddgpe:ddgpesurf.obj
 0001:000049e8       ??_GGPESurf@@UAAPAXI@Z     100059e8 f i ddgpe:ddgpesurf.obj
 0001:00004a10       ??0DDGPESurf@@QAA@HHPAXHW4EGPEFormat@@@Z 10005a10 f   ddgpe:ddgpesurf.obj
 0001:00004a80       ?GetDriverData@DDGPESurf@@UAAPAUDDGPEDriverData@@XZ 10005a80 f i ddgpe:ddgpesurf.obj
 0001:00004a88       ?SetDriverData@DDGPESurf@@UAAXPAUDDGPEDriverData@@@Z 10005a88 f i ddgpe:ddgpesurf.obj
 0001:00004a90       ?SurfaceSize@DDGPESurf@@UAAHXZ 10005a90 f i ddgpe:ddgpesurf.obj
 0001:00004a98       ??0DDGPESurf@@QAA@HHPAXHW4EGPEFormat@@W4EDDGPEPixelFormat@@@Z 10005a98 f   ddgpe:ddgpesurf.obj
 0001:00004b00       ??1DDGPESurf@@UAA@XZ       10005b00 f   ddgpe:ddgpesurf.obj
 0001:00004b48       ?Init@DDGPESurf@@UAAXHHPAXHW4EGPEFormat@@W4EDDGPEPixelFormat@@@Z 10005b48 f   ddgpe:ddgpesurf.obj
 0001:00004ba8       ?Bpp@DDGPESurf@@UAAKXZ     10005ba8 f   ddgpe:ddgpesurf.obj
 0001:00004bbc       ?AlignedWidth@DDGPESurf@@UAAKXZ 10005bbc f   ddgpe:ddgpesurf.obj
 0001:00004bf8       ?SetColorKey@DDGPESurf@@UAAXK@Z 10005bf8 f   ddgpe:ddgpesurf.obj
 0001:00004c34       ?ColorKey@DDGPESurf@@UAAKXZ 10005c34 f   ddgpe:ddgpesurf.obj
 0001:00004c50       ?SetColorKeyMask@DDGPESurf@@UAAXK@Z 10005c50 f   ddgpe:ddgpesurf.obj
 0001:00004c58       ?ColorKeyMask@DDGPESurf@@UAAKXZ 10005c58 f   ddgpe:ddgpesurf.obj
 0001:00004c60       ?SetColorKeyLow@DDGPESurf@@UAAXK@Z 10005c60 f   ddgpe:ddgpesurf.obj
 0001:00004c68       ?ColorKeyLow@DDGPESurf@@UAAKXZ 10005c68 f   ddgpe:ddgpesurf.obj
 0001:00004c70       ?SetColorKeyHigh@DDGPESurf@@UAAXK@Z 10005c70 f   ddgpe:ddgpesurf.obj
 0001:00004c78       ?ColorKeyHigh@DDGPESurf@@UAAKXZ 10005c78 f   ddgpe:ddgpesurf.obj
 0001:00004c80       ?PixelFormat@DDGPESurf@@UAA?AW4EDDGPEPixelFormat@@XZ 10005c80 f   ddgpe:ddgpesurf.obj
 0001:00004c88       ?HasAlpha@DDGPESurf@@UAAHXZ 10005c88 f   ddgpe:ddgpesurf.obj
 0001:00004cac       ?SetDDGPESurf@DDGPESurf@@UAAXPAU_DDRAWI_DDRAWSURFACE_LCL@@@Z 10005cac f   ddgpe:ddgpesurf.obj
 0001:00004cb8       ?GetDDGPESurf@DDGPESurf@@SAPAV1@PAU_DDRAWI_DDRAWSURFACE_LCL@@@Z 10005cb8 f   ddgpe:ddgpesurf.obj
 0001:00004cc8       ?SetRotation@DDGPESurf@@QAAXHHH@Z 10005cc8 f   ddgpe:ddgpesurf.obj
 0001:00004d0c       ??_EDDGPESurf@@UAAPAXI@Z   10005d0c f i ddgpe:ddgpesurf.obj
 0001:00004d0c       ??_GDDGPESurf@@UAAPAXI@Z   10005d0c f i ddgpe:ddgpesurf.obj
 0001:00004d34       ??0DDGPESurf@@QAA@HHHW4EGPEFormat@@W4EDDGPEPixelFormat@@@Z 10005d34 f   ddgpe:ddgpesurf.obj
 0001:00004e0c       ?DeleteSurface@DDGPESurf@@SAXPAU_DDRAWI_DDRAWSURFACE_LCL@@@Z 10005e0c f   ddgpe:ddgpesurf.obj
 0001:00004e38       ?FourCCLookup@@YAPBU_FourCCDescription@@K@Z 10005e38 f i ddgpe:ddgpe.obj
 0001:00004e84       ?GetDDGPE@@YAPAVDDGPE@@XZ  10005e84 f   ddgpe:ddgpe.obj
 0001:00004e94       ??0DDGPE@@QAA@XZ           10005e94 f   ddgpe:ddgpe.obj
 0001:00004ec8       ??1DDGPE@@UAA@XZ           10005ec8 f   ddgpe:ddgpe.obj
 0001:00004ee8       ?AllocSurface@DDGPE@@UAAJPAPAVDDGPESurf@@HHW4EGPEFormat@@W4EDDGPEPixelFormat@@H@Z 10005ee8 f   ddgpe:ddgpe.obj
 0001:00004f1c       ?AllocSurface@DDGPE@@UAAJPAPAVDDGPESurf@@PAUDDGPEAllocSurfaceData@@@Z 10005f1c f   ddgpe:ddgpe.obj
 0001:00004f70       ?AllocVideoSurface@DDGPE@@UAAJPAPAVDDGPESurf@@HHW4EGPEFormat@@W4EDDGPEPixelFormat@@PAK@Z 10005f70 f   ddgpe:ddgpe.obj
 0001:00004fd8       ?AllocVideoSurface@DDGPE@@UAAJPAU_DDRAWI_DDRAWSURFACE_LCL@@HHW4EGPEFormat@@W4EDDGPEPixelFormat@@PAK@Z 10005fd8 f   ddgpe:ddgpe.obj
 0001:0000503c       ?AllocVideoSurface@DDGPE@@UAAJPAPAVDDGPESurf@@PAUDDGPEAllocSurfaceData@@PAK@Z 1000603c f   ddgpe:ddgpe.obj
 0001:000050bc       ?AllocVideoSurface@DDGPE@@UAAJPAU_DDRAWI_DDRAWSURFACE_LCL@@PAUDDGPEAllocSurfaceData@@PAK@Z 100060bc f   ddgpe:ddgpe.obj
 0001:00005108       ?AllocBackBuffer@DDGPE@@UAAJPAU_DDRAWI_DDRAWSURFACE_LCL@@@Z 10006108 f   ddgpe:ddgpe.obj
 0001:000051a4       ?WrapSurface@DDGPE@@UAAJPAU_DDRAWI_DDRAWSURFACE_LCL@@HHW4EGPEFormat@@W4EDDGPEPixelFormat@@HH@Z 100061a4 f   ddgpe:ddgpe.obj
 0001:00005214       ?WrapSurface@DDGPE@@UAAJPAPAVDDGPESurf@@HHW4EGPEFormat@@W4EDDGPEPixelFormat@@PAEH@Z 10006214 f   ddgpe:ddgpe.obj
 0001:00005288       ?WrapSurface@DDGPE@@UAAJPAU_DDRAWI_DDRAWSURFACE_LCL@@HHW4EGPEFormat@@W4EDDGPEPixelFormat@@PAEH@Z 10006288 f   ddgpe:ddgpe.obj
 0001:000052f4       ?WrapSurface@DDGPE@@UAAJPAPAVDDGPESurf@@PAUDDGPEAllocSurfaceData@@@Z 100062f4 f   ddgpe:ddgpe.obj
 0001:00005374       ?WrapSurface@DDGPE@@UAAJPAU_DDRAWI_DDRAWSURFACE_LCL@@PAUDDGPEAllocSurfaceData@@@Z 10006374 f   ddgpe:ddgpe.obj
 0001:000053c0       ?BltPrepare@DDGPE@@UAAJPAUDDGPEBltParms@@@Z 100063c0 f   ddgpe:ddgpe.obj
 0001:00005450       ?PerformBlt@DDGPE@@UAAJPAUDDGPEBltParms@@@Z 10006450 f   ddgpe:ddgpe.obj
 0001:000054c4       ?BltExpanded@DDGPE@@UAAJPAVDDGPESurf@@000PAU_CLIPOBJ@@PAU_XLATEOBJ@@PBUtagRECT@@3KKK@Z 100064c4 f   ddgpe:ddgpe.obj
 0001:00005638       ?BltExpanded@DDGPE@@UAAJPAVDDGPESurf@@00PBUtagRECT@@1KKK@Z 10006638 f   ddgpe:ddgpe.obj
 0001:00005694       ?SetVisibleSurface@DDGPE@@UAAXPAVGPESurf@@KH@Z 10006694 f   ddgpe:ddgpe.obj
 0001:000056b4       ?SetVisibleSurface@DDGPE@@UAAXPAVGPESurf@@H@Z 100066b4 f   ddgpe:ddgpe.obj
 0001:00005714       ?DetectPixelFormat@DDGPE@@UAAJKPAU_DDPIXELFORMAT@@PAW4EGPEFormat@@PAW4EDDGPEPixelFormat@@@Z 10006714 f   ddgpe:ddgpe.obj
 0001:000059a0       ?DetectMode@DDGPE@@UAAJPAKKKW4EGPEFormat@@W4EDDGPEPixelFormat@@PAU_DDPIXELFORMAT@@@Z 100069a0 f   ddgpe:ddgpe.obj
 0001:00005aa4       ?InDisplay@DDGPE@@UAAHXZ   10006aa4 f   ddgpe:ddgpe.obj
 0001:00005aac       ?GetModeInfoEx@DDGPE@@UAAJPAUGPEModeEx@@H@Z 10006aac f   ddgpe:ddgpe.obj
 0001:00005ab8       ?SetMode@DDGPE@@UAAJHPAPAUHPALETTE__@@H@Z 10006ab8 f   ddgpe:ddgpe.obj
 0001:00005ac4       ?RegisterDDHALAPI@@YAXXZ   10006ac4 f   ddgpe:ddgpe.obj
 0001:00005ac8       ??_EDDGPE@@UAAPAXI@Z       10006ac8 f i ddgpe:ddgpe.obj
 0001:00005ac8       ??_GDDGPE@@UAAPAXI@Z       10006ac8 f i ddgpe:ddgpe.obj
 0001:00005afc       DDGPESetColorKey           10006afc f   ddgpe:ddhsurf.obj
 0001:00005b7c       DDGPECanCreateSurface      10006b7c f   ddgpe:ddhsurf.obj
 0001:00005bcc       DDGPECreateSurface         10006bcc f   ddgpe:ddhsurf.obj
 0001:0000601c       DDGPELock                  1000701c f   ddgpe:ddhsurf.obj
 0001:00006128       DDGPEUnlock                10007128 f   ddgpe:ddhsurf.obj
 0001:00006138       DDGPEDestroySurface        10007138 f   ddgpe:ddhsurf.obj
 0001:00006174       DDGPEWaitForVerticalBlank  10007174 f   ddgpe:ddhdd.obj
 0001:0000631c       HALInit                    1000731c f   ddgpe:ddhinit.obj
 0001:00006340       DDGPEGetPixelFormatFromSurfaceDesc 10007340 f   ddgpe:ddhutil.obj
 0001:000064a4       NKDbgPrintfW               100074a4 f   coredll:COREDLL.dll
 0001:000064b4       DevicePowerNotify          100074b4 f   coredll:COREDLL.dll
 0001:000064c4       AdvertiseInterface         100074c4 f   coredll:COREDLL.dll
 0001:000064d4       StringCchCatW              100074d4 f   coredll:COREDLL.dll
 0001:000064e4       StringCchCopyW             100074e4 f   coredll:COREDLL.dll
 0001:000064f4       GetModuleFileNameW         100074f4 f   coredll:COREDLL.dll
 0001:00006504       RegCloseKey                10007504 f   coredll:COREDLL.dll
 0001:00006514       RegQueryValueExW           10007514 f   coredll:COREDLL.dll
 0001:00006524       RegOpenKeyExW              10007524 f   coredll:COREDLL.dll
 0001:00006534       SetLastError               10007534 f   coredll:COREDLL.dll
 0001:00006544       LeaveCriticalSection       10007544 f   coredll:COREDLL.dll
 0001:00006554       EnterCriticalSection       10007554 f   coredll:COREDLL.dll
 0001:00006564       VirtualFree                10007564 f   coredll:COREDLL.dll
 0001:00006574       VirtualSetAttributes       10007574 f   coredll:COREDLL.dll
 0001:00006584       VirtualCopy                10007584 f   coredll:COREDLL.dll
 0001:00006594       VirtualAlloc               10007594 f   coredll:COREDLL.dll
 0001:000065a4       CreateEventW               100075a4 f   coredll:COREDLL.dll
 0001:000065b4       InitializeCriticalSection  100075b4 f   coredll:COREDLL.dll
 0001:000065c4       RemoteLocalFree            100075c4 f   coredll:COREDLL.dll
 0001:000065d4       RemoteLocalAlloc           100075d4 f   coredll:COREDLL.dll
 0001:000065e4       MulDiv                     100075e4 f   coredll:COREDLL.dll
 0001:000065f4       HalFreeCommonBuffer        100075f4 f   ceddk:CEDDK.dll
 0001:00006604       HalAllocateCommonBuffer    10007604 f   ceddk:CEDDK.dll
 0001:00006614       DllMain                    10007614 f   gperotate:ddi_if.obj
 0001:00006650       ?SafeGetGPE@@YAPAVGPE@@PAX@Z 10007650 f   gperotate:ddi_if.obj
 0001:000066bc       ?SetSurfaceFormat@@YAXPAVGPESurf@@PAU_XLATEOBJ@@K@Z 100076bc f   gperotate:ddi_if.obj
 0001:00006914       DrvContrastControl         10007914 f   gperotate:ddi_if.obj
 0001:00006938       DrvPowerHandler            10007938 f   gperotate:ddi_if.obj
 0001:00006960       DrvEscape                  10007960 f   gperotate:ddi_if.obj
 0001:00006aa8       DrvDisableDriver           10007aa8 f   gperotate:ddi_if.obj
 0001:00006ad8       DrvDisablePDEV             10007ad8 f   gperotate:ddi_if.obj
 0001:00006b04       DrvDisableSurface          10007b04 f   gperotate:ddi_if.obj
 0001:00006b28       DrvEnableSurface           10007b28 f   gperotate:ddi_if.obj
 0001:00006b6c       DrvCreateDeviceBitmap      10007b6c f   gperotate:ddi_if.obj
 0001:00006c08       DrvDeleteDeviceBitmap      10007c08 f   gperotate:ddi_if.obj
 0001:00006c48       DrvMovePointer             10007c48 f   gperotate:ddi_if.obj
 0001:00006c68       DrvSetPointerShape         10007c68 f   gperotate:ddi_if.obj
 0001:00006d7c       DrvSetPalette              10007d7c f   gperotate:ddi_if.obj
 0001:00006e08       DrvFillPath                10007e08 f   gperotate:ddi_if.obj
 0001:000071c4       DrvRealizeBrush            100081c4 f   gperotate:ddi_if.obj
 0001:0000743c       DrvGetModes                1000843c f   gperotate:ddi_if.obj
 0001:00007540       DrvEnablePDEV              10008540 f   gperotate:ddi_if.obj
 0001:00007874       DrvCopyBits                10008874 f   gperotate:ddi_if.obj
 0001:00007884       ?ClipBlt@@YAJPAVGPE@@PAUGPEBltParms@@@Z 10008884 f   gperotate:ddi_if.obj
 0001:00007ae8       ?AAGetMaskBits@@YAXPAK00@Z 10008ae8 f   gperotate:ddi_if.obj
 0001:00007b28       ?GPEEnableDriver@@YAHKKPAUtagDrvEnableData@@PAU_ENGCALLBACKS@@@Z 10008b28 f   gperotate:ddi_if.obj
 0001:00007c5c       AnyBlt                     10008c5c f   gperotate:ddi_if.obj
 0001:00008490       DrvAnyBlt                  10009490 f   gperotate:ddi_if.obj
 0001:00008504       DrvTransparentBlt          10009504 f   gperotate:ddi_if.obj
 0001:00008584       DrvBitBlt                  10009584 f   gperotate:ddi_if.obj
 0001:00008668       DrvPaint                   10009668 f   gperotate:ddi_if.obj
 0001:000086d8       ??0GPE@@QAA@XZ             100096d8 f   gperotate:gpe.obj
 0001:00008720       ??1GPE@@UAA@XZ             10009720 f   gperotate:gpe.obj
 0001:00008730       ?ContrastControl@GPE@@UAAHKPAK@Z 10009730 f   gperotate:gpe.obj
 0001:00008738       ?PowerHandler@GPE@@UAAXH@Z 10009738 f   gperotate:gpe.obj
 0001:0000873c       ?GetPalette@GPE@@UAAJPAPAUtagPALETTEENTRY@@PAG@Z 1000973c f   gperotate:gpe.obj
 0001:00008784       ?DrvEscape@GPE@@UAAKPAU_SURFOBJ@@KKPAXK1@Z 10009784 f   gperotate:gpe.obj
 0001:0000878c       ?GetGraphicsCaps@GPE@@UAAKXZ 1000978c f   gperotate:gpe.obj
 0001:00008794       ?GetPhysicalVideoMemory@GPE@@UAAXPAK0@Z 10009794 f   gperotate:gpe.obj
 0001:00008798       ?SetVisibleSurface@GPE@@UAAXPAVGPESurf@@@Z 10009798 f   gperotate:gpe.obj
 0001:0000879c       ?FlipInProgress@GPE@@UAAHXZ 1000979c f   gperotate:gpe.obj
 0001:000087a4       ?WaitForVBlank@GPE@@UAAXXZ 100097a4 f   gperotate:gpe.obj
 0001:000087a8       ?SurfaceBusyFlipping@GPE@@UAAHPAVGPESurf@@@Z 100097a8 f   gperotate:gpe.obj
 0001:000087b0       ?IsBusy@GPE@@UAAHXZ        100097b0 f   gperotate:gpe.obj
 0001:000087b8       ?WaitForNotBusy@GPE@@UAAXXZ 100097b8 f   gperotate:gpe.obj
 0001:000087bc       ?AvailableVideoMemory@GPE@@UAAKXZ 100097bc f   gperotate:gpe.obj
 0001:000087c4       ?ScanLine@GPE@@UAAHXZ      100097c4 f   gperotate:gpe.obj
 0001:000087cc       ?ProcessCommandBlock@GPE@@UAAJPAE@Z 100097cc f   gperotate:gpe.obj
 0001:000087d8       ?GetScreenDimensions@GPE@@UAAHPAUGPEScreenProps@@@Z 100097d8 f   gperotate:gpe.obj
 0001:00008a20       ?IsPaletteSettable@GPE@@UAAHXZ 10009a20 f   gperotate:gpe.obj
 0001:00008a38       ?RotateRectl@GPE@@QAAXPAU_RECTL@@@Z 10009a38 f   gperotate:gpe.obj
 0001:00008ae8       ?RotateRectlBack@GPE@@QAAXPAU_RECTL@@@Z 10009ae8 f   gperotate:gpe.obj
 0001:00008ba0       ?GetClearTypeRGBMasks@GPE@@UAAPAKXZ 10009ba0 f   gperotate:gpe.obj
 0001:00008bb0       ?DisablePrimary@GPE@@UAAHXZ 10009bb0 f   gperotate:gpe.obj
 0001:00008bec       ?Init@GPESurf@@QAAXHHPAXHW4EGPEFormat@@@Z 10009bec f   gperotate:gpe.obj
 0001:00008c44       ?RotateLineParms@GPESurf@@QAAXPAUGPELineParms@@@Z 10009c44 f   gperotate:gpe.obj
 0001:00008d10       ?SetRotation@GPESurf@@QAAXHHH@Z 10009d10 f   gperotate:gpe.obj
 0001:00008d38       ?RotateRectl@GPESurf@@QAAXPAU_RECTL@@@Z 10009d38 f   gperotate:gpe.obj
 0001:00008de8       ?RotateRectlBack@GPESurf@@QAAXPAU_RECTL@@@Z 10009de8 f   gperotate:gpe.obj
 0001:00008ea0       ?GetPtr@GPESurf@@QAAPAEHH@Z 10009ea0 f   gperotate:gpe.obj
 0001:00008f7c       ??1GPEFormat@@QAA@XZ       10009f7c f   gperotate:gpe.obj
 0001:00008fb0       ??_EGPE@@UAAPAXI@Z         10009fb0 f i gperotate:gpe.obj
 0001:00008fb0       ??_GGPE@@UAAPAXI@Z         10009fb0 f i gperotate:gpe.obj
 0001:00008fd8       ??0GPESurf@@QAA@HHW4EGPEFormat@@@Z 10009fd8 f   gperotate:gpe.obj
 0001:000090c8       ??1GPESurf@@UAA@XZ         1000a0c8 f   gperotate:gpe.obj
 0001:00009104       ?EmulatedBlt_Internal@GPE@@QAAJPAUGPEBltParms@@@Z 1000a104 f   gperotate:swblt.obj
 0001:0000b31c       ?EmulatedBlt_Bilinear@GPE@@QAAJPAUGPEBltParms@@@Z 1000c31c f   gperotate:swblt.obj
 0001:0000bbac       ?EmulatedBlt_Halftone@GPE@@QAAJPAUGPEBltParms@@@Z 1000cbac f   gperotate:swblt.obj
 0001:0000c450       ?EmulatedBltRotate_Internal@GPE@@QAAJPAUGPEBltParms@@@Z 1000d450 f   gperotate:swblt.obj
 0001:0000f128       ?EmulatedBltRotate_Bilinear@GPE@@QAAJPAUGPEBltParms@@@Z 10010128 f   gperotate:swblt.obj
 0001:0000ffe4       ?EmulatedBltRotate_Halftone@GPE@@QAAJPAUGPEBltParms@@@Z 10010fe4 f   gperotate:swblt.obj
 0001:00010cd4       ?SelectBlt@GPE@@IAAJPAUGPEBltParms@@P81@AAJ0@Z@Z 10011cd4 f   gperotate:swblt.obj
 0001:000110bc       ?EmulatedBlt@GPE@@QAAJPAUGPEBltParms@@@Z 100120bc f   gperotate:swblt.obj
 0001:000110d4       ?EmulatedBltRotate@GPE@@QAAJPAUGPEBltParms@@@Z 100120d4 f   gperotate:swblt.obj
 0001:000110ec       ?EmulatedLine@GPE@@QAAJPAUGPELineParms@@@Z 100120ec f   gperotate:swline.obj
 0001:0001179c       ?Init@LRU@@QAAHG@Z         1001279c f   gperotate:swconvrt.obj
 0001:00011868       ?Find@LRU@@QAAFK@Z         10012868 f   gperotate:swconvrt.obj
 0001:00011940       ?Add@LRU@@QAAFK@Z          10012940 f   gperotate:swconvrt.obj
 0001:000119a0       ?Free@LRU@@QAAXXZ          100129a0 f   gperotate:swconvrt.obj
 0001:000119fc       ?InitMaskInfo@MaskInfo@@QAAXPAU_XLATEOBJ@@KG@Z 100129fc f   gperotate:swconvrt.obj
 0001:00011ad0       ?Init@MaskColorConverter@@QAAXPAU_XLATEOBJ@@@Z 10012ad0 f   gperotate:swconvrt.obj
 0001:00011b04       ?Init@GroupColorConverter@@QAAXPAU_XLATEOBJ@@@Z 10012b04 f   gperotate:swconvrt.obj
 0001:00011d38       ?RGBToFromBGR@MaskColorConverter@@QAAKK@Z 10012d38 f   gperotate:swconvrt.obj
 0001:00011d70       ?MaskedSrcToRGB@MaskColorConverter@@QAAKK@Z 10012d70 f   gperotate:swconvrt.obj
 0001:00011de0       ?MaskedSrcToRGB@GroupColorConverter@@QAAKK@Z 10012de0 f   gperotate:swconvrt.obj
 0001:00011e50       ?MaskedSrcToBGR@MaskColorConverter@@QAAKK@Z 10012e50 f   gperotate:swconvrt.obj
 0001:00011ec0       ?RGBSrcToMaskedDst@MaskColorConverter@@QAAKK@Z 10012ec0 f   gperotate:swconvrt.obj
 0001:00011f04       ?BGRSrcToMaskedDst@MaskColorConverter@@QAAKK@Z 10012f04 f   gperotate:swconvrt.obj
 0001:00011f48       ?MaskedSrcToMaskedDst@MaskColorConverter@@QAAKK@Z 10012f48 f   gperotate:swconvrt.obj
 0001:00011fc8       ?AnyToMono@MonoColorConverter@@QAAKK@Z 10012fc8 f   gperotate:swconvrt.obj
 0001:00011fdc       DrvRealizeColor            10012fdc f   gperotate:swconvrt.obj
 0001:00012150       DrvUnrealizeColor          10013150 f   gperotate:swconvrt.obj
 0001:0001225c       ?Init@LookupColorConverter@@QAAXPAU_XLATEOBJ@@@Z 1001325c f   gperotate:swconvrt.obj
 0001:00012440       ?MaskedSrcToPaletteDst@GroupColorConverter@@QAAKK@Z 10013440 f   gperotate:swconvrt.obj
 0001:000125f0       ?AllocConverters@@YAHXZ    100135f0 f   gperotate:swconvrt.obj
 0001:000126a0       ?FreeConverters@@YAXXZ     100136a0 f   gperotate:swconvrt.obj
 0001:00012700       ?InitConverter@ColorConverter@@SAXPAU_XLATEOBJ@@PAPAV1@PAP81@AAKK@ZPAPAK@Z 10013700 f   gperotate:swconvrt.obj
 0001:00012950       ?SafeCallLine@@YAJPAVGPE@@PAUGPELineParms@@@Z 10013950 f   gperotate:drvstrok.obj
 0001:000129a0       DrvStrokePath              100139a0 f   gperotate:drvstrok.obj
 0001:000132e4       ?AATextBltDst8@AATextBlt@@QAAJPAUGPEBltParms@@@Z 100142e4 f   gperotate:aablt.obj
 0001:00013490       ?SetGamma@AAMASKINFO@@QAAXM@Z 10014490 f i gperotate:aablt.obj
 0001:00013690       ?BlendPixelAA@AAMASKINFO@@QAAKKE@Z 10014690 f   gperotate:aablt.obj
 0001:00013b00       ?SetAAGammaValue@@YAHKH@Z  10014b00 f   gperotate:aablt.obj
 0001:00013c20       ?AATextBltDst16@AATextBlt@@QAAJPAUGPEBltParms@@@Z 10014c20 f   gperotate:aablt.obj
 0001:00013e34       ?AATextBltDst24@AATextBlt@@QAAJPAUGPEBltParms@@@Z 10014e34 f   gperotate:aablt.obj
 0001:00014070       ?AATextBltDst32@AATextBlt@@QAAJPAUGPEBltParms@@@Z 10015070 f   gperotate:aablt.obj
 0001:00014284       ?AATextBltInit@@YAHP6AXPAK00@Z@Z 10015284 f   gperotate:aablt.obj
 0001:000142a4       ?AATextBltSelect@@YAJPAUGPEBltParms@@@Z 100152a4 f   gperotate:aablt.obj
 0001:000143f4       ?vClearTypeLookupTableLoop@@YAXKPAU_BLENDINFO@@KKPAVGPESurf@@@Z 100153f4 f   gperotate:rctblt.obj
 0001:000147c0       ?ulBlendPixelCT@@YAKPAU_BLENDINFO@@KPAU_F_RGB@@@Z 100157c0 f   gperotate:rctblt.obj
 0001:000148fc       ?ulBlendPixelCT8bpp@@YAKPAU_BLENDINFO@@KPAU_F_RGB@@@Z 100158fc f   gperotate:rctblt.obj
 0001:000149d8       ?SetClearTypeBltMasks@@YAXKKK@Z 100159d8 f   gperotate:rctblt.obj
 0001:00014ab4       ?SetClearTypeBltGamma@@YAXK@Z 10015ab4 f   gperotate:rctblt.obj
 0001:00014c74       ?GetGammaValue@@YAHPAK@Z   10015c74 f   gperotate:rctblt.obj
 0001:00014c90       ?SetGammaValue@@YAHKH@Z    10015c90 f   gperotate:rctblt.obj
 0001:00014e34       ?pvFillOpaqTableCT@@YAPAXKKKPAVGPESurf@@PAU_BLENDINFO@@@Z 10015e34 f   gperotate:rctblt.obj
 0001:00014ef0       ?ClearTypeBltInit@@YAHPAUGPEMode@@PAKPAUtagPALETTEENTRY@@I@Z 10015ef0 f   gperotate:rctblt.obj
 0001:0001504c       ?ClearTypeBltDst16@ClearTypeBlt@@QAAJPAUGPEBltParms@@@Z 1001604c f   gperotate:rctblt.obj
 0001:0001522c       ?ClearTypeBltDst24@ClearTypeBlt@@QAAJPAUGPEBltParms@@@Z 1001622c f   gperotate:rctblt.obj
 0001:00015424       ?ClearTypeBltDst32@ClearTypeBlt@@QAAJPAUGPEBltParms@@@Z 10016424 f   gperotate:rctblt.obj
 0001:00015604       ?ClearTypeBltDst8@ClearTypeBlt@@QAAJPAUGPEBltParms@@@Z 10016604 f   gperotate:rctblt.obj
 0001:000157d4       ?ClearTypeBltSelect@@YAJPAUGPEBltParms@@@Z 100167d4 f   gperotate:rctblt.obj
 0001:00015870       ??0TmpGPESurf@@QAA@PAU_SURFOBJ@@0PAV0@@Z 10016870 f   gperotate:tmpgpesurf.obj
 0001:00015950       ??0EdgeList@@QAA@H@Z       10016950 f   gperotate:swfill.obj
 0001:00015998       ??1EdgeList@@QAA@XZ        10016998 f   gperotate:swfill.obj
 0001:000159b4       ?AddEdge@EdgeList@@QAAJJJJJ@Z 100169b4 f   gperotate:swfill.obj
 0001:00015be8       ?Fill@EdgeList@@QAAJPAUGPEBltParms@@PAU_RECTL@@PAVGPE@@@Z 10016be8 f   gperotate:swfill.obj
 0001:00016088       ?drvRectFill32@@YAXPAVGPESurf@@PAU_DRVGRADIENTRECTDATA@@@Z 10017088 f   gperotate:rdrvgradfill.obj
 0001:000167c8       ?drvRectFill24@@YAXPAVGPESurf@@PAU_DRVGRADIENTRECTDATA@@@Z 100177c8 f   gperotate:rdrvgradfill.obj
 0001:00016e08       ?drvRectFill16@@YAXPAVGPESurf@@PAU_DRVGRADIENTRECTDATA@@H@Z 10017e08 f   gperotate:rdrvgradfill.obj
 0001:00017300       ?drvRectFill16_565@@YAXPAVGPESurf@@PAU_DRVGRADIENTRECTDATA@@@Z 10018300 f   gperotate:rdrvgradfill.obj
 0001:00017314       ?drvRectFill16_555@@YAXPAVGPESurf@@PAU_DRVGRADIENTRECTDATA@@@Z 10018314 f   gperotate:rdrvgradfill.obj
 0001:0001736c       ?drvRectFill16Bitfields@@YAXPAVGPESurf@@PAU_DRVGRADIENTRECTDATA@@@Z 1001836c f   gperotate:rdrvgradfill.obj
 0001:00017380       ?drvRectFillPalIndex@@YAXPAVGPESurf@@PAU_DRVGRADIENTRECTDATA@@H@Z 10018380 f   gperotate:rdrvgradfill.obj
 0001:00017858       ?drvRectFill8@@YAXPAVGPESurf@@PAU_DRVGRADIENTRECTDATA@@@Z 10018858 f   gperotate:rdrvgradfill.obj
 0001:0001786c       ?drvRectFill4@@YAXPAVGPESurf@@PAU_DRVGRADIENTRECTDATA@@@Z 1001886c f   gperotate:rdrvgradfill.obj
 0001:00017880       ?drvRectFill1@@YAXPAVGPESurf@@PAU_DRVGRADIENTRECTDATA@@@Z 10018880 f   gperotate:rdrvgradfill.obj
 0001:00017f78       DrvGradientFill            10018f78 f   gperotate:rdrvgradfill.obj
 0001:000187e0       DrvAlphaBlend              100197e0 f   gperotate:drvalphablend.obj
 0001:00018868       GenBltInitialize           10019868 f   gperotate:genblt.obj
 0001:00018a20       ?ClockOverflow@@YAXXZ      10019a20 f   gperotate:genblt.obj
 0001:00018a60       ?FunctionCacheLookup@@YAPAUGenBltFunction@@PAUGenBltSignature@@@Z 10019a60 f   gperotate:genblt.obj
 0001:00018acc       ?GetFnCacheMem@@YAPAUGenBltFunction@@PAUGenBltSignature@@@Z 10019acc f   gperotate:genblt.obj
 0001:00018b4c       ?GetBltFunction@@YAPAUGenBltFunction@@PAUGenBltSignature@@@Z 10019b4c f   gperotate:genblt.obj
 0001:00018c00       ?GPEFormatToGenBltFormat@@YA?AW4GenBltFormat@@PAVGPEFormat@@W4EGPEFormat@@@Z 10019c00 f   gperotate:genblt.obj
 0001:00018d78       GenBltSetMode              10019d78 f   gperotate:genblt.obj
 0001:00018f84       ?GenerateSignature@@YAHPAUGPEBltParms@@PAUGenBltSignature@@@Z 10019f84 f   gperotate:genblt.obj
 0001:00019410       ?ProcessROP3@@YAKKKKEE@Z   1001a410 f   gperotate:blthelpers.obj
 0001:000194d0       ?RGBError@@YAKKK@Z         1001a4d0 f   gperotate:blthelpers.obj
 0001:00019514       ?FillMasksAndShifts@@YAXPAVGPESurf@@PAK1@Z 1001a514 f   gperotate:blthelpers.obj
 0001:00019584       ?ClipRect@@YA_NPAU_RECTL@@PBU1@1@Z 1001a584 f   gperotate:blthelpers.obj
 0001:00019604       ?AveragePixels@@YAKKKHHPAK0@Z 1001a604 f   gperotate:blthelpers.obj
 0001:00019764       ?AverageAndClampPixels@@YAKKKHHPAK0@Z 1001a764 f   gperotate:blthelpers.obj
 0001:00019908       ?HalftoneBlend16Bpp@@YAXPAEKHHPAK1@Z 1001a908 f   gperotate:blthelpers.obj
 0001:00019940       ?HalftoneBlend24Bpp@@YAXPAEKHHPAK1@Z 1001a940 f   gperotate:blthelpers.obj
 0001:00019994       ?HalftoneBlend32Bpp@@YAXPAEKHHPAK1@Z 1001a994 f   gperotate:blthelpers.obj
 0001:000199c8       ?InitPixelIterator@PixelIterator@@QAAXPAVGPESurf@@HHPAU_RECTL@@HH@Z 1001a9c8 f   gperotate:pixeliterator.obj
 0001:00019b98       ?InitPixelIterator@PixelIteratorRotate@@QAAXPAVGPESurf@@HHPAU_RECTL@@HH@Z 1001ab98 f   gperotate:pixeliterator.obj
 0001:00019cf8       ?GetPtr@PixelIteratorRotate@@QAAPAEXZ 1001acf8 f   gperotate:pixeliterator.obj
 0001:00019de4       ?InitBrushPixelIterator@BrushPixelIterator@@QAAXPAVGPESurf@@HHPAU_RECTL@@@Z 1001ade4 f   gperotate:pixeliterator.obj
 0001:00019ed0       ?WrappedGeneratedBlt@GPE@@QAAJPAUGPEBltParms@@@Z 1001aed0 f   gperotate:genbltgpe.obj
 0001:00019fd0       GeneratedBltSelect         1001afd0 f   gperotate:genbltgpe.obj
 0001:0001a020       EmulatedBltSelect02        1001b020 f   gperotate:ebbltsel.obj
 0001:0001a028       EmulatedBltSelect08        1001b028 f   gperotate:ebbltsel.obj
 0001:0001a250       EmulatedBltSelect16        1001b250 f   gperotate:ebbltsel.obj
 0001:0001a424       ?IsSurface_R5_G6_B5@@YAHPAVGPESurf@@@Z 1001b424 f i gperotate:fastblt.obj
 0001:0001a47c       ?IsSurface_A8_R8_G8_B8@@YAHPAVGPESurf@@@Z 1001b47c f i gperotate:fastblt.obj
 0001:0001a4e0       ?CanUse_Blt_Stretch_Alpha_32To16at565@@YAHPAUGPEBltParms@@@Z 1001b4e0 f i gperotate:fastblt.obj
 0001:0001a5dc       ?Blt_Stretch_Alpha_32To16at565@Emulator@@QAAJPAUGPEBltParms@@@Z 1001b5dc f   gperotate:fastblt.obj
 0001:0001ad78       ?CanUse_Blt_NoStretch_Alpha_32To16at565@@YAHPAUGPEBltParms@@@Z 1001bd78 f i gperotate:fastblt.obj
 0001:0001adb4       ?Blt_NoStretch_Alpha_32To16at565@Emulator@@QAAJPAUGPEBltParms@@@Z 1001bdb4 f   gperotate:fastblt.obj
 0001:0001b100       ?CanUse_Blt_NoStretch_Alpha_24To24@@YAHPAUGPEBltParms@@@Z 1001c100 f i gperotate:fastblt.obj
 0001:0001b198       ?Blt_NoStretch_Alpha_24To24_Aligned@@YAJPAKH0HHHK@Z 1001c198 f   gperotate:fastblt.obj
 0001:0001b2dc       ?Blt_NoStretch_Alpha_24To24@Emulator@@QAAJPAUGPEBltParms@@@Z 1001c2dc f   gperotate:fastblt.obj
 0001:0001b4b4       ?CanUse_Blt_NoStretch_Alpha_16To16@@YAHPAUGPEBltParms@@@Z 1001c4b4 f i gperotate:fastblt.obj
 0001:0001b55c       ?Blt_NoStretch_Alpha_16To16@Emulator@@QAAJPAUGPEBltParms@@@Z 1001c55c f   gperotate:fastblt.obj
 0001:0001b738       ?CanUse_Blt_NoStretch_Trans_16To16@@YAHPAUGPEBltParms@@@Z 1001c738 f i gperotate:fastblt.obj
 0001:0001b7d4       ?Blt_NoStretch_Trans_16To16@Emulator@@QAAJPAUGPEBltParms@@@Z 1001c7d4 f   gperotate:fastblt.obj
 0001:0001b89c       ?CanUse_Blt_Stretch_Trans_16To16@@YAHPAUGPEBltParms@@@Z 1001c89c f i gperotate:fastblt.obj
 0001:0001b93c       ?CanUse_Blt_NoStretch_NoTrans_32To16at565@@YAHPAUGPEBltParms@@@Z 1001c93c f i gperotate:fastblt.obj
 0001:0001b9d4       ?Blt_NoStretch_NoTrans_32To16at565@Emulator@@QAAJPAUGPEBltParms@@@Z 1001c9d4 f   gperotate:fastblt.obj
 0001:0001baa0       ?CanUse_Blt_NoStretch_NoTrans_16at565To32@@YAHPAUGPEBltParms@@@Z 1001caa0 f i gperotate:fastblt.obj
 0001:0001bb44       ?Blt_NoStretch_NoTrans_16at565To32@Emulator@@QAAJPAUGPEBltParms@@@Z 1001cb44 f   gperotate:fastblt.obj
 0001:0001bc0c       ?CanUse_Blt_NoStretch_NoTrans_24To24@@YAHPAUGPEBltParms@@@Z 1001cc0c f i gperotate:fastblt.obj
 0001:0001bca4       ?Blt_NoStretch_NoTrans_24To24@Emulator@@QAAJPAUGPEBltParms@@@Z 1001cca4 f   gperotate:fastblt.obj
 0001:0001bd5c       ?CanUse_Blt_NoStretch_NoTrans_16To16@@YAHPAUGPEBltParms@@@Z 1001cd5c f i gperotate:fastblt.obj
 0001:0001bdf4       ?Blt_NoStretch_NoTrans_16To16@Emulator@@QAAJPAUGPEBltParms@@@Z 1001cdf4 f   gperotate:fastblt.obj
 0001:0001bea8       ?CanUse_Blt_Text_32@@YAHPAUGPEBltParms@@@Z 1001cea8 f i gperotate:fastblt.obj
 0001:0001bf34       ?Blt_Text_32@Emulator@@QAAJPAUGPEBltParms@@@Z 1001cf34 f   gperotate:fastblt.obj
 0001:0001c02c       ?CanUse_Blt_Fill_32@@YAHPAUGPEBltParms@@@Z 1001d02c f i gperotate:fastblt.obj
 0001:0001c088       ?Blt_Fill_32@Emulator@@QAAJPAUGPEBltParms@@@Z 1001d088 f   gperotate:fastblt.obj
 0001:0001c120       ?CanUse_Blt_Fill_24@@YAHPAUGPEBltParms@@@Z 1001d120 f i gperotate:fastblt.obj
 0001:0001c17c       ?Blt_Fill_24@Emulator@@QAAJPAUGPEBltParms@@@Z 1001d17c f   gperotate:fastblt.obj
 0001:0001c234       ?Blt_Stretch_Trans_16To16@Emulator@@QAAJPAUGPEBltParms@@@Z 1001d234 f   gperotate:fastblt.obj
 0001:0001c8d4       FastBltSelect              1001d8d4 f   gperotate:fastblt.obj
 0001:0001cac0       GenBltCpuInitialize        1001dac0 f   gperotate:genblt_arm.obj
 0001:0001caec       ?RopRecurse@@YAFPAKF@Z     1001daec f   gperotate:parse.obj
 0001:0001cc0c       ?ConvertRecurse@@YAFPAKKF@Z 1001dc0c f   gperotate:parse.obj
 0001:0001ce04       ?GenBltInvariantParser@@YA_NPAK0PAUGenBltSignature@@@Z 1001de04 f   gperotate:parse.obj
 0001:0001d0f0       ?InvariantRecurse@@YAFPAKKKHF@Z 1001e0f0 f   gperotate:parse.obj
 0001:0001d438       ?InvariantInitialize@@YAHPAK@Z 1001e438 f   gperotate:parse.obj
 0001:0001d674       ?BRegFromBltSig@@YAKPAUGenBltSignature@@@Z 1001e674 f   gperotate:initregs.obj
 0001:0001d7c8       ?InitPCodeRegs@@YAXPAUGPEBltParms@@PAUPCodeRegisters_t@@@Z 1001e7c8 f   gperotate:initregs.obj
 0001:0001e53c       ?EmulatedBltSrcCopy0108@Emulator@@QAAJPAUGPEBltParms@@@Z 1001f53c f   gperotate:ebcp0108.obj
 0001:0001e9b0       ?EmulatedBltSrcCopy0408@Emulator@@QAAJPAUGPEBltParms@@@Z 1001f9b0 f   gperotate:ebcp0408.obj
 0001:0001eb3c       ?EmulatedBltSrcCopy0808@Emulator@@QAAJPAUGPEBltParms@@@Z 1001fb3c f   gperotate:ebcopy08.obj
 0001:0001eebc       ?EmulatedBltSrcPaint0808@Emulator@@QAAJPAUGPEBltParms@@@Z 1001febc f   gperotate:ebspnt08.obj
 0001:0001f2bc       ?EmulatedBltPatternCopy08@Emulator@@QAAJPAUGPEBltParms@@@Z 100202bc f   gperotate:ebpcpy08.obj
 0001:0001f698       ?EmulatedBltAlphaText08@Emulator@@QAAJPAUGPEBltParms@@@Z 10020698 f   gperotate:ebalph08.obj
 0001:0001f6b8       ?EmulatedBltText08@Emulator@@QAAJPAUGPEBltParms@@@Z 100206b8 f   gperotate:ebtext08.obj
 0001:0001f810       ?EmulatedBltFill08@Emulator@@QAAJPAUGPEBltParms@@@Z 10020810 f   gperotate:ebfill08.obj
 0001:0001f8a4       ?EmulatedBltDstInvert08@Emulator@@QAAJPAUGPEBltParms@@@Z 100208a4 f   gperotate:ebdinv08.obj
 0001:0001f9ac       ?EmulatedBltPatInvert08@Emulator@@QAAJPAUGPEBltParms@@@Z 100209ac f   gperotate:ebpinv08.obj
 0001:0001fad4       ?EmulatedBltPatternInvert08@Emulator@@QAAJPAUGPEBltParms@@@Z 10020ad4 f   gperotate:ebp08.obj
 0001:0001fd38       ?EmulatedBltSrcInvert0808@Emulator@@QAAJPAUGPEBltParms@@@Z 10020d38 f   gperotate:ebsinv08.obj
 0001:00020138       ?EmulatedBltSrcAnd0808@Emulator@@QAAJPAUGPEBltParms@@@Z 10021138 f   gperotate:ebsand08.obj
 0001:00020538       ?EmulatedBltSrcPaint1616@Emulator@@QAAJPAUGPEBltParms@@@Z 10021538 f   gperotate:ebspnt16.obj
 0001:00020938       ?EmulatedBltSrcCopy0116@Emulator@@QAAJPAUGPEBltParms@@@Z 10021938 f   gperotate:ebcp0116.obj
 0001:00020db0       ?EmulatedBltSrcCopy0416@Emulator@@QAAJPAUGPEBltParms@@@Z 10021db0 f   gperotate:ebcp0416.obj
 0001:00020f40       ?EmulatedBltSrcCopy1616@Emulator@@QAAJPAUGPEBltParms@@@Z 10021f40 f   gperotate:ebcopy16.obj
 0001:000212e8       ?EmulatedBltFill16@Emulator@@QAAJPAUGPEBltParms@@@Z 100222e8 f   gperotate:ebfill16.obj
 0001:000213a8       ?EmulatedBltSrcInvert1616@Emulator@@QAAJPAUGPEBltParms@@@Z 100223a8 f   gperotate:ebsinv16.obj
 0001:000217a8       ?EmulatedBltSrcAnd1616@Emulator@@QAAJPAUGPEBltParms@@@Z 100227a8 f   gperotate:ebsand16.obj
 0001:00021ba8       ?EmulatedBltAlphaText16@Emulator@@QAAJPAUGPEBltParms@@@Z 10022ba8 f   gperotate:ebalph16.obj
 0001:00021bc8       ?EmulatedBltText16@Emulator@@QAAJPAUGPEBltParms@@@Z 10022bc8 f   gperotate:ebtext16.obj
 0001:00021d20       VirtualAllocCopyPhysical   10022d20 f   pxa27x_ms_v1_drvlib:valloc.obj
 0001:00021e10       XllpLCDLoadPalette         10022e10 f   pxa27x_ms_v1_xllp:xllp_lcd.obj
 0001:00021ec0       XllpLCDSuspend             10022ec0 f   pxa27x_ms_v1_xllp:xllp_lcd.obj
 0001:00021f24       LCDInitController          10022f24 f   pxa27x_ms_v1_xllp:xllp_lcd.obj
 0001:00022698       LCDSetupGPIOs              10023698 f   pxa27x_ms_v1_xllp:xllp_lcd.obj
 0001:00022858       XllpLCDInit                10023858 f   pxa27x_ms_v1_xllp:xllp_lcd.obj
 0001:000228b4       XllpLCDResume              100238b4 f   pxa27x_ms_v1_xllp:xllp_lcd.obj
 0001:000228c4       XllpOstDelayMicroSeconds   100238c4 f   pxa27x_ms_v1_xllp:xllp_ost.obj
 0001:000228f4       XllpOstDelayMilliSeconds   100238f4 f   pxa27x_ms_v1_xllp:xllp_ost.obj
 0001:00022930       XllpI2cInit                10023930 f   pxa27x_ms_v1_xllp:xllp_i2c.obj
 0001:00022988       XllpLock                   10023988 f   pxa27x_ms_v1_xllp:xllp_serialization.obj
 0001:00022990       XllpUnlock                 10023990 f   pxa27x_ms_v1_xllp:xllp_serialization.obj
 0001:00022a98       _DllMainCRTStartup         10023a98 f   corelib0:pegdmain.obj
 0001:00022ac8       __GSHandlerCheckCommon     10023ac8 f   corelib0:gshandler.obj
 0001:00022b04       __GSHandlerCheck           10023b04 f   corelib0:gshandler.obj
 0001:00022b28       __security_init_cookie     10023b28 f   corelib0:seccinit.obj
 0001:00022b84       __security_check_cookie    10023b84 f   corelib0:armsecgs.obj
 0001:00022b98       __gsfailure                10023b98 f   corelib0:armsecgs.obj
 0001:00022cd8       _cexit                     10023cd8 f   corelib0:cexit.obj
 0001:00022cf4       _initterm                  10023cf4 f   corelib0:crt0dat.obj
 0001:00022d28       _cinit                     10023d28 f   corelib0:crt0dat.obj
 0001:00022d5c       memcpy                     10023d5c f   corelib1:COREDLL.dll
 0001:00022d6c       ??2@YAPAXI@Z               10023d6c f   corelib1:COREDLL.dll
 0001:00022d7c       swscanf                    10023d7c f   corelib1:COREDLL.dll
 0001:00022d8c       __C_specific_handler       10023d8c f   corelib1:COREDLL.dll
 0001:00022d9c       ??3@YAXPAX@Z               10023d9c f   corelib1:COREDLL.dll
 0001:00022dac       memset                     10023dac f   corelib1:COREDLL.dll
 0001:00022dbc       __rt_udiv                  10023dbc f   corelib1:COREDLL.dll
 0001:00022dcc       _wcsicmp                   10023dcc f   corelib1:COREDLL.dll
 0001:00022ddc       _purecall                  10023ddc f   corelib1:COREDLL.dll
 0001:00022dec       malloc                     10023dec f   corelib1:COREDLL.dll
 0001:00022dfc       free                       10023dfc f   corelib1:COREDLL.dll
 0001:00022e0c       memmove                    10023e0c f   corelib1:COREDLL.dll
 0001:00022e1c       _XcptFilter                10023e1c f   corelib1:COREDLL.dll
 0001:00022e2c       __security_gen_cookie2     10023e2c f   corelib1:COREDLL.dll
 0001:00022e3c       __report_gsfailure         10023e3c f   corelib1:COREDLL.dll
 0001:00022e4c       DisableThreadLibraryCalls  10023e4c f   coredll:COREDLL.dll
 0001:00022e5c       RegSetValueExW             10023e5c f   coredll:COREDLL.dll
 0001:00022e6c       RegCreateKeyExW            10023e6c f   coredll:COREDLL.dll
 0001:00022e7c       LocalAlloc                 10023e7c f   coredll:COREDLL.dll
 0001:00022e8c       LocalFree                  10023e8c f   coredll:COREDLL.dll
 0001:00022e9c       LocalReAlloc               10023e9c f   coredll:COREDLL.dll
 0001:00022eac       CeSetExtendedPdata         10023eac f   coredll:COREDLL.dll
 0001:00022ebc       CacheRangeFlush            10023ebc f   coredll:COREDLL.dll
 0001:00022ecc       GetLastError               10023ecc f   coredll:COREDLL.dll
 0001:00022edc       DeleteCriticalSection      10023edc f   coredll:COREDLL.dll
 0001:00022eec       InterlockedExchange        10023eec f   coredll:COREDLL.dll
 0001:00022efc       TerminateProcess           10023efc f   coredll:COREDLL.dll
 0001:00022fcc       __IMPORT_DESCRIPTOR_COREDLL 10023fcc     coredll:COREDLL.dll
 0001:00022fe0       __IMPORT_DESCRIPTOR_CEDDK  10023fe0     ceddk:CEDDK.dll
 0001:00022ff4       __NULL_IMPORT_DESCRIPTOR   10023ff4     coredll:COREDLL.dll
 0002:00000000       dirtyRectDump_core_ASM     10025000     dirtyrectdumpcore_asm.obj
 0002:00000118       Memmove1616_ASM_LE16       10025118     ebcccc_opt.obj
 0002:000001a8       Memmove1616_ASM_GT16       100251a8     ebcccc_opt.obj
 0002:000003f0       EmulatedBltSrcCopy1616ASM  100253f0     ebcccc_opt.obj
 0003:00000000       dirtyRectDump_core_wop_ASM 10026000     dirtyrectdumpcore_asm.obj
 0003:00000228       ellipse_core_ASM           10026228     dirtyrectdumpcore_asm.obj
 0004:00000000       EmulatedBltText16ASM       10027000     ebtext16_opt.obj
 0005:00000000       EmulatedBltFill16ASM       10028000     ebfill16_opt.obj
 0006:00000000       __imp_HalFreeCommonBuffer  10029000     ceddk:CEDDK.dll
 0006:00000004       __imp_HalAllocateCommonBuffer 10029004     ceddk:CEDDK.dll
 0006:00000008       \177CEDDK_NULL_THUNK_DATA  10029008     ceddk:CEDDK.dll
 0006:0000000c       __imp_StringCchCatW        1002900c     coredll:COREDLL.dll
 0006:00000010       __imp_StringCchCopyW       10029010     coredll:COREDLL.dll
 0006:00000014       __imp_GetModuleFileNameW   10029014     coredll:COREDLL.dll
 0006:00000018       __imp_RegCloseKey          10029018     coredll:COREDLL.dll
 0006:0000001c       __imp_RegQueryValueExW     1002901c     coredll:COREDLL.dll
 0006:00000020       __imp_RegOpenKeyExW        10029020     coredll:COREDLL.dll
 0006:00000024       __imp_SetLastError         10029024     coredll:COREDLL.dll
 0006:00000028       __imp_LeaveCriticalSection 10029028     coredll:COREDLL.dll
 0006:0000002c       __imp_EnterCriticalSection 1002902c     coredll:COREDLL.dll
 0006:00000030       __imp_AdvertiseInterface   10029030     coredll:COREDLL.dll
 0006:00000034       __imp_VirtualSetAttributes 10029034     coredll:COREDLL.dll
 0006:00000038       __imp_VirtualCopy          10029038     coredll:COREDLL.dll
 0006:0000003c       __imp_VirtualAlloc         1002903c     coredll:COREDLL.dll
 0006:00000040       __imp_CreateEventW         10029040     coredll:COREDLL.dll
 0006:00000044       __imp_InitializeCriticalSection 10029044     coredll:COREDLL.dll
 0006:00000048       __imp_RemoteLocalFree      10029048     coredll:COREDLL.dll
 0006:0000004c       __imp_RemoteLocalAlloc     1002904c     coredll:COREDLL.dll
 0006:00000050       __imp_MulDiv               10029050     coredll:COREDLL.dll
 0006:00000054       __imp_DevicePowerNotify    10029054     coredll:COREDLL.dll
 0006:00000058       __imp_VirtualFree          10029058     coredll:COREDLL.dll
 0006:0000005c       __imp_NKDbgPrintfW         1002905c     coredll:COREDLL.dll
 0006:00000060       __imp_memcpy               10029060     corelib1:COREDLL.dll
 0006:00000064       __imp_??2@YAPAXI@Z         10029064     corelib1:COREDLL.dll
 0006:00000068       __imp_swscanf              10029068     corelib1:COREDLL.dll
 0006:0000006c       __imp___C_specific_handler 1002906c     corelib1:COREDLL.dll
 0006:00000070       __imp_??3@YAXPAX@Z         10029070     corelib1:COREDLL.dll
 0006:00000074       __imp_memset               10029074     corelib1:COREDLL.dll
 0006:00000078       __imp___rt_udiv            10029078     corelib1:COREDLL.dll
 0006:0000007c       __imp__wcsicmp             1002907c     corelib1:COREDLL.dll
 0006:00000080       __imp__purecall            10029080     corelib1:COREDLL.dll
 0006:00000084       __imp___rt_sdiv            10029084     corelib1:COREDLL.dll
 0006:00000088       __imp_malloc               10029088     corelib1:COREDLL.dll
 0006:0000008c       __imp_free                 1002908c     corelib1:COREDLL.dll
 0006:00000090       __imp___divs               10029090     corelib1:COREDLL.dll
 0006:00000094       __imp___itos               10029094     corelib1:COREDLL.dll
 0006:00000098       __imp___adds               10029098     corelib1:COREDLL.dll
 0006:0000009c       __imp___stod               1002909c     corelib1:COREDLL.dll
 0006:000000a0       __imp_pow                  100290a0     corelib1:COREDLL.dll
 0006:000000a4       __imp___dtos               100290a4     corelib1:COREDLL.dll
 0006:000000a8       __imp___muls               100290a8     corelib1:COREDLL.dll
 0006:000000ac       __imp___subs               100290ac     corelib1:COREDLL.dll
 0006:000000b0       __imp___stou               100290b0     corelib1:COREDLL.dll
 0006:000000b4       __imp___utos               100290b4     corelib1:COREDLL.dll
 0006:000000b8       __imp___rt_sdiv64by64      100290b8     corelib1:COREDLL.dll
 0006:000000bc       __imp_memmove              100290bc     corelib1:COREDLL.dll
 0006:000000c0       __imp__XcptFilter          100290c0     corelib1:COREDLL.dll
 0006:000000c4       __imp___security_gen_cookie2 100290c4     corelib1:COREDLL.dll
 0006:000000c8       __imp___report_gsfailure   100290c8     corelib1:COREDLL.dll
 0006:000000cc       __imp_DisableThreadLibraryCalls 100290cc     coredll:COREDLL.dll
 0006:000000d0       __imp_RegSetValueExW       100290d0     coredll:COREDLL.dll
 0006:000000d4       __imp_RegCreateKeyExW      100290d4     coredll:COREDLL.dll
 0006:000000d8       __imp_LocalAlloc           100290d8     coredll:COREDLL.dll
 0006:000000dc       __imp_LocalFree            100290dc     coredll:COREDLL.dll
 0006:000000e0       __imp_LocalReAlloc         100290e0     coredll:COREDLL.dll
 0006:000000e4       __imp_CeSetExtendedPdata   100290e4     coredll:COREDLL.dll
 0006:000000e8       __imp_CacheRangeFlush      100290e8     coredll:COREDLL.dll
 0006:000000ec       __imp_GetLastError         100290ec     coredll:COREDLL.dll
 0006:000000f0       __imp_DeleteCriticalSection 100290f0     coredll:COREDLL.dll
 0006:000000f4       __imp_InterlockedExchange  100290f4     coredll:COREDLL.dll
 0006:000000f8       __imp_TerminateProcess     100290f8     coredll:COREDLL.dll
 0006:000000fc       \177COREDLL_NULL_THUNK_DATA 100290fc     coredll:COREDLL.dll
 0006:00000100       ?_rgbIdentity@@3PAUtagPALETTEENTRY@@A 10029100     sa2video.obj
 0006:00000500       ?DisplayDrvPowerCaps@@3U_POWER_CAPABILITIES@@A 10029500     sa2video.obj
 0006:00000530       ?BitMasks@@3PAKA           10029530     sa2video.obj
 0006:0000053c       ?cbDDCallbacks@@3U_DDHAL_DDCALLBACKS@@A 1002953c     halcaps.obj
 0006:00000558       ?cbDDSurfaceCallbacks@@3U_DDHAL_DDSURFACECALLBACKS@@A 10029558     halcaps.obj
 0006:000005a8       ?gaMix@@3PAEA              100295a8     gperotate:ddi_if.obj
 0006:000009f0       ?gulGamma@@3KA             100299f0     gperotate:rctblt.obj
 0006:000009f4       ?szGamma@@3PAGA            100299f4     gperotate:rctblt.obj
 0006:00000a18       ?szGammaValue@@3PAGA       10029a18     gperotate:rctblt.obj
 0006:00000a30       ?alAlpha@@3PAJA            10029a30     gperotate:rctblt.obj
 0006:00000a50       ?ajGammaCT_10@@3PAEA       10029a50     gperotate:rctblt.obj
 0006:00000b50       ?ajGammaCT_11@@3PAEA       10029b50     gperotate:rctblt.obj
 0006:00000c50       ?ajGammaInvCT_11@@3PAEA    10029c50     gperotate:rctblt.obj
 0006:00000d50       ?ajGammaCT_12@@3PAEA       10029d50     gperotate:rctblt.obj
 0006:00000e50       ?ajGammaInvCT_12@@3PAEA    10029e50     gperotate:rctblt.obj
 0006:00000f50       ?ajGammaCT_13@@3PAEA       10029f50     gperotate:rctblt.obj
 0006:00001050       ?ajGammaInvCT_13@@3PAEA    1002a050     gperotate:rctblt.obj
 0006:00001150       ?ajGammaCT_14@@3PAEA       1002a150     gperotate:rctblt.obj
 0006:00001250       ?ajGammaInvCT_14@@3PAEA    1002a250     gperotate:rctblt.obj
 0006:00001350       ?ajGammaCT_15@@3PAEA       1002a350     gperotate:rctblt.obj
 0006:00001450       ?ajGammaInvCT_15@@3PAEA    1002a450     gperotate:rctblt.obj
 0006:00001550       ?ajGammaCT_16@@3PAEA       1002a550     gperotate:rctblt.obj
 0006:00001650       ?ajGammaInvCT_16@@3PAEA    1002a650     gperotate:rctblt.obj
 0006:00001750       ?ajGammaCT_17@@3PAEA       1002a750     gperotate:rctblt.obj
 0006:00001850       ?ajGammaInvCT_17@@3PAEA    1002a850     gperotate:rctblt.obj
 0006:00001950       ?ajGammaCT_18@@3PAEA       1002a950     gperotate:rctblt.obj
 0006:00001a50       ?ajGammaInvCT_18@@3PAEA    1002aa50     gperotate:rctblt.obj
 0006:00001b50       ?ajGammaCT_19@@3PAEA       1002ab50     gperotate:rctblt.obj
 0006:00001c50       ?ajGammaInvCT_19@@3PAEA    1002ac50     gperotate:rctblt.obj
 0006:00001d50       ?ajGammaCT_20@@3PAEA       1002ad50     gperotate:rctblt.obj
 0006:00001e50       ?ajGammaInvCT_20@@3PAEA    1002ae50     gperotate:rctblt.obj
 0006:00001f50       ?ajGammaCT_21@@3PAEA       1002af50     gperotate:rctblt.obj
 0006:00002050       ?ajGammaInvCT_21@@3PAEA    1002b050     gperotate:rctblt.obj
 0006:00002150       ?ajGammaCT_22@@3PAEA       1002b150     gperotate:rctblt.obj
 0006:00002250       ?ajGammaInvCT_22@@3PAEA    1002b250     gperotate:rctblt.obj
 0006:00002350       ?gaOutTable@@3PAU_F_RGB@@A 1002b350     gperotate:rctblt.obj
 0006:00002520       ?pfnDrvGradientFill@@3P6AHPAU_SURFOBJ@@PAU_CLIPOBJ@@PAU_XLATEOBJ@@PAU_TRIVERTEX@@KPAXKPAU_RECTL@@PAU_POINTL@@K@ZA 1002b520     gperotate:rdrvgradfill.obj
 0006:00002528       ?gulDither32@@3PAKA        1002b528     gperotate:rdrvgradfill.obj
 0006:00002568       ?gDitherMatrix16x16Halftone@@3PAEA 1002b568     gperotate:rdrvgradfill.obj
 0006:00002668       ?gDitherMatrix16x16Default@@3PAEA 1002b668     gperotate:rdrvgradfill.obj
 0006:00002768       ?vTranslateIdentity@@3PAEA 1002b768     gperotate:rdrvgradfill.obj
 0006:00002868       ?DefaultSaturationTable@@3PAEA 1002b868     gperotate:rdrvgradfill.obj
 0006:000029e8       ?Saturation16_5@@3PAEA     1002b9e8     gperotate:rdrvgradfill.obj
 0006:00002a28       ?Saturation16_6@@3PAEA     1002ba28     gperotate:rdrvgradfill.obj
 0006:00002aa8       ?pfnDrvAlphaBlend@@3P6AHPAU_SURFOBJ@@0PAU_CLIPOBJ@@PAU_XLATEOBJ@@PAU_RECTL@@3PAUtagBLENDOBJ@@@ZA 1002baa8     gperotate:drvalphablend.obj
 0006:00002ab0       ?g_pdwAnyBltPCode@@3PAKA   1002bab0     gperotate:genblt.obj
 0006:0000bd04       __security_cookie          10034d04     corelib0:seccinit.obj
 0006:0000bd08       __security_cookie_complement 10034d08     corelib0:seccinit.obj
 0006:0000bd20       ?v_pLcdRegs@@3PCULCDRegs@@C 10034d20     sa2video.obj
 0006:0000bd24       ?v_pGPIORegs@@3PCUXLLP_GPIO_T@@C 10034d24     sa2video.obj
 0006:0000bd28       ?bSuspended@@3HA           10034d28     sa2video.obj
 0006:0000bd2c       ?pGPE@@3PAVDDGPE@@A        10034d2c     sa2video.obj
 0006:0000bd34       gDrawCursorFlag            10034d34     dispdrvr.obj
 0006:0000bd38       gInPowerHandler            10034d38     dispdrvr.obj
 0006:0000bd3c       bDoRotation                10034d3c     dispdrvr.obj
 0006:0000bd40       activeFrameBuffer          10034d40     dispdrvr.obj
 0006:0000bd44       frameBufferSize            10034d44     dispdrvr.obj
 0006:0000bd48       gDibBuffer                 10034d48     dispdrvr.obj
 0006:0000bd4c       gFrameBuffer               10034d4c     dispdrvr.obj
 0006:0000bd50       gBlackFrameBuffer          10034d50     dispdrvr.obj
 0006:0000bd54       g_fDisableRotation         10034d54     dispdrvr.obj
 0006:0000bd58       g_fEnableDMASourceSwap     10034d58     dispdrvr.obj
 0006:0000bd5c       v_pLcdRegs                 10034d5c     dispdrvr.obj
 0006:0000bd60       v_pClkRegs                 10034d60     dispdrvr.obj
 0006:0000bd64       v_pGPIORegs                10034d64     dispdrvr.obj
 0006:0000bd68       frameDescriptorCh0fd1      10034d68     dispdrvr.obj
 0006:0000bd6c       frameDescriptorCh0fd2      10034d6c     dispdrvr.obj
 0006:0000bd70       frameDescriptorCh1         10034d70     dispdrvr.obj
 0006:0000bd74       frameDescriptorPalette     10034d74     dispdrvr.obj
 0006:0000bd78       frameDescriptorTemp        10034d78     dispdrvr.obj
 0006:0000bd7c       frameDescriptorCh2_YCbCr_Y 10034d7c     dispdrvr.obj
 0006:0000bd80       frameDescriptorCh3_YCbCr_Cb 10034d80     dispdrvr.obj
 0006:0000bd84       frameDescriptorCh4_YCbCr_Cr 10034d84     dispdrvr.obj
 0006:0000bd88       v_pPaletteBuffer           10034d88     dispdrvr.obj
 0006:0000bd8c       pOSCR                      10034d8c     dispdrvr.obj
 0006:0000bd90       v_pOSTRegs                 10034d90     dispdrvr.obj
 0006:0000bd94       v_pCIRegs                  10034d94     dispdrvr.obj
 0006:0000bd98       v_pI2C                     10034d98     dispdrvr.obj
 0006:0000bd9c       v_pDMAC                    10034d9c     dispdrvr.obj
 0006:0000bda0       halted                     10034da0     dispdrvr.obj
 0006:0000bda4       ?g_nVideoMemorySize@@3KA   10034da4     halcaps.obj
 0006:0000bda8       ?g_pVideoMemory@@3PAEA     10034da8     halcaps.obj
 0006:0000bdac       ?g_nTransparentColor@@3KA  10034dac     halcaps.obj
 0006:0000bdb0       PATHOBJ_vGetBounds         10034db0     gperotate:ddi_if.obj
 0006:0000bdb4       PATHOBJ_bEnum              10034db4     gperotate:ddi_if.obj
 0006:0000bdb8       PALOBJ_cGetColors          10034db8     gperotate:ddi_if.obj
 0006:0000bdbc       CLIPOBJ_bEnum              10034dbc     gperotate:ddi_if.obj
 0006:0000bdc0       EngGetPaletteFromPool      10034dc0     gperotate:ddi_if.obj
 0006:0000bdc4       EngAddPaletteToPool        10034dc4     gperotate:ddi_if.obj
 0006:0000bdc8       BRUSHOBJ_pvAllocRbrush     10034dc8     gperotate:ddi_if.obj
 0006:0000bdcc       BRUSHOBJ_pvGetRbrush       10034dcc     gperotate:ddi_if.obj
 0006:0000bdd0       CLIPOBJ_cEnumStart         10034dd0     gperotate:ddi_if.obj
 0006:0000bdd4       XLATEOBJ_cGetPalette       10034dd4     gperotate:ddi_if.obj
 0006:0000bdd8       PATHOBJ_vEnumStart         10034dd8     gperotate:ddi_if.obj
 0006:0000bddc       EngCreatePalette           10034ddc     gperotate:ddi_if.obj
 0006:0000bde0       EngCreateDeviceSurface     10034de0     gperotate:ddi_if.obj
 0006:0000bde4       EngDeleteSurface           10034de4     gperotate:ddi_if.obj
 0006:0000bde8       EngCreateDeviceBitmap      10034de8     gperotate:ddi_if.obj
 0006:0000bdec       EngReleasePooledPalette    10034dec     gperotate:ddi_if.obj
 0006:0000bdf0       pfnGetGPEPerCard           10034df0     gperotate:ddi_if.obj
 0006:0000bdf4       g_hmodDisplayDll           10034df4     gperotate:ddi_if.obj
 0006:0000bdf8       ?g_pxlo@@3PAU_XLATEOBJ@@A  10034df8     gperotate:ddi_if.obj
 0006:0000be08       ?gMaskedConverter@@3PAVMaskColorConverter@@A 10034e08     gperotate:swconvrt.obj
 0006:0000bf98       ?gLookupConverter@@3PAVLookupColorConverter@@A 10034f98     gperotate:swconvrt.obj
 0006:0000cfe8       ?gMonoConverter@@3PAVMonoColorConverter@@A 10035fe8     gperotate:swconvrt.obj
 0006:0000d010       ?gMaskedLRU@@3VLRU@@A      10036010     gperotate:swconvrt.obj
 0006:0000d024       ?gLookupLRU@@3VLRU@@A      10036024     gperotate:swconvrt.obj
 0006:0000d038       ?gMonoLRU@@3VLRU@@A        10036038     gperotate:swconvrt.obj
 0006:0000d04c       ?gGroupLRU@@3VLRU@@A       1003604c     gperotate:swconvrt.obj
 0006:0000d060       ?gGroupConverter@@3PAVGroupColorConverter@@A 10036060     gperotate:swconvrt.obj
 0006:0000ded0       ?pfnGetAAMaskBits@@3P6AXPAK00@ZA 10036ed0     gperotate:aablt.obj
 0006:0000df1c       ?gbHateMmx@@3HA            10036f1c     gperotate:rctblt.obj
 0006:0000e390       ?g_BltFnPData@@3U_xpdata@@A 10037390     gperotate:genblt.obj
 0006:0000e418       ?g_CpuFuncs@@3UGenBltCpuFuncs@@A 10037418     gperotate:genblt.obj
 0006:0000e434       ?g_pPCodeRegisters@@3PAUPCodeRegisters_t@@A 10037434     gperotate:genblt.obj
 0006:0000e438       ?g_BltClock@@3KA           10037438     gperotate:genblt.obj
 0006:0000e43c       ?g_fUseFastBlt@@3HA        1003743c     gperotate:fastblt.obj
 0006:0000fc58       _exitflag                  10038c58     corelib0:cexit.obj
 0006:0000fc5c       g_DisplayBlackBasePhysical 10038c5c     <common>
 0006:0000fc60       gCursorRect                10038c60     <common>
 0006:0000fc80       displayMutex               10038c80     <common>
 0006:0000fca0       frameDescriptorMutex       10038ca0     <common>
 0006:0000fcb4       gxHot                      10038cb4     <common>
 0006:0000fcc0       gCursorMask                10038cc0     <common>
 0006:000104c0       nDisplayType               100394c0     <common>
 0006:000104c4       DispDrvr_cxScreen          100394c4     <common>
 0006:000104c8       g_DisplayBaseVirtual       100394c8     <common>
 0006:000104cc       g_DisplayBlackBaseVirtual  100394cc     <common>
 0006:000104d0       hIntEventKnown             100394d0     <common>
 0006:000104e0       XllpLCD                    100394e0     <common>
 0006:00010568       g_DisplayBasePhysical      10039568     <common>
 0006:00010580       gCursorData                10039580     <common>
 0006:00010d80       gyHot                      10039d80     <common>
 0006:00010d84       DispDrvr_cyScreen          10039d84     <common>
 0006:00010d88       DispDrvr_cdwStride         10039d88     <common>
 0006:00010d8c       bpp                        10039d8c     <common>
 0006:00010d90       __onexitend                10039d90     <common>
 0006:00010d94       __onexitbegin              10039d94     <common>
 0006:00010d98       g_pcsExit                  10039d98     <common>
 0006:00010d9c       _pRawDllMain               10039d9c     <common>

 entry point at        0001:00022a98

 Static symbols

 0001:00006278       ?FillHelCaps@@YAXPAU_DDCAPS@@@Z 10007278 f   ddgpe:ddhinit.obj
 0001:00006848       ?AASetFormat@@YAJPAUGPEBltParms@@PAU_SURFOBJ@@@Z 10007848 f   gperotate:ddi_if.obj
 0001:000137a8       ?GetSurfaceMask@@YAXPAVGPESurf@@HPAK11@Z 100147a8 f   gperotate:aablt.obj
 0001:000138f0       ?GetAAMaskInfo@@YAXPAVGPESurf@@H@Z 100148f0 f   gperotate:aablt.obj
 0001:00013a0c       ?InitGamma@@YAXXZ          10014a0c f   gperotate:aablt.obj
 0001:00014358       ?GetNearestIndex@@YAKK@Z   10015358 f   gperotate:rctblt.obj
 0001:00014d4c       ?vGetBlendInfo@@YAXKKPAVGPESurf@@PAU_BLENDINFO@@@Z 10015d4c f   gperotate:rctblt.obj
 0001:00015fcc       ?MDiv64@@YA_J_J00@Z        10016fcc f   gperotate:rdrvgradfill.obj
 0001:00017d6c       ?RectFillBlt@@YAHPAU_SURFOBJ@@PAU_DRVGRADIENTRECTDATA@@P6AXPAVGPESurf@@1@Z@Z 10018d6c f   gperotate:rdrvgradfill.obj
 0001:00017f38       ?GFGetShift@@YAXKPAK0@Z    10018f38 f   gperotate:rdrvgradfill.obj
 0001:0002299c       _DllMainCRTStartupHelper   1002399c f   corelib0:pegdmain.obj
 0001:00022bdc       doexit                     10023bdc f   corelib0:cexit.obj
 0001:00022f0c       ??__EgGroupConverter@@YAXXZ 10023f0c f   gperotate:swconvrt.obj
