 ebootsd

 Timestamp is 52663dfb (Tue Oct 22 16:57:31 2013)

 Preferred load address is 00000000

 Start         Length     Name                   Class
 0001:00000000 00000250H .astart                 CODE
 0001:00000250 0000dde4H .rdata                  CODE
 0001:0000e034 00000024H .rdata$debug            CODE
 0001:0000e058 0001a85cH .text                   CODE
 0001:000288b4 0000006cH .xdata                  CODE
 0001:00028920 00000000H .edata                  CODE
 0002:00000000 00001243H .data                   DATA
 0002:00001260 0003fc38H .bss                    DATA
 0003:00000000 00000e60H .pdata                  DATA

  Address         Publics by Value              Rva+Base       Lib:Object

 0000:00000000       ___safe_se_handler_table   00000000     <absolute>
 0000:00000000       ___safe_se_handler_count   00000000     <absolute>
 0001:00000000       StartUp                    00001000 f   startup.obj
 0001:000000e0       g_oalAddressTable          000010e0     startup.obj
 0001:00000188       g_oalAddressTableHynix     00001188     startup.obj
 0001:0000026c       ??_C@_1CK@GNCLKLEF@?$AAN?$AAK?$AA?5?$AAf?$AAr?$AAo?$AAm?$AA?5?$AAS?$AAD?$AAC?$AAa?$AAr?$AAd?$AA?5?$AAF?$AAI?$AAL?$AAE?$AA?5?$AA?$AA@ 0000126c     main.obj
 0001:00000298       ??_C@_1BK@NKDLNHPK@?$AAU?$AAS?$AAB?$AAF?$AAn?$AA?5?$AAR?$AAN?$AAD?$AAI?$AAS?$AA?5?$AA?$AA@ 00001298     main.obj
 0001:000002b4       ??_C@_1BI@OOCKPHGK@?$AAL?$AAA?$AAN?$AA9?$AA1?$AA1?$AA5?$AA?5?$AAM?$AAA?$AAC?$AA?$AA@ 000012b4     main.obj
 0001:00000360       dwEbootECCtype             00001360     main.obj
 0001:00000540       ??_C@_1DO@MGHPPPEE@?$AAT?$AAP?$AAS?$AA6?$AA5?$AA9?$AAX?$AAX?$AA?5?$AAV?$AAe?$AAr?$AAs?$AAi?$AAo?$AAn?$AA?5?$AA0?$AAx?$AA?$CF?$AA0?$AA2?$AAx?$AA?5?$AA?$CI?$AA?$CF?$AAs?$AA?$CJ?$AA?$AN?$AA?6?$AA?$AA@ 00001540     main.obj
 0001:00000580       ??_C@_1M@OIJGKENB@?$AAE?$AAS?$AA1?$AA?4?$AA3?$AA?$AA@ 00001580     main.obj
 0001:00000590       ??_C@_1EE@KGKCAFPP@?$AAI?$AAN?$AAF?$AAO?$AA?3?$AA?5?$AAU?$AAn?$AAK?$AAn?$AAo?$AAw?$AAn?$AA?5?$AAC?$AAP?$AAU?$AA?5?$AAf?$AAa?$AAm?$AAi?$AAl?$AAy?$AA?3?$AA?$CF?$AAd?$AA?4?$AA?4?$AA?4?$AA?4?$AA?$AN@ 00001590     main.obj
 0001:000005d4       ??_C@_08DGJGOJCE@EVM3530?9?$AA@ 000015d4     main.obj
 0001:000005e0       ??_C@_08EMFGLKEE@EVM3730?9?$AA@ 000015e0     main.obj
 0001:000005f0       ??_C@_1EE@EMFEEPJF@?$AA?$AN?$AA?6?$AAT?$AAI?$AA?5?$AAO?$AAM?$AAA?$AAP?$AA?$CF?$AAx?$AA?5?$AAV?$AAe?$AAr?$AAs?$AAi?$AAo?$AAn?$AA?5?$AA0?$AAx?$AA?$CF?$AA0?$AA8?$AAx?$AA?5?$AA?$CI?$AA?$CF?$AAs?$AA?$CJ?$AA?$AN@ 000015f0     main.obj
 0001:00000634       ??_C@_1BA@LEPJIIOK@?$AAU?$AAn?$AAk?$AAn?$AAo?$AAw?$AAn?$AA?$AA@ 00001634     main.obj
 0001:00000644       ??_C@_1M@FACKMDLE@?$AAE?$AAS?$AA1?$AA?4?$AA2?$AA?$AA@ 00001644     main.obj
 0001:00000650       ??_C@_1M@ECJPGMFK@?$AAE?$AAS?$AA1?$AA?4?$AA1?$AA?$AA@ 00001650     main.obj
 0001:0000065c       ??_C@_1M@LKGLCH@?$AAE?$AAS?$AA3?$AA?4?$AA1?$AA?$AA@ 0000165c     main.obj
 0001:00000668       ??_C@_1M@LIAGAMEC@?$AAE?$AAS?$AA3?$AA?4?$AA0?$AA?$AA@ 00001668     main.obj
 0001:00000674       ??_C@_1DO@OPHFFOFA@?$AAE?$AAS?$AA2?$AA?4?$AA1?$AA?0?$AA?5?$AAI?$AAD?$AA?5?$AAd?$AAe?$AAt?$AAe?$AAr?$AAm?$AAi?$AAn?$AAe?$AAd?$AA?5?$AAu?$AAs?$AAi?$AAn?$AAg?$AA?5?$AAC?$AAR?$AAC?$AA?$AA@ 00001674     main.obj
 0001:000006b4       ??_C@_1DO@OONAPHOG@?$AAE?$AAS?$AA2?$AA?4?$AA0?$AA?0?$AA?5?$AAI?$AAD?$AA?5?$AAd?$AAe?$AAt?$AAe?$AAr?$AAm?$AAi?$AAn?$AAe?$AAd?$AA?5?$AAu?$AAs?$AAi?$AAn?$AAg?$AA?5?$AAC?$AAR?$AAC?$AA?$AA@ 000016b4     main.obj
 0001:000006f4       ??_C@_1M@MMBAGLLJ@?$AAE?$AAS?$AA2?$AA?4?$AA1?$AA?$AA@ 000016f4     main.obj
 0001:00000700       ??_C@_1M@HEKMAMNM@?$AAE?$AAS?$AA2?$AA?4?$AA0?$AA?$AA@ 00001700     main.obj
 0001:0000070c       ??_C@_1M@PKCDALDP@?$AAE?$AAS?$AA1?$AA?4?$AA0?$AA?$AA@ 0000170c     main.obj
 0001:00000718       ??_C@_08CLOILHGC@16?357?324?$AA@ 00001718     main.obj
 0001:00000724       ??_C@_0M@HHAIFKPE@Oct?522?52013?$AA@ 00001724     main.obj
 0001:00000730       ??_C@_1IO@IGLADHOM@?$AAZ?$AAE?$AAB?$AAE?$AAX?$AA?5?$AAW?$AAi?$AAn?$AAd?$AAo?$AAw?$AAs?$AA?5?$AAC?$AAE?$AA?5?$AAE?$AAB?$AAO?$AAO?$AAT?$AA?5?$AAf?$AAo?$AAr?$AA?5?$AAZ?$AA?9?$AA2?$AA1?$AA7@ 00001730     main.obj
 0001:000007c0       ??_C@_1CK@FDDKFJJE@?$AA?9?$AAO?$AAE?$AAM?$AAM?$AAu?$AAl?$AAt?$AAi?$AAB?$AAi?$AAn?$AAN?$AAo?$AAt?$AAi?$AAf?$AAy?$AA?$AN?$AA?6?$AA?$AA@ 000017c0     main.obj
 0001:000007ec       ??_C@_1CG@JHMEBKAH@?$AAS?$AAp?$AAi?$AAn?$AA?5?$AAf?$AAo?$AAr?$AA?5?$AAe?$AAv?$AAe?$AAr?$AA?4?$AA?4?$AA?4?$AA?$AN?$AA?6?$AA?$AA@ 000017ec     main.obj
 0001:00000814       ??_C@_1DC@FNKKGJOD@?$AAD?$AAo?$AAw?$AAn?$AAl?$AAo?$AAa?$AAd?$AA?5?$AAf?$AAi?$AAl?$AAe?$AA?5?$AAt?$AAy?$AAp?$AAe?$AA?3?$AA?5?$AA?$CF?$AAd?$AA?$AN?$AA?6?$AA?$AA@ 00001814     main.obj
 0001:00000848       ??_C@_1DM@CJMKOEPD@?$AAU?$AAn?$AAs?$AAu?$AAp?$AAp?$AAo?$AAr?$AAt?$AAe?$AAd?$AA?5?$AAd?$AAo?$AAw?$AAn?$AAl?$AAo?$AAa?$AAd?$AAe?$AAd?$AA?5?$AAf?$AAi?$AAl?$AAe?$AA?$AN?$AA?6?$AA?$AA@ 00001848     main.obj
 0001:00000884       ??_C@_08CMMENMPK@logo?4nb0?$AA@ 00001884     main.obj
 0001:00000890       ??_C@_1FC@BJIBFLEA@?$AAE?$AAR?$AAR?$AAO?$AAR?$AA?3?$AA?5?$AAM?$AAu?$AAl?$AAt?$AAi?$AAX?$AAI?$AAP?$AA?5?$AAi?$AAm?$AAa?$AAg?$AAe?$AA?5?$AAi?$AAs?$AA?5?$AAn?$AAo?$AAt?$AA?5?$AAs?$AAu?$AAp@ 00001890     main.obj
 0001:000008e8       ??_C@_1GG@NLHBBJNL@?$AA?$FL?$AA?$CF?$AAd?$AA?$FN?$AA?3?$AA?5?$AAA?$AAd?$AAd?$AAr?$AAe?$AAs?$AAs?$AA?$DN?$AA0?$AAx?$AA?$CF?$AA0?$AA8?$AAx?$AA?5?$AA?5?$AAL?$AAe?$AAn?$AAg?$AAt?$AAh?$AA?$DN?$AA0?$AAx?$AA?$CF@ 000018e8     main.obj
 0001:00000950       ??_C@_1HM@MNPMBDFE@?$AA?9?$AA?9?$AA?9?$AA?9?$AA?9?$AA?9?$AA?9?$AA?9?$AA?9?$AA?9?$AA?9?$AA?9?$AA?9?$AA?9?$AA?9?$AA?9?$AA?9?$AA?9?$AA?9?$AA?9?$AA?9?$AA?9?$AA?9?$AA?9?$AA?9?$AA?9?$AA?9?$AA?9?$AA?9?$AA?9?$AA?9?$AA?9@ 00001950     main.obj
 0001:000009cc       ??_C@_1DK@OFMGKCPE@?$AAD?$AAo?$AAw?$AAn?$AAl?$AAo?$AAa?$AAd?$AA?5?$AAf?$AAi?$AAl?$AAe?$AA?5?$AAi?$AAn?$AAf?$AAo?$AAr?$AAm?$AAa?$AAt?$AAi?$AAo?$AAn?$AA?3?$AA?$AN?$AA?6?$AA?$AA@ 000019cc     main.obj
 0001:00000a08       ??_C@_1GC@BMCFFGLH@?$AAE?$AAR?$AAR?$AAO?$AAR?$AA?3?$AA?5?$AAO?$AAE?$AAM?$AAM?$AAa?$AAp?$AAM?$AAe?$AAm?$AAA?$AAd?$AAd?$AAr?$AA?3?$AA?5?$AAI?$AAn?$AAv?$AAa?$AAl?$AAi?$AAd?$AA?5?$AAd?$AAo@ 00001a08     main.obj
 0001:00000a6c       ??_C@_1DG@FBKAGMKG@?$AA?9?$AAO?$AAE?$AAM?$AAI?$AAs?$AAF?$AAl?$AAa?$AAs?$AAh?$AAA?$AAd?$AAd?$AAr?$AA?$CI?$AAr?$AAc?$AA?5?$AA?$DN?$AA?5?$AA?$CF?$AAd?$AA?$CJ?$AA?$AN?$AA?6?$AA?$AA@ 00001a6c     main.obj
 0001:00000aa4       ??_C@_1DE@JMLJAABG@?$AA?$CL?$AAO?$AAE?$AAM?$AAI?$AAs?$AAF?$AAl?$AAa?$AAs?$AAh?$AAA?$AAd?$AAd?$AAr?$AA?$CI?$AA0?$AAx?$AA?$CF?$AA0?$AA8?$AAx?$AA?$CJ?$AA?$AN?$AA?6?$AA?$AA@ 00001aa4     main.obj
 0001:00000ad8       ??_C@_13JOFGPIOO@?$AA?4?$AA?$AA@ 00001ad8     main.obj
 0001:00000ae0       ??_C@_1KM@MLNPCLLF@?$AA?$AN?$AA?6?$AA?$DO?$AA?$DO?$AA?$DO?$AA?5?$AAF?$AAo?$AAr?$AAc?$AAi?$AAn?$AAg?$AA?5?$AAc?$AAo?$AAl?$AAd?$AA?5?$AAb?$AAo?$AAo?$AAt?$AA?5?$AA?$CI?$AAn?$AAo?$AAn?$AA?9?$AAp?$AAe?$AAr@ 00001ae0     main.obj
 0001:00000b8c       ??_C@_1O@HJKNOJA@?$AAn?$AAk?$AA?4?$AAb?$AAi?$AAn?$AA?$AA@ 00001b8c     main.obj
 0001:00000ba0       ??_C@_1EC@IFKCAMGN@?$AAI?$AAN?$AAF?$AAO?$AA?3?$AA?5?$AAS?$AAW?$AA4?$AA?5?$AAb?$AAo?$AAo?$AAt?$AA?5?$AAs?$AAe?$AAt?$AAt?$AAi?$AAn?$AAg?$AA?3?$AA?5?$AA0?$AAx?$AA?$CF?$AA0?$AA2?$AAx?$AA?$AN?$AA?6@ 00001ba0     main.obj
 0001:00000be8       ??_C@_1GC@MEIINOMM@?$AAW?$AAA?$AAR?$AAN?$AA?3?$AA?5?$AAB?$AAo?$AAo?$AAt?$AA?5?$AAc?$AAo?$AAn?$AAf?$AAi?$AAg?$AA?5?$AAw?$AAa?$AAs?$AAn?$AA?8?$AAt?$AA?5?$AAf?$AAo?$AAu?$AAn?$AAd?$AA?0?$AA?5@ 00001be8     main.obj
 0001:00000c50       ??_C@_1EC@IBPJNEAL@?$AAI?$AAN?$AAF?$AAO?$AA?3?$AA?5?$AAB?$AAo?$AAo?$AAt?$AA?5?$AAc?$AAo?$AAn?$AAf?$AAi?$AAg?$AAu?$AAr?$AAa?$AAt?$AAi?$AAo?$AAn?$AA?5?$AAf?$AAo?$AAu?$AAn?$AAd?$AA?$AN?$AA?6@ 00001c50     main.obj
 0001:00000c94       ??_C@_1DG@MGGFAEHB@?$AAI?$AAN?$AAF?$AAO?$AA?3?$AA?5?$AAP?$AAr?$AAe?$AAd?$AAo?$AAw?$AAn?$AAl?$AAo?$AAa?$AAd?$AA?4?$AA?4?$AA?4?$AA?4?$AA?4?$AA?4?$AA?4?$AA?$AN?$AA?6?$AA?$AA@ 00001c94     main.obj
 0001:00000cd0       ??_C@_1GI@OMOEGIPN@?$AAL?$AAa?$AAu?$AAn?$AAc?$AAh?$AA?5?$AAW?$AAi?$AAn?$AAd?$AAo?$AAw?$AAs?$AA?5?$AAC?$AAE?$AA?5?$AAi?$AAm?$AAa?$AAg?$AAe?$AA?5?$AAb?$AAy?$AA?5?$AAj?$AAu?$AAm?$AAp?$AAi@ 00001cd0     main.obj
 0001:00000d38       ??_C@_1HO@MGHNOKAM@?$AAE?$AAR?$AAR?$AAO?$AAR?$AA?3?$AA?5?$AAO?$AAE?$AAM?$AAL?$AAa?$AAu?$AAn?$AAc?$AAh?$AA?3?$AA?5?$AAU?$AAn?$AAk?$AAn?$AAo?$AAw?$AAn?$AA?5?$AAi?$AAm?$AAa?$AAg?$AAe?$AA?5@ 00001d38     main.obj
 0001:00000db8       ??_C@_1GA@LEGMELFL@?$AAI?$AAN?$AAF?$AAO?$AA?3?$AA?5?$AAX?$AAL?$AAD?$AAR?$AA?1?$AAE?$AAB?$AAO?$AAO?$AAT?$AA?1?$AAI?$AAP?$AAL?$AA?5?$AAd?$AAo?$AAw?$AAn?$AAl?$AAo?$AAa?$AAd?$AAe?$AAd?$AA?0@ 00001db8     main.obj
 0001:00000e18       ??_C@_1GE@FFBNFJNC@?$AAI?$AAN?$AAF?$AAO?$AA?3?$AA?5?$AAS?$AAp?$AAl?$AAa?$AAs?$AAh?$AAc?$AAr?$AAe?$AAe?$AAn?$AA?5?$AAl?$AAo?$AAg?$AAo?$AA?5?$AAd?$AAo?$AAw?$AAn?$AAl?$AAo?$AAa?$AAd?$AAe@ 00001e18     main.obj
 0001:00000e80       ??_C@_1HA@LNJPPCBO@?$AAE?$AAR?$AAR?$AAO?$AAR?$AA?3?$AA?5?$AAO?$AAE?$AAM?$AAL?$AAa?$AAu?$AAn?$AAc?$AAh?$AA?3?$AA?5?$AAI?$AAm?$AAa?$AAg?$AAe?$AA?5?$AAl?$AAo?$AAa?$AAd?$AA?5?$AAf?$AAr?$AAo@ 00001e80     main.obj
 0001:00000ef0       ??_C@_1HA@PPNIDEHG@?$AAE?$AAR?$AAR?$AAO?$AAR?$AA?3?$AA?5?$AAO?$AAE?$AAM?$AAL?$AAa?$AAu?$AAn?$AAc?$AAh?$AA?3?$AA?5?$AAU?$AAn?$AAk?$AAn?$AAo?$AAw?$AAn?$AA?5?$AAd?$AAo?$AAw?$AAn?$AAl?$AAo@ 00001ef0     main.obj
 0001:00000f60       ??_C@_1GK@MMIDCEGF@?$AA?$CL?$AAO?$AAE?$AAM?$AAL?$AAa?$AAu?$AAn?$AAc?$AAh?$AA?$CI?$AA0?$AAx?$AA?$CF?$AA0?$AA8?$AAx?$AA?0?$AA?5?$AA0?$AAx?$AA?$CF?$AA0?$AA8?$AAx?$AA?0?$AA?5?$AA0?$AAx?$AA?$CF?$AA0?$AA8@ 00001f60     main.obj
 0001:00001060       ??_C@_1HA@PBOCKLG@?$AAE?$AAR?$AAR?$AAO?$AAR?$AA?3?$AA?5?$AAB?$AAo?$AAo?$AAt?$AA?5?$AAd?$AAe?$AAv?$AAi?$AAc?$AAe?$AA?5?$AAd?$AAo?$AAe?$AAs?$AAn?$AA?8?$AAt?$AA?5?$AAe?$AAx?$AAi?$AAs?$AAt@ 00002060     eth.obj
 0001:000010d0       ??_C@_1FK@GCLCJCHA@?$AAE?$AAR?$AAR?$AAO?$AAR?$AA?3?$AA?5?$AAE?$AAb?$AAo?$AAo?$AAt?$AAI?$AAn?$AAi?$AAt?$AAE?$AAt?$AAh?$AAe?$AAr?$AAT?$AAr?$AAa?$AAn?$AAs?$AAp?$AAo?$AAr?$AAt?$AA?5?$AAc@ 000020d0     eth.obj
 0001:0000112c       ??_C@_1DO@DBOGGMNK@?$AAI?$AAN?$AAF?$AAO?$AA?3?$AA?5?$AA?$CK?$AA?$CK?$AA?$CK?$AA?5?$AAD?$AAe?$AAv?$AAi?$AAc?$AAe?$AA?5?$AAN?$AAa?$AAm?$AAe?$AA?5?$AA?$CF?$AAS?$AA?5?$AA?$CK?$AA?$CK?$AA?$CK?$AA?$AN?$AA?6?$AA?$AA@ 0000212c     eth.obj
 0001:00001170       ??_C@_1EA@FEAPGDEK@?$AAI?$AAN?$AAF?$AAO?$AA?3?$AA?5?$AAB?$AAo?$AAo?$AAt?$AA?5?$AAd?$AAe?$AAv?$AAi?$AAc?$AAe?$AA?5?$AAu?$AAs?$AAe?$AAs?$AA?5?$AAM?$AAA?$AAC?$AA?5?$AA?$CF?$AAs?$AA?$AN?$AA?6?$AA?$AA@ 00002170     eth.obj
 0001:000011b0       ??_C@_1FK@FLKNKOOB@?$AAE?$AAR?$AAR?$AAO?$AAR?$AA?3?$AA?5?$AAB?$AAo?$AAo?$AAt?$AA?5?$AAd?$AAe?$AAv?$AAi?$AAc?$AAe?$AA?5?$AAd?$AAr?$AAi?$AAv?$AAe?$AAr?$AA?5?$AAI?$AAn?$AAi?$AAt?$AA?5?$AAc@ 000021b0     eth.obj
 0001:00001210       ??_C@_1GM@ODLKKIGI@?$AAE?$AAR?$AAR?$AAO?$AAR?$AA?3?$AA?5?$AAB?$AAo?$AAo?$AAt?$AA?5?$AAd?$AAe?$AAv?$AAi?$AAc?$AAe?$AA?5?$AAd?$AAr?$AAi?$AAv?$AAe?$AAr?$AA?5?$AAI?$AAn?$AAi?$AAt?$AAD?$AAm@ 00002210     eth.obj
 0001:0000127c       ??_C@_1BG@FGGFONDG@?$AAB?$AAr?$AAi?$AAg?$AAh?$AAt?$AAn?$AAe?$AAs?$AAs?$AA?$AA@ 0000227c     menu.obj
 0001:00001294       ??_C@_1CA@ICPLCDKN@?$AAI?$AAn?$AAi?$AAt?$AAi?$AAa?$AAl?$AA?5?$AAB?$AAa?$AAt?$AAt?$AAe?$AAr?$AAy?$AA?$AA@ 00002294     menu.obj
 0001:000012b4       ??_C@_17OLKFNCJO@?$AAL?$AAo?$AAw?$AA?$AA@ 000022b4     menu.obj
 0001:000012bc       ??_C@_19LFNPILED@?$AAH?$AAi?$AAg?$AAh?$AA?$AA@ 000022bc     menu.obj
 0001:000012c8       ??_C@_13IMODFHAA@?$AA?9?$AA?$AA@ 000022c8     menu.obj
 0001:000012cc       ??_C@_13KJIIAINM@?$AA?$CL?$AA?$AA@ 000022cc     menu.obj
 0001:000012d0       ??_C@_1BO@DFMGFDAM@?$AAS?$AAh?$AAo?$AAw?$AA?5?$AA?4?$AAn?$AAb?$AA0?$AA?5?$AAD?$AAa?$AAt?$AAa?$AA?$AA@ 000022d0     menu.obj
 0001:000012f0       ??_C@_1BA@DMBHJKCI@?$AAW?$AAr?$AAi?$AAt?$AAi?$AAn?$AAg?$AA?$AA@ 000022f0     menu.obj
 0001:00001300       ??_C@_1BA@GEJDCGIE@?$AAR?$AAe?$AAa?$AAd?$AAi?$AAn?$AAg?$AA?$AA@ 00002300     menu.obj
 0001:00001310       ??_C@_19IOBNHAEP@?$AAE?$AAX?$AAI?$AAT?$AA?$AA@ 00002310     menu.obj
 0001:0000131c       ??_C@_1BG@MCAABGNO@?$AAB?$AAR?$AAI?$AAG?$AAH?$AAT?$AAN?$AAE?$AAS?$AAS?$AA?$AA@ 0000231c     menu.obj
 0001:00001334       ??_C@_17NBOBOEH@?$AAO?$AAF?$AAF?$AA?$AA@ 00002334     menu.obj
 0001:0000133c       ??_C@_15MLPIMJOL@?$AAO?$AAN?$AA?$AA@ 0000233c     menu.obj
 0001:00001348       ??_C@_1FK@IBMDHDI@?$AAM?$AAP?$AAU?$AA?$FL?$AA1?$AA0?$AA0?$AA0?$AAM?$AAh?$AAz?$AA?5?$AA?$EA?$AA?5?$AA1?$AA?4?$AA3?$AA7?$AA5?$AAV?$AA?$FN?$AA?0?$AA?5?$AAI?$AAV?$AAA?$AA2?$AA?$FL?$AA8?$AA0?$AA0?$AAM@ 00002348     menu.obj
 0001:000013a8       ??_C@_1FO@MCHCGGFD@?$AAM?$AAP?$AAU?$AA?$FL?$AA8?$AA0?$AA0?$AAM?$AAh?$AAz?$AA?5?$AA?5?$AA?$EA?$AA?5?$AA1?$AA?4?$AA2?$AA6?$AA2?$AA5?$AAV?$AA?$FN?$AA?0?$AA?5?$AAI?$AAV?$AAA?$AA2?$AA?$FL?$AA6?$AA6?$AA0@ 000023a8     menu.obj
 0001:00001408       ??_C@_1FO@CAGHGIKC@?$AAM?$AAP?$AAU?$AA?$FL?$AA6?$AA0?$AA0?$AAM?$AAh?$AAz?$AA?5?$AA?5?$AA?$EA?$AA?5?$AA1?$AA?4?$AA1?$AA0?$AA0?$AA0?$AAV?$AA?$FN?$AA?0?$AA?5?$AAI?$AAV?$AAA?$AA2?$AA?$FL?$AA5?$AA2?$AA0@ 00002408     menu.obj
 0001:00001468       ??_C@_1FO@ELABMNJD@?$AAM?$AAP?$AAU?$AA?$FL?$AA3?$AA0?$AA0?$AAM?$AAh?$AAz?$AA?5?$AA?5?$AA?$EA?$AA?5?$AA0?$AA?4?$AA9?$AA3?$AA7?$AA5?$AAV?$AA?$FN?$AA?0?$AA?5?$AAI?$AAV?$AAA?$AA2?$AA?$FL?$AA2?$AA6?$AA0@ 00002468     menu.obj
 0001:000014c8       ??_C@_1FG@KPBOKIAA@?$AAM?$AAP?$AAU?$AA?$FL?$AA7?$AA2?$AA0?$AAh?$AAz?$AA?5?$AA?$EA?$AA?5?$AA1?$AA?4?$AA3?$AA5?$AA0?$AA0?$AAV?$AA?$FN?$AA?0?$AA?5?$AAI?$AAV?$AAA?$AA2?$AA?$FL?$AA5?$AA2?$AA0?$AAM?$AAh@ 000024c8     menu.obj
 0001:00001520       ??_C@_1FI@GKLNGOFA@?$AAM?$AAP?$AAU?$AA?$FL?$AA6?$AA0?$AA0?$AAM?$AAh?$AAz?$AA?5?$AA?$EA?$AA?5?$AA1?$AA?4?$AA3?$AA5?$AA0?$AA0?$AAV?$AA?$FN?$AA?0?$AA?5?$AAI?$AAV?$AAA?$AA2?$AA?$FL?$AA4?$AA3?$AA0?$AAM@ 00002520     menu.obj
 0001:00001578       ??_C@_1FI@GMIAOKFE@?$AAM?$AAP?$AAU?$AA?$FL?$AA5?$AA5?$AA0?$AAM?$AAh?$AAz?$AA?5?$AA?$EA?$AA?5?$AA1?$AA?4?$AA2?$AA7?$AA5?$AA0?$AAV?$AA?$FN?$AA?0?$AA?5?$AAI?$AAV?$AAA?$AA2?$AA?$FL?$AA4?$AA0?$AA0?$AAM@ 00002578     menu.obj
 0001:000015d0       ??_C@_1FI@LNIHINJA@?$AAM?$AAP?$AAU?$AA?$FL?$AA5?$AA0?$AA0?$AAM?$AAh?$AAz?$AA?5?$AA?$EA?$AA?5?$AA1?$AA?4?$AA2?$AA0?$AA0?$AA0?$AAV?$AA?$FN?$AA?0?$AA?5?$AAI?$AAV?$AAA?$AA2?$AA?$FL?$AA3?$AA6?$AA0?$AAM@ 000025d0     menu.obj
 0001:00001628       ??_C@_1FG@IMGDNCBP@?$AAM?$AAP?$AAU?$AA?$FL?$AA2?$AA5?$AA0?$AAM?$AAh?$AAz?$AA?5?$AA?$EA?$AA?5?$AA1?$AA?4?$AA0?$AA0?$AA0?$AAV?$AA?$FN?$AA?0?$AA?5?$AAI?$AAV?$AAA?$AA2?$AA?$FL?$AA1?$AA8?$AA0?$AAM?$AAh@ 00002628     menu.obj
 0001:00001680       ??_C@_1FI@HKFGBOFG@?$AAM?$AAP?$AAU?$AA?$FL?$AA1?$AA2?$AA5?$AAM?$AAh?$AAz?$AA?5?$AA?$EA?$AA?5?$AA0?$AA?4?$AA9?$AA7?$AA5?$AAV?$AA?$FN?$AA?0?$AA?5?$AAI?$AAV?$AAA?$AA2?$AA?$FL?$AA?5?$AA9?$AA0?$AAM?$AAh@ 00002680     menu.obj
 0001:000016d8       ??_C@_1BM@KBHAINFM@?$AAI?$AAn?$AAv?$AAa?$AAl?$AAi?$AAd?$AA?5?$AAE?$AAn?$AAt?$AAr?$AAy?$AA?$AA@ 000026d8     menu.obj
 0001:000016f4       ??_C@_1CE@BMIKEEML@?$AAD?$AAV?$AAI?$AA?5?$AA1?$AA2?$AA8?$AA0?$AAx?$AA7?$AA2?$AA0?$AA?5?$AA6?$AA0?$AAH?$AAz?$AA?$AA@ 000026f4     menu.obj
 0001:00001718       ??_C@_1CE@LJDPDOKE@?$AAD?$AAV?$AAI?$AA?5?$AA1?$AA0?$AA2?$AA4?$AAx?$AA7?$AA6?$AA8?$AA?5?$AA6?$AA0?$AAH?$AAz?$AA?$AA@ 00002718     menu.obj
 0001:0000173c       ??_C@_1CE@NBKEBDGN@?$AAD?$AAV?$AAI?$AA?5?$AA?5?$AA8?$AA0?$AA0?$AAx?$AA6?$AA0?$AA0?$AA?5?$AA5?$AA6?$AAH?$AAz?$AA?$AA@ 0000273c     menu.obj
 0001:00001760       ??_C@_1CE@PMPMKBOJ@?$AAD?$AAV?$AAI?$AA?5?$AA?5?$AA8?$AA0?$AA0?$AAx?$AA6?$AA0?$AA0?$AA?5?$AA6?$AA0?$AAH?$AAz?$AA?$AA@ 00002760     menu.obj
 0001:00001784       ??_C@_1CE@IKDLFFCF@?$AAD?$AAV?$AAI?$AA?5?$AA?5?$AA8?$AA0?$AA0?$AAx?$AA4?$AA8?$AA0?$AA?5?$AA6?$AA0?$AAH?$AAz?$AA?$AA@ 00002784     menu.obj
 0001:000017a8       ??_C@_1CE@CECNFHDE@?$AAD?$AAV?$AAI?$AA?5?$AA?5?$AA6?$AA4?$AA0?$AAx?$AA4?$AA8?$AA0?$AA?5?$AA7?$AA2?$AAH?$AAz?$AA?$AA@ 000027a8     menu.obj
 0001:000017cc       ??_C@_1CE@IJMKDLHH@?$AAD?$AAV?$AAI?$AA?5?$AA?5?$AA6?$AA4?$AA0?$AAx?$AA4?$AA8?$AA0?$AA?5?$AA6?$AA0?$AAH?$AAz?$AA?$AA@ 000027cc     menu.obj
 0001:000017f0       ??_C@_1CE@FKEPMAF@?$AAL?$AAC?$AAD?$AA?5?$AA?5?$AA4?$AA8?$AA0?$AAx?$AA6?$AA4?$AA0?$AA?5?$AA6?$AA0?$AAH?$AAz?$AA?$AA@ 000027f0     menu.obj
 0001:00001814       ??_C@_1BE@FNAHCCDL@?$AAM?$AAa?$AAi?$AAn?$AA?5?$AAM?$AAe?$AAn?$AAu?$AA?$AA@ 00002814     menu.obj
 0001:00001828       ??_C@_1BO@KCFMLMDG@?$AAB?$AAa?$AAt?$AAt?$AAe?$AAr?$AAy?$AA?5?$AAS?$AAt?$AAa?$AAt?$AAu?$AAs?$AA?$AA@ 00002828     menu.obj
 0001:00001848       ??_C@_1BI@GPNGIDKF@?$AAL?$AAC?$AAM?$AA?5?$AAI?$AAn?$AAi?$AAt?$AAi?$AAa?$AAl?$AA?$AA@ 00002848     menu.obj
 0001:00001860       ??_C@_1EI@LALMHHNG@?$AAF?$AAi?$AAl?$AAe?$AA?5?$AAT?$AAr?$AAa?$AAn?$AAs?$AAf?$AAe?$AAr?$AA?5?$AAf?$AAr?$AAo?$AAm?$AA?5?$AAS?$AAD?$AA?5?$AAC?$AAa?$AAr?$AAd?$AA?5?$AAt?$AAo?$AA?5?$AAF?$AAl@ 00002860     menu.obj
 0001:000018a8       ??_C@_1CC@COAEHFII@?$AAB?$AAa?$AAc?$AAk?$AAl?$AAi?$AAg?$AAh?$AAt?$AA?5?$AAO?$AAN?$AA?1?$AAO?$AAF?$AAF?$AA?$AA@ 000028a8     menu.obj
 0001:000018cc       ??_C@_1CA@MOPOGELI@?$AAS?$AAe?$AAl?$AAe?$AAc?$AAt?$AA?5?$AAO?$AAP?$AAP?$AA?5?$AAM?$AAo?$AAd?$AAe?$AA?$AA@ 000028cc     menu.obj
 0001:000018ec       ??_C@_1DE@DBBLEEO@?$AAS?$AAe?$AAl?$AAe?$AAc?$AAt?$AA?5?$AAD?$AAi?$AAs?$AAp?$AAl?$AAa?$AAy?$AA?5?$AAR?$AAe?$AAs?$AAo?$AAl?$AAu?$AAt?$AAi?$AAo?$AAn?$AA?$AA@ 000028ec     menu.obj
 0001:00001920       ??_C@_1EG@HMEOLENI@?$AAE?$AAn?$AAa?$AAb?$AAl?$AAe?$AA?1?$AAD?$AAi?$AAs?$AAa?$AAb?$AAl?$AAe?$AA?5?$AAO?$AAA?$AAL?$AA?5?$AAR?$AAe?$AAt?$AAa?$AAi?$AAl?$AA?5?$AAM?$AAe?$AAs?$AAs?$AAa?$AAg@ 00002920     menu.obj
 0001:00001968       ??_C@_1CC@GBKCLJHP@?$AAF?$AAl?$AAa?$AAs?$AAh?$AA?5?$AAM?$AAa?$AAn?$AAa?$AAg?$AAe?$AAm?$AAe?$AAn?$AAt?$AA?$AA@ 00002968     menu.obj
 0001:0000198c       ??_C@_1BM@MOEMNNDE@?$AAS?$AAa?$AAv?$AAe?$AA?5?$AAS?$AAe?$AAt?$AAt?$AAi?$AAn?$AAg?$AAs?$AA?$AA@ 0000298c     menu.obj
 0001:000019a8       ??_C@_1BM@LAACEGCM@?$AAS?$AAe?$AAt?$AA?5?$AAD?$AAe?$AAv?$AAi?$AAc?$AAe?$AA?5?$AAI?$AAD?$AA?$AA@ 000029a8     menu.obj
 0001:000019c4       ??_C@_1CA@HKCGHDKE@?$AAS?$AAD?$AAC?$AAa?$AAr?$AAd?$AA?5?$AAS?$AAe?$AAt?$AAt?$AAi?$AAn?$AAg?$AAs?$AA?$AA@ 000029c4     menu.obj
 0001:000019e4       ??_C@_1CC@PCCBMLKB@?$AAN?$AAe?$AAt?$AAw?$AAo?$AAr?$AAk?$AA?5?$AAS?$AAe?$AAt?$AAt?$AAi?$AAn?$AAg?$AAs?$AA?$AA@ 000029e4     menu.obj
 0001:00001a08       ??_C@_1M@OPFBIOCF@?$AAD?$AAe?$AAb?$AAu?$AAg?$AA?$AA@ 00002a08     menu.obj
 0001:00001a14       ??_C@_1DG@LLAJHPJA@?$AAS?$AAe?$AAl?$AAe?$AAc?$AAt?$AA?5?$AAK?$AAI?$AAT?$AAL?$AA?5?$AA?$CI?$AAD?$AAe?$AAb?$AAu?$AAg?$AA?$CJ?$AA?5?$AAD?$AAe?$AAv?$AAi?$AAc?$AAe?$AA?$AA@ 00002a14     menu.obj
 0001:00001a4c       ??_C@_19JCAOHIEH@?$AAB?$AAo?$AAo?$AAt?$AA?$AA@ 00002a4c     menu.obj
 0001:00001a58       ??_C@_1CG@BBALNGAE@?$AAS?$AAe?$AAl?$AAe?$AAc?$AAt?$AA?5?$AAB?$AAo?$AAo?$AAt?$AA?5?$AAD?$AAe?$AAv?$AAi?$AAc?$AAe?$AA?$AA@ 00002a58     menu.obj
 0001:00001a80       ??_C@_1BO@HAIPBIND@?$AAE?$AAn?$AAt?$AAe?$AAr?$AA?5?$AAF?$AAi?$AAl?$AAe?$AAn?$AAa?$AAm?$AAe?$AA?$AA@ 00002a80     menu.obj
 0001:00001aa0       ??_C@_1CE@DFLFAFMD@?$AAE?$AAx?$AAi?$AAt?$AA?5?$AAa?$AAn?$AAd?$AA?5?$AAC?$AAo?$AAn?$AAt?$AAi?$AAn?$AAu?$AAe?$AA?$AA@ 00002aa0     menu.obj
 0001:00001ac4       ??_C@_1CA@LLFAIJM@?$AAS?$AAe?$AAt?$AA?5?$AAM?$AAA?$AAC?$AA?5?$AAa?$AAd?$AAd?$AAr?$AAe?$AAs?$AAs?$AA?$AA@ 00002ac4     menu.obj
 0001:00001ae4       ??_C@_1M@NJLEOPAB@?$AAV?$AAM?$AAI?$AAN?$AAI?$AA?$AA@ 00002ae4     menu.obj
 0001:00001af0       ??_C@_1CK@OKOLJFGH@?$AAE?$AAn?$AAa?$AAb?$AAl?$AAe?$AA?1?$AAd?$AAi?$AAs?$AAa?$AAb?$AAl?$AAe?$AA?5?$AAV?$AAM?$AAI?$AAN?$AAI?$AA?$AA@ 00002af0     menu.obj
 0001:00001b1c       ??_C@_1BO@BODFGHPI@?$AAD?$AAe?$AAf?$AAa?$AAu?$AAl?$AAt?$AA?5?$AAr?$AAo?$AAu?$AAt?$AAe?$AAr?$AA?$AA@ 00002b1c     menu.obj
 0001:00001b3c       ??_C@_1CG@PDJPJAON@?$AAS?$AAe?$AAt?$AA?5?$AAd?$AAe?$AAf?$AAa?$AAu?$AAl?$AAt?$AA?5?$AAr?$AAo?$AAu?$AAt?$AAe?$AAr?$AA?$AA@ 00002b3c     menu.obj
 0001:00001b64       ??_C@_1BI@BNFAJPCD@?$AAS?$AAe?$AAt?$AA?5?$AAI?$AAP?$AA?5?$AAm?$AAa?$AAs?$AAk?$AA?$AA@ 00002b64     menu.obj
 0001:00001b7c       ??_C@_1O@HAMLNBEA@?$AAD?$AAe?$AAv?$AAi?$AAc?$AAe?$AA?$AA@ 00002b7c     menu.obj
 0001:00001b8c       ??_C@_1BO@OBBADFOO@?$AAS?$AAe?$AAt?$AA?5?$AAI?$AAP?$AA?5?$AAa?$AAd?$AAd?$AAr?$AAe?$AAs?$AAs?$AA?$AA@ 00002b8c     menu.obj
 0001:00001bac       ??_C@_19DDJNJOGL@?$AAD?$AAH?$AAC?$AAP?$AA?$AA@ 00002bac     menu.obj
 0001:00001bb8       ??_C@_1CI@OHHEPHNA@?$AAE?$AAn?$AAa?$AAb?$AAl?$AAe?$AA?1?$AAd?$AAi?$AAs?$AAa?$AAb?$AAl?$AAe?$AA?5?$AAD?$AAH?$AAC?$AAP?$AA?$AA@ 00002bb8     menu.obj
 0001:00001be0       ??_C@_1DC@FMHJOEGL@?$AAK?$AAI?$AAT?$AAL?$AA?5?$AAA?$AAc?$AAt?$AAi?$AAv?$AAe?$AA?1?$AAP?$AAa?$AAs?$AAs?$AAi?$AAv?$AAe?$AA?5?$AAm?$AAo?$AAd?$AAe?$AA?$AA@ 00002be0     menu.obj
 0001:00001c14       ??_C@_1DC@FHPHDMKC@?$AAK?$AAI?$AAT?$AAL?$AA?5?$AAi?$AAn?$AAt?$AAe?$AAr?$AAr?$AAu?$AAp?$AAt?$AA?1?$AAp?$AAo?$AAl?$AAl?$AA?5?$AAm?$AAo?$AAd?$AAe?$AA?$AA@ 00002c14     menu.obj
 0001:00001c48       ??_C@_19KCABPHM@?$AAK?$AAI?$AAT?$AAL?$AA?$AA@ 00002c48     menu.obj
 0001:00001c54       ??_C@_1CI@NOMJHGMH@?$AAE?$AAn?$AAa?$AAb?$AAl?$AAe?$AA?1?$AAd?$AAi?$AAs?$AAa?$AAb?$AAl?$AAe?$AA?5?$AAK?$AAI?$AAT?$AAL?$AA?$AA@ 00002c54     menu.obj
 0001:00001c7c       ??_C@_1CM@CFLHLMJF@?$AAS?$AAh?$AAo?$AAw?$AA?5?$AAC?$AAu?$AAr?$AAr?$AAe?$AAn?$AAt?$AA?5?$AAS?$AAe?$AAt?$AAt?$AAi?$AAn?$AAg?$AAs?$AA?$AA@ 00002c7c     menu.obj
 0001:00001d38       ??_C@_1HA@HEOLOGAM@?$AAS?$AAy?$AAn?$AAc?$AA?9?$AAp?$AAr?$AAe?$AAs?$AAs?$AA?5?$AAs?$AAi?$AAd?$AAe?$AA?5?$AAk?$AAe?$AAy?$AA?5?$AAt?$AAo?$AA?5?$AAe?$AAn?$AAt?$AAe?$AAr?$AA?5?$AAc?$AAo?$AAn@ 00002d38     menu.obj
 0001:00001da8       ??_C@_1FI@GAMDHEMA@?$AA?$AN?$AA?6?$AA?5?$AA?5?$AA?5?$AAW?$AAA?$AAR?$AAN?$AAI?$AAN?$AAG?$AA?3?$AA?5?$AAM?$AAA?$AAC?$AA?5?$AAa?$AAd?$AAd?$AAr?$AAe?$AAs?$AAs?$AA?5?$AAn?$AAo?$AAt?$AA?5?$AAp?$AAr@ 00002da8     menu.obj
 0001:00001e00       ??_C@_1KG@MHFLKBMF@?$AAm?$AAa?$AAc?$AA?5?$AAa?$AAd?$AAd?$AAr?$AAe?$AAs?$AAs?$AA?5?$AAn?$AAo?$AAt?$AA?5?$AAf?$AAo?$AAu?$AAn?$AAd?$AA?5?$AAi?$AAn?$AA?5?$AAE?$AAE?$AAP?$AAR?$AAO?$AAM?$AA?4@ 00002e00     menu.obj
 0001:00001ea8       ??_C@_19OEFLBHKA@?$AAE?$AAV?$AAM?$AA?5?$AA?$AA@ 00002ea8     menu.obj
 0001:00001eb8       ??_C@_1FC@DDNFDPMF@?$AA?$AN?$AA?6?$AA?5?$AAS?$AAe?$AAt?$AA?5?$AAE?$AAt?$AAh?$AAe?$AAr?$AAn?$AAe?$AAt?$AA?5?$AA?$CI?$AAL?$AAA?$AAN?$AA9?$AAx?$AAx?$AAx?$AA?$CJ?$AA?5?$AAM?$AAA?$AAC?$AA?5?$AAA?$AAd@ 00002eb8     menu.obj
 0001:00001f0c       ??_C@_1CM@MBNEBDDK@?$AA?5?$AA?5?$AAV?$AAM?$AAI?$AAN?$AAI?$AA?3?$AA?5?$AA?5?$AA?5?$AA?5?$AA?5?$AA?5?$AA?5?$AA?5?$AA?5?$AA?$CF?$AAs?$AA?$AN?$AA?6?$AA?$AA@ 00002f0c     menu.obj
 0001:00001f38       ??_C@_1GE@BGIPLJDA@?$AA?5?$AA?5?$AAN?$AAo?$AAt?$AAe?$AA?3?$AA?5?$AAU?$AAS?$AAB?$AAF?$AAN?$AA?5?$AAR?$AAN?$AAD?$AAI?$AAS?$AA?5?$AAM?$AAA?$AAC?$AA?5?$AAA?$AAd?$AAd?$AAr?$AA?5?$AAc?$AAa?$AAn@ 00002f38     menu.obj
 0001:00001f9c       ??_C@_1DG@LEIGGFEH@?$AA?5?$AA?5?$AAE?$AAt?$AAh?$AA?5?$AAM?$AAA?$AAC?$AA?5?$AAA?$AAd?$AAd?$AAr?$AA?3?$AA?5?$AA?5?$AA?$CF?$AAs?$AA?5?$AA?$CI?$AA?$CF?$AAs?$AA?$CJ?$AA?$AN?$AA?6?$AA?$AA@ 00002f9c     menu.obj
 0001:00001fd4       ??_C@_1BM@HBILLBOB@?$AAB?$AAo?$AAo?$AAt?$AA?5?$AAs?$AAe?$AAt?$AAt?$AAi?$AAn?$AAg?$AAs?$AA?$AA@ 00002fd4     menu.obj
 0001:00001ff0       ??_C@_1O@HKPJJFOO@?$AAE?$AAE?$AAP?$AAR?$AAO?$AAM?$AA?$AA@ 00002ff0     menu.obj
 0001:00002000       ??_C@_1CM@ENNBLIDC@?$AA?5?$AA?5?$AAD?$AAH?$AAC?$AAP?$AA?3?$AA?5?$AA?5?$AA?5?$AA?5?$AA?5?$AA?5?$AA?5?$AA?5?$AA?5?$AA?5?$AA?$CF?$AAs?$AA?$AN?$AA?6?$AA?$AA@ 00003000     menu.obj
 0001:0000202c       ??_C@_1CM@PFJOPCHK@?$AA?5?$AA?5?$AAI?$AAP?$AA?5?$AAa?$AAd?$AAd?$AAr?$AAe?$AAs?$AAs?$AA?3?$AA?5?$AA?5?$AA?5?$AA?5?$AA?$CF?$AAs?$AA?$AN?$AA?6?$AA?$AA@ 0000302c     menu.obj
 0001:00002058       ??_C@_1CM@MFPGPOHA@?$AA?5?$AA?5?$AAI?$AAP?$AA?5?$AAm?$AAa?$AAs?$AAk?$AA?3?$AA?5?$AA?5?$AA?5?$AA?5?$AA?5?$AA?5?$AA?5?$AA?$CF?$AAs?$AA?$AN?$AA?6?$AA?$AA@ 00003058     menu.obj
 0001:00002084       ??_C@_1CM@IMEGPKBH@?$AA?5?$AA?5?$AAI?$AAP?$AA?5?$AAr?$AAo?$AAu?$AAt?$AAe?$AAr?$AA?3?$AA?5?$AA?5?$AA?5?$AA?5?$AA?5?$AA?$CF?$AAs?$AA?$AN?$AA?6?$AA?$AA@ 00003084     menu.obj
 0001:000020b0       ??_C@_1CM@OEGKHNAF@?$AA?5?$AA?5?$AAK?$AAI?$AAT?$AAL?$AA?5?$AAm?$AAo?$AAd?$AAe?$AA?3?$AA?5?$AA?5?$AA?5?$AA?5?$AA?5?$AA?$CF?$AAs?$AA?$AN?$AA?6?$AA?$AA@ 000030b0     menu.obj
 0001:000020dc       ??_C@_1BE@OLFPFCKI@?$AAi?$AAn?$AAt?$AAe?$AAr?$AAr?$AAu?$AAp?$AAt?$AA?$AA@ 000030dc     menu.obj
 0001:000020f0       ??_C@_1O@DOAPGJLD@?$AAp?$AAo?$AAl?$AAl?$AAe?$AAd?$AA?$AA@ 000030f0     menu.obj
 0001:00002100       ??_C@_1CM@OLFKODG@?$AA?5?$AA?5?$AAK?$AAI?$AAT?$AAL?$AA?5?$AAt?$AAy?$AAp?$AAe?$AA?3?$AA?5?$AA?5?$AA?5?$AA?5?$AA?5?$AA?$CF?$AAs?$AA?$AN?$AA?6?$AA?$AA@ 00003100     menu.obj
 0001:0000212c       ??_C@_1O@IBNPCBAA@?$AAa?$AAc?$AAt?$AAi?$AAv?$AAe?$AA?$AA@ 0000312c     menu.obj
 0001:0000213c       ??_C@_1BA@INHNFGAO@?$AAp?$AAa?$AAs?$AAs?$AAi?$AAv?$AAe?$AA?$AA@ 0000313c     menu.obj
 0001:0000214c       ??_C@_1CM@KKLHLKH@?$AA?5?$AA?5?$AAK?$AAI?$AAT?$AAL?$AA?5?$AAs?$AAt?$AAa?$AAt?$AAe?$AA?3?$AA?5?$AA?5?$AA?5?$AA?5?$AA?$CF?$AAs?$AA?$AN?$AA?6?$AA?$AA@ 0000314c     menu.obj
 0001:00002178       ??_C@_1BC@LGPIFEA@?$AAd?$AAi?$AAs?$AAa?$AAb?$AAl?$AAe?$AAd?$AA?$AA@ 00003178     menu.obj
 0001:0000218c       ??_C@_1BA@BKMGIBPB@?$AAe?$AAn?$AAa?$AAb?$AAl?$AAe?$AAd?$AA?$AA@ 0000318c     menu.obj
 0001:0000219c       ??_C@_1BM@NCMLOBGF@?$AA?$AN?$AA?6?$AA?5?$AAN?$AAe?$AAt?$AAw?$AAo?$AAr?$AAk?$AA?3?$AA?$AN?$AA?6?$AA?$AA@ 0000319c     menu.obj
 0001:000021b8       ??_C@_1DG@GANBFOFA@?$AA?5?$AAK?$AAI?$AAT?$AAL?$AA?5?$AAs?$AAe?$AAt?$AA?5?$AAt?$AAo?$AA?5?$AAp?$AAo?$AAl?$AAl?$AAe?$AAd?$AA?5?$AAm?$AAo?$AAd?$AAe?$AA?$AN?$AA?6?$AA?$AA@ 000031b8     menu.obj
 0001:000021f0       ??_C@_1DM@IPPCLHEI@?$AA?5?$AAK?$AAI?$AAT?$AAL?$AA?5?$AAs?$AAe?$AAt?$AA?5?$AAt?$AAo?$AA?5?$AAi?$AAn?$AAt?$AAe?$AAr?$AAr?$AAu?$AAp?$AAt?$AA?5?$AAm?$AAo?$AAd?$AAe?$AA?$AN?$AA?6?$AA?$AA@ 000031f0     menu.obj
 0001:0000222c       ??_C@_19DIEGALPP@?$AA?$CF?$AAc?$AA?$AN?$AA?6?$AA?$AA@ 0000322c     menu.obj
 0001:00002238       ??_C@_1EC@JHPHMHOA@?$AA?5?$AAS?$AAe?$AAt?$AA?5?$AAK?$AAI?$AAT?$AAL?$AA?5?$AAt?$AAo?$AA?5?$AAp?$AAo?$AAl?$AAl?$AAe?$AAd?$AA?5?$AAm?$AAo?$AAd?$AAe?$AA?5?$AA?$FL?$AAy?$AA?1?$AA?9?$AA?$FN?$AA?3?$AA?5@ 00003238     menu.obj
 0001:00002280       ??_C@_1EI@CAADENIK@?$AA?5?$AAS?$AAe?$AAt?$AA?5?$AAK?$AAI?$AAT?$AAL?$AA?5?$AAt?$AAo?$AA?5?$AAi?$AAn?$AAt?$AAe?$AAr?$AAr?$AAu?$AAp?$AAt?$AA?5?$AAm?$AAo?$AAd?$AAe?$AA?5?$AA?$FL?$AAy?$AA?1?$AA?9@ 00003280     menu.obj
 0001:000022c8       ??_C@_1DI@DNJMHDAE@?$AA?5?$AAK?$AAI?$AAT?$AAL?$AA?5?$AAs?$AAe?$AAt?$AA?5?$AAt?$AAo?$AA?5?$AAp?$AAa?$AAs?$AAs?$AAi?$AAv?$AAe?$AA?5?$AAm?$AAo?$AAd?$AAe?$AA?$AN?$AA?6?$AA?$AA@ 000032c8     menu.obj
 0001:00002300       ??_C@_1DG@EDFECNLC@?$AA?5?$AAK?$AAI?$AAT?$AAL?$AA?5?$AAs?$AAe?$AAt?$AA?5?$AAt?$AAo?$AA?5?$AAa?$AAc?$AAt?$AAi?$AAv?$AAe?$AA?5?$AAm?$AAo?$AAd?$AAe?$AA?$AN?$AA?6?$AA?$AA@ 00003300     menu.obj
 0001:00002338       ??_C@_1EE@HIABIPBL@?$AA?5?$AAS?$AAe?$AAt?$AA?5?$AAK?$AAI?$AAT?$AAL?$AA?5?$AAt?$AAo?$AA?5?$AAp?$AAa?$AAs?$AAs?$AAi?$AAv?$AAe?$AA?5?$AAm?$AAo?$AAd?$AAe?$AA?5?$AA?$FL?$AAy?$AA?1?$AA?9?$AA?$FN?$AA?3@ 00003338     menu.obj
 0001:00002380       ??_C@_1EC@OPMJBCEG@?$AA?5?$AAS?$AAe?$AAt?$AA?5?$AAK?$AAI?$AAT?$AAL?$AA?5?$AAt?$AAo?$AA?5?$AAa?$AAc?$AAt?$AAi?$AAv?$AAe?$AA?5?$AAm?$AAo?$AAd?$AAe?$AA?5?$AA?$FL?$AAy?$AA?1?$AA?9?$AA?$FN?$AA?3?$AA?5@ 00003380     menu.obj
 0001:000023c4       ??_C@_1DO@IPDMADGH@?$AA?5?$AAO?$AAA?$AAL?$AA?5?$AAR?$AAe?$AAt?$AAa?$AAi?$AAl?$AA?5?$AAM?$AAe?$AAs?$AAs?$AAa?$AAg?$AAe?$AAs?$AA?5?$AAe?$AAn?$AAa?$AAb?$AAl?$AAe?$AAd?$AA?$AN?$AA?6?$AA?$AA@ 000033c4     menu.obj
 0001:00002408       ??_C@_1EA@EDIKANLP@?$AA?5?$AAO?$AAA?$AAL?$AA?5?$AAR?$AAe?$AAt?$AAa?$AAi?$AAl?$AA?5?$AAM?$AAe?$AAs?$AAs?$AAa?$AAg?$AAe?$AAs?$AA?5?$AAd?$AAi?$AAs?$AAa?$AAb?$AAl?$AAe?$AAd?$AA?$AN?$AA?6?$AA?$AA@ 00003408     menu.obj
 0001:00002448       ??_C@_1EI@IEOEJKJK@?$AA?5?$AAE?$AAn?$AAa?$AAb?$AAl?$AAe?$AA?5?$AAO?$AAA?$AAL?$AA?5?$AAR?$AAe?$AAt?$AAa?$AAi?$AAl?$AA?5?$AAM?$AAe?$AAs?$AAs?$AAa?$AAg?$AAe?$AAs?$AA?5?$AA?$FL?$AAy?$AA?1?$AA?9@ 00003448     menu.obj
 0001:00002490       ??_C@_1EK@NMKAIECH@?$AA?5?$AAD?$AAi?$AAs?$AAa?$AAb?$AAl?$AAe?$AA?5?$AAO?$AAA?$AAL?$AA?5?$AAR?$AAe?$AAt?$AAa?$AAi?$AAl?$AA?5?$AAM?$AAe?$AAs?$AAs?$AAa?$AAg?$AAe?$AAs?$AA?5?$AA?$FL?$AAy?$AA?1@ 00003490     menu.obj
 0001:000024dc       ??_C@_1DC@KGICMHCL@?$AA?5?$AA?$FL?$AA0?$AA?$FN?$AA?5?$AAE?$AAx?$AAi?$AAt?$AA?5?$AAa?$AAn?$AAd?$AA?5?$AAC?$AAo?$AAn?$AAt?$AAi?$AAn?$AAu?$AAe?$AA?$AN?$AA?6?$AA?$AA@ 000034dc     menu.obj
 0001:00002510       ??_C@_1DG@FKDJCDHM@?$AA?$AN?$AA?6?$AA?5?$AAS?$AAe?$AAl?$AAe?$AAc?$AAt?$AAi?$AAo?$AAn?$AA?5?$AA?$CI?$AAa?$AAc?$AAt?$AAu?$AAa?$AAl?$AA?5?$AA?$CF?$AAs?$AA?$CJ?$AA?3?$AA?5?$AA?$AA@ 00003510     menu.obj
 0001:00002548       ??_C@_1BG@LMIBJJCD@?$AA?5?$AA?$FL?$AA?$CF?$AAd?$AA?$FN?$AA?5?$AA?$CF?$AAs?$AA?$AN?$AA?6?$AA?$AA@ 00003548     menu.obj
 0001:00002560       ??_C@_1DK@EBBOCKOO@?$AA?$AN?$AA?6?$AA?5?$AAS?$AAe?$AAl?$AAe?$AAc?$AAt?$AAi?$AAo?$AAn?$AA?5?$AA?$CI?$AAa?$AAc?$AAt?$AAu?$AAa?$AAl?$AA?5?$AA?$FL?$AA?$CF?$AAs?$AA?$FN?$AA?$CJ?$AA?3?$AA?5?$AA?$AA@ 00003560     menu.obj
 0001:0000259c       ??_C@_1M@IDGKDCGK@?$AA?$CF?$AAs?$AA?$AN?$AA?6?$AA?5?$AA?$AA@ 0000359c     menu.obj
 0001:000025a8       ??_C@_19EEPNDKNE@?$AA?$CF?$AAs?$AA?$AN?$AA?6?$AA?$AA@ 000035a8     menu.obj
 0001:000025b4       ??_C@_1CA@LBCOEEPJ@?$AA?$AN?$AA?6?$AA?5?$AAS?$AAe?$AAl?$AAe?$AAc?$AAt?$AAi?$AAo?$AAn?$AA?5?$AA?3?$AA?5?$AA?$AA@ 000035b4     menu.obj
 0001:000025d8       ??_C@_1EA@MCBAEIOC@?$AAS?$AAe?$AAl?$AAe?$AAc?$AAt?$AA?5?$AAB?$AAa?$AAc?$AAk?$AAl?$AAi?$AAg?$AAh?$AAt?$AA?5?$AAB?$AAr?$AAi?$AAg?$AAh?$AAt?$AAn?$AAe?$AAs?$AAs?$AA?5?$AA?$CL?$AA?1?$AA?9?$AA?$AA@ 000035d8     menu.obj
 0001:00002618       ??_C@_1BG@EBHIGBFG@?$AA?5?$AA?$FL?$AA?$CF?$AAc?$AA?$FN?$AA?5?$AA?$CF?$AAs?$AA?$AN?$AA?6?$AA?$AA@ 00003618     menu.obj
 0001:00002630       ??_C@_1DA@BOLJNFCB@?$AAS?$AAe?$AAl?$AAe?$AAc?$AAt?$AA?5?$AAB?$AAa?$AAc?$AAk?$AAl?$AAi?$AAg?$AAh?$AAt?$AA?5?$AAO?$AAN?$AA?1?$AAO?$AAF?$AAF?$AA?$AA@ 00003630     menu.obj
 0001:00002660       ??_C@_1BI@CCBAMNMF@?$AA?5?$AAR?$AAe?$AAa?$AAd?$AAi?$AAn?$AAg?$AA?5?$AA?3?$AA?5?$AA?$AA@ 00003660     menu.obj
 0001:00002678       ??_C@_1CA@ILICILPM@?$AAF?$AAi?$AAl?$AAe?$AA?5?$AAR?$AAe?$AAa?$AAd?$AA?5?$AAo?$AAk?$AA?$CB?$AA?$CB?$AA?6?$AA?$AA@ 00003678     menu.obj
 0001:00002698       ??_C@_1BI@JJGNKHCB@?$AA?5?$AAW?$AAr?$AAi?$AAt?$AAi?$AAn?$AAg?$AA?5?$AA?3?$AA?5?$AA?$AA@ 00003698     menu.obj
 0001:000026b0       ??_C@_1CG@BPLJMLOC@?$AAF?$AAi?$AAl?$AAe?$AA?5?$AAW?$AAr?$AAi?$AAt?$AAt?$AAe?$AAn?$AA?5?$AAo?$AAk?$AA?$CB?$AA?$CB?$AA?6?$AA?$AA@ 000036b0     menu.obj
 0001:000026d8       ??_C@_17FHEBOJIN@?$AA?$CF?$AAc?$AA?$AN?$AA?$AA@ 000036d8     menu.obj
 0001:000026e0       ??_C@_1FG@GGAKBCDG@?$AAS?$AAe?$AAl?$AAe?$AAc?$AAt?$AA?5?$AAF?$AAi?$AAl?$AAe?$AA?5?$AAT?$AAr?$AAa?$AAn?$AAs?$AAf?$AAe?$AAr?$AA?5?$AAf?$AAr?$AAo?$AAm?$AA?5?$AAS?$AAD?$AA?5?$AAC?$AAa?$AAr@ 000036e0     menu.obj
 0001:00002738       ??_C@_1CM@IBBBDEFC@?$AAL?$AAC?$AAM?$AA?5?$AAI?$AAn?$AAi?$AAt?$AAi?$AAa?$AAl?$AA?5?$AAa?$AAn?$AAd?$AA?5?$AAC?$AAh?$AAe?$AAc?$AAk?$AA?$AA@ 00003738     menu.obj
 0001:00002764       ??_C@_1DA@GEGKHPJM@?$AA?$AN?$AA?5?$AAB?$AAQ?$AA2?$AA7?$AA4?$AA1?$AA0?$AA_?$AAW?$AAr?$AAi?$AAt?$AAe?$AAR?$AAe?$AAg?$AA?3?$AA?$CF?$AAd?$AA?$AN?$AA?6?$AA?$AA@ 00003764     menu.obj
 0001:00002798       ??_C@_1EI@MBAGMDEO@?$AA?5?$AAE?$AAR?$AAR?$AAO?$AAR?$AA?3?$AA?5?$AAB?$AAQ?$AA2?$AA7?$AA4?$AA1?$AA0?$AA_?$AAW?$AAr?$AAi?$AAt?$AAe?$AAR?$AAe?$AAg?$AA?5?$AAF?$AAa?$AAi?$AAl?$AAe?$AAd?$AA?$CB@ 00003798     menu.obj
 0001:000027e0       ??_C@_1EG@DMCHGNNH@?$AA?$AN?$AA?5?$AAT?$AAe?$AAs?$AAt?$AAi?$AAn?$AAg?$AA?5?$AAI?$AA2?$AAC?$AAW?$AAr?$AAi?$AAt?$AAe?$AA?$CI?$AA?$CJ?$AA?5?$AAo?$AAf?$AA?5?$AAh?$AAI?$AA2?$AAC?$AA?3?$AA?5?$AA?$CF?$AAX@ 000037e0     menu.obj
 0001:00002828       ??_C@_1FC@BOBMMKHJ@?$AA?$AN?$AA?5?$AA?9?$AA?9?$AA?9?$AA?9?$AA?9?$AA?9?$AA?9?$AA?9?$AA?9?$AA?9?$AA?9?$AA?9?$AA?9?$AA?9?$AA?9?$AA?9?$AA?9?$AA?9?$AA?9?$AA?9?$AA?9?$AA?9?$AA?9?$AA?9?$AA?9?$AA?9?$AA?9?$AA?9?$AA?9?$AA?9@ 00003828     menu.obj
 0001:00002880       ??_C@_1FC@LHBGLCOO@?$AA?$AN?$AA?5?$AAA?$AAn?$AAd?$AA?5?$AAT?$AAe?$AAs?$AAt?$AAi?$AAn?$AAg?$AA?5?$AAI?$AA2?$AAC?$AAW?$AAr?$AAi?$AAt?$AAe?$AA?$CI?$AA?$CJ?$AA?5?$AAa?$AAf?$AAt?$AAe?$AAr?$AA?5?$AAl@ 00003880     menu.obj
 0001:000028d4       ??_C@_1CG@JKFIEEJ@?$AA?$AN?$AA?6?$AA?5?$AAW?$AAr?$AAi?$AAt?$AAe?$AAR?$AAe?$AAg?$AA?5?$AAO?$AAK?$AA?$CB?$AA?$CB?$AA?$AN?$AA?6?$AA?$AA@ 000038d4     menu.obj
 0001:00002900       ??_C@_1GK@PNABBOMJ@?$AAE?$AAR?$AAR?$AAO?$AAR?$AA?3?$AA?5?$AAB?$AAa?$AAt?$AAt?$AAe?$AAr?$AAy?$AAP?$AAD?$AAD?$AAI?$AAn?$AAi?$AAt?$AAi?$AAa?$AAl?$AAi?$AAz?$AAe?$AA?3?$AA?5?$AAB?$AAa?$AAt@ 00003900     menu.obj
 0001:00002970       ??_C@_1EG@BOGIFNHC@?$AA?$AN?$AA?5?$AAT?$AAe?$AAs?$AAt?$AAi?$AAn?$AAg?$AA?5?$AAI?$AA2?$AAC?$AAS?$AAe?$AAt?$AAS?$AAu?$AAb?$AAA?$AAd?$AAd?$AAr?$AAe?$AAs?$AAs?$AAM?$AAo?$AAd?$AAe?$AA?$CI?$AA?$CJ@ 00003970     menu.obj
 0001:000029b8       ??_C@_1DO@FDDDBLEK@?$AA?$AN?$AA?5?$AAT?$AAe?$AAs?$AAt?$AAi?$AAn?$AAg?$AA?5?$AAB?$AAQ?$AA2?$AA7?$AA4?$AA1?$AA0?$AA_?$AAW?$AAr?$AAi?$AAt?$AAe?$AAR?$AAe?$AAg?$AA?$CI?$AA?$CJ?$AA?$AN?$AA?6?$AA?$AA@ 000039b8     menu.obj
 0001:000029f8       ??_C@_1GG@JIPJEIK@?$AA?5?$AAE?$AAR?$AAR?$AAO?$AAR?$AA?3?$AA?5?$AAb?$AAq?$AA2?$AA7?$AA4?$AA1?$AA0?$AA_?$AAi?$AAn?$AAi?$AAt?$AA?5?$AA?9?$AA?5?$AAI?$AA2?$AAC?$AAS?$AAe?$AAt?$AAS?$AAl?$AAa@ 000039f8     menu.obj
 0001:00002a60       ??_C@_1FK@BBKNPGP@?$AA?$AN?$AA?5?$AAT?$AAe?$AAs?$AAt?$AAi?$AAn?$AAg?$AA?5?$AAI?$AAn?$AAi?$AAt?$AAI?$AA2?$AAC?$AAW?$AAi?$AAt?$AAh?$AAB?$AAQ?$AA2?$AA7?$AA4?$AA1?$AA0?$AA?$CI?$AA?$CJ?$AA?5?$AAo@ 00003a60     menu.obj
 0001:00002ac0       ??_C@_1EC@BNHJNFGL@?$AA?$AN?$AA?5?$AAT?$AAe?$AAs?$AAt?$AAi?$AAn?$AAg?$AA?5?$AAI?$AA2?$AAC?$AAS?$AAe?$AAt?$AAS?$AAl?$AAa?$AAv?$AAe?$AAA?$AAd?$AAd?$AAr?$AAe?$AAs?$AAs?$AA?$CI?$AA?$CJ?$AA?$AN?$AA?6@ 00003ac0     menu.obj
 0001:00002b08       ??_C@_1GI@DCKJGFNI@?$AAE?$AAR?$AAR?$AAO?$AAR?$AA?3?$AA?5?$AAb?$AAq?$AA2?$AA7?$AA4?$AA1?$AA0?$AA_?$AAi?$AAn?$AAi?$AAt?$AA?5?$AAF?$AAa?$AAi?$AAl?$AAe?$AAd?$AA?5?$AAo?$AAp?$AAe?$AAn?$AA?5@ 00003b08     menu.obj
 0001:00002b70       ??_C@_1CM@BNHBOACG@?$AA?$AN?$AA?5?$AAT?$AAe?$AAs?$AAt?$AAi?$AAn?$AAg?$AA?5?$AAI?$AA2?$AAC?$AAO?$AAp?$AAe?$AAn?$AA?$CI?$AA?$CJ?$AA?$AN?$AA?6?$AA?$AA@ 00003b70     menu.obj
 0001:00002b9c       ??_C@_1DO@GCBJIIGC@?$AAE?$AAR?$AAR?$AAO?$AAR?$AA?3?$AA?5?$AAS?$AAe?$AAt?$AAt?$AAi?$AAn?$AAg?$AAs?$AA?5?$AAs?$AAa?$AAv?$AAe?$AA?5?$AAf?$AAa?$AAi?$AAl?$AAe?$AAd?$AA?$CB?$AA?$AN?$AA?6?$AA?$AA@ 00003b9c     menu.obj
 0001:00002be0       ??_C@_1EG@EPHHPOIA@?$AA?5?$AAC?$AAu?$AAr?$AAr?$AAe?$AAn?$AAt?$AA?5?$AAs?$AAe?$AAt?$AAt?$AAi?$AAn?$AAg?$AAs?$AA?5?$AAh?$AAa?$AAs?$AA?5?$AAb?$AAe?$AAe?$AAn?$AA?5?$AAs?$AAa?$AAv?$AAe?$AAd@ 00003be0     menu.obj
 0001:00002c28       ??_C@_1FG@NGGODBPB@?$AA?5?$AAD?$AAo?$AA?5?$AAy?$AAo?$AAu?$AA?5?$AAw?$AAa?$AAn?$AAt?$AA?5?$AAs?$AAa?$AAv?$AAe?$AA?5?$AAc?$AAu?$AAr?$AAr?$AAe?$AAn?$AAt?$AA?5?$AAs?$AAe?$AAt?$AAt?$AAi?$AAn@ 00003c28     menu.obj
 0001:00002c80       ??_C@_1BK@EBJPPEOM@?$AA?$AN?$AA?6?$AA?5?$AAS?$AAD?$AAC?$AAa?$AAr?$AAd?$AA?3?$AA?$AN?$AA?6?$AA?$AA@ 00003c80     menu.obj
 0001:00002c9c       ??_C@_1DA@JKMEDIID@?$AA?5?$AA?5?$AAF?$AAi?$AAl?$AAe?$AAn?$AAa?$AAm?$AAe?$AA?3?$AA?5?$AA?5?$AA?5?$AA?5?$AA?5?$AA?5?$AA?$CC?$AA?$CF?$AAs?$AA?$CC?$AA?$AN?$AA?6?$AA?$AA@ 00003c9c     menu.obj
 0001:00002cd0       ??_C@_1EI@OPDBDDPE@?$AA?$AN?$AA?6?$AA?5?$AAT?$AAy?$AAp?$AAe?$AA?5?$AAn?$AAe?$AAw?$AA?5?$AAf?$AAi?$AAl?$AAe?$AAn?$AAa?$AAm?$AAe?$AA?5?$AA?$CI?$AA8?$AA?4?$AA3?$AA?5?$AAf?$AAo?$AAr?$AAm?$AAa?$AAt@ 00003cd0     menu.obj
 0001:00002d18       ??_C@_1DE@FKCOLIJA@?$AA?5?$AA?5?$AAF?$AAl?$AAa?$AAs?$AAh?$AAi?$AAn?$AAg?$AA?5?$AAN?$AAK?$AA?4?$AAb?$AAi?$AAn?$AA?3?$AA?5?$AA?5?$AA?5?$AA?$CF?$AAs?$AA?$AN?$AA?6?$AA?$AA@ 00003d18     menu.obj
 0001:00002d4c       ??_C@_1CG@OIGCIHAG@?$AA?5?$AA?5?$AAO?$AAP?$AAP?$AA?5?$AAM?$AAo?$AAd?$AAe?$AA?3?$AA?5?$AA?5?$AA?5?$AA?$CF?$AAs?$AA?$AN?$AA?6?$AA?$AA@ 00003d4c     menu.obj
 0001:00002d74       ??_C@_1CI@GNFBDCCP@?$AA?5?$AA?5?$AAB?$AAa?$AAc?$AAk?$AAl?$AAi?$AAg?$AAh?$AAt?$AA?3?$AA?5?$AA?5?$AA?5?$AA?$CF?$AAs?$AA?$AN?$AA?6?$AA?$AA@ 00003d74     menu.obj
 0001:00002da0       ??_C@_1EE@JFPPGEDH@?$AA?5?$AA?5?$AAS?$AAD?$AA?5?$AAC?$AAa?$AAr?$AAd?$AA?5?$AAt?$AAo?$AA?5?$AAF?$AAl?$AAa?$AAs?$AAh?$AA?5?$AAs?$AAt?$AAa?$AAt?$AAu?$AAs?$AA?3?$AA?5?$AA?5?$AA?5?$AA?$CF?$AAs?$AA?$AN@ 00003da0     menu.obj
 0001:00002de4       ??_C@_1CM@JIGPKFND@?$AA?5?$AA?5?$AAR?$AAe?$AAt?$AAa?$AAi?$AAl?$AA?5?$AAM?$AAs?$AAg?$AAs?$AA?3?$AA?5?$AA?5?$AA?5?$AA?$CF?$AAs?$AA?$AN?$AA?6?$AA?$AA@ 00003de4     menu.obj
 0001:00002e10       ??_C@_1CM@NDEIFMBL@?$AA?5?$AA?5?$AAD?$AAe?$AAv?$AAi?$AAc?$AAe?$AA?5?$AAI?$AAD?$AA?3?$AA?5?$AA?5?$AA?5?$AA?5?$AA?5?$AA?$CF?$AAd?$AA?$AN?$AA?6?$AA?$AA@ 00003e10     menu.obj
 0001:00002e3c       ??_C@_1CM@FFHNOGK@?$AA?5?$AA?5?$AAD?$AAi?$AAs?$AAp?$AAl?$AAa?$AAy?$AA?5?$AAR?$AAe?$AAs?$AA?3?$AA?5?$AA?5?$AA?5?$AA?$CF?$AAs?$AA?$AN?$AA?6?$AA?$AA@ 00003e3c     menu.obj
 0001:00002e68       ??_C@_1CM@NPGGEGKD@?$AA?5?$AA?5?$AAD?$AAe?$AAb?$AAu?$AAg?$AA?5?$AAd?$AAe?$AAv?$AAi?$AAc?$AAe?$AA?3?$AA?5?$AA?5?$AA?$CF?$AAs?$AA?$AN?$AA?6?$AA?$AA@ 00003e68     menu.obj
 0001:00002e94       ??_C@_1BM@PMDNGDGM@?$AAn?$AAo?$AAt?$AA?5?$AAs?$AAp?$AAe?$AAc?$AAi?$AAf?$AAi?$AAe?$AAd?$AA?$AA@ 00003e94     menu.obj
 0001:00002eb0       ??_C@_1BG@CEFCIDHI@?$AA?$AN?$AA?6?$AA?5?$AAM?$AAa?$AAi?$AAn?$AA?3?$AA?$AN?$AA?6?$AA?$AA@ 00003eb0     menu.obj
 0001:00002ec8       ??_C@_1CM@IGJFNOHM@?$AA?5?$AA?5?$AAB?$AAo?$AAo?$AAt?$AA?5?$AAd?$AAe?$AAv?$AAi?$AAc?$AAe?$AA?3?$AA?5?$AA?5?$AA?5?$AA?$CF?$AAs?$AA?$AN?$AA?6?$AA?$AA@ 00003ec8     menu.obj
 0001:00002ef4       ??_C@_1DE@MLCCPHNO@?$AA?5?$AAC?$AAu?$AAr?$AAr?$AAe?$AAn?$AAt?$AA?5?$AAD?$AAe?$AAv?$AAi?$AAc?$AAe?$AA?5?$AAI?$AAD?$AA?3?$AA?5?$AA?5?$AA?$CF?$AAd?$AA?$AN?$AA?6?$AA?$AA@ 00003ef4     menu.obj
 0001:00002f28       ??_C@_1CG@DEECOADH@?$AA?$AN?$AA?6?$AA?5?$AAN?$AAe?$AAw?$AA?5?$AAD?$AAe?$AAv?$AAi?$AAc?$AAe?$AA?5?$AAI?$AAD?$AA?3?$AA?5?$AA?$AA@ 00003f28     menu.obj
 0001:00002fe0       ??_C@_1BK@JPPJHKGA@?$AAS?$AAe?$AAt?$AA?5?$AAE?$AAC?$AAC?$AA?5?$AAm?$AAo?$AAd?$AAe?$AA?$AA@ 00003fe0     flashmenu.obj
 0001:00002ffc       ??_C@_1CO@EGKANGDF@?$AAE?$AAn?$AAa?$AAb?$AAl?$AAe?$AA?5?$AAf?$AAl?$AAa?$AAs?$AAh?$AAi?$AAn?$AAg?$AA?5?$AAN?$AAK?$AA?4?$AAb?$AAi?$AAn?$AA?$AA@ 00003ffc     flashmenu.obj
 0001:0000302c       ??_C@_1BK@GBFAOEGL@?$AAF?$AAo?$AAr?$AAm?$AAa?$AAt?$AA?5?$AAf?$AAl?$AAa?$AAs?$AAh?$AA?$AA@ 0000402c     flashmenu.obj
 0001:00003048       ??_C@_1BM@GCHGGBGE@?$AAS?$AAe?$AAt?$AA?5?$AAb?$AAa?$AAd?$AA?5?$AAb?$AAl?$AAo?$AAc?$AAk?$AA?$AA@ 00004048     flashmenu.obj
 0001:00003064       ??_C@_1CI@NOBBAEFH@?$AAR?$AAe?$AAs?$AAe?$AAr?$AAv?$AAe?$AA?5?$AAb?$AAl?$AAo?$AAc?$AAk?$AA?5?$AAr?$AAa?$AAn?$AAg?$AAe?$AA?$AA@ 00004064     flashmenu.obj
 0001:0000308c       ??_C@_1CE@GGLAHODL@?$AAE?$AAr?$AAa?$AAs?$AAe?$AA?5?$AAb?$AAl?$AAo?$AAc?$AAk?$AA?5?$AAr?$AAa?$AAn?$AAg?$AAe?$AA?$AA@ 0000408c     flashmenu.obj
 0001:000030b0       ??_C@_1BI@NDJHIBFP@?$AAE?$AAr?$AAa?$AAs?$AAe?$AA?5?$AAf?$AAl?$AAa?$AAs?$AAh?$AA?$AA@ 000040b0     flashmenu.obj
 0001:000030c8       ??_C@_1CE@IKOIJPJI@?$AAD?$AAu?$AAm?$AAp?$AA?5?$AAf?$AAl?$AAa?$AAs?$AAh?$AA?5?$AAs?$AAe?$AAc?$AAt?$AAo?$AAr?$AA?$AA@ 000040c8     flashmenu.obj
 0001:000030ec       ??_C@_1CI@NOIANDIC@?$AAS?$AAh?$AAo?$AAw?$AA?5?$AAf?$AAl?$AAa?$AAs?$AAh?$AA?5?$AAg?$AAe?$AAo?$AAm?$AAe?$AAt?$AAr?$AAy?$AA?$AA@ 000040ec     flashmenu.obj
 0001:000031a8       ??_C@_1BA@ICKOCNOC@?$AA?5?$AAD?$AAo?$AAn?$AAe?$AA?$AN?$AA?6?$AA?$AA@ 000041a8     flashmenu.obj
 0001:000031b8       ??_C@_1BK@NJMFPCLL@?$AA?$AN?$AA?6?$AA?$FL?$AAr?$AAe?$AAs?$AAe?$AAr?$AAv?$AAe?$AAd?$AA?$FN?$AA?$AA@ 000041b8     flashmenu.obj
 0001:000031d4       ??_C@_17IAIOLGBB@?$AA?5?$AA?$CF?$AAd?$AA?$AA@ 000041d4     flashmenu.obj
 0001:000031dc       ??_C@_1BK@LJFBNMNP@?$AA?$AN?$AA?6?$AA?$FL?$AAb?$AAa?$AAd?$AA?$FN?$AA?5?$AA?5?$AA?5?$AA?5?$AA?5?$AA?$AA@ 000041dc     flashmenu.obj
 0001:000031f8       ??_C@_1CC@CKACAODM@?$AA?5?$AAE?$AAC?$AAC?$AA?5?$AAm?$AAo?$AAd?$AAe?$AA?3?$AA?5?$AA?5?$AA?$CF?$AAs?$AA?$AN?$AA?6?$AA?$AA@ 000041f8     flashmenu.obj
 0001:0000321c       ??_C@_1CC@EDJAHKCB@?$AAH?$AAa?$AAm?$AAm?$AAi?$AAn?$AAg?$AA?5?$AA1?$AAb?$AAi?$AAt?$AA?5?$AAE?$AAC?$AAC?$AA?$AA@ 0000421c     flashmenu.obj
 0001:00003240       ??_C@_1BK@HLJGHKLA@?$AAB?$AAC?$AAH?$AA?5?$AA4?$AAb?$AAi?$AAt?$AA?5?$AAE?$AAC?$AAC?$AA?$AA@ 00004240     flashmenu.obj
 0001:0000325c       ??_C@_1BK@GHGPADLK@?$AAB?$AAC?$AAH?$AA?5?$AA8?$AAb?$AAi?$AAt?$AA?5?$AAE?$AAC?$AAC?$AA?$AA@ 0000425c     flashmenu.obj
 0001:00003278       ??_C@_15JNBOKNOG@?$AA?$AN?$AA?6?$AA?$AA@ 00004278     flashmenu.obj
 0001:00003280       ??_C@_1CK@GKLBIPDL@?$AA?5?$AAF?$AAl?$AAa?$AAs?$AAh?$AA?5?$AAT?$AAy?$AAp?$AAe?$AA?3?$AA?5?$AA?5?$AA?5?$AA?5?$AA?$CF?$AAs?$AA?$AN?$AA?6?$AA?$AA@ 00004280     flashmenu.obj
 0001:000032ac       ??_C@_1CK@FFMHKDOJ@?$AA?5?$AAB?$AAl?$AAo?$AAc?$AAk?$AAs?$AA?3?$AA?5?$AA?5?$AA?5?$AA?5?$AA?5?$AA?5?$AA?5?$AA?5?$AA?$CF?$AAd?$AA?$AN?$AA?6?$AA?$AA@ 000042ac     flashmenu.obj
 0001:000032d8       ??_C@_1CK@IKGPGDPJ@?$AA?5?$AAB?$AAy?$AAt?$AAe?$AAs?$AA?1?$AAb?$AAl?$AAo?$AAc?$AAk?$AA?3?$AA?5?$AA?5?$AA?5?$AA?$CF?$AAd?$AA?$AN?$AA?6?$AA?$AA@ 000042d8     flashmenu.obj
 0001:00003304       ??_C@_1CK@OCGGJEJ@?$AA?5?$AAS?$AAe?$AAc?$AAt?$AAo?$AAr?$AAs?$AA?1?$AAb?$AAl?$AAo?$AAc?$AAk?$AA?3?$AA?5?$AA?$CF?$AAd?$AA?$AN?$AA?6?$AA?$AA@ 00004304     flashmenu.obj
 0001:00003330       ??_C@_1CK@KEDBKDHI@?$AA?5?$AAB?$AAy?$AAt?$AAe?$AAs?$AA?1?$AAs?$AAe?$AAc?$AAt?$AAo?$AAr?$AA?3?$AA?5?$AA?5?$AA?$CF?$AAd?$AA?$AN?$AA?6?$AA?$AA@ 00004330     flashmenu.obj
 0001:0000335c       ??_C@_19FIBFMGJP@?$AAN?$AAA?$AAN?$AAD?$AA?$AA@ 0000435c     flashmenu.obj
 0001:00003368       ??_C@_17DJMAIPNJ@?$AAN?$AAO?$AAR?$AA?$AA@ 00004368     flashmenu.obj
 0001:00003370       ??_C@_1EO@FMHOCAJM@?$AA?5?$AAO?$AAo?$AAp?$AAs?$AA?0?$AA?5?$AAc?$AAa?$AAn?$AA?8?$AAt?$AA?5?$AAg?$AAe?$AAt?$AA?5?$AAf?$AAl?$AAa?$AAs?$AAh?$AA?5?$AAg?$AAe?$AAo?$AAm?$AAe?$AAt?$AAr?$AAy?$AA?5@ 00004370     flashmenu.obj
 0001:000033c0       ??_C@_1DO@ECBGAOKH@?$AA?5?$AAO?$AAo?$AAp?$AAs?$AA?0?$AA?5?$AAc?$AAa?$AAn?$AA?8?$AAt?$AA?5?$AAo?$AAp?$AAe?$AAn?$AA?5?$AAF?$AAM?$AAD?$AA?5?$AAd?$AAr?$AAi?$AAv?$AAe?$AAr?$AA?$AN?$AA?6?$AA?$AA@ 000043c0     flashmenu.obj
 0001:00003400       ??_C@_1FI@LPGEHBMI@?$AA?5?$AAO?$AAo?$AAp?$AAs?$AA?0?$AA?5?$AAc?$AAa?$AAn?$AA?8?$AAt?$AA?5?$AAe?$AAr?$AAa?$AAs?$AAe?$AA?5?$AAb?$AAl?$AAo?$AAc?$AAk?$AA?5?$AA?$CF?$AAd?$AA?5?$AA?9?$AA?5?$AAm?$AAa@ 00004400     flashmenu.obj
 0001:00003458       ??_C@_1DE@FDJBJKAL@?$AA?5?$AAS?$AAk?$AAi?$AAp?$AA?5?$AAr?$AAe?$AAs?$AAe?$AAr?$AAv?$AAe?$AAd?$AA?5?$AAb?$AAl?$AAo?$AAc?$AAk?$AA?5?$AA?$CF?$AAd?$AA?$AN?$AA?6?$AA?$AA@ 00004458     flashmenu.obj
 0001:0000348c       ??_C@_1CK@FKCECPDI@?$AA?5?$AAS?$AAk?$AAi?$AAp?$AA?5?$AAb?$AAa?$AAd?$AA?5?$AAb?$AAl?$AAo?$AAc?$AAk?$AA?5?$AA?$CF?$AAd?$AA?$AN?$AA?6?$AA?$AA@ 0000448c     flashmenu.obj
 0001:000034b8       ??_C@_1GA@KKFAKMFP@?$AA?5?$AAD?$AAo?$AA?5?$AAy?$AAo?$AAu?$AA?5?$AAw?$AAa?$AAn?$AAt?$AA?5?$AAt?$AAo?$AA?5?$AAe?$AAr?$AAa?$AAs?$AAe?$AA?5?$AAu?$AAn?$AAr?$AAe?$AAs?$AAe?$AAr?$AAv?$AAe?$AAd@ 000044b8     flashmenu.obj
 0001:00003518       ??_C@_1FG@KMEBKKAG@?$AA?5?$AAD?$AAo?$AA?5?$AAy?$AAo?$AAu?$AA?5?$AAw?$AAa?$AAn?$AAt?$AA?5?$AAt?$AAo?$AA?5?$AAe?$AAr?$AAa?$AAs?$AAe?$AA?5?$AAb?$AAa?$AAd?$AA?5?$AAb?$AAl?$AAo?$AAc?$AAk?$AA?5@ 00004518     flashmenu.obj
 0001:00003570       ??_C@_1GA@IMHNOHDN@?$AA?5?$AAD?$AAo?$AA?5?$AAy?$AAo?$AAu?$AA?5?$AAw?$AAa?$AAn?$AAt?$AA?5?$AAt?$AAo?$AA?5?$AAe?$AAr?$AAa?$AAs?$AAe?$AA?5?$AAr?$AAe?$AAs?$AAe?$AAr?$AAv?$AAe?$AAd?$AA?5?$AAb@ 00004570     flashmenu.obj
 0001:000035d0       ??_C@_1EO@FLJCJNNB@?$AA?5?$AAD?$AAo?$AA?5?$AAy?$AAo?$AAu?$AA?5?$AAw?$AAa?$AAn?$AAt?$AA?5?$AAe?$AAr?$AAa?$AAs?$AAe?$AA?5?$AAb?$AAl?$AAo?$AAc?$AAk?$AA?5?$AA?$CF?$AAd?$AA?9?$AA?$CF?$AAd?$AA?5?$AA?$FL@ 000045d0     flashmenu.obj
 0001:00003620       ??_C@_1DM@MPGKHCCK@?$AA?5?$AAO?$AAo?$AAp?$AAs?$AA?0?$AA?5?$AAt?$AAo?$AAo?$AA?5?$AAb?$AAi?$AAg?$AA?5?$AAb?$AAl?$AAo?$AAc?$AAk?$AA?5?$AAn?$AAu?$AAm?$AAb?$AAe?$AAr?$AA?$AN?$AA?6?$AA?$AA@ 00004620     flashmenu.obj
 0001:0000365c       ??_C@_1CO@CKBOHOON@?$AA?$AN?$AA?6?$AA?5?$AAL?$AAa?$AAs?$AAt?$AA?5?$AAB?$AAl?$AAo?$AAc?$AAk?$AA?5?$AAN?$AAu?$AAm?$AAb?$AAe?$AAr?$AA?3?$AA?5?$AA?$AA@ 0000465c     flashmenu.obj
 0001:0000368c       ??_C@_1DA@LGLONGJJ@?$AA?$AN?$AA?6?$AA?5?$AAF?$AAi?$AAr?$AAs?$AAt?$AA?5?$AAB?$AAl?$AAo?$AAc?$AAk?$AA?5?$AAN?$AAu?$AAm?$AAb?$AAe?$AAr?$AA?3?$AA?5?$AA?$AA@ 0000468c     flashmenu.obj
 0001:000036c0       ??_C@_1FG@GECOJCBP@?$AA?5?$AAO?$AAo?$AAp?$AAs?$AA?0?$AA?5?$AAc?$AAa?$AAn?$AA?8?$AAt?$AA?5?$AAm?$AAa?$AAr?$AAk?$AA?5?$AAb?$AAl?$AAo?$AAc?$AAk?$AA?5?$AA?$CF?$AAd?$AA?5?$AA?9?$AA?5?$AAa?$AAs?$AA?5@ 000046c0     flashmenu.obj
 0001:00003718       ??_C@_1GE@KHHGLGPF@?$AA?5?$AAD?$AAo?$AA?5?$AAy?$AAo?$AAu?$AA?5?$AAw?$AAa?$AAn?$AAt?$AA?5?$AAm?$AAa?$AAr?$AAk?$AA?5?$AAa?$AAs?$AA?5?$AAr?$AAe?$AAs?$AAe?$AAr?$AAv?$AAe?$AAd?$AA?5?$AAb?$AAl@ 00004718     flashmenu.obj
 0001:0000377c       ??_C@_15DAMPJCDE@?$AA?$CF?$AAc?$AA?$AA@ 0000477c     flashmenu.obj
 0001:00003784       ??_C@_15OJKDPEFE@?$AA?5?$AA?5?$AA?$AA@ 00004784     flashmenu.obj
 0001:0000378c       ??_C@_1M@FHJLFHFE@?$AA?5?$AA?$CF?$AA0?$AA2?$AAx?$AA?$AA@ 0000478c     flashmenu.obj
 0001:00003798       ??_C@_1M@CKIPGKFF@?$AA?$CF?$AA0?$AA4?$AAx?$AA?5?$AA?$AA@ 00004798     flashmenu.obj
 0001:000037a8       ??_C@_1EM@JNIBIIAB@?$AA?$AN?$AA?6?$AAS?$AAe?$AAc?$AAt?$AAo?$AAr?$AA?5?$AA?$CF?$AAd?$AA?5?$AA?$CI?$AAs?$AAe?$AAc?$AAt?$AAo?$AAr?$AA?5?$AA?$CF?$AAd?$AA?5?$AAi?$AAn?$AA?5?$AAb?$AAl?$AAo?$AAc?$AAk?$AA?5@ 000047a8     flashmenu.obj
 0001:000037f8       ??_C@_1HM@NEKLJOFD@?$AAR?$AAe?$AAs?$AAe?$AAr?$AAv?$AAe?$AAd?$AA1?$AA?3?$AA?5?$AA?$CF?$AA0?$AA8?$AAx?$AA?5?$AAO?$AAE?$AAM?$AAR?$AAe?$AAs?$AAe?$AAr?$AAv?$AAe?$AAd?$AA?3?$AA?5?$AA?$CF?$AA0?$AA2@ 000047f8     flashmenu.obj
 0001:00003874       ??_C@_1DI@NODDJIFB@?$AA?5?$AAO?$AAo?$AAp?$AAs?$AA?0?$AA?5?$AAs?$AAe?$AAc?$AAt?$AAo?$AAr?$AA?5?$AAr?$AAe?$AAa?$AAd?$AA?5?$AAf?$AAa?$AAi?$AAl?$AAe?$AAd?$AA?$AN?$AA?6?$AA?$AA@ 00004874     flashmenu.obj
 0001:000038ac       ??_C@_1DO@OOAFHGFN@?$AA?5?$AAO?$AAo?$AAp?$AAs?$AA?0?$AA?5?$AAt?$AAo?$AAo?$AA?5?$AAb?$AAi?$AAg?$AA?5?$AAs?$AAe?$AAc?$AAt?$AAo?$AAr?$AA?5?$AAn?$AAu?$AAm?$AAb?$AAe?$AAr?$AA?$AN?$AA?6?$AA?$AA@ 000048ac     flashmenu.obj
 0001:000038ec       ??_C@_1CG@KCBMIPD@?$AA?$AN?$AA?6?$AA?5?$AAS?$AAe?$AAc?$AAt?$AAo?$AAr?$AA?5?$AAN?$AAu?$AAm?$AAb?$AAe?$AAr?$AA?3?$AA?5?$AA?$AA@ 000048ec     flashmenu.obj
 0001:00003918       ??_C@_1FG@IJKIFPEH@?$AA?5?$AAO?$AAo?$AAp?$AAs?$AA?0?$AA?5?$AAs?$AAe?$AAc?$AAt?$AAo?$AAr?$AA?5?$AAs?$AAi?$AAz?$AAe?$AA?5?$AAl?$AAa?$AAr?$AAg?$AAe?$AAr?$AA?5?$AAt?$AAh?$AAa?$AAn?$AA?5?$AAm@ 00004918     flashmenu.obj
 0001:00003970       ??_C@_1BE@MFBEDOBI@?$AA?$AN?$AA?6?$AA?5?$AAD?$AAo?$AAn?$AAe?$AA?$AN?$AA?6?$AA?$AA@ 00004970     flashmenu.obj
 0001:00003984       ??_C@_1CE@EPPKNNOD@?$AA?$AN?$AA?6?$AA?5?$AAB?$AAl?$AAo?$AAc?$AAk?$AA?5?$AAN?$AAu?$AAm?$AAb?$AAe?$AAr?$AA?3?$AA?5?$AA?$AA@ 00004984     flashmenu.obj
 0001:000039a8       ??_C@_1GC@JKKDFPCG@?$AA?5?$AAD?$AAo?$AA?5?$AAy?$AAo?$AAu?$AA?5?$AAw?$AAa?$AAn?$AAt?$AA?5?$AAt?$AAo?$AA?5?$AAf?$AAo?$AAr?$AAm?$AAa?$AAt?$AA?5?$AAu?$AAn?$AAr?$AAe?$AAs?$AAe?$AAr?$AAv?$AAe@ 000049a8     flashmenu.obj
 0001:00003a0c       ??_C@_1DM@NJFEAFBO@?$AA?5?$AAF?$AAl?$AAa?$AAs?$AAh?$AAi?$AAn?$AAg?$AA?5?$AAN?$AAK?$AA?4?$AAb?$AAi?$AAn?$AA?5?$AAi?$AAs?$AA?5?$AAe?$AAn?$AAa?$AAb?$AAl?$AAe?$AAd?$AA?$AN?$AA?6?$AA?$AA@ 00004a0c     flashmenu.obj
 0001:00003a48       ??_C@_1DO@FEBEDMFN@?$AA?5?$AAF?$AAl?$AAa?$AAs?$AAh?$AAi?$AAn?$AAg?$AA?5?$AAN?$AAK?$AA?4?$AAb?$AAi?$AAn?$AA?5?$AAi?$AAs?$AA?5?$AAd?$AAi?$AAs?$AAa?$AAb?$AAl?$AAe?$AAd?$AA?$AN?$AA?6?$AA?$AA@ 00004a48     flashmenu.obj
 0001:00003a88       ??_C@_1EA@POGPJPIN@?$AA?5?$AAE?$AAn?$AAa?$AAb?$AAl?$AAe?$AA?5?$AAF?$AAl?$AAa?$AAs?$AAh?$AAi?$AAn?$AAg?$AA?5?$AAN?$AAK?$AA?4?$AAb?$AAi?$AAn?$AA?5?$AA?$FL?$AAy?$AA?1?$AA?9?$AA?$FN?$AA?3?$AA?5?$AA?$AA@ 00004a88     flashmenu.obj
 0001:00003ac8       ??_C@_1EC@LIJCOJEF@?$AA?5?$AAD?$AAi?$AAs?$AAa?$AAb?$AAl?$AAe?$AA?5?$AAF?$AAl?$AAa?$AAs?$AAh?$AAi?$AAn?$AAg?$AA?5?$AAN?$AAK?$AA?4?$AAb?$AAi?$AAn?$AA?5?$AA?$FL?$AAy?$AA?1?$AA?9?$AA?$FN?$AA?3?$AA?5@ 00004ac8     flashmenu.obj
 0001:00003b10       ??_C@_1GE@EJGAKBM@?$AA?5?$AAI?$AAn?$AAv?$AAa?$AAl?$AAi?$AAd?$AA?5?$AAE?$AAC?$AAC?$AA?5?$AAm?$AAo?$AAd?$AAe?$AA?0?$AA?5?$AAs?$AAe?$AAt?$AA?5?$AAE?$AAC?$AAC?$AA?5?$AAm?$AAo?$AAd?$AAe?$AA?5@ 00004b10     flashmenu.obj
 0001:00003b78       ??_C@_1ME@KHCPMAFG@?$AA?5?$AAT?$AAh?$AAi?$AAs?$AA?5?$AAc?$AAo?$AAm?$AAm?$AAa?$AAn?$AAd?$AA?5?$AAi?$AAs?$AA?5?$AAu?$AAs?$AAe?$AAd?$AA?5?$AAt?$AAo?$AA?5?$AAt?$AAe?$AAm?$AAp?$AAo?$AAr?$AAa@ 00004b78     flashmenu.obj
 0001:00003c40       ??_C@_1HK@NLFNLNJI@?$AA?5?$AAS?$AAe?$AAl?$AAe?$AAc?$AAt?$AA?5?$AAE?$AAC?$AAC?$AA?5?$AAm?$AAo?$AAd?$AAe?$AA?5?$AA?$FL?$AA0?$AA?$CI?$AAH?$AAa?$AAm?$AAm?$AAi?$AAn?$AAg?$AA?5?$AA1?$AAb?$AAi?$AAt@ 00004c40     flashmenu.obj
 0001:00003f00       ??_C@_0EB@BGCKLDE@?9OALKitlFindDevice?$CIpDevice?5?$DN?50x?$CF@ 00004f00     oal_kitl_boot:device.obj
 0001:00003f44       ??_C@_11LOCGONAA@?$AA?$AA@ 00004f44     oal_kitl_boot:device.obj
 0001:00003f48       ??_C@_0CJ@GPDFFIKB@?$CLOALKitlFindDevice?$CI?$CFd?1?$CFd?1?$CF08x?0?50@ 00004f48     oal_kitl_boot:device.obj
 0001:00003f74       ??_C@_0CJ@MPHJDLPH@?9OALKitlDeviceName?$CIname?5?$DN?50x?$CF08x@ 00004f74     oal_kitl_boot:device.obj
 0001:00003fa0       ??_C@_0CJ@OKPKABKG@?$CLOALKitlDeviceName?$CI?$CFd?1?$CFd?1?$CF08x?0?50@ 00004fa0     oal_kitl_boot:device.obj
 0001:00003fcc       ??_C@_0CA@ECNOOFDD@?9OALKitlDeviceType?$CItype?5?$DN?5?$CFd?$CJ?$AN?6?$AA@ 00004fcc     oal_kitl_boot:device.obj
 0001:00003fec       ??_C@_0CJ@HOEFFCBD@?$CLOALKitlDeviceType?$CI?$CFd?1?$CFd?1?$CF08x?0?50@ 00004fec     oal_kitl_boot:device.obj
 0001:000040a8       ??_C@_0CG@IHIMJOIA@?9OALKitlCreateName?$CIpBuffer?5?$DN?5?8?$CFh@ 000050a8     oal_kitl_boot:name.obj
 0001:000040d0       ??_C@_0CM@BCMDHFLI@?$CLOALKitlCreateName?$CI?8?$CFhs?8?0?50x?$CF04x@ 000050d0     oal_kitl_boot:name.obj
 0001:00004190       ??_C@_1BI@FCMLLAGN@?$AA?$CF?$AAd?$AA?4?$AA?$CF?$AAd?$AA?4?$AA?$CF?$AAd?$AA?4?$AA?$CF?$AAd?$AA?$AA@ 00005190     oal_kitl_boot:format.obj
 0001:000041a8       ??_C@_1DM@BKFFFBIH@?$AA?$CF?$AA0?$AA2?$AAx?$AA?3?$AA?$CF?$AA0?$AA2?$AAx?$AA?3?$AA?$CF?$AA0?$AA2?$AAx?$AA?3?$AA?$CF?$AA0?$AA2?$AAx?$AA?3?$AA?$CF?$AA0?$AA2?$AAx?$AA?3?$AA?$CF?$AA0?$AA2?$AAx?$AA?$AA@ 000051a8     oal_kitl_boot:format.obj
 0001:00004398       ??_C@_17HBLJBP@?$AA?$AN?$AA?6?$AA?5?$AA?$AA@ 00005398     oal_blmenu:menu.obj
 0001:000043a0       ??_C@_1BO@MKGCCJBG@?$AA?$AN?$AA?6?$AA?5?$AAS?$AAe?$AAl?$AAe?$AAc?$AAt?$AAi?$AAo?$AAn?$AA?3?$AA?5?$AA?$AA@ 000053a0     oal_blmenu:menu.obj
 0001:000043c0       ??_C@_15GANGMFKL@?$AA?$CF?$AAs?$AA?$AA@ 000053c0     oal_blmenu:menu.obj
 0001:000043c8       ??_C@_1FI@GPDBNHB@?$AAE?$AAR?$AAR?$AAO?$AAR?$AA?3?$AA?5?$AAO?$AAA?$AAL?$AAB?$AAL?$AAM?$AAe?$AAn?$AAu?$AAE?$AAn?$AAa?$AAb?$AAl?$AAe?$AA?3?$AA?5?$AAI?$AAn?$AAv?$AAa?$AAl?$AAi?$AAd?$AA?5@ 000053c8     oal_blmenu:menu.obj
 0001:00004420       ??_C@_1BC@HOHDMONC@?$AA?5?$AA?$CF?$AAs?$AA?5?$AA?$CF?$AAs?$AA?$AN?$AA?6?$AA?$AA@ 00005420     oal_blmenu:menu.obj
 0001:00004434       ??_C@_1BO@ENGAEJMG@?$AA?5?$AA?$CF?$AAs?$AA?5?$AAs?$AAt?$AAa?$AAy?$AAs?$AA?5?$AA?$CF?$AAs?$AA?$AN?$AA?6?$AA?$AA@ 00005434     oal_blmenu:menu.obj
 0001:00004454       ??_C@_1DK@PCLKELEH@?$AA?5?$AA?$CF?$AAs?$AA?5?$AA?$CF?$AAs?$AA?5?$AA?$CI?$AAa?$AAc?$AAt?$AAu?$AAa?$AAl?$AAl?$AAy?$AA?5?$AA?$CF?$AAs?$AA?$CJ?$AA?5?$AA?$FL?$AAy?$AA?1?$AA?9?$AA?$FN?$AA?3?$AA?5?$AA?$AA@ 00005454     oal_blmenu:menu.obj
 0001:00004490       ??_C@_1O@PFBIKACK@?$AAE?$AAn?$AAa?$AAb?$AAl?$AAe?$AA?$AA@ 00005490     oal_blmenu:menu.obj
 0001:000044a0       ??_C@_1BA@EHHBCNCC@?$AAD?$AAi?$AAs?$AAa?$AAb?$AAl?$AAe?$AA?$AA@ 000054a0     oal_blmenu:menu.obj
 0001:000044b0       ??_C@_1GG@GCPJEPA@?$AAE?$AAR?$AAR?$AAO?$AAR?$AA?3?$AA?5?$AAO?$AAA?$AAL?$AAB?$AAL?$AAM?$AAe?$AAn?$AAu?$AAS?$AAe?$AAl?$AAe?$AAc?$AAt?$AAD?$AAe?$AAv?$AAi?$AAc?$AAe?$AA?3?$AA?5?$AAI?$AAn@ 000054b0     oal_blmenu:menu.obj
 0001:00004518       ??_C@_1CO@MNGNNHKJ@?$AA?5?$AA?$CF?$AAs?$AA?5?$AAd?$AAe?$AAv?$AAi?$AAc?$AAe?$AA?5?$AAs?$AAe?$AAt?$AA?5?$AAt?$AAo?$AA?5?$AA?$CF?$AAs?$AA?$AN?$AA?6?$AA?$AA@ 00005518     oal_blmenu:menu.obj
 0001:00004548       ??_C@_1CC@GHCHDPIM@?$AAS?$AAe?$AAl?$AAe?$AAc?$AAt?$AA?5?$AA?$CF?$AAs?$AA?5?$AAD?$AAe?$AAv?$AAi?$AAc?$AAe?$AA?$AA@ 00005548     oal_blmenu:menu.obj
 0001:0000456c       ??_C@_17ILCABGPK@?$AA?$AI?$AA?5?$AA?$AI?$AA?$AA@ 0000556c     oal_blmenu:menu.obj
 0001:00004578       ??_C@_1GG@KAOMNNAE@?$AAE?$AAR?$AAR?$AAO?$AAR?$AA?3?$AA?5?$AAO?$AAA?$AAL?$AAB?$AAL?$AAM?$AAe?$AAn?$AAu?$AAS?$AAe?$AAt?$AAM?$AAa?$AAc?$AAA?$AAd?$AAd?$AAr?$AAe?$AAs?$AAs?$AA?3?$AA?5?$AAI@ 00005578     oal_blmenu:menu.obj
 0001:000045e0       ??_C@_1DI@EBJOBKJO@?$AA?5?$AA?$CF?$AAs?$AA?5?$AAM?$AAA?$AAC?$AA?5?$AAa?$AAd?$AAd?$AAr?$AAe?$AAs?$AAs?$AA?5?$AAs?$AAe?$AAt?$AA?5?$AAt?$AAo?$AA?5?$AA?$CF?$AAs?$AA?$AN?$AA?6?$AA?$AA@ 000055e0     oal_blmenu:menu.obj
 0001:00004618       ??_C@_1EA@HMINENJO@?$AA?5?$AA?8?$AA?$CF?$AAs?$AA?8?$AA?5?$AAi?$AAs?$AAn?$AA?8?$AAt?$AA?5?$AAv?$AAa?$AAl?$AAi?$AAd?$AA?5?$AAM?$AAA?$AAC?$AA?5?$AAa?$AAd?$AAd?$AAr?$AAe?$AAs?$AAs?$AA?$AN?$AA?6?$AA?$AA@ 00005618     oal_blmenu:menu.obj
 0001:00004658       ??_C@_1EI@KGHANMNL@?$AA?5?$AAE?$AAn?$AAt?$AAe?$AAr?$AA?5?$AA?$CF?$AAs?$AA?5?$AAM?$AAA?$AAC?$AA?5?$AAa?$AAd?$AAd?$AAr?$AAe?$AAs?$AAs?$AA?5?$AA?$CI?$AAa?$AAc?$AAt?$AAu?$AAa?$AAl?$AA?5?$AA?$CF?$AAs@ 00005658     oal_blmenu:menu.obj
 0001:000046a0       ??_C@_1GG@LBBLODG@?$AAE?$AAR?$AAR?$AAO?$AAR?$AA?3?$AA?5?$AAO?$AAA?$AAL?$AAB?$AAL?$AAM?$AAe?$AAn?$AAu?$AAS?$AAe?$AAt?$AAI?$AAp?$AAA?$AAd?$AAd?$AAr?$AAe?$AAs?$AAs?$AA?3?$AA?5?$AAI?$AAn@ 000056a0     oal_blmenu:menu.obj
 0001:00004708       ??_C@_1DG@PKEFPJGM@?$AA?5?$AA?$CF?$AAs?$AA?5?$AAI?$AAP?$AA?5?$AAa?$AAd?$AAd?$AAr?$AAe?$AAs?$AAs?$AA?5?$AAs?$AAe?$AAt?$AA?5?$AAt?$AAo?$AA?5?$AA?$CF?$AAs?$AA?$AN?$AA?6?$AA?$AA@ 00005708     oal_blmenu:menu.obj
 0001:00004740       ??_C@_1DO@PNGPKAIC@?$AA?5?$AA?8?$AA?$CF?$AAs?$AA?8?$AA?5?$AAi?$AAs?$AAn?$AA?8?$AAt?$AA?5?$AAv?$AAa?$AAl?$AAi?$AAd?$AA?5?$AAI?$AAP?$AA?5?$AAa?$AAd?$AAd?$AAr?$AAe?$AAs?$AAs?$AA?$AN?$AA?6?$AA?$AA@ 00005740     oal_blmenu:menu.obj
 0001:00004780       ??_C@_1EG@NJNHINMH@?$AA?5?$AAE?$AAn?$AAt?$AAe?$AAr?$AA?5?$AA?$CF?$AAs?$AA?5?$AAI?$AAP?$AA?5?$AAa?$AAd?$AAd?$AAr?$AAe?$AAs?$AAs?$AA?5?$AA?$CI?$AAa?$AAc?$AAt?$AAu?$AAa?$AAl?$AA?5?$AA?$CF?$AAs?$AA?$CJ@ 00005780     oal_blmenu:menu.obj
 0001:000047c8       ??_C@_1GA@BNPDEIDO@?$AAE?$AAR?$AAR?$AAO?$AAR?$AA?3?$AA?5?$AAO?$AAA?$AAL?$AAB?$AAL?$AAM?$AAe?$AAn?$AAu?$AAS?$AAe?$AAt?$AAI?$AAp?$AAM?$AAa?$AAs?$AAk?$AA?3?$AA?5?$AAI?$AAn?$AAv?$AAa?$AAl@ 000057c8     oal_blmenu:menu.obj
 0001:00004828       ??_C@_1DA@MPGAFAD@?$AA?5?$AA?$CF?$AAs?$AA?5?$AAI?$AAP?$AA?5?$AAm?$AAa?$AAs?$AAk?$AA?5?$AAs?$AAe?$AAt?$AA?5?$AAt?$AAo?$AA?5?$AA?$CF?$AAs?$AA?$AN?$AA?6?$AA?$AA@ 00005828     oal_blmenu:menu.obj
 0001:00004858       ??_C@_1DI@NFENBBKL@?$AA?5?$AA?8?$AA?$CF?$AAs?$AA?8?$AA?5?$AAi?$AAs?$AAn?$AA?8?$AAt?$AA?5?$AAv?$AAa?$AAl?$AAi?$AAd?$AA?5?$AAI?$AAP?$AA?5?$AAm?$AAa?$AAs?$AAk?$AA?$AN?$AA?6?$AA?$AA@ 00005858     oal_blmenu:menu.obj
 0001:00004890       ??_C@_1EA@LJMJMOFH@?$AA?5?$AAE?$AAn?$AAt?$AAe?$AAr?$AA?5?$AA?$CF?$AAs?$AA?5?$AAI?$AAP?$AA?5?$AAm?$AAa?$AAs?$AAk?$AA?5?$AA?$CI?$AAa?$AAc?$AAt?$AAu?$AAa?$AAl?$AA?5?$AA?$CF?$AAs?$AA?$CJ?$AA?3?$AA?5?$AA?$AA@ 00005890     oal_blmenu:menu.obj
 0001:000049f0       ??_C@_1O@INIEDEDF@?$AA?$CI?$AAN?$AAU?$AAL?$AAL?$AA?$CJ?$AA?$AA@ 000059f0     oal_blnk:format.obj
 0001:00004a00       ??_C@_06LHGEHABH@?$CINULL?$CJ?$AA@ 00005a00     oal_blnk:format.obj
 0001:00004a98       pTOC                       00005a98     oal_blcommon:blcommon.obj
 0001:00004aa0       NKSignon                   00005aa0     oal_blcommon:blcommon.obj
 0001:00004afc       ??_C@_0DJ@LFHEGALA@ERROR?3?5Checksum?5failure?5?$CIexpecte@ 00005afc     oal_blcommon:blcommon.obj
 0001:00004b38       ??_C@_0BM@DKIOIAMD@?$AN?6BL_IMAGE_TYPE_UNKNOWN?$AN?6?$AN?6?$AA@ 00005b38     oal_blcommon:blcommon.obj
 0001:00004b54       ??_C@_0BP@KNNCEABF@?$AN?6BL_IMAGE_TYPE_SIGNED_NB0?$AN?6?$AN?6?$AA@ 00005b54     oal_blcommon:blcommon.obj
 0001:00004b74       ??_C@_07LAGBNAEN@R000FF?6?$AA@ 00005b74     oal_blcommon:blcommon.obj
 0001:00004b7c       ??_C@_0BP@MJFCGNBB@?$AN?6BL_IMAGE_TYPE_SIGNED_BIN?$AN?6?$AN?6?$AA@ 00005b7c     oal_blcommon:blcommon.obj
 0001:00004b9c       ??_C@_07HMMLNAND@S000FF?6?$AA@ 00005b9c     oal_blcommon:blcommon.obj
 0001:00004ba4       ??_C@_0BI@HBMHAEFD@?$AN?6BL_IMAGE_TYPE_BIN?$AN?6?$AN?6?$AA@ 00005ba4     oal_blcommon:blcommon.obj
 0001:00004bbc       ??_C@_07MMNKOBGG@B000FF?6?$AA@ 00005bbc     oal_blcommon:blcommon.obj
 0001:00004bc4       ??_C@_0BN@IHLEHBEK@?$AN?6BL_IMAGE_TYPE_MULTIXIP?$AN?6?$AN?6?$AA@ 00005bc4     oal_blcommon:blcommon.obj
 0001:00004be4       ??_C@_07CBKBMMIF@X000FF?6?$AA@ 00005be4     oal_blcommon:blcommon.obj
 0001:00004bec       ??_C@_0BN@GCKOHOON@?$AN?6BL_IMAGE_TYPE_MANIFEST?$AN?6?$AN?6?$AA@ 00005bec     oal_blcommon:blcommon.obj
 0001:00004c0c       ??_C@_07JLHFPECJ@N000FF?6?$AA@ 00005c0c     oal_blcommon:blcommon.obj
 0001:00004c14       ??_C@_0CL@OKMIEAHJ@?$AN?6ERROR?3?5Unable?5to?5read?5image?5si@ 00005c14     oal_blcommon:blcommon.obj
 0001:00004c40       ??_C@_0DJ@PIPLIHFI@?$AN?6ERROR?3?5Unable?5to?5read?5download@ 00005c40     oal_blcommon:blcommon.obj
 0001:00004c80       ??_C@_0EC@LAKEOKID@?$AN?6ERROR?3?5Download?5manifest?5packe@ 00005c80     oal_blcommon:blcommon.obj
 0001:00004cc4       ??_C@_0DG@DBBGHEAG@?$AN?6ERROR?3?5Unable?5to?5read?5download@ 00005cc4     oal_blcommon:blcommon.obj
 0001:00004cfc       ??_C@_0DL@DCHMDHHD@ImageStart?5?$DN?50x?$CFx?0?5ImageLength?5?$DN@ 00005cfc     oal_blcommon:blcommon.obj
 0001:00004d38       ??_C@_0CO@PFLGIDFG@ERROR?3?5failed?5when?5reading?5raw?5b@ 00005d38     oal_blcommon:blcommon.obj
 0001:00004d68       ??_C@_0BP@EOFEMPOO@Invalid?5flash?5address?1length?$AN?6?$AA@ 00005d68     oal_blcommon:blcommon.obj
 0001:00004d88       ??_C@_0CC@DNECAMLM@?$CBOEMVERIFYMEMORY?3?5Invalid?5image?$AN@ 00005d88     oal_blcommon:blcommon.obj
 0001:00004dac       ??_C@_0DH@GJCJAHAP@?$FL?$CFd?$FN?3?5Address?$DN0x?$CFx?5?5Length?$DN0x?$CFx?5@ 00005dac     oal_blcommon:blcommon.obj
 0001:00004de4       ??_C@_03ILDADBHF@RAM?$AA@  00005de4     oal_blcommon:blcommon.obj
 0001:00004de8       ??_C@_05HPMNGINJ@FLASH?$AA@ 00005de8     oal_blcommon:blcommon.obj
 0001:00004df0       ??_C@_0BH@FIOKDOBJ@?$AN?6Completed?5file?$CIs?$CJ?3?$AN?6?$AA@ 00005df0     oal_blcommon:blcommon.obj
 0001:00004e08       ??_C@_0FC@PGPOMBFM@?9?9?9?9?9?9?9?9?9?9?9?9?9?9?9?9?9?9?9?9?9?9?9?9?9?9?9?9?9?9?9?9@ 00005e08     oal_blcommon:blcommon.obj
 0001:00004e5c       ??_C@_06OLEINIPO@nk?4exe?$AA@ 00005e5c     oal_blcommon:blcommon.obj
 0001:00004e64       ??_C@_0CE@NKAMCDHO@Unable?5to?5read?5image?5start?1lengt@ 00005e64     oal_blcommon:blcommon.obj
 0001:00004e88       ??_C@_0DI@FDIIHFBA@?$CK?$CK?$CK?$CK?$CK?$CK?5Checksum?5failure?5on?5recor@ 00005e88     oal_blcommon:blcommon.obj
 0001:00004ec0       ??_C@_0DD@KHJBCIED@?$CK?$CK?$CK?$CK?$CK?$CK?5Data?5record?5?$CFd?5corrupted?0@ 00005ec0     oal_blcommon:blcommon.obj
 0001:00004ef4       ??_C@_0BD@PHLGNLDI@rom_offset?$DN0x?$CFx?4?$AN?6?$AA@ 00005ef4     oal_blcommon:blcommon.obj
 0001:00004f08       ??_C@_0EC@NABDPCJO@?$CK?$CK?5ERROR?3?5This?5boot?5loader?5does?5@ 00005f08     oal_blcommon:blcommon.obj
 0001:00004f50       ??_C@_0EC@MIGFFFAC@?$CK?$CK?5ERROR?3?5This?5boot?5loader?5does?5@ 00005f50     oal_blcommon:blcommon.obj
 0001:00004f94       ??_C@_06BEBGGBAB@?$AN?6?$CK?$CK?$AN?6?$AA@ 00005f94     oal_blcommon:blcommon.obj
 0001:00004fa0       ??_C@_0GI@NIAHKKOO@?$CK?$CK?5ERROR?3?5The?5X000FF?5packet?5is?5a@ 00005fa0     oal_blcommon:blcommon.obj
 0001:00005008       ??_C@_0FO@KDFAPMNM@?$CK?$CK?5Please?5update?5your?5Platform?5B@ 00006008     oal_blcommon:blcommon.obj
 0001:00005068       ??_C@_04IPBEALME@?$CK?$CK?$AN?6?$AA@ 00006068     oal_blcommon:blcommon.obj
 0001:00005070       ??_C@_0BI@OCFAEGPK@ROMHDR?5at?5Address?5?$CFXh?$AN?6?$AA@ 00006070     oal_blcommon:blcommon.obj
 0001:00005088       ??_C@_0CL@NOFKHKJC@System?5ready?$CB?$AN?6Preparing?5for?5dow@ 00006088     oal_blcommon:blcommon.obj
 0001:000050b4       ??_C@_0M@CDHNGIPM@?$CFu?4?$CFu?4?$CFu?4?$CFu?$AA@ 000060b4     oal_blcommon:format.obj
 0001:00005150       ??_C@_1KI@MDFCMHMG@?$AAC?$AA?3?$AA?2?$AAW?$AAI?$AAN?$AAC?$AAE?$AA6?$AA0?$AA0?$AA?2?$AAP?$AAL?$AAA?$AAT?$AAF?$AAO?$AAR?$AAM?$AA?2?$AAC?$AAO?$AAM?$AAM?$AAO?$AAN?$AA?2?$AAS?$AAR?$AAC?$AA?2@ 00006150     common_ti_fmd_nand_boot:fmd.obj
 0001:000051f8       ??_C@_1CI@OHCJFJPM@?$AAE?$AAR?$AAR?$AAO?$AAR?$AA?3?$AA?5?$AA?$CF?$AAs?$AA?5?$AAl?$AAi?$AAn?$AAe?$AA?5?$AA?$CF?$AAd?$AA?3?$AA?5?$AA?$AA@ 000061f8     common_ti_fmd_nand_boot:fmd.obj
 0001:00005220       ??_C@_1HG@DCOIKHPB@?$AAF?$AAM?$AAD?$AA?5?$AAd?$AAr?$AAi?$AAv?$AAe?$AAr?$AA?5?$AAs?$AAu?$AAp?$AAp?$AAo?$AAr?$AAt?$AAs?$AA?5?$AAo?$AAn?$AAl?$AAy?$AA?5?$AA1?$AA6?$AAb?$AAi?$AAt?$AAs?$AA?5@ 00006220     common_ti_fmd_nand_boot:fmd.obj
 0001:00005298       ??_C@_1DK@CAAJGKFH@?$AAI?$AAn?$AAc?$AAo?$AAr?$AAr?$AAe?$AAc?$AAt?$AA?5?$AAE?$AAC?$AAC?$AA?5?$AAt?$AAy?$AAp?$AAe?$AA?5?$AAs?$AAe?$AAt?$AAt?$AAi?$AAn?$AAg?$AA?$AN?$AA?6?$AA?$AA@ 00006298     common_ti_fmd_nand_boot:fmd.obj
 0001:00005368       ??_C@_1EA@JNFKONCC@?$AAE?$AAr?$AAr?$AAo?$AAr?$AA?3?$AA?5?$AAU?$AAn?$AAr?$AAe?$AAc?$AAo?$AAg?$AAn?$AAi?$AAz?$AAe?$AAd?$AA?5?$AAM?$AAo?$AAd?$AAe?$AA?$FL?$AA?$CF?$AAd?$AA?$FN?$AA?$CB?$AA?$AN?$AA?6?$AA?$AA@ 00006368     common_ti_fmd_nand_boot:gpmc_ecc.obj
 0001:000053a8       ??_C@_1EI@LMGHLBK@?$AAE?$AAC?$AAC?$AA_?$AAI?$AAn?$AAi?$AAt?$AA?3?$AA?5?$AAu?$AAn?$AAs?$AAu?$AAp?$AAp?$AAo?$AAr?$AAt?$AAe?$AAd?$AA?5?$AAe?$AAc?$AAc?$AA?5?$AAm?$AAo?$AAd?$AAe?$AA?3?$AA?$CF@ 000063a8     common_ti_fmd_nand_boot:gpmc_ecc.obj
 0001:00005480       ??_C@_1EA@CJMKJJJH@?$AAO?$AAA?$AAL?$AAL?$AAo?$AAc?$AAa?$AAl?$AAA?$AAl?$AAl?$AAo?$AAc?$AA?5?$AAr?$AAe?$AAt?$AAu?$AAr?$AAn?$AAe?$AAd?$AA?5?$AAN?$AAU?$AAL?$AAL?$AA?5?$AA?$CB?$AA?$AN?$AA?6?$AA?$AA@ 00006480     common_ti_oal_alloc:alloc.obj
 0001:000055e8       ??_C@_1KM@EEHAFCCJ@?$AAC?$AA?3?$AA?2?$AAW?$AAI?$AAN?$AAC?$AAE?$AA6?$AA0?$AA0?$AA?2?$AAP?$AAL?$AAA?$AAT?$AAF?$AAO?$AAR?$AAM?$AA?2?$AAC?$AAO?$AAM?$AAM?$AAO?$AAN?$AA?2?$AAS?$AAR?$AAC?$AA?2@ 000065e8     common_ti_oali2c:oali2c.obj
 0001:00005694       ??_C@_1CC@EHKJMBJI@?$AAD?$AAe?$AAv?$AAi?$AAc?$AAe?$AA?5?$AAn?$AAo?$AAt?$AA?5?$AAf?$AAo?$AAu?$AAn?$AAd?$AA?$AA@ 00006694     common_ti_oali2c:oali2c.obj
 0001:000056b8       ??_C@_1KA@GOKKFLEJ@?$AAW?$AAA?$AAR?$AAN?$AA?3?$AA?5?$AAI?$AA2?$AAC?$AA?3?$AA?3?$AAI?$AA2?$AAC?$AAP?$AAo?$AAl?$AAl?$AAS?$AAt?$AAa?$AAt?$AAu?$AAs?$AA?5?$AA?9?$AA?5?$AAc?$AAh?$AAe?$AAc?$AAk@ 000066b8     common_ti_oali2c:oali2c.obj
 0001:00005758       ??_C@_1GK@FLELOHLG@?$AAW?$AAA?$AAR?$AAN?$AA?3?$AA?5?$AAI?$AA2?$AAC?$AA?3?$AA?3?$AAI?$AA2?$AAC?$AAR?$AAe?$AAs?$AAe?$AAt?$AAD?$AAe?$AAv?$AAi?$AAc?$AAe?$AA?5?$AA?9?$AA?5?$AAf?$AAa?$AAi?$AAl@ 00006758     common_ti_oali2c:oali2c.obj
 0001:000057c8       ??_C@_1FK@IKKDNAB@?$AA?$AN?$AA?5?$AAT?$AAe?$AAs?$AAt?$AAi?$AAn?$AAg?$AA?5?$AA?$CI?$AAr?$AAc?$AA?5?$AA?$CB?$AA?$DN?$AA?5?$AAk?$AAI?$AA2?$AAC?$AAS?$AAu?$AAc?$AAc?$AAe?$AAs?$AAs?$AA?$CJ?$AA?0?$AA?5?$AAS@ 000067c8     common_ti_oali2c:oali2c.obj
 0001:00005828       ??_C@_1EM@MFOBAEKO@?$AA?$AN?$AA?5?$AAT?$AAe?$AAs?$AAt?$AAi?$AAn?$AAg?$AA?5?$AA?1?$AA?1?$AA?5?$AAp?$AAa?$AAc?$AAk?$AAe?$AAt?$AA?5?$AAc?$AAo?$AAm?$AAp?$AAl?$AAe?$AAt?$AAe?$AA?0?$AAr?$AAc?$AA?3@ 00006828     common_ti_oali2c:oali2c.obj
 0001:00005874       ??_C@_1DI@LOLPOGCG@?$AA?$AN?$AA?5?$AAs?$AAt?$AAa?$AAt?$AA?5?$AA?$CG?$AA?5?$AAI?$AA2?$AAC?$AA_?$AAS?$AAT?$AAA?$AAT?$AA_?$AAA?$AAR?$AAD?$AAY?$AA?5?$AA?$CF?$AAd?$AA?$AN?$AA?6?$AA?$AA@ 00006874     common_ti_oali2c:oali2c.obj
 0001:000058b0       ??_C@_1GM@HBEPGNLG@?$AA?$AN?$AA?5?$AAT?$AAe?$AAs?$AAt?$AAi?$AAn?$AAg?$AA?5?$AA?$CI?$AAp?$AAI?$AAn?$AAf?$AAo?$AA?9?$AA?$DO?$AAc?$AAo?$AAn?$AA_?$AAm?$AAa?$AAs?$AAk?$AA?5?$AA?$CG?$AA?5?$AAI?$AA2?$AAC@ 000068b0     common_ti_oali2c:oali2c.obj
 0001:0000591c       ??_C@_1BI@BOAJFLLJ@?$AA?$AN?$AA?5?$AAs?$AAt?$AAa?$AAt?$AA?5?$AA?$CF?$AAd?$AA?$AN?$AA?6?$AA?$AA@ 0000691c     common_ti_oali2c:oali2c.obj
 0001:00005934       ??_C@_1CC@IJMKBHAJ@?$AA?$AN?$AA?5?$AA?$CK?$AAp?$AAI?$AA2?$AAC?$AAR?$AAe?$AAg?$AAs?$AA?5?$AA?$CF?$AAd?$AA?$AN?$AA?6?$AA?$AA@ 00006934     common_ti_oali2c:oali2c.obj
 0001:00005958       ??_C@_1FC@NCNOFIBL@?$AA?$AN?$AA?5?$AAT?$AAe?$AAs?$AAt?$AAi?$AAn?$AAg?$AA?5?$AAI?$AA2?$AAC?$AAT?$AAr?$AAa?$AAn?$AAs?$AAa?$AAc?$AAt?$AAi?$AAo?$AAn?$AA?$CI?$AA?$CJ?$AA?5?$AA?9?$AA?9?$AA?9?$AA?9?$AA?9@ 00006958     common_ti_oali2c:oali2c.obj
 0001:000059b0       ??_C@_1GO@NCGHHJFM@?$AAW?$AAA?$AAR?$AAN?$AA?3?$AA?5?$AAI?$AA2?$AAC?$AA?3?$AA?5?$AAW?$AAr?$AAi?$AAt?$AAe?$AA?5?$AAf?$AAa?$AAi?$AAl?$AAe?$AAd?$AA?5?$AA?$CI?$AAS?$AAA?$AA?$DN?$AA0?$AAx?$AA?$CF?$AA0@ 000069b0     common_ti_oali2c:oali2c.obj
 0001:00005a20       ??_C@_1CK@ENFGBMIC@?$AA?$AN?$AA?5?$AAT?$AAe?$AAs?$AAt?$AAi?$AAn?$AAg?$AA?5?$AAp?$AAC?$AAt?$AAx?$AA?3?$AA?5?$AA?$CF?$AAX?$AA?$AN?$AA?6?$AA?$AA@ 00006a20     common_ti_oali2c:oali2c.obj
 0001:00005a50       ??_C@_1EI@MAODODEJ@?$AA?$AN?$AA?5?$AAT?$AAe?$AAs?$AAt?$AAi?$AAn?$AAg?$AA?5?$AAI?$AA2?$AAC?$AAT?$AAr?$AAa?$AAn?$AAs?$AAa?$AAc?$AAt?$AAi?$AAo?$AAn?$AA?$CI?$AA?$CJ?$AA?5?$AAr?$AAc?$AA?3?$AA?5?$AA?$CF@ 00006a50     common_ti_oali2c:oali2c.obj
 0001:00005a98       ??_C@_1CO@EBLPIMOB@?$AAW?$AAr?$AAi?$AAt?$AAe?$AA?3?$AA?5?$AAA?$AAt?$AAt?$AAe?$AAm?$AAp?$AAt?$AAs?$AA?5?$AA?$DN?$AA?5?$AA?$CF?$AAd?$AA?$AN?$AA?6?$AA?$AA@ 00006a98     common_ti_oali2c:oali2c.obj
 0001:00005ac8       ??_C@_1DE@PBDHJPJA@?$AA?$AN?$AA?5?$AAT?$AAe?$AAs?$AAt?$AAi?$AAn?$AAg?$AA?5?$AAn?$AAA?$AAt?$AAt?$AAe?$AAm?$AAp?$AAt?$AAs?$AA?3?$AA?5?$AA?$CF?$AAd?$AA?$AN?$AA?6?$AA?$AA@ 00006ac8     common_ti_oali2c:oali2c.obj
 0001:00005b00       ??_C@_1EG@GELEADBD@?$AA?$AN?$AA?5?$AAT?$AAe?$AAs?$AAt?$AAi?$AAn?$AAg?$AA?5?$AAI?$AA2?$AAC?$AAW?$AAr?$AAi?$AAt?$AAe?$AA?$CI?$AA?$CJ?$AA?5?$AAo?$AAf?$AA?5?$AAp?$AAC?$AAt?$AAx?$AA?3?$AA?5?$AA?$CF?$AAX@ 00006b00     common_ti_oali2c:oali2c.obj
 0001:00005b48       ??_C@_1HM@LEOLDKCA@?$AAW?$AAA?$AAR?$AAN?$AA?3?$AA?5?$AAI?$AA2?$AAC?$AA?3?$AA?5?$AAR?$AAe?$AAa?$AAd?$AA?5?$AAf?$AAa?$AAi?$AAl?$AAe?$AAd?$AA?5?$AA?$CI?$AAs?$AAl?$AAa?$AAv?$AAe?$AA?5?$AAa?$AAd@ 00006b48     common_ti_oali2c:oali2c.obj
 0001:00005bc4       ??_C@_1CM@HPEFBBEG@?$AAR?$AAe?$AAa?$AAd?$AA?3?$AA?5?$AAA?$AAt?$AAt?$AAe?$AAm?$AAp?$AAt?$AAs?$AA?5?$AA?$DN?$AA?5?$AA?$CF?$AAd?$AA?$AN?$AA?6?$AA?$AA@ 00006bc4     common_ti_oali2c:oali2c.obj
 0001:00005bf0       ??_C@_1CO@IKDMELMO@?$AAI?$AA2?$AAC?$AA?3?$AA?5?$AAR?$AAE?$AAS?$AAE?$AAT?$AA?5?$AAd?$AAe?$AAv?$AAi?$AAc?$AAe?$AA?5?$AA?$CF?$AAd?$AA?$AN?$AA?6?$AA?$AA@ 00006bf0     common_ti_oali2c:oali2c.obj
 0001:00005ec0       ??_C@_1FK@KLGDBING@?$AAS?$AAD?$AAC?$AAA?$AAR?$AAD?$AA?3?$AA?5?$AAr?$AAe?$AAq?$AAe?$AAs?$AAt?$AAe?$AAd?$AA?5?$AAs?$AAp?$AAe?$AAe?$AAd?$AA?5?$AA?$CF?$AAd?$AA?0?$AA?5?$AAa?$AAc?$AAt?$AAu?$AAa@ 00006ec0     common_ti_boot_sdmemory:sdcard.obj
 0001:00005f20       ??_C@_1GE@IHFMNDC@?$AAM?$AAM?$AAC?$AA?3?$AA?3?$AAM?$AAM?$AAC?$AAC?$AAo?$AAm?$AAm?$AAa?$AAn?$AAd?$AAR?$AAe?$AAs?$AAp?$AAo?$AAn?$AAs?$AAe?$AA?3?$AA?5?$AAC?$AAo?$AAm?$AAm?$AAa?$AAn?$AAd@ 00006f20     common_ti_boot_sdmemory:sdcard.obj
 0001:00005f88       ??_C@_1IM@IDDFJJFI@?$AAM?$AAM?$AAC?$AA?3?$AA?3?$AAM?$AAM?$AAC?$AAC?$AAo?$AAm?$AAm?$AAa?$AAn?$AAd?$AAR?$AAe?$AAs?$AAp?$AAo?$AAn?$AAs?$AAe?$AA?3?$AA?5?$AAC?$AAo?$AAm?$AAm?$AAa?$AAn?$AAd@ 00006f88     common_ti_boot_sdmemory:sdcard.obj
 0001:00006018       ??_C@_1HM@GLHKNEKG@?$AAM?$AAM?$AAC?$AA?3?$AA?3?$AAM?$AAM?$AAC?$AAC?$AAo?$AAm?$AAm?$AAa?$AAn?$AAd?$AAR?$AAe?$AAs?$AAp?$AAo?$AAn?$AAs?$AAe?$AA?3?$AA?5?$AAM?$AAM?$AAC?$AAS?$AAe?$AAn?$AAd@ 00007018     common_ti_boot_sdmemory:sdcard.obj
 0001:00006098       ??_C@_1FE@BCNJBLJK@?$AAS?$AAD?$AAM?$AAe?$AAm?$AA?3?$AA?5?$AAc?$AAa?$AAr?$AAd?$AA?5?$AAr?$AAd?$AAy?$AA?5?$AAb?$AAT?$AAi?$AAm?$AAe?$AAo?$AAu?$AAt?$AA?0?$AA?5?$AAs?$AAt?$AAa?$AAt?$AAu?$AAs@ 00007098     common_ti_boot_sdmemory:sdcard.obj
 0001:000060ec       ??_C@_1DG@LHNGMEJK@?$AAr?$AAe?$AAa?$AAd?$AA?5?$AAm?$AAu?$AAl?$AAt?$AAi?$AA?5?$AAs?$AAe?$AAc?$AAt?$AAo?$AAr?$AAs?$AA?5?$AAe?$AAr?$AAr?$AAo?$AAr?$AA?$AN?$AA?6?$AA?$AA@ 000070ec     common_ti_boot_sdmemory:sdcard.obj
 0001:00006128       ??_C@_1IM@NDHBECDO@?$AAM?$AAM?$AAC?$AAR?$AAe?$AAa?$AAd?$AAM?$AAu?$AAl?$AAt?$AAi?$AAS?$AAe?$AAc?$AAt?$AAo?$AAr?$AAs?$AA?3?$AA?5?$AAM?$AAM?$AAC?$AAC?$AAo?$AAm?$AAm?$AAa?$AAn?$AAd?$AAR@ 00007128     common_ti_boot_sdmemory:sdcard.obj
 0001:000061b8       ??_C@_1JA@ILPGFCNI@?$AAM?$AAM?$AAC?$AAR?$AAe?$AAa?$AAd?$AAM?$AAu?$AAl?$AAt?$AAi?$AAS?$AAe?$AAc?$AAt?$AAo?$AAr?$AAs?$AA?3?$AA?5?$AAM?$AAM?$AAC?$AAC?$AAo?$AAm?$AAm?$AAa?$AAn?$AAd?$AAR@ 000071b8     common_ti_boot_sdmemory:sdcard.obj
 0001:00006248       ??_C@_1FK@HAPCNFMM@?$AAM?$AAM?$AAC?$AAR?$AAe?$AAa?$AAd?$AAM?$AAu?$AAl?$AAt?$AAi?$AAS?$AAe?$AAc?$AAt?$AAo?$AAr?$AAs?$AA?3?$AA?5?$AAM?$AAM?$AAC?$AAW?$AAa?$AAi?$AAt?$AAF?$AAo?$AAr?$AAR@ 00007248     common_ti_boot_sdmemory:sdcard.obj
 0001:000062a4       ??_C@_1BK@GAKJANPH@?$AAr?$AAe?$AAa?$AAd?$AA?5?$AAe?$AAr?$AAr?$AAo?$AAr?$AA?$AN?$AA?6?$AA?$AA@ 000072a4     common_ti_boot_sdmemory:sdcard.obj
 0001:000062c0       ??_C@_1HE@HOGFNIBK@?$AAM?$AAM?$AAC?$AAR?$AAe?$AAa?$AAd?$AA?3?$AA?5?$AAM?$AAM?$AAC?$AAC?$AAo?$AAm?$AAm?$AAa?$AAn?$AAd?$AAR?$AAe?$AAs?$AAp?$AAo?$AAn?$AAs?$AAe?$AA?5?$AAe?$AAr?$AAr?$AAo@ 000072c0     common_ti_boot_sdmemory:sdcard.obj
 0001:00006338       ??_C@_1KA@GCFNELEL@?$AAM?$AAM?$AAC?$AAS?$AAe?$AAl?$AAe?$AAc?$AAt?$AAC?$AAa?$AAr?$AAd?$AA?3?$AA?5?$AAt?$AAi?$AAm?$AAe?$AAo?$AAu?$AAt?$AA?5?$AAw?$AAa?$AAi?$AAt?$AAi?$AAn?$AAg?$AA?5?$AAf@ 00007338     common_ti_boot_sdmemory:sdcard.obj
 0001:000063d8       ??_C@_1GK@CDAMFDEK@?$AAM?$AAM?$AAC?$AA?3?$AA?5?$AAu?$AAn?$AAa?$AAb?$AAl?$AAe?$AA?5?$AAt?$AAo?$AA?5?$AAs?$AAe?$AAt?$AA?5?$AAw?$AAi?$AAd?$AAe?$AA?5?$AAb?$AAu?$AAs?$AA?5?$AAm?$AAo?$AAd?$AAe@ 000073d8     common_ti_boot_sdmemory:sdcard.obj
 0001:00006444       ??_C@_1CC@BECOMKMK@?$AAA?$AAP?$AAP?$AA_?$AAC?$AAM?$AAD?$AA?5?$AAf?$AAa?$AAi?$AAl?$AAe?$AAd?$AA?$AN?$AA?6?$AA?$AA@ 00007444     common_ti_boot_sdmemory:sdcard.obj
 0001:00006468       ??_C@_1EK@FDKGIIKM@?$AAS?$AAD?$AAC?$AAa?$AAr?$AAd?$AAI?$AAn?$AAi?$AAt?$AA?3?$AA?5?$AAM?$AAM?$AAC?$AAS?$AAe?$AAt?$AAB?$AAl?$AAo?$AAc?$AAk?$AAL?$AAe?$AAn?$AA?5?$AAf?$AAa?$AAi?$AAl?$AAe@ 00007468     common_ti_boot_sdmemory:sdcard.obj
 0001:000064b8       ??_C@_1GE@FEOFGONO@?$AAM?$AAM?$AAC?$AAS?$AAe?$AAl?$AAe?$AAc?$AAt?$AAC?$AAa?$AAr?$AAd?$AA?3?$AA?5?$AAp?$AAo?$AAl?$AAl?$AA?5?$AAs?$AAt?$AAa?$AAt?$AAu?$AAs?$AA?5?$AAe?$AAr?$AAr?$AAo?$AAr@ 000074b8     common_ti_boot_sdmemory:sdcard.obj
 0001:00006520       ??_C@_1JO@JCBKFGLI@?$AAM?$AAM?$AAC?$AAI?$AAs?$AAs?$AAu?$AAe?$AAI?$AAd?$AAe?$AAn?$AAt?$AAi?$AAf?$AAy?$AA?3?$AA?5?$AAb?$AAu?$AAs?$AAy?$AA?5?$AAb?$AAi?$AAt?$AA?5?$AAn?$AAe?$AAv?$AAe?$AAr@ 00007520     common_ti_boot_sdmemory:sdcard.obj
 0001:000065c0       ??_C@_1KE@BIOPJCPI@?$AAM?$AAM?$AAC?$AAI?$AAs?$AAs?$AAu?$AAe?$AAI?$AAd?$AAe?$AAn?$AAt?$AAi?$AAf?$AAy?$AA?3?$AA?5?$AAb?$AAu?$AAs?$AAy?$AA?5?$AAb?$AAi?$AAt?$AA?5?$AAn?$AAe?$AAv?$AAe?$AAr@ 000075c0     common_ti_boot_sdmemory:sdcard.obj
 0001:00006668       ??_C@_1FK@HAIGBMKL@?$AAM?$AAM?$AAC?$AAI?$AAs?$AAs?$AAu?$AAe?$AAI?$AAd?$AAe?$AAn?$AAt?$AAi?$AAf?$AAy?$AA?3?$AA?5?$AAM?$AAM?$AAC?$AAC?$AAo?$AAm?$AAm?$AAa?$AAn?$AAd?$AAR?$AAe?$AAs?$AAp@ 00007668     common_ti_boot_sdmemory:sdcard.obj
 0001:000066c8       ??_C@_1EI@DCCPDMOI@?$AAS?$AAD?$AAC?$AAa?$AAr?$AAd?$AAI?$AAn?$AAi?$AAt?$AA?3?$AA?5?$AAM?$AAM?$AAC?$AAS?$AAe?$AAl?$AAe?$AAc?$AAt?$AAC?$AAa?$AAr?$AAd?$AA?5?$AAf?$AAa?$AAi?$AAl?$AAe?$AAd@ 000076c8     common_ti_boot_sdmemory:sdcard.obj
 0001:00006710       ??_C@_1EM@FDPFBDGI@?$AAS?$AAD?$AAC?$AAa?$AAr?$AAd?$AAI?$AAn?$AAi?$AAt?$AA?3?$AA?5?$AAM?$AAM?$AAC?$AAW?$AAa?$AAi?$AAt?$AAF?$AAo?$AAr?$AAR?$AAe?$AAa?$AAd?$AAy?$AA?5?$AAf?$AAa?$AAi?$AAl@ 00007710     common_ti_boot_sdmemory:sdcard.obj
 0001:0000675c       ??_C@_1DM@BFOJJFFG@?$AAS?$AAD?$AAC?$AAa?$AAr?$AAd?$AAI?$AAn?$AAi?$AAt?$AA?3?$AA?5?$AAN?$AAo?$AA?5?$AAm?$AAe?$AAd?$AAi?$AAa?$AA?5?$AAf?$AAo?$AAu?$AAn?$AAd?$AA?$CB?$AA?$AN?$AA?6?$AA?$AA@ 0000775c     common_ti_boot_sdmemory:sdcard.obj
 0001:00006798       ??_C@_1EE@PJJAIGOH@?$AAS?$AAD?$AAC?$AAa?$AAr?$AAd?$AAI?$AAn?$AAi?$AAt?$AA?3?$AA?5?$AAM?$AAM?$AAC?$AAI?$AAn?$AAi?$AAt?$AAD?$AAi?$AAs?$AAk?$AA?5?$AAf?$AAa?$AAi?$AAl?$AAe?$AAd?$AA?$CB?$AA?$AN@ 00007798     common_ti_boot_sdmemory:sdcard.obj
 0001:000067e0       ??_C@_1GI@CBFICDBE@?$AAS?$AAD?$AAC?$AAa?$AAr?$AAd?$AAR?$AAe?$AAa?$AAd?$AAS?$AAe?$AAc?$AAt?$AAo?$AAr?$AA?3?$AA?5?$AAE?$AAr?$AAr?$AAo?$AAr?$AA?5?$AAr?$AAe?$AAa?$AAd?$AAi?$AAn?$AAg?$AA?5@ 000077e0     common_ti_boot_sdmemory:sdcard.obj
 0001:00006848       ??_C@_1HE@MOOOFOKP@?$AAS?$AAD?$AAC?$AAa?$AAr?$AAd?$AAR?$AAe?$AAa?$AAd?$AAS?$AAe?$AAc?$AAt?$AAo?$AAr?$AA?3?$AA?5?$AAE?$AAr?$AAr?$AAo?$AAr?$AA?5?$AAr?$AAe?$AAa?$AAd?$AAi?$AAn?$AAg?$AA?5@ 00007848     common_ti_boot_sdmemory:sdcard.obj
 0001:000068c0       ??_C@_1IM@HCIKFOHM@?$AAS?$AAD?$AAC?$AAa?$AAr?$AAd?$AAR?$AAe?$AAa?$AAd?$AAM?$AAu?$AAl?$AAt?$AAi?$AAS?$AAe?$AAc?$AAt?$AAo?$AAr?$AAs?$AA?3?$AA?5?$AAE?$AAr?$AAr?$AAo?$AAr?$AA?5?$AAr?$AAe@ 000078c0     common_ti_boot_sdmemory:sdcard.obj
 0001:00006950       ??_C@_1IA@BMANGLND@?$AAS?$AAD?$AAC?$AAa?$AAr?$AAd?$AAR?$AAe?$AAa?$AAd?$AAM?$AAu?$AAl?$AAt?$AAi?$AAS?$AAe?$AAc?$AAt?$AAo?$AAr?$AAs?$AA?3?$AA?5?$AAE?$AAr?$AAr?$AAo?$AAr?$AA?5?$AAr?$AAe@ 00007950     common_ti_boot_sdmemory:sdcard.obj
 0001:000069d0       ??_C@_1EM@KMLGLOML@?$AAB?$AAL?$AAS?$AAD?$AAC?$AAa?$AAr?$AAd?$AAD?$AAo?$AAw?$AAn?$AAl?$AAo?$AAa?$AAd?$AA?3?$AA?5?$AA?5?$AAc?$AAa?$AAn?$AAn?$AAo?$AAt?$AA?5?$AAo?$AAp?$AAe?$AAn?$AA?5?$AAf@ 000079d0     common_ti_boot_sdmemory:sdcard.obj
 0001:00006a20       ??_C@_1FA@PHKOKPHG@?$AAB?$AAL?$AAS?$AAD?$AAC?$AAa?$AAr?$AAd?$AAD?$AAo?$AAw?$AAn?$AAl?$AAo?$AAa?$AAd?$AA?3?$AA?5?$AA?5?$AAf?$AAi?$AAl?$AAe?$AAi?$AAo?$AA?5?$AAi?$AAn?$AAi?$AAt?$AA?5?$AAf@ 00007a20     common_ti_boot_sdmemory:sdcard.obj
 0001:00006a70       ??_C@_1FK@BIPBBPFB@?$AAB?$AAL?$AAS?$AAD?$AAC?$AAa?$AAr?$AAd?$AAR?$AAe?$AAa?$AAd?$AAL?$AAo?$AAg?$AAo?$AA?3?$AA?5?$AA?5?$AAc?$AAa?$AAn?$AAn?$AAo?$AAt?$AA?5?$AAr?$AAe?$AAa?$AAd?$AA?5?$AAf@ 00007a70     common_ti_boot_sdmemory:sdcard.obj
 0001:00006ad0       ??_C@_1EM@GBAEOFJC@?$AAB?$AAL?$AAS?$AAD?$AAC?$AAa?$AAr?$AAd?$AAR?$AAe?$AAa?$AAd?$AAL?$AAo?$AAg?$AAo?$AA?3?$AA?5?$AA?5?$AAc?$AAa?$AAn?$AAn?$AAo?$AAt?$AA?5?$AAr?$AAe?$AAa?$AAd?$AA?5?$AAf@ 00007ad0     common_ti_boot_sdmemory:sdcard.obj
 0001:00006b20       ??_C@_1GG@GHEKKBGL@?$AAB?$AAL?$AAS?$AAD?$AAC?$AAa?$AAr?$AAd?$AAR?$AAe?$AAa?$AAd?$AAL?$AAo?$AAg?$AAo?$AA?3?$AA?5?$AA?5?$AAc?$AAa?$AAn?$AAn?$AAo?$AAt?$AA?5?$AAr?$AAe?$AAa?$AAd?$AA?5?$AAp@ 00007b20     common_ti_boot_sdmemory:sdcard.obj
 0001:00006b88       ??_C@_1FI@KCFLKPBN@?$AAB?$AAL?$AAS?$AAD?$AAC?$AAa?$AAr?$AAd?$AAR?$AAe?$AAa?$AAd?$AAL?$AAo?$AAg?$AAo?$AA?3?$AA?5?$AA?5?$AAI?$AAn?$AAv?$AAa?$AAl?$AAi?$AAd?$AA?5?$AAf?$AAi?$AAl?$AAe?$AA?5@ 00007b88     common_ti_boot_sdmemory:sdcard.obj
 0001:00006be0       ??_C@_1GA@CPLCDHMI@?$AAB?$AAL?$AAS?$AAD?$AAC?$AAa?$AAr?$AAd?$AAR?$AAe?$AAa?$AAd?$AAL?$AAo?$AAg?$AAo?$AA?3?$AA?5?$AA?5?$AAc?$AAa?$AAn?$AAn?$AAo?$AAt?$AA?5?$AAr?$AAe?$AAa?$AAd?$AA?5?$AAf@ 00007be0     common_ti_boot_sdmemory:sdcard.obj
 0001:00006c40       ??_C@_1EI@GHBAGNOC@?$AAB?$AAL?$AAS?$AAD?$AAC?$AAa?$AAr?$AAd?$AAR?$AAe?$AAa?$AAd?$AAL?$AAo?$AAg?$AAo?$AA?3?$AA?5?$AA?5?$AAc?$AAa?$AAn?$AAn?$AAo?$AAt?$AA?5?$AAo?$AAp?$AAe?$AAn?$AA?5?$AA?$CF@ 00007c40     common_ti_boot_sdmemory:sdcard.obj
 0001:00006c88       ??_C@_1FA@JKDIHGIH@?$AAB?$AAL?$AAS?$AAD?$AAC?$AAa?$AAr?$AAd?$AAR?$AAe?$AAa?$AAd?$AAL?$AAo?$AAg?$AAo?$AA?3?$AA?5?$AA?5?$AAf?$AAi?$AAl?$AAe?$AAi?$AAo?$AA?5?$AAi?$AAn?$AAi?$AAt?$AA?5?$AAf@ 00007c88     common_ti_boot_sdmemory:sdcard.obj
 0001:00006d68       gwaCMD                     00007d68     common_ti_boot_sdhc:sdhc.obj
 0001:00006f68       ??_C@_1DA@PKLOKBNI@?$AAI?$AAn?$AAi?$AAt?$AAi?$AAa?$AAl?$AAi?$AAz?$AAe?$AAH?$AAW?$AA?3?$AA?5?$AAT?$AAI?$AAM?$AAE?$AAO?$AAU?$AAT?$AA?$AN?$AA?6?$AA?$AA@ 00007f68     common_ti_boot_sdhc:sdhc.obj
 0001:00006f98       ??_C@_1DE@ELDDFPEJ@?$AAI?$AAn?$AAi?$AAt?$AA?5?$AAH?$AAW?$AA?3?$AA?5?$AAc?$AAo?$AAn?$AAt?$AAr?$AAo?$AAl?$AAl?$AAe?$AAr?$AA?5?$AAR?$AAS?$AAT?$AA?$AN?$AA?6?$AA?$AA@ 00007f98     common_ti_boot_sdhc:sdhc.obj
 0001:00006fcc       ??_C@_1CI@EBIAGFPN@?$AAM?$AAM?$AAC?$AA?5?$AAR?$AAe?$AAs?$AAe?$AAt?$AA?5?$AAt?$AAi?$AAm?$AAe?$AAo?$AAu?$AAt?$AA?$AN?$AA?6?$AA?$AA@ 00007fcc     common_ti_boot_sdhc:sdhc.obj
 0001:00006ff4       ??_C@_1CI@DLLABNKH@?$AAS?$AAD?$AAH?$AAC?$AA?5?$AAb?$AAa?$AAd?$AA?5?$AAs?$AAl?$AAo?$AAt?$AA?5?$AAn?$AAu?$AAm?$AA?$AN?$AA?6?$AA?$AA@ 00007ff4     common_ti_boot_sdhc:sdhc.obj
 0001:00007020       ??_C@_1GK@EBPKPBPE@?$AAG?$AAe?$AAt?$AAC?$AAo?$AAm?$AAm?$AAa?$AAn?$AAd?$AAR?$AAe?$AAs?$AAp?$AAo?$AAn?$AAs?$AAe?$AA?$CI?$AA?$CJ?$AA?5?$AA?9?$AA?5?$AAU?$AAn?$AAr?$AAe?$AAc?$AAo?$AAg?$AAn?$AAi@ 00008020     common_ti_boot_sdhc:sdhc.obj
 0001:0000708c       ??_C@_1DM@FAHGNIG@?$AAS?$AAD?$AAI?$AAP?$AAo?$AAl?$AAl?$AAi?$AAn?$AAg?$AAR?$AAe?$AAc?$AAe?$AAi?$AAv?$AAe?$AA?3?$AA?5?$AAT?$AAI?$AAM?$AAE?$AAO?$AAU?$AAT?$AA3?$AA?$AN?$AA?6?$AA?$AA@ 0000808c     common_ti_boot_sdhc:sdhc.obj
 0001:000070c8       ??_C@_1DM@ILIIGKGF@?$AAS?$AAD?$AAI?$AAP?$AAo?$AAl?$AAl?$AAi?$AAn?$AAg?$AAR?$AAe?$AAc?$AAe?$AAi?$AAv?$AAe?$AA?3?$AA?5?$AAT?$AAI?$AAM?$AAE?$AAO?$AAU?$AAT?$AA0?$AA?$AN?$AA?6?$AA?$AA@ 000080c8     common_ti_boot_sdhc:sdhc.obj
 0001:00007104       ??_C@_1DM@EHCCGKPL@?$AAS?$AAD?$AAI?$AAP?$AAo?$AAl?$AAl?$AAi?$AAn?$AAg?$AAR?$AAe?$AAc?$AAe?$AAi?$AAv?$AAe?$AA?3?$AA?5?$AAT?$AAI?$AAM?$AAE?$AAO?$AAU?$AAT?$AA1?$AA?$AN?$AA?6?$AA?$AA@ 00008104     common_ti_boot_sdhc:sdhc.obj
 0001:00007140       ??_C@_1EG@HOIABLIC@?$AAS?$AAD?$AAH?$AAC?$AA?3?$AA?5?$AAS?$AAD?$AAI?$AAP?$AAo?$AAl?$AAl?$AAi?$AAn?$AAg?$AAR?$AAe?$AAc?$AAe?$AAi?$AAv?$AAe?$AA?$CI?$AA?$CJ?$AA?5?$AAf?$AAa?$AAi?$AAl?$AAe?$AAd@ 00008140     common_ti_boot_sdhc:sdhc.obj
 0001:00007188       ??_C@_1GA@HNKHACLA@?$AAS?$AAD?$AAH?$AAC?$AA?3?$AA?5?$AAE?$AAr?$AAr?$AAo?$AAr?$AA?5?$AAg?$AAe?$AAt?$AAt?$AAi?$AAn?$AAg?$AA?5?$AAr?$AAe?$AAs?$AAp?$AAo?$AAn?$AAs?$AAe?$AA?5?$AAf?$AAo?$AAr@ 00008188     common_ti_boot_sdhc:sdhc.obj
 0001:000071e8       ??_C@_1EM@JOOFMKFB@?$AAS?$AAD?$AAH?$AAC?$AA?3?$AA?5?$AAc?$AAo?$AAm?$AAm?$AAa?$AAn?$AAd?$AA?5?$AAr?$AAe?$AAs?$AAp?$AAo?$AAn?$AAs?$AAe?$AA?5?$AAt?$AAi?$AAm?$AAe?$AAo?$AAu?$AAt?$AA?5?$AAC@ 000081e8     common_ti_boot_sdhc:sdhc.obj
 0001:00007238       ??_C@_1EO@LNFDCIBN@?$AAS?$AAD?$AAH?$AAC?$AA?3?$AA?5?$AAc?$AAo?$AAm?$AAm?$AAa?$AAn?$AAd?$AA?5?$AAr?$AAe?$AAs?$AAp?$AAo?$AAn?$AAs?$AAe?$AA?5?$AAt?$AAi?$AAm?$AAe?$AAo?$AAu?$AAt?$AA?5?$AAD@ 00008238     common_ti_boot_sdhc:sdhc.obj
 0001:00007288       ??_C@_1EM@PLCIGAJB@?$AAS?$AAD?$AAH?$AAC?$AA?3?$AA?5?$AAc?$AAo?$AAm?$AAm?$AAa?$AAn?$AAd?$AA?5?$AAr?$AAe?$AAs?$AAp?$AAo?$AAn?$AAs?$AAe?$AA?5?$AAt?$AAi?$AAm?$AAe?$AAo?$AAu?$AAt?$AA?5?$AAD@ 00008288     common_ti_boot_sdhc:sdhc.obj
 0001:000072d4       ??_C@_1DG@OHDKIEBD@?$AAS?$AAD?$AAH?$AAC?$AA?3?$AA?5?$AAc?$AAo?$AAm?$AAm?$AAa?$AAn?$AAd?$AA?5?$AAC?$AAR?$AAC?$AA?5?$AAe?$AAr?$AAr?$AAo?$AAr?$AA?$CB?$AA?$AN?$AA?6?$AA?$AA@ 000082d4     common_ti_boot_sdhc:sdhc.obj
 0001:0000730c       ??_C@_1DG@MBAMAGDP@?$AAS?$AAD?$AAH?$AAC?$AA?3?$AA?5?$AAC?$AAa?$AAr?$AAd?$AA?5?$AAB?$AAU?$AAS?$AAY?$AA?5?$AAt?$AAi?$AAm?$AAe?$AAo?$AAu?$AAt?$AA?$CB?$AA?$AN?$AA?6?$AA?$AA@ 0000830c     common_ti_boot_sdhc:sdhc.obj
 0001:00007344       ??_C@_1CM@GCMKJBGI@?$AAS?$AAD?$AAH?$AAC?$AA?3?$AA?5?$AAC?$AAa?$AAr?$AAd?$AA?5?$AAr?$AAe?$AAm?$AAo?$AAv?$AAe?$AAd?$AA?$CB?$AA?$AN?$AA?6?$AA?$AA@ 00008344     common_ti_boot_sdhc:sdhc.obj
 0001:00007400       ??_C@_1EG@GCJBAFHN@?$AAE?$AAr?$AAr?$AAo?$AAr?$AA?5?$AAt?$AAr?$AAa?$AAn?$AAs?$AAm?$AAi?$AAt?$AAt?$AAi?$AAn?$AAg?$AA?5?$AAb?$AAu?$AAf?$AAf?$AAe?$AAr?$AA?$CB?$AA?5?$AA?5?$AA0?$AAx?$AA?$CF?$AAx@ 00008400     common_ti_ethdrv_lan911x:lan911x.obj
 0001:00007448       ??_C@_1DM@CALKBHOJ@?$AAN?$AAo?$AAt?$AA?5?$AAe?$AAn?$AAo?$AAu?$AAg?$AAh?$AA?5?$AAr?$AAo?$AAo?$AAm?$AA?5?$AAi?$AAn?$AA?5?$AAT?$AAX?$AA?5?$AAF?$AAI?$AAF?$AAO?$AA?$CB?$AA?$AN?$AA?6?$AA?$AA@ 00008448     common_ti_ethdrv_lan911x:lan911x.obj
[...]
 0001:00027f8c       UfnPdd_PowerDown           00028f8c f   common_ti_ethdrv_usbfn:pdd.obj
 0001:00027fc4       UfnPdd_PowerUp             00028fc4 f   common_ti_ethdrv_usbfn:pdd.obj
 0001:00027ffc       UfnPdd_IOControl           00028ffc f   common_ti_ethdrv_usbfn:pdd.obj
 0001:00028048       UfnPdd_Deinit              00029048 f   common_ti_ethdrv_usbfn:pdd.obj
 0001:00028078       UfnPdd_DeregisterDevice    00029078 f   common_ti_ethdrv_usbfn:pdd.obj
 0001:00028080       UfnPdd_Stop                00029080 f   common_ti_ethdrv_usbfn:pdd.obj
 0001:000280e4       UfnPdd_DeinitEndpoint      000290e4 f   common_ti_ethdrv_usbfn:pdd.obj
 0001:000280ec       UfnPdd_InitEndpoint        000290ec f   common_ti_ethdrv_usbfn:pdd.obj
 0001:000280f4       UfnPdd_SetAddress          000290f4 f   common_ti_ethdrv_usbfn:pdd.obj
 0001:00028138       UfnPdd_Start               00029138 f   common_ti_ethdrv_usbfn:pdd.obj
 0001:000281f8       UfnPdd_RegisterDevice      000291f8 f   common_ti_ethdrv_usbfn:pdd.obj
 0001:00028544       UfnPdd_IsEndpointSupportable 00029544 f   common_ti_ethdrv_usbfn:pdd.obj
 0001:00028560       UfnPdd_IsConfigurationSupportable 00029560 f   common_ti_ethdrv_usbfn:pdd.obj
 0001:0002864c       UfnPdd_Init                0002964c f   common_ti_ethdrv_usbfn:pdd.obj
 0002:00000000       g_kitlEthLan911x           0002a000     main.obj
 0002:0000002c       g_kitlUsbRndis             0002a02c     main.obj
 0002:00000058       g_kitlDevices              0002a058     main.obj
 0002:000000a0       g_bootDevices              0002a0a0     main.obj
 0002:00000100       DefaultMacAddress          0002a100     main.obj
 0002:00000108       dTime                      0002a108     main.obj
 0002:00000440       dispResMenu                0002a440     menu.obj
 0002:00000488       oppModeMenu35x             0002a488     menu.obj
 0002:000004a0       oppModeMenu37x             0002a4a0     menu.obj
 0002:000004b0       disBacklight               0002a4b0     menu.obj
 0002:000004d0       sdToFlash                  0002a4d0     menu.obj
 0002:000004f0       backlightBN                0002a4f0     menu.obj
 0002:00000508       LCMInitiaArray             0002a508     menu.obj
 0002:00000520       BatteryStatusArray         0002a520     menu.obj
 0002:00000538       BACKLIGHT_EN_GPIO          0002a538     menu.obj
 0002:000005a0       g_menuFlash                0002a5a0     flashmenu.obj
 0002:000006a8       g_ulFlashBase              0002a6a8     flash.obj
 0002:000006ac       g_ulFlashLengthBytes       0002a6ac     flash.obj
 0002:000006b0       g_ulBPartBase              0002a6b0     flash.obj
 0002:000006b4       g_ulBPartLengthBytes       0002a6b4     flash.obj
 0002:000006b8       initialOALLogZones         0002a6b8     oal_log:debug.obj
 0002:000006c0       dpCurSettings              0002a6c0     oal_log:debug.obj
 0002:00000b4c       gpmc_ecc_hamming_code      0002ab4c     common_ti_fmd_nand_boot:gpmc_ecc.obj
 0002:00000b5c       gpmc_ecc_bch_4bits         0002ab5c     common_ti_fmd_nand_boot:gpmc_ecc.obj
 0002:00000b6c       gpmc_ecc_bch_8bits         0002ab6c     common_ti_fmd_nand_boot:gpmc_ecc.obj
 0002:00000b80       OMAPCpuInfo                0002ab80     OMAP3530_oalcpuver:oalcpuver.obj
 0002:00000bc8       CPUMaxSpeed                0002abc8     OMAP3530_oalcpuver:oalcpuver.obj
 0002:00000bd8       Omap_Gpio                  0002abd8     common_ti_oal_omap_gpio:omap35xx_gpio.obj
 0002:00000ce0       Tps659xx_Gpio              0002ace0     TPS659xx_oal_gpio:tps659xx_gpio.obj
 0002:00000d28       g_dwMeasuredSysClkFreq     0002ad28     bspcfg:bspcfg.obj
 0002:00000d2c       _rgScaleTable              0002ad2c     bspcfg:bspcfg.obj
 0002:00000d50       _rgI2CDevice               0002ad50     bspcfg:bspcfg.obj
 0002:00000e30       SupportedNands             0002ae30     bspcfg:bspcfg.obj
 0002:00000e6c       BSPGpioTables              0002ae6c     bspcfg:bspcfg.obj
 0002:00000e84       bRndisSendPacketEmpty      0002ae84     rne_mdd:rndis.obj
 0002:00000eb8       RNdisMddSupportedOids      0002aeb8     rne_mdd:hostmini.obj
 0002:00000f48       __security_cookie          0002af48     gsnull:gsnull.obj
 0002:00000f4c       __security_cookie_complement 0002af4c     gsnull:gsnull.obj
 0002:00000f70       lcd_res_params             0002af70     bsp_display_init:lcd_qvga.obj
 0002:000011fc       g_InterruptData            0002b1fc     common_ti_ethdrv_rndis:rndis.obj
 0002:00001460       g_CPUFamily                0002b460     main.obj
 0002:00011478       EdbgDebugZone              0003b478     eth.obj
 0002:00033c84       gpmc_ecc_func              0005dc84     common_ti_fmd_nand_boot:gpmc_ecc.obj
 0002:00033cac       ?csGpio@@3UCRITICAL_SECTION@@A 0005dcac     TPS659xx_oal_gpio:tps659xx_gpio.obj
 0002:00033cc4       ?g_fGpioPostInit@@3HA      0005dcc4     TPS659xx_oal_gpio:tps659xx_gpio.obj
 0002:0003e168       bDoLaunch                  00068168     eboot:tftpd.obj
 0002:0003e16c       TftpPeerAddr               0006816c     eboot:tftpd.obj
 0002:0003f21c       g_pEP1DataWrapper          0006921c     common_ti_ethdrv_rndis:rndis.obj
 0002:0003f220       g_devState                 00069220     common_ti_ethdrv_rndis:rndis.obj
 0002:0003f224       g_EP0TransferState         00069224     common_ti_ethdrv_rndis:rndis.obj
 0002:0003f228       g_EP1TransferState         00069228     common_ti_ethdrv_rndis:rndis.obj
 0002:0003f22c       g_EP2TransferState         0006922c     common_ti_ethdrv_rndis:rndis.obj
 0002:0003f230       g_EP3TransferState         00069230     common_ti_ethdrv_rndis:rndis.obj
 0002:0003f234       hGPIO                      00069234     <common>
 0002:0003f238       gDevice_prefix             00069238     <common>
 0002:0003f240       g_eboot                    00069240     <common>
 0002:0003f388       g_ecctype                  00069388     <common>
 0002:0003f3a0       g_bootCfg                  000693a0     <common>
 0002:0003f430       szSprintf                  00069430     <common>
 0002:0003f434       g_pOEMVerifyMemory         00069434     <common>
 0002:0003f438       g_dwROMOffset              00069438     <common>
 0002:0003f43c       g_pOEMReportError          0006943c     <common>
 0002:0003f440       g_pOEMMultiBINNotify       00069440     <common>
 0002:0003f444       g_pOEMCheckSignature       00069444     <common>
 0002:0003f460       g_oalCacheInfo             00069460     <common>
 0002:0003f4a8       map                        000694a8     <common>
 0002:0003f4ac       nbBlock                    000694ac     <common>
 0002:0003f4b0       poolSize                   000694b0     <common>
 0002:0003f4b4       pool                       000694b4     <common>
 0002:0003f4b8       ExtendedPartionBaseSector  000694b8     <common>
 0002:0003f4c0       MMCcmd                     000694c0     <common>
 0002:0003f540       File                       00069540     <common>
 0002:0003f764       pFile                      00069764     <common>
 0002:0003f780       Request                    00069780     <common>
 0002:0003f7e0       fileio_ops                 000697e0     <common>
 0002:0003f800       Disk                       00069800     <common>
 0002:0003f838       m_fFirstTime               00069838     <common>
 0002:0003f83c       m_dwCPURev                 0006983c     <common>
 0002:0003f840       m_fMMCMode                 00069840     <common>
 0002:0003f844       m_dwSlot                   00069844     <common>
 0002:0003f848       m_fCardPresent             00069848     <common>
 0002:0003f84c       m_dwMaxTimeout             0006984c     <common>
 0002:0003f850       m_fInitialized             00069850     <common>
 0002:0003f854       m_fAppCmdMode              00069854     <common>
 0002:0003f858       m_fCardInitialized         00069858     <common>
 0002:0003f85c       g_hGPIO                    0006985c     <common>
 0002:0003f860       m_dwSDIOCard               00069860     <common>
 0002:0003f864       m_pbRegisters              00069864     <common>
 0002:0003f868       m_TransferClass            00069868     <common>
 0002:0003f86c       m_dwMaxClockRate           0006986c     <common>
 0002:0003f880       g_usbfnpdd                 00069880     <common>
 0002:0003fa00       g_EP0DataWrapper           00069a00     <common>
 0002:0003fa10       MDDZONE5                   00069a10     <common>
 0002:0003fa18       g_mddInterface             00069a18     <common>
 0002:0003fa20       g_EP1Transfer              00069a20     <common>
 0002:0003fa40       g_RndisKitlDev             00069a40     <common>
 0002:0003fe88       g_udr                      00069e88     <common>
 0002:0003fe90       MDDZONE4                   00069e90     <common>
 0002:0003fe94       PDDZONE                    00069e94     <common>
 0002:0003fea0       g_EP3Transfer              00069ea0     <common>
 0002:0003fec0       g_pddInterface             00069ec0     <common>
 0002:0003ff20       MDDZONE3                   00069f20     <common>
 0002:0003ff40       g_EP2Transfer              00069f40     <common>
 0002:0003ff60       PDDZONE0                   00069f60     <common>
 0002:0003ff80       g_EP0Transfer              00069f80     <common>
 0002:0003ffa0       MDDZONE0                   00069fa0     <common>
 0002:0003ffa4       MDDZONE                    00069fa4     <common>
 0002:0003ffa8       MDDZONE2                   00069fa8     <common>
 0002:0003ffc0       RndisMdd                   00069fc0     <common>
 0002:000400a0       TFtpLinks                  0006a0a0     <common>
 0002:00040960       wOdoWellKnownServerPort    0006a960     <common>
 0002:00040962       wHostWellKnownServerPort   0006a962     <common>
 0002:00040964       nNumTFtpLinksInUse         0006a964     <common>
 0002:00040980       TFTPFrameBuffer            0006a980     <common>
 0002:00040dc0       TFtpdServerRegistry        0006adc0     <common>
 0002:00040e88       g_dwLogoPosX               0006ae88     <common>
 0002:00040e8c       g_dwLogoPosY               0006ae8c     <common>
 0002:00040e90       g_dwLogoHeight             0006ae90     <common>
 0002:00040e94       g_dwLogoWidth              0006ae94     <common>

 entry point at        0001:00000000

 Static symbols

 0001:0000eb54       OEMPlatformDeinit          0000fb54 f   main.obj
 0001:0000fa20       SetMacAddress              00010a20 f   menu.obj
 0001:0000fbbc       ShowNetworkSettings        00010bbc f   menu.obj
 0001:0000fda8       SetKitlMode                00010da8 f   menu.obj
 0001:0000fe30       SetKitlType                00010e30 f   menu.obj
 0001:0000feb8       SetRetailMsgMode           00010eb8 f   menu.obj
 0001:0000ff40       SetDisplayResolution       00010f40 f   menu.obj
 0001:0000fff8       SetOPPmode                 00010ff8 f   menu.obj
 0001:000100cc       BacklightON                000110cc f   menu.obj
 0001:000100fc       BacklightOFF               000110fc f   menu.obj
 0001:0001012c       BacklightBrightness        0001112c f   menu.obj
 0001:00010238       SetBacklight               00011238 f   menu.obj
 0001:00010308       SDtoFlash                  00011308 f   menu.obj
 0001:0001064c       FuelGaugeWithBattery       0001164c f   menu.obj
 0001:000106fc       SaveSettings               000116fc f   menu.obj
 0001:000107a8       ShowSDCardSettings         000117a8 f   menu.obj
 0001:000107d8       EnterSDCardFilename        000117d8 f   menu.obj
 0001:00010804       ShowSettings               00011804 f   menu.obj
 0001:00010970       SetDeviceID                00011970 f   menu.obj
 0001:00010a00       ShowFlashGeometry          00011a00 f   flashmenu.obj
 0001:00010bfc       EraseFlash                 00011bfc f   flashmenu.obj
 0001:00010d64       EraseBlock                 00011d64 f   flashmenu.obj
 0001:00010f98       ReserveBlock               00011f98 f   flashmenu.obj
 0001:0001115c       DumpFlash                  0001215c f   flashmenu.obj
 0001:00011420       SetBadBlock                00012420 f   flashmenu.obj
 0001:000114f4       FormatFlash                000124f4 f   flashmenu.obj
 0001:00011544       EnableFlashNK              00012544 f   flashmenu.obj
 0001:000115cc       SetECCType                 000125cc f   flashmenu.obj
 0001:00012790       GetFormatValue             00013790 f   oal_blnk:format.obj
 0001:0001315c       GetImageType               0001415c f   oal_blcommon:blcommon.obj
 0001:0001329c       CheckImageManifest         0001429c f   oal_blcommon:blcommon.obj
 0001:000133c8       DownloadNB0                000143c8 f   oal_blcommon:blcommon.obj
 0001:000135c8       WriteImageToFlash          000145c8 f   oal_blcommon:blcommon.obj
 0001:000136a8       IsKernelRegion             000146a8 f   oal_blcommon:blcommon.obj
 0001:00013764       DownloadBin                00014764 f   oal_blcommon:blcommon.obj
 0001:00013b7c       DownloadImage              00014b7c f   oal_blcommon:blcommon.obj
 0001:00013fd8       pOutputByte                00014fd8 f   oal_blcommon:format.obj
 0001:00014008       pOutputNumHex              00015008 f   oal_blcommon:format.obj
 0001:00014050       pOutputNumDecimal          00015050 f   oal_blcommon:format.obj
 0001:00014594       NAND_Read                  00015594 f   common_ti_fmd_nand_boot:fmd.obj
 0001:00014694       NAND_Write                 00015694 f   common_ti_fmd_nand_boot:fmd.obj
 0001:0001479c       NAND_Enable                0001579c f   common_ti_fmd_nand_boot:fmd.obj
 0001:0001535c       NAND_Initialize            0001635c f   common_ti_fmd_nand_boot:fmd.obj
 0001:00015698       Hamming_ECC_Init           00016698 f   common_ti_fmd_nand_boot:gpmc_ecc.obj
 0001:000156c8       Hamming_ECC_Calculate      000166c8 f   common_ti_fmd_nand_boot:gpmc_ecc.obj
 0001:00015730       Hamming_ECC_Reset          00016730 f   common_ti_fmd_nand_boot:gpmc_ecc.obj
 0001:00015740       Hamming_ECC_CorrectData    00016740 f   common_ti_fmd_nand_boot:gpmc_ecc.obj
 0001:00015858       BCH4_ECC_Init              00016858 f   common_ti_fmd_nand_boot:gpmc_ecc.obj
 0001:000158d0       BCH4_ECC_Calculate         000168d0 f   common_ti_fmd_nand_boot:gpmc_ecc.obj
 0001:00015970       BCH4_ECC_Reset             00016970 f   common_ti_fmd_nand_boot:gpmc_ecc.obj
 0001:00015980       BCH8_ECC_Init              00016980 f   common_ti_fmd_nand_boot:gpmc_ecc.obj
 0001:000159f8       BCH8_ECC_Calculate         000169f8 f   common_ti_fmd_nand_boot:gpmc_ecc.obj
 0001:00015af8       BCH8_ECC_Reset             00016af8 f   common_ti_fmd_nand_boot:gpmc_ecc.obj
 0001:00015c38       BCH_correct_data           00016c38 f   common_ti_fmd_nand_boot:gpmc_ecc.obj
 0001:00015d94       BCH4_ECC_CorrectData       00016d94 f   common_ti_fmd_nand_boot:gpmc_ecc.obj
 0001:00015dc8       BCH8_ECC_CorrectData       00016dc8 f   common_ti_fmd_nand_boot:gpmc_ecc.obj
 0001:00015dfc       mpy_mod_gf                 00016dfc f   common_ti_fmd_nand_boot:omap_bch_decoder.obj
 0001:00015e5c       chien                      00016e5c f   common_ti_fmd_nand_boot:omap_bch_decoder.obj
 0001:000160bc       berlekamp                  000170bc f   common_ti_fmd_nand_boot:omap_bch_decoder.obj
 0001:0001632c       syndrome                   0001732c f   common_ti_fmd_nand_boot:omap_bch_decoder.obj
 0001:00016a28       I2CResetDevice             00017a28 f   common_ti_oali2c:oali2c.obj
 0001:00016ce0       I2CTransaction             00017ce0 f   common_ti_oali2c:oali2c.obj
 0001:000194f8       InitializeHardware         0001a4f8 f   common_ti_boot_sdhc:sdhc.obj
 0001:00019634       MmcReset                   0001a634 f   common_ti_boot_sdhc:sdhc.obj
 0001:0001980c       SendInitSequence           0001a80c f   common_ti_boot_sdhc:sdhc.obj
 0001:000198d8       SendCommand                0001a8d8 f   common_ti_boot_sdhc:sdhc.obj
 0001:00019b90       GetCommandResponse         0001ab90 f   common_ti_boot_sdhc:sdhc.obj
 0001:00019cec       SDIPollingReceive          0001acec f   common_ti_boot_sdhc:sdhc.obj
 0001:00019fe0       CommandCompleteHandler     0001afe0 f   common_ti_boot_sdhc:sdhc.obj
 0001:0001a298       SdhcControllerInit         0001b298 f   common_ti_boot_sdhc:sdhc.obj
 0001:0001a444       ReadPhy                    0001b444 f   common_ti_ethdrv_lan911x:lan911x.obj
 0001:0001a8cc       LAN911XEepromWrite         0001b8cc f   common_ti_ethdrv_lan911x:lan911x.obj
 0001:0001b0b8       GetGroupByID               0001c0b8 f   common_ti_oal_gpiodispatch:gpio_dispatch.obj
 0001:0001b384       ?OmapGpioPostInit@@YAHPAX@Z 0001c384 f   common_ti_oal_omap_gpio:omap35xx_gpio.obj
 0001:0001b3dc       ?OmapGpioDeinit@@YAHPAX@Z  0001c3dc f   common_ti_oal_omap_gpio:omap35xx_gpio.obj
 0001:0001b4ac       ?OmapGpioSetMode@@YAHPAXII@Z 0001c4ac f   common_ti_oal_omap_gpio:omap35xx_gpio.obj
 0001:0001b5d4       ?OmapGpioGetMode@@YAKPAXI@Z 0001c5d4 f   common_ti_oal_omap_gpio:omap35xx_gpio.obj
 0001:0001b6c8       ?OmapGpioPullup@@YAHPAXII@Z 0001c6c8 f   common_ti_oal_omap_gpio:omap35xx_gpio.obj
 0001:0001b6d0       ?OmapGpioPulldown@@YAHPAXII@Z 0001c6d0 f   common_ti_oal_omap_gpio:omap35xx_gpio.obj
 0001:0001b6d8       ?OmapGpioSetBit@@YAHPAXI@Z 0001c6d8 f   common_ti_oal_omap_gpio:omap35xx_gpio.obj
 0001:0001b790       ?OmapGpioClrBit@@YAHPAXI@Z 0001c790 f   common_ti_oal_omap_gpio:omap35xx_gpio.obj
 0001:0001b848       ?OmapGpioGetBit@@YAKPAXI@Z 0001c848 f   common_ti_oal_omap_gpio:omap35xx_gpio.obj
 0001:0001b8f4       ?OmapGpioIoControl@@YAHPAXIPAEI1IPAK@Z 0001c8f4 f   common_ti_oal_omap_gpio:omap35xx_gpio.obj
 0001:0001b8fc       ?OmapGpioInit@@YAHPBGPAPAXPAI@Z 0001c8fc f   common_ti_oal_omap_gpio:omap35xx_gpio.obj
 0001:0001ba54       ?WriteTwlReg@@YAHKPAEI@Z   0001ca54 f   TPS659xx_oal_gpio:tps659xx_gpio.obj
 0001:0001baac       ?ReadTwlReg@@YAHKPAEI@Z    0001caac f   TPS659xx_oal_gpio:tps659xx_gpio.obj
 0001:0001bb04       ?Tps659xxGpioInit@@YAHPBGPAPAXPAI@Z 0001cb04 f   TPS659xx_oal_gpio:tps659xx_gpio.obj
 0001:0001bb14       ?Tps659xxGpioPostInit@@YAHPAX@Z 0001cb14 f   TPS659xx_oal_gpio:tps659xx_gpio.obj
 0001:0001bb3c       ?Tps659xxGpioDeinit@@YAHPAX@Z 0001cb3c f   TPS659xx_oal_gpio:tps659xx_gpio.obj
 0001:0001bb7c       ?Tps659xxGpioSetMode@@YAHPAXII@Z 0001cb7c f   TPS659xx_oal_gpio:tps659xx_gpio.obj
 0001:0001bce4       ?Tps659xxGpioGetMode@@YAKPAXI@Z 0001cce4 f   TPS659xx_oal_gpio:tps659xx_gpio.obj
 0001:0001bdb4       ?Tps659xxGpioPullup@@YAHPAXII@Z 0001cdb4 f   TPS659xx_oal_gpio:tps659xx_gpio.obj
 0001:0001be68       ?Tps659xxGpioPulldown@@YAHPAXII@Z 0001ce68 f   TPS659xx_oal_gpio:tps659xx_gpio.obj
 0001:0001bf1c       ?Tps659xxGpioSetBit@@YAHPAXI@Z 0001cf1c f   TPS659xx_oal_gpio:tps659xx_gpio.obj
 0001:0001bf74       ?Tps659xxGpioClrBit@@YAHPAXI@Z 0001cf74 f   TPS659xx_oal_gpio:tps659xx_gpio.obj
 0001:0001bfcc       ?Tps659xxGpioGetBit@@YAKPAXI@Z 0001cfcc f   TPS659xx_oal_gpio:tps659xx_gpio.obj
 0001:0001c028       ?Tps659xxGpioIoControl@@YAHPAXIPAEI1IPAK@Z 0001d028 f   TPS659xx_oal_gpio:tps659xx_gpio.obj
 0001:0001f6ec       EbootSimpleCallback        000206ec f   eboot:ebsimp.obj
 0001:00020e88       CRC                        00021e88 f   eboot:udp.obj
 0001:00021644       FormatDHCPName             00022644 f   eboot:dhcp.obj
 0001:000239e0       SeekToBlock                000249e0 f   common_ti_oal_flashstore:flashstore.obj
 0001:00023e64       BpbCopy                    00024e64 f   common_ti_boot_fatfs:fileio.obj
 0001:00023fd4       FileIoReadNextSectors      00024fd4 f   common_ti_boot_fatfs:fileio.obj
 0001:00024b08       PDD_SendNotification       00025b08 f   common_ti_ethdrv_rndis:rndis.obj
 0001:00024b34       PDD_RecvNotification       00025b34 f   common_ti_ethdrv_rndis:rndis.obj
 0001:00026030       xtoa                       00027030 f   fulllibc:xtoa.obj
 0001:00026984       ContinueTxTransfer         00027984 f   common_ti_ethdrv_usbfn:pdd.obj
 0001:00026cb4       StartRxTransfer            00027cb4 f   common_ti_ethdrv_usbfn:pdd.obj
