 ebootsd

 Timestamp is 52454aa2 (Fri Sep 27 17:06:42 2013)

 Preferred load address is 00000000

 Start         Length     Name                   Class
 0001:00000000 00000250H .astart                 CODE
 0001:00000250 0000cf64H .rdata                  CODE
 0001:0000d1b4 00000024H .rdata$debug            CODE
 0001:0000d1d8 000199b8H .text                   CODE
 0001:00026b90 00000064H .xdata                  CODE
 0001:00026bf4 00000000H .edata                  CODE
 0002:00000000 000011fbH .data                   DATA
 0002:00001200 0003fc58H .bss                    DATA
 0003:00000000 00000df8H .pdata                  DATA

  Address         Publics by Value              Rva+Base       Lib:Object

 0000:00000000       ___safe_se_handler_table   00000000     <absolute>
 0000:00000000       ___safe_se_handler_count   00000000     <absolute>
 0001:00000000       StartUp                    00001000 f   startup.obj
 0001:000000e0       g_oalAddressTable          000010e0     startup.obj
 0001:00000188       g_oalAddressTableHynix     00001188     startup.obj
 0001:0000026c       ??_C@_1CK@GNCLKLEF@?$AAN?$AAK?$AA?5?$AAf?$AAr?$AAo?$AAm?$AA?5?$AAS?$AAD?$AAC?$AAa?$AAr?$AAd?$AA?5?$AAF?$AAI?$AAL?$AAE?$AA?5?$AA?$AA@ 0000126c     main.obj
 0001:00000298       ??_C@_1BK@NKDLNHPK@?$AAU?$AAS?$AAB?$AAF?$AAn?$AA?5?$AAR?$AAN?$AAD?$AAI?$AAS?$AA?5?$AA?$AA@ 00001298     main.obj
 0001:000002b4       ??_C@_1BI@OOCKPHGK@?$AAL?$AAA?$AAN?$AA9?$AA1?$AA1?$AA5?$AA?5?$AAM?$AAA?$AAC?$AA?$AA@ 000012b4     main.obj
 0001:00000360       dwEbootECCtype             00001360     main.obj
 0001:00000530       ??_C@_1DO@MGHPPPEE@?$AAT?$AAP?$AAS?$AA6?$AA5?$AA9?$AAX?$AAX?$AA?5?$AAV?$AAe?$AAr?$AAs?$AAi?$AAo?$AAn?$AA?5?$AA0?$AAx?$AA?$CF?$AA0?$AA2?$AAx?$AA?5?$AA?$CI?$AA?$CF?$AAs?$AA?$CJ?$AA?$AN?$AA?6?$AA?$AA@ 00001530     main.obj
 0001:00000570       ??_C@_1M@OIJGKENB@?$AAE?$AAS?$AA1?$AA?4?$AA3?$AA?$AA@ 00001570     main.obj
 0001:00000580       ??_C@_1EE@KGKCAFPP@?$AAI?$AAN?$AAF?$AAO?$AA?3?$AA?5?$AAU?$AAn?$AAK?$AAn?$AAo?$AAw?$AAn?$AA?5?$AAC?$AAP?$AAU?$AA?5?$AAf?$AAa?$AAm?$AAi?$AAl?$AAy?$AA?3?$AA?$CF?$AAd?$AA?4?$AA?4?$AA?4?$AA?4?$AA?$AN@ 00001580     main.obj
 0001:000005c4       ??_C@_08DGJGOJCE@EVM3530?9?$AA@ 000015c4     main.obj
 0001:000005d0       ??_C@_08EMFGLKEE@EVM3730?9?$AA@ 000015d0     main.obj
 0001:000005e0       ??_C@_1EE@EMFEEPJF@?$AA?$AN?$AA?6?$AAT?$AAI?$AA?5?$AAO?$AAM?$AAA?$AAP?$AA?$CF?$AAx?$AA?5?$AAV?$AAe?$AAr?$AAs?$AAi?$AAo?$AAn?$AA?5?$AA0?$AAx?$AA?$CF?$AA0?$AA8?$AAx?$AA?5?$AA?$CI?$AA?$CF?$AAs?$AA?$CJ?$AA?$AN@ 000015e0     main.obj
 0001:00000624       ??_C@_1BA@LEPJIIOK@?$AAU?$AAn?$AAk?$AAn?$AAo?$AAw?$AAn?$AA?$AA@ 00001624     main.obj
 0001:00000634       ??_C@_1M@FACKMDLE@?$AAE?$AAS?$AA1?$AA?4?$AA2?$AA?$AA@ 00001634     main.obj
 0001:00000640       ??_C@_1M@ECJPGMFK@?$AAE?$AAS?$AA1?$AA?4?$AA1?$AA?$AA@ 00001640     main.obj
 0001:0000064c       ??_C@_1M@LKGLCH@?$AAE?$AAS?$AA3?$AA?4?$AA1?$AA?$AA@ 0000164c     main.obj
 0001:00000658       ??_C@_1M@LIAGAMEC@?$AAE?$AAS?$AA3?$AA?4?$AA0?$AA?$AA@ 00001658     main.obj
 0001:00000664       ??_C@_1DO@OPHFFOFA@?$AAE?$AAS?$AA2?$AA?4?$AA1?$AA?0?$AA?5?$AAI?$AAD?$AA?5?$AAd?$AAe?$AAt?$AAe?$AAr?$AAm?$AAi?$AAn?$AAe?$AAd?$AA?5?$AAu?$AAs?$AAi?$AAn?$AAg?$AA?5?$AAC?$AAR?$AAC?$AA?$AA@ 00001664     main.obj
 0001:000006a4       ??_C@_1DO@OONAPHOG@?$AAE?$AAS?$AA2?$AA?4?$AA0?$AA?0?$AA?5?$AAI?$AAD?$AA?5?$AAd?$AAe?$AAt?$AAe?$AAr?$AAm?$AAi?$AAn?$AAe?$AAd?$AA?5?$AAu?$AAs?$AAi?$AAn?$AAg?$AA?5?$AAC?$AAR?$AAC?$AA?$AA@ 000016a4     main.obj
 0001:000006e4       ??_C@_1M@MMBAGLLJ@?$AAE?$AAS?$AA2?$AA?4?$AA1?$AA?$AA@ 000016e4     main.obj
 0001:000006f0       ??_C@_1M@HEKMAMNM@?$AAE?$AAS?$AA2?$AA?4?$AA0?$AA?$AA@ 000016f0     main.obj
 0001:000006fc       ??_C@_1M@PKCDALDP@?$AAE?$AAS?$AA1?$AA?4?$AA0?$AA?$AA@ 000016fc     main.obj
 0001:00000708       ??_C@_08OLHCNDIH@17?304?315?$AA@ 00001708     main.obj
 0001:00000714       ??_C@_0M@MNHMLPBH@Sep?527?52013?$AA@ 00001714     main.obj
 0001:00000720       ??_C@_1IO@IGLADHOM@?$AAZ?$AAE?$AAB?$AAE?$AAX?$AA?5?$AAW?$AAi?$AAn?$AAd?$AAo?$AAw?$AAs?$AA?5?$AAC?$AAE?$AA?5?$AAE?$AAB?$AAO?$AAO?$AAT?$AA?5?$AAf?$AAo?$AAr?$AA?5?$AAZ?$AA?9?$AA2?$AA1?$AA7@ 00001720     main.obj
 0001:000007b0       ??_C@_1CK@FDDKFJJE@?$AA?9?$AAO?$AAE?$AAM?$AAM?$AAu?$AAl?$AAt?$AAi?$AAB?$AAi?$AAn?$AAN?$AAo?$AAt?$AAi?$AAf?$AAy?$AA?$AN?$AA?6?$AA?$AA@ 000017b0     main.obj
 0001:000007dc       ??_C@_1CG@JHMEBKAH@?$AAS?$AAp?$AAi?$AAn?$AA?5?$AAf?$AAo?$AAr?$AA?5?$AAe?$AAv?$AAe?$AAr?$AA?4?$AA?4?$AA?4?$AA?$AN?$AA?6?$AA?$AA@ 000017dc     main.obj
 0001:00000804       ??_C@_1DC@FNKKGJOD@?$AAD?$AAo?$AAw?$AAn?$AAl?$AAo?$AAa?$AAd?$AA?5?$AAf?$AAi?$AAl?$AAe?$AA?5?$AAt?$AAy?$AAp?$AAe?$AA?3?$AA?5?$AA?$CF?$AAd?$AA?$AN?$AA?6?$AA?$AA@ 00001804     main.obj
 0001:00000838       ??_C@_1DM@CJMKOEPD@?$AAU?$AAn?$AAs?$AAu?$AAp?$AAp?$AAo?$AAr?$AAt?$AAe?$AAd?$AA?5?$AAd?$AAo?$AAw?$AAn?$AAl?$AAo?$AAa?$AAd?$AAe?$AAd?$AA?5?$AAf?$AAi?$AAl?$AAe?$AA?$AN?$AA?6?$AA?$AA@ 00001838     main.obj
 0001:00000874       ??_C@_08CMMENMPK@logo?4nb0?$AA@ 00001874     main.obj
 0001:00000880       ??_C@_1FC@BJIBFLEA@?$AAE?$AAR?$AAR?$AAO?$AAR?$AA?3?$AA?5?$AAM?$AAu?$AAl?$AAt?$AAi?$AAX?$AAI?$AAP?$AA?5?$AAi?$AAm?$AAa?$AAg?$AAe?$AA?5?$AAi?$AAs?$AA?5?$AAn?$AAo?$AAt?$AA?5?$AAs?$AAu?$AAp@ 00001880     main.obj
 0001:000008d8       ??_C@_1GG@NLHBBJNL@?$AA?$FL?$AA?$CF?$AAd?$AA?$FN?$AA?3?$AA?5?$AAA?$AAd?$AAd?$AAr?$AAe?$AAs?$AAs?$AA?$DN?$AA0?$AAx?$AA?$CF?$AA0?$AA8?$AAx?$AA?5?$AA?5?$AAL?$AAe?$AAn?$AAg?$AAt?$AAh?$AA?$DN?$AA0?$AAx?$AA?$CF@ 000018d8     main.obj
 0001:00000940       ??_C@_1HM@MNPMBDFE@?$AA?9?$AA?9?$AA?9?$AA?9?$AA?9?$AA?9?$AA?9?$AA?9?$AA?9?$AA?9?$AA?9?$AA?9?$AA?9?$AA?9?$AA?9?$AA?9?$AA?9?$AA?9?$AA?9?$AA?9?$AA?9?$AA?9?$AA?9?$AA?9?$AA?9?$AA?9?$AA?9?$AA?9?$AA?9?$AA?9?$AA?9?$AA?9@ 00001940     main.obj
 0001:000009bc       ??_C@_1DK@OFMGKCPE@?$AAD?$AAo?$AAw?$AAn?$AAl?$AAo?$AAa?$AAd?$AA?5?$AAf?$AAi?$AAl?$AAe?$AA?5?$AAi?$AAn?$AAf?$AAo?$AAr?$AAm?$AAa?$AAt?$AAi?$AAo?$AAn?$AA?3?$AA?$AN?$AA?6?$AA?$AA@ 000019bc     main.obj
 0001:000009f8       ??_C@_1GC@BMCFFGLH@?$AAE?$AAR?$AAR?$AAO?$AAR?$AA?3?$AA?5?$AAO?$AAE?$AAM?$AAM?$AAa?$AAp?$AAM?$AAe?$AAm?$AAA?$AAd?$AAd?$AAr?$AA?3?$AA?5?$AAI?$AAn?$AAv?$AAa?$AAl?$AAi?$AAd?$AA?5?$AAd?$AAo@ 000019f8     main.obj
 0001:00000a5c       ??_C@_1DG@FBKAGMKG@?$AA?9?$AAO?$AAE?$AAM?$AAI?$AAs?$AAF?$AAl?$AAa?$AAs?$AAh?$AAA?$AAd?$AAd?$AAr?$AA?$CI?$AAr?$AAc?$AA?5?$AA?$DN?$AA?5?$AA?$CF?$AAd?$AA?$CJ?$AA?$AN?$AA?6?$AA?$AA@ 00001a5c     main.obj
 0001:00000a94       ??_C@_1DE@JMLJAABG@?$AA?$CL?$AAO?$AAE?$AAM?$AAI?$AAs?$AAF?$AAl?$AAa?$AAs?$AAh?$AAA?$AAd?$AAd?$AAr?$AA?$CI?$AA0?$AAx?$AA?$CF?$AA0?$AA8?$AAx?$AA?$CJ?$AA?$AN?$AA?6?$AA?$AA@ 00001a94     main.obj
 0001:00000ac8       ??_C@_13JOFGPIOO@?$AA?4?$AA?$AA@ 00001ac8     main.obj
 0001:00000ad0       ??_C@_1KM@MLNPCLLF@?$AA?$AN?$AA?6?$AA?$DO?$AA?$DO?$AA?$DO?$AA?5?$AAF?$AAo?$AAr?$AAc?$AAi?$AAn?$AAg?$AA?5?$AAc?$AAo?$AAl?$AAd?$AA?5?$AAb?$AAo?$AAo?$AAt?$AA?5?$AA?$CI?$AAn?$AAo?$AAn?$AA?9?$AAp?$AAe?$AAr@ 00001ad0     main.obj
 0001:00000b7c       ??_C@_1O@HJKNOJA@?$AAn?$AAk?$AA?4?$AAb?$AAi?$AAn?$AA?$AA@ 00001b7c     main.obj
 0001:00000b90       ??_C@_1EC@IFKCAMGN@?$AAI?$AAN?$AAF?$AAO?$AA?3?$AA?5?$AAS?$AAW?$AA4?$AA?5?$AAb?$AAo?$AAo?$AAt?$AA?5?$AAs?$AAe?$AAt?$AAt?$AAi?$AAn?$AAg?$AA?3?$AA?5?$AA0?$AAx?$AA?$CF?$AA0?$AA2?$AAx?$AA?$AN?$AA?6@ 00001b90     main.obj
 0001:00000bd8       ??_C@_1GC@MEIINOMM@?$AAW?$AAA?$AAR?$AAN?$AA?3?$AA?5?$AAB?$AAo?$AAo?$AAt?$AA?5?$AAc?$AAo?$AAn?$AAf?$AAi?$AAg?$AA?5?$AAw?$AAa?$AAs?$AAn?$AA?8?$AAt?$AA?5?$AAf?$AAo?$AAu?$AAn?$AAd?$AA?0?$AA?5@ 00001bd8     main.obj
 0001:00000c40       ??_C@_1EC@IBPJNEAL@?$AAI?$AAN?$AAF?$AAO?$AA?3?$AA?5?$AAB?$AAo?$AAo?$AAt?$AA?5?$AAc?$AAo?$AAn?$AAf?$AAi?$AAg?$AAu?$AAr?$AAa?$AAt?$AAi?$AAo?$AAn?$AA?5?$AAf?$AAo?$AAu?$AAn?$AAd?$AA?$AN?$AA?6@ 00001c40     main.obj
 0001:00000c84       ??_C@_1DG@MGGFAEHB@?$AAI?$AAN?$AAF?$AAO?$AA?3?$AA?5?$AAP?$AAr?$AAe?$AAd?$AAo?$AAw?$AAn?$AAl?$AAo?$AAa?$AAd?$AA?4?$AA?4?$AA?4?$AA?4?$AA?4?$AA?4?$AA?4?$AA?$AN?$AA?6?$AA?$AA@ 00001c84     main.obj
 0001:00000cc0       ??_C@_1GI@OMOEGIPN@?$AAL?$AAa?$AAu?$AAn?$AAc?$AAh?$AA?5?$AAW?$AAi?$AAn?$AAd?$AAo?$AAw?$AAs?$AA?5?$AAC?$AAE?$AA?5?$AAi?$AAm?$AAa?$AAg?$AAe?$AA?5?$AAb?$AAy?$AA?5?$AAj?$AAu?$AAm?$AAp?$AAi@ 00001cc0     main.obj
 0001:00000d28       ??_C@_1HO@MGHNOKAM@?$AAE?$AAR?$AAR?$AAO?$AAR?$AA?3?$AA?5?$AAO?$AAE?$AAM?$AAL?$AAa?$AAu?$AAn?$AAc?$AAh?$AA?3?$AA?5?$AAU?$AAn?$AAk?$AAn?$AAo?$AAw?$AAn?$AA?5?$AAi?$AAm?$AAa?$AAg?$AAe?$AA?5@ 00001d28     main.obj
 0001:00000da8       ??_C@_1GA@LEGMELFL@?$AAI?$AAN?$AAF?$AAO?$AA?3?$AA?5?$AAX?$AAL?$AAD?$AAR?$AA?1?$AAE?$AAB?$AAO?$AAO?$AAT?$AA?1?$AAI?$AAP?$AAL?$AA?5?$AAd?$AAo?$AAw?$AAn?$AAl?$AAo?$AAa?$AAd?$AAe?$AAd?$AA?0@ 00001da8     main.obj
 0001:00000e08       ??_C@_1GE@FFBNFJNC@?$AAI?$AAN?$AAF?$AAO?$AA?3?$AA?5?$AAS?$AAp?$AAl?$AAa?$AAs?$AAh?$AAc?$AAr?$AAe?$AAe?$AAn?$AA?5?$AAl?$AAo?$AAg?$AAo?$AA?5?$AAd?$AAo?$AAw?$AAn?$AAl?$AAo?$AAa?$AAd?$AAe@ 00001e08     main.obj
 0001:00000e70       ??_C@_1HA@LNJPPCBO@?$AAE?$AAR?$AAR?$AAO?$AAR?$AA?3?$AA?5?$AAO?$AAE?$AAM?$AAL?$AAa?$AAu?$AAn?$AAc?$AAh?$AA?3?$AA?5?$AAI?$AAm?$AAa?$AAg?$AAe?$AA?5?$AAl?$AAo?$AAa?$AAd?$AA?5?$AAf?$AAr?$AAo@ 00001e70     main.obj
 0001:00000ee0       ??_C@_1HA@PPNIDEHG@?$AAE?$AAR?$AAR?$AAO?$AAR?$AA?3?$AA?5?$AAO?$AAE?$AAM?$AAL?$AAa?$AAu?$AAn?$AAc?$AAh?$AA?3?$AA?5?$AAU?$AAn?$AAk?$AAn?$AAo?$AAw?$AAn?$AA?5?$AAd?$AAo?$AAw?$AAn?$AAl?$AAo@ 00001ee0     main.obj
 0001:00000f50       ??_C@_1GK@MMIDCEGF@?$AA?$CL?$AAO?$AAE?$AAM?$AAL?$AAa?$AAu?$AAn?$AAc?$AAh?$AA?$CI?$AA0?$AAx?$AA?$CF?$AA0?$AA8?$AAx?$AA?0?$AA?5?$AA0?$AAx?$AA?$CF?$AA0?$AA8?$AAx?$AA?0?$AA?5?$AA0?$AAx?$AA?$CF?$AA0?$AA8@ 00001f50     main.obj
 0001:00001050       ??_C@_1HA@PBOCKLG@?$AAE?$AAR?$AAR?$AAO?$AAR?$AA?3?$AA?5?$AAB?$AAo?$AAo?$AAt?$AA?5?$AAd?$AAe?$AAv?$AAi?$AAc?$AAe?$AA?5?$AAd?$AAo?$AAe?$AAs?$AAn?$AA?8?$AAt?$AA?5?$AAe?$AAx?$AAi?$AAs?$AAt@ 00002050     eth.obj
 0001:000010c0       ??_C@_1FK@GCLCJCHA@?$AAE?$AAR?$AAR?$AAO?$AAR?$AA?3?$AA?5?$AAE?$AAb?$AAo?$AAo?$AAt?$AAI?$AAn?$AAi?$AAt?$AAE?$AAt?$AAh?$AAe?$AAr?$AAT?$AAr?$AAa?$AAn?$AAs?$AAp?$AAo?$AAr?$AAt?$AA?5?$AAc@ 000020c0     eth.obj
 0001:0000111c       ??_C@_1DO@DBOGGMNK@?$AAI?$AAN?$AAF?$AAO?$AA?3?$AA?5?$AA?$CK?$AA?$CK?$AA?$CK?$AA?5?$AAD?$AAe?$AAv?$AAi?$AAc?$AAe?$AA?5?$AAN?$AAa?$AAm?$AAe?$AA?5?$AA?$CF?$AAS?$AA?5?$AA?$CK?$AA?$CK?$AA?$CK?$AA?$AN?$AA?6?$AA?$AA@ 0000211c     eth.obj
 0001:00001160       ??_C@_1EA@FEAPGDEK@?$AAI?$AAN?$AAF?$AAO?$AA?3?$AA?5?$AAB?$AAo?$AAo?$AAt?$AA?5?$AAd?$AAe?$AAv?$AAi?$AAc?$AAe?$AA?5?$AAu?$AAs?$AAe?$AAs?$AA?5?$AAM?$AAA?$AAC?$AA?5?$AA?$CF?$AAs?$AA?$AN?$AA?6?$AA?$AA@ 00002160     eth.obj
 0001:000011a0       ??_C@_1FK@FLKNKOOB@?$AAE?$AAR?$AAR?$AAO?$AAR?$AA?3?$AA?5?$AAB?$AAo?$AAo?$AAt?$AA?5?$AAd?$AAe?$AAv?$AAi?$AAc?$AAe?$AA?5?$AAd?$AAr?$AAi?$AAv?$AAe?$AAr?$AA?5?$AAI?$AAn?$AAi?$AAt?$AA?5?$AAc@ 000021a0     eth.obj
 0001:00001200       ??_C@_1GM@ODLKKIGI@?$AAE?$AAR?$AAR?$AAO?$AAR?$AA?3?$AA?5?$AAB?$AAo?$AAo?$AAt?$AA?5?$AAd?$AAe?$AAv?$AAi?$AAc?$AAe?$AA?5?$AAd?$AAr?$AAi?$AAv?$AAe?$AAr?$AA?5?$AAI?$AAn?$AAi?$AAt?$AAD?$AAm@ 00002200     eth.obj
 0001:0000126c       ??_C@_1BG@FGGFONDG@?$AAB?$AAr?$AAi?$AAg?$AAh?$AAt?$AAn?$AAe?$AAs?$AAs?$AA?$AA@ 0000226c     menu.obj
 0001:00001284       ??_C@_17OLKFNCJO@?$AAL?$AAo?$AAw?$AA?$AA@ 00002284     menu.obj
 0001:0000128c       ??_C@_19LFNPILED@?$AAH?$AAi?$AAg?$AAh?$AA?$AA@ 0000228c     menu.obj
 0001:00001298       ??_C@_13IMODFHAA@?$AA?9?$AA?$AA@ 00002298     menu.obj
 0001:0000129c       ??_C@_13KJIIAINM@?$AA?$CL?$AA?$AA@ 0000229c     menu.obj
 0001:000012a0       ??_C@_1BO@DFMGFDAM@?$AAS?$AAh?$AAo?$AAw?$AA?5?$AA?4?$AAn?$AAb?$AA0?$AA?5?$AAD?$AAa?$AAt?$AAa?$AA?$AA@ 000022a0     menu.obj
 0001:000012c0       ??_C@_1BA@DMBHJKCI@?$AAW?$AAr?$AAi?$AAt?$AAi?$AAn?$AAg?$AA?$AA@ 000022c0     menu.obj
 0001:000012d0       ??_C@_1BA@GEJDCGIE@?$AAR?$AAe?$AAa?$AAd?$AAi?$AAn?$AAg?$AA?$AA@ 000022d0     menu.obj
 0001:000012e0       ??_C@_19IOBNHAEP@?$AAE?$AAX?$AAI?$AAT?$AA?$AA@ 000022e0     menu.obj
 0001:000012ec       ??_C@_1BG@MCAABGNO@?$AAB?$AAR?$AAI?$AAG?$AAH?$AAT?$AAN?$AAE?$AAS?$AAS?$AA?$AA@ 000022ec     menu.obj
 0001:00001304       ??_C@_17NBOBOEH@?$AAO?$AAF?$AAF?$AA?$AA@ 00002304     menu.obj
 0001:0000130c       ??_C@_15MLPIMJOL@?$AAO?$AAN?$AA?$AA@ 0000230c     menu.obj
 0001:00001318       ??_C@_1FK@IBMDHDI@?$AAM?$AAP?$AAU?$AA?$FL?$AA1?$AA0?$AA0?$AA0?$AAM?$AAh?$AAz?$AA?5?$AA?$EA?$AA?5?$AA1?$AA?4?$AA3?$AA7?$AA5?$AAV?$AA?$FN?$AA?0?$AA?5?$AAI?$AAV?$AAA?$AA2?$AA?$FL?$AA8?$AA0?$AA0?$AAM@ 00002318     menu.obj
 0001:00001378       ??_C@_1FO@MCHCGGFD@?$AAM?$AAP?$AAU?$AA?$FL?$AA8?$AA0?$AA0?$AAM?$AAh?$AAz?$AA?5?$AA?5?$AA?$EA?$AA?5?$AA1?$AA?4?$AA2?$AA6?$AA2?$AA5?$AAV?$AA?$FN?$AA?0?$AA?5?$AAI?$AAV?$AAA?$AA2?$AA?$FL?$AA6?$AA6?$AA0@ 00002378     menu.obj
 0001:000013d8       ??_C@_1FO@CAGHGIKC@?$AAM?$AAP?$AAU?$AA?$FL?$AA6?$AA0?$AA0?$AAM?$AAh?$AAz?$AA?5?$AA?5?$AA?$EA?$AA?5?$AA1?$AA?4?$AA1?$AA0?$AA0?$AA0?$AAV?$AA?$FN?$AA?0?$AA?5?$AAI?$AAV?$AAA?$AA2?$AA?$FL?$AA5?$AA2?$AA0@ 000023d8     menu.obj
 0001:00001438       ??_C@_1FO@ELABMNJD@?$AAM?$AAP?$AAU?$AA?$FL?$AA3?$AA0?$AA0?$AAM?$AAh?$AAz?$AA?5?$AA?5?$AA?$EA?$AA?5?$AA0?$AA?4?$AA9?$AA3?$AA7?$AA5?$AAV?$AA?$FN?$AA?0?$AA?5?$AAI?$AAV?$AAA?$AA2?$AA?$FL?$AA2?$AA6?$AA0@ 00002438     menu.obj
 0001:00001498       ??_C@_1FG@KPBOKIAA@?$AAM?$AAP?$AAU?$AA?$FL?$AA7?$AA2?$AA0?$AAh?$AAz?$AA?5?$AA?$EA?$AA?5?$AA1?$AA?4?$AA3?$AA5?$AA0?$AA0?$AAV?$AA?$FN?$AA?0?$AA?5?$AAI?$AAV?$AAA?$AA2?$AA?$FL?$AA5?$AA2?$AA0?$AAM?$AAh@ 00002498     menu.obj
 0001:000014f0       ??_C@_1FI@GKLNGOFA@?$AAM?$AAP?$AAU?$AA?$FL?$AA6?$AA0?$AA0?$AAM?$AAh?$AAz?$AA?5?$AA?$EA?$AA?5?$AA1?$AA?4?$AA3?$AA5?$AA0?$AA0?$AAV?$AA?$FN?$AA?0?$AA?5?$AAI?$AAV?$AAA?$AA2?$AA?$FL?$AA4?$AA3?$AA0?$AAM@ 000024f0     menu.obj
 0001:00001548       ??_C@_1FI@GMIAOKFE@?$AAM?$AAP?$AAU?$AA?$FL?$AA5?$AA5?$AA0?$AAM?$AAh?$AAz?$AA?5?$AA?$EA?$AA?5?$AA1?$AA?4?$AA2?$AA7?$AA5?$AA0?$AAV?$AA?$FN?$AA?0?$AA?5?$AAI?$AAV?$AAA?$AA2?$AA?$FL?$AA4?$AA0?$AA0?$AAM@ 00002548     menu.obj
 0001:000015a0       ??_C@_1FI@LNIHINJA@?$AAM?$AAP?$AAU?$AA?$FL?$AA5?$AA0?$AA0?$AAM?$AAh?$AAz?$AA?5?$AA?$EA?$AA?5?$AA1?$AA?4?$AA2?$AA0?$AA0?$AA0?$AAV?$AA?$FN?$AA?0?$AA?5?$AAI?$AAV?$AAA?$AA2?$AA?$FL?$AA3?$AA6?$AA0?$AAM@ 000025a0     menu.obj
 0001:000015f8       ??_C@_1FG@IMGDNCBP@?$AAM?$AAP?$AAU?$AA?$FL?$AA2?$AA5?$AA0?$AAM?$AAh?$AAz?$AA?5?$AA?$EA?$AA?5?$AA1?$AA?4?$AA0?$AA0?$AA0?$AAV?$AA?$FN?$AA?0?$AA?5?$AAI?$AAV?$AAA?$AA2?$AA?$FL?$AA1?$AA8?$AA0?$AAM?$AAh@ 000025f8     menu.obj
 0001:00001650       ??_C@_1FI@HKFGBOFG@?$AAM?$AAP?$AAU?$AA?$FL?$AA1?$AA2?$AA5?$AAM?$AAh?$AAz?$AA?5?$AA?$EA?$AA?5?$AA0?$AA?4?$AA9?$AA7?$AA5?$AAV?$AA?$FN?$AA?0?$AA?5?$AAI?$AAV?$AAA?$AA2?$AA?$FL?$AA?5?$AA9?$AA0?$AAM?$AAh@ 00002650     menu.obj
 0001:000016a8       ??_C@_1BM@KBHAINFM@?$AAI?$AAn?$AAv?$AAa?$AAl?$AAi?$AAd?$AA?5?$AAE?$AAn?$AAt?$AAr?$AAy?$AA?$AA@ 000026a8     menu.obj
 0001:000016c4       ??_C@_1CE@BMIKEEML@?$AAD?$AAV?$AAI?$AA?5?$AA1?$AA2?$AA8?$AA0?$AAx?$AA7?$AA2?$AA0?$AA?5?$AA6?$AA0?$AAH?$AAz?$AA?$AA@ 000026c4     menu.obj
 0001:000016e8       ??_C@_1CE@LJDPDOKE@?$AAD?$AAV?$AAI?$AA?5?$AA1?$AA0?$AA2?$AA4?$AAx?$AA7?$AA6?$AA8?$AA?5?$AA6?$AA0?$AAH?$AAz?$AA?$AA@ 000026e8     menu.obj
 0001:0000170c       ??_C@_1CE@NBKEBDGN@?$AAD?$AAV?$AAI?$AA?5?$AA?5?$AA8?$AA0?$AA0?$AAx?$AA6?$AA0?$AA0?$AA?5?$AA5?$AA6?$AAH?$AAz?$AA?$AA@ 0000270c     menu.obj
 0001:00001730       ??_C@_1CE@PMPMKBOJ@?$AAD?$AAV?$AAI?$AA?5?$AA?5?$AA8?$AA0?$AA0?$AAx?$AA6?$AA0?$AA0?$AA?5?$AA6?$AA0?$AAH?$AAz?$AA?$AA@ 00002730     menu.obj
 0001:00001754       ??_C@_1CE@IKDLFFCF@?$AAD?$AAV?$AAI?$AA?5?$AA?5?$AA8?$AA0?$AA0?$AAx?$AA4?$AA8?$AA0?$AA?5?$AA6?$AA0?$AAH?$AAz?$AA?$AA@ 00002754     menu.obj
 0001:00001778       ??_C@_1CE@CECNFHDE@?$AAD?$AAV?$AAI?$AA?5?$AA?5?$AA6?$AA4?$AA0?$AAx?$AA4?$AA8?$AA0?$AA?5?$AA7?$AA2?$AAH?$AAz?$AA?$AA@ 00002778     menu.obj
 0001:0000179c       ??_C@_1CE@IJMKDLHH@?$AAD?$AAV?$AAI?$AA?5?$AA?5?$AA6?$AA4?$AA0?$AAx?$AA4?$AA8?$AA0?$AA?5?$AA6?$AA0?$AAH?$AAz?$AA?$AA@ 0000279c     menu.obj
 0001:000017c0       ??_C@_1CE@FKEPMAF@?$AAL?$AAC?$AAD?$AA?5?$AA?5?$AA4?$AA8?$AA0?$AAx?$AA6?$AA4?$AA0?$AA?5?$AA6?$AA0?$AAH?$AAz?$AA?$AA@ 000027c0     menu.obj
 0001:000017e4       ??_C@_1BE@FNAHCCDL@?$AAM?$AAa?$AAi?$AAn?$AA?5?$AAM?$AAe?$AAn?$AAu?$AA?$AA@ 000027e4     menu.obj
 0001:000017f8       ??_C@_1BI@GPNGIDKF@?$AAL?$AAC?$AAM?$AA?5?$AAI?$AAn?$AAi?$AAt?$AAi?$AAa?$AAl?$AA?$AA@ 000027f8     menu.obj
 0001:00001810       ??_C@_1EI@LALMHHNG@?$AAF?$AAi?$AAl?$AAe?$AA?5?$AAT?$AAr?$AAa?$AAn?$AAs?$AAf?$AAe?$AAr?$AA?5?$AAf?$AAr?$AAo?$AAm?$AA?5?$AAS?$AAD?$AA?5?$AAC?$AAa?$AAr?$AAd?$AA?5?$AAt?$AAo?$AA?5?$AAF?$AAl@ 00002810     menu.obj
 0001:00001858       ??_C@_1CC@COAEHFII@?$AAB?$AAa?$AAc?$AAk?$AAl?$AAi?$AAg?$AAh?$AAt?$AA?5?$AAO?$AAN?$AA?1?$AAO?$AAF?$AAF?$AA?$AA@ 00002858     menu.obj
 0001:0000187c       ??_C@_1CA@MOPOGELI@?$AAS?$AAe?$AAl?$AAe?$AAc?$AAt?$AA?5?$AAO?$AAP?$AAP?$AA?5?$AAM?$AAo?$AAd?$AAe?$AA?$AA@ 0000287c     menu.obj
 0001:0000189c       ??_C@_1DE@DBBLEEO@?$AAS?$AAe?$AAl?$AAe?$AAc?$AAt?$AA?5?$AAD?$AAi?$AAs?$AAp?$AAl?$AAa?$AAy?$AA?5?$AAR?$AAe?$AAs?$AAo?$AAl?$AAu?$AAt?$AAi?$AAo?$AAn?$AA?$AA@ 0000289c     menu.obj
 0001:000018d0       ??_C@_1EG@HMEOLENI@?$AAE?$AAn?$AAa?$AAb?$AAl?$AAe?$AA?1?$AAD?$AAi?$AAs?$AAa?$AAb?$AAl?$AAe?$AA?5?$AAO?$AAA?$AAL?$AA?5?$AAR?$AAe?$AAt?$AAa?$AAi?$AAl?$AA?5?$AAM?$AAe?$AAs?$AAs?$AAa?$AAg@ 000028d0     menu.obj
 0001:00001918       ??_C@_1CC@GBKCLJHP@?$AAF?$AAl?$AAa?$AAs?$AAh?$AA?5?$AAM?$AAa?$AAn?$AAa?$AAg?$AAe?$AAm?$AAe?$AAn?$AAt?$AA?$AA@ 00002918     menu.obj
 0001:0000193c       ??_C@_1BM@MOEMNNDE@?$AAS?$AAa?$AAv?$AAe?$AA?5?$AAS?$AAe?$AAt?$AAt?$AAi?$AAn?$AAg?$AAs?$AA?$AA@ 0000293c     menu.obj
 0001:00001958       ??_C@_1BM@LAACEGCM@?$AAS?$AAe?$AAt?$AA?5?$AAD?$AAe?$AAv?$AAi?$AAc?$AAe?$AA?5?$AAI?$AAD?$AA?$AA@ 00002958     menu.obj
 0001:00001974       ??_C@_1CA@HKCGHDKE@?$AAS?$AAD?$AAC?$AAa?$AAr?$AAd?$AA?5?$AAS?$AAe?$AAt?$AAt?$AAi?$AAn?$AAg?$AAs?$AA?$AA@ 00002974     menu.obj
 0001:00001994       ??_C@_1CC@PCCBMLKB@?$AAN?$AAe?$AAt?$AAw?$AAo?$AAr?$AAk?$AA?5?$AAS?$AAe?$AAt?$AAt?$AAi?$AAn?$AAg?$AAs?$AA?$AA@ 00002994     menu.obj
 0001:000019b8       ??_C@_1M@OPFBIOCF@?$AAD?$AAe?$AAb?$AAu?$AAg?$AA?$AA@ 000029b8     menu.obj
 0001:000019c4       ??_C@_1DG@LLAJHPJA@?$AAS?$AAe?$AAl?$AAe?$AAc?$AAt?$AA?5?$AAK?$AAI?$AAT?$AAL?$AA?5?$AA?$CI?$AAD?$AAe?$AAb?$AAu?$AAg?$AA?$CJ?$AA?5?$AAD?$AAe?$AAv?$AAi?$AAc?$AAe?$AA?$AA@ 000029c4     menu.obj
 0001:000019fc       ??_C@_19JCAOHIEH@?$AAB?$AAo?$AAo?$AAt?$AA?$AA@ 000029fc     menu.obj
 0001:00001a08       ??_C@_1CG@BBALNGAE@?$AAS?$AAe?$AAl?$AAe?$AAc?$AAt?$AA?5?$AAB?$AAo?$AAo?$AAt?$AA?5?$AAD?$AAe?$AAv?$AAi?$AAc?$AAe?$AA?$AA@ 00002a08     menu.obj
 0001:00001a30       ??_C@_1BO@HAIPBIND@?$AAE?$AAn?$AAt?$AAe?$AAr?$AA?5?$AAF?$AAi?$AAl?$AAe?$AAn?$AAa?$AAm?$AAe?$AA?$AA@ 00002a30     menu.obj
 0001:00001a50       ??_C@_1CE@DFLFAFMD@?$AAE?$AAx?$AAi?$AAt?$AA?5?$AAa?$AAn?$AAd?$AA?5?$AAC?$AAo?$AAn?$AAt?$AAi?$AAn?$AAu?$AAe?$AA?$AA@ 00002a50     menu.obj
 0001:00001a74       ??_C@_1CA@LLFAIJM@?$AAS?$AAe?$AAt?$AA?5?$AAM?$AAA?$AAC?$AA?5?$AAa?$AAd?$AAd?$AAr?$AAe?$AAs?$AAs?$AA?$AA@ 00002a74     menu.obj
 0001:00001a94       ??_C@_1M@NJLEOPAB@?$AAV?$AAM?$AAI?$AAN?$AAI?$AA?$AA@ 00002a94     menu.obj
 0001:00001aa0       ??_C@_1CK@OKOLJFGH@?$AAE?$AAn?$AAa?$AAb?$AAl?$AAe?$AA?1?$AAd?$AAi?$AAs?$AAa?$AAb?$AAl?$AAe?$AA?5?$AAV?$AAM?$AAI?$AAN?$AAI?$AA?$AA@ 00002aa0     menu.obj
 0001:00001acc       ??_C@_1BO@BODFGHPI@?$AAD?$AAe?$AAf?$AAa?$AAu?$AAl?$AAt?$AA?5?$AAr?$AAo?$AAu?$AAt?$AAe?$AAr?$AA?$AA@ 00002acc     menu.obj
 0001:00001aec       ??_C@_1CG@PDJPJAON@?$AAS?$AAe?$AAt?$AA?5?$AAd?$AAe?$AAf?$AAa?$AAu?$AAl?$AAt?$AA?5?$AAr?$AAo?$AAu?$AAt?$AAe?$AAr?$AA?$AA@ 00002aec     menu.obj
 0001:00001b14       ??_C@_1BI@BNFAJPCD@?$AAS?$AAe?$AAt?$AA?5?$AAI?$AAP?$AA?5?$AAm?$AAa?$AAs?$AAk?$AA?$AA@ 00002b14     menu.obj
 0001:00001b2c       ??_C@_1O@HAMLNBEA@?$AAD?$AAe?$AAv?$AAi?$AAc?$AAe?$AA?$AA@ 00002b2c     menu.obj
 0001:00001b3c       ??_C@_1BO@OBBADFOO@?$AAS?$AAe?$AAt?$AA?5?$AAI?$AAP?$AA?5?$AAa?$AAd?$AAd?$AAr?$AAe?$AAs?$AAs?$AA?$AA@ 00002b3c     menu.obj
 0001:00001b5c       ??_C@_19DDJNJOGL@?$AAD?$AAH?$AAC?$AAP?$AA?$AA@ 00002b5c     menu.obj
 0001:00001b68       ??_C@_1CI@OHHEPHNA@?$AAE?$AAn?$AAa?$AAb?$AAl?$AAe?$AA?1?$AAd?$AAi?$AAs?$AAa?$AAb?$AAl?$AAe?$AA?5?$AAD?$AAH?$AAC?$AAP?$AA?$AA@ 00002b68     menu.obj
 0001:00001b90       ??_C@_1DC@FMHJOEGL@?$AAK?$AAI?$AAT?$AAL?$AA?5?$AAA?$AAc?$AAt?$AAi?$AAv?$AAe?$AA?1?$AAP?$AAa?$AAs?$AAs?$AAi?$AAv?$AAe?$AA?5?$AAm?$AAo?$AAd?$AAe?$AA?$AA@ 00002b90     menu.obj
 0001:00001bc4       ??_C@_1DC@FHPHDMKC@?$AAK?$AAI?$AAT?$AAL?$AA?5?$AAi?$AAn?$AAt?$AAe?$AAr?$AAr?$AAu?$AAp?$AAt?$AA?1?$AAp?$AAo?$AAl?$AAl?$AA?5?$AAm?$AAo?$AAd?$AAe?$AA?$AA@ 00002bc4     menu.obj
 0001:00001bf8       ??_C@_19KCABPHM@?$AAK?$AAI?$AAT?$AAL?$AA?$AA@ 00002bf8     menu.obj
 0001:00001c04       ??_C@_1CI@NOMJHGMH@?$AAE?$AAn?$AAa?$AAb?$AAl?$AAe?$AA?1?$AAd?$AAi?$AAs?$AAa?$AAb?$AAl?$AAe?$AA?5?$AAK?$AAI?$AAT?$AAL?$AA?$AA@ 00002c04     menu.obj
 0001:00001c2c       ??_C@_1CM@CFLHLMJF@?$AAS?$AAh?$AAo?$AAw?$AA?5?$AAC?$AAu?$AAr?$AAr?$AAe?$AAn?$AAt?$AA?5?$AAS?$AAe?$AAt?$AAt?$AAi?$AAn?$AAg?$AAs?$AA?$AA@ 00002c2c     menu.obj
 0001:00001ce8       ??_C@_1HA@HEOLOGAM@?$AAS?$AAy?$AAn?$AAc?$AA?9?$AAp?$AAr?$AAe?$AAs?$AAs?$AA?5?$AAs?$AAi?$AAd?$AAe?$AA?5?$AAk?$AAe?$AAy?$AA?5?$AAt?$AAo?$AA?5?$AAe?$AAn?$AAt?$AAe?$AAr?$AA?5?$AAc?$AAo?$AAn@ 00002ce8     menu.obj
 0001:00001d58       ??_C@_1FI@GAMDHEMA@?$AA?$AN?$AA?6?$AA?5?$AA?5?$AA?5?$AAW?$AAA?$AAR?$AAN?$AAI?$AAN?$AAG?$AA?3?$AA?5?$AAM?$AAA?$AAC?$AA?5?$AAa?$AAd?$AAd?$AAr?$AAe?$AAs?$AAs?$AA?5?$AAn?$AAo?$AAt?$AA?5?$AAp?$AAr@ 00002d58     menu.obj
 0001:00001db0       ??_C@_1KG@MHFLKBMF@?$AAm?$AAa?$AAc?$AA?5?$AAa?$AAd?$AAd?$AAr?$AAe?$AAs?$AAs?$AA?5?$AAn?$AAo?$AAt?$AA?5?$AAf?$AAo?$AAu?$AAn?$AAd?$AA?5?$AAi?$AAn?$AA?5?$AAE?$AAE?$AAP?$AAR?$AAO?$AAM?$AA?4@ 00002db0     menu.obj
 0001:00001e58       ??_C@_19OEFLBHKA@?$AAE?$AAV?$AAM?$AA?5?$AA?$AA@ 00002e58     menu.obj
 0001:00001e68       ??_C@_1FC@DDNFDPMF@?$AA?$AN?$AA?6?$AA?5?$AAS?$AAe?$AAt?$AA?5?$AAE?$AAt?$AAh?$AAe?$AAr?$AAn?$AAe?$AAt?$AA?5?$AA?$CI?$AAL?$AAA?$AAN?$AA9?$AAx?$AAx?$AAx?$AA?$CJ?$AA?5?$AAM?$AAA?$AAC?$AA?5?$AAA?$AAd@ 00002e68     menu.obj
 0001:00001ebc       ??_C@_1CM@MBNEBDDK@?$AA?5?$AA?5?$AAV?$AAM?$AAI?$AAN?$AAI?$AA?3?$AA?5?$AA?5?$AA?5?$AA?5?$AA?5?$AA?5?$AA?5?$AA?5?$AA?5?$AA?$CF?$AAs?$AA?$AN?$AA?6?$AA?$AA@ 00002ebc     menu.obj
 0001:00001ee8       ??_C@_1GE@BGIPLJDA@?$AA?5?$AA?5?$AAN?$AAo?$AAt?$AAe?$AA?3?$AA?5?$AAU?$AAS?$AAB?$AAF?$AAN?$AA?5?$AAR?$AAN?$AAD?$AAI?$AAS?$AA?5?$AAM?$AAA?$AAC?$AA?5?$AAA?$AAd?$AAd?$AAr?$AA?5?$AAc?$AAa?$AAn@ 00002ee8     menu.obj
 0001:00001f4c       ??_C@_1DG@LEIGGFEH@?$AA?5?$AA?5?$AAE?$AAt?$AAh?$AA?5?$AAM?$AAA?$AAC?$AA?5?$AAA?$AAd?$AAd?$AAr?$AA?3?$AA?5?$AA?5?$AA?$CF?$AAs?$AA?5?$AA?$CI?$AA?$CF?$AAs?$AA?$CJ?$AA?$AN?$AA?6?$AA?$AA@ 00002f4c     menu.obj
 0001:00001f84       ??_C@_1BM@HBILLBOB@?$AAB?$AAo?$AAo?$AAt?$AA?5?$AAs?$AAe?$AAt?$AAt?$AAi?$AAn?$AAg?$AAs?$AA?$AA@ 00002f84     menu.obj
 0001:00001fa0       ??_C@_1O@HKPJJFOO@?$AAE?$AAE?$AAP?$AAR?$AAO?$AAM?$AA?$AA@ 00002fa0     menu.obj
 0001:00001fb0       ??_C@_1CM@ENNBLIDC@?$AA?5?$AA?5?$AAD?$AAH?$AAC?$AAP?$AA?3?$AA?5?$AA?5?$AA?5?$AA?5?$AA?5?$AA?5?$AA?5?$AA?5?$AA?5?$AA?5?$AA?$CF?$AAs?$AA?$AN?$AA?6?$AA?$AA@ 00002fb0     menu.obj
 0001:00001fdc       ??_C@_1CM@PFJOPCHK@?$AA?5?$AA?5?$AAI?$AAP?$AA?5?$AAa?$AAd?$AAd?$AAr?$AAe?$AAs?$AAs?$AA?3?$AA?5?$AA?5?$AA?5?$AA?5?$AA?$CF?$AAs?$AA?$AN?$AA?6?$AA?$AA@ 00002fdc     menu.obj
 0001:00002008       ??_C@_1CM@MFPGPOHA@?$AA?5?$AA?5?$AAI?$AAP?$AA?5?$AAm?$AAa?$AAs?$AAk?$AA?3?$AA?5?$AA?5?$AA?5?$AA?5?$AA?5?$AA?5?$AA?5?$AA?$CF?$AAs?$AA?$AN?$AA?6?$AA?$AA@ 00003008     menu.obj
 0001:00002034       ??_C@_1CM@IMEGPKBH@?$AA?5?$AA?5?$AAI?$AAP?$AA?5?$AAr?$AAo?$AAu?$AAt?$AAe?$AAr?$AA?3?$AA?5?$AA?5?$AA?5?$AA?5?$AA?5?$AA?$CF?$AAs?$AA?$AN?$AA?6?$AA?$AA@ 00003034     menu.obj
 0001:00002060       ??_C@_1CM@OEGKHNAF@?$AA?5?$AA?5?$AAK?$AAI?$AAT?$AAL?$AA?5?$AAm?$AAo?$AAd?$AAe?$AA?3?$AA?5?$AA?5?$AA?5?$AA?5?$AA?5?$AA?$CF?$AAs?$AA?$AN?$AA?6?$AA?$AA@ 00003060     menu.obj
 0001:0000208c       ??_C@_1BE@OLFPFCKI@?$AAi?$AAn?$AAt?$AAe?$AAr?$AAr?$AAu?$AAp?$AAt?$AA?$AA@ 0000308c     menu.obj
 0001:000020a0       ??_C@_1O@DOAPGJLD@?$AAp?$AAo?$AAl?$AAl?$AAe?$AAd?$AA?$AA@ 000030a0     menu.obj
 0001:000020b0       ??_C@_1CM@OLFKODG@?$AA?5?$AA?5?$AAK?$AAI?$AAT?$AAL?$AA?5?$AAt?$AAy?$AAp?$AAe?$AA?3?$AA?5?$AA?5?$AA?5?$AA?5?$AA?5?$AA?$CF?$AAs?$AA?$AN?$AA?6?$AA?$AA@ 000030b0     menu.obj
 0001:000020dc       ??_C@_1O@IBNPCBAA@?$AAa?$AAc?$AAt?$AAi?$AAv?$AAe?$AA?$AA@ 000030dc     menu.obj
 0001:000020ec       ??_C@_1BA@INHNFGAO@?$AAp?$AAa?$AAs?$AAs?$AAi?$AAv?$AAe?$AA?$AA@ 000030ec     menu.obj
 0001:000020fc       ??_C@_1CM@KKLHLKH@?$AA?5?$AA?5?$AAK?$AAI?$AAT?$AAL?$AA?5?$AAs?$AAt?$AAa?$AAt?$AAe?$AA?3?$AA?5?$AA?5?$AA?5?$AA?5?$AA?$CF?$AAs?$AA?$AN?$AA?6?$AA?$AA@ 000030fc     menu.obj
 0001:00002128       ??_C@_1BC@LGPIFEA@?$AAd?$AAi?$AAs?$AAa?$AAb?$AAl?$AAe?$AAd?$AA?$AA@ 00003128     menu.obj
 0001:0000213c       ??_C@_1BA@BKMGIBPB@?$AAe?$AAn?$AAa?$AAb?$AAl?$AAe?$AAd?$AA?$AA@ 0000313c     menu.obj
 0001:0000214c       ??_C@_1BM@NCMLOBGF@?$AA?$AN?$AA?6?$AA?5?$AAN?$AAe?$AAt?$AAw?$AAo?$AAr?$AAk?$AA?3?$AA?$AN?$AA?6?$AA?$AA@ 0000314c     menu.obj
 0001:00002168       ??_C@_1DG@GANBFOFA@?$AA?5?$AAK?$AAI?$AAT?$AAL?$AA?5?$AAs?$AAe?$AAt?$AA?5?$AAt?$AAo?$AA?5?$AAp?$AAo?$AAl?$AAl?$AAe?$AAd?$AA?5?$AAm?$AAo?$AAd?$AAe?$AA?$AN?$AA?6?$AA?$AA@ 00003168     menu.obj
 0001:000021a0       ??_C@_1DM@IPPCLHEI@?$AA?5?$AAK?$AAI?$AAT?$AAL?$AA?5?$AAs?$AAe?$AAt?$AA?5?$AAt?$AAo?$AA?5?$AAi?$AAn?$AAt?$AAe?$AAr?$AAr?$AAu?$AAp?$AAt?$AA?5?$AAm?$AAo?$AAd?$AAe?$AA?$AN?$AA?6?$AA?$AA@ 000031a0     menu.obj
 0001:000021dc       ??_C@_19DIEGALPP@?$AA?$CF?$AAc?$AA?$AN?$AA?6?$AA?$AA@ 000031dc     menu.obj
 0001:000021e8       ??_C@_1EC@JHPHMHOA@?$AA?5?$AAS?$AAe?$AAt?$AA?5?$AAK?$AAI?$AAT?$AAL?$AA?5?$AAt?$AAo?$AA?5?$AAp?$AAo?$AAl?$AAl?$AAe?$AAd?$AA?5?$AAm?$AAo?$AAd?$AAe?$AA?5?$AA?$FL?$AAy?$AA?1?$AA?9?$AA?$FN?$AA?3?$AA?5@ 000031e8     menu.obj
 0001:00002230       ??_C@_1EI@CAADENIK@?$AA?5?$AAS?$AAe?$AAt?$AA?5?$AAK?$AAI?$AAT?$AAL?$AA?5?$AAt?$AAo?$AA?5?$AAi?$AAn?$AAt?$AAe?$AAr?$AAr?$AAu?$AAp?$AAt?$AA?5?$AAm?$AAo?$AAd?$AAe?$AA?5?$AA?$FL?$AAy?$AA?1?$AA?9@ 00003230     menu.obj
 0001:00002278       ??_C@_1DI@DNJMHDAE@?$AA?5?$AAK?$AAI?$AAT?$AAL?$AA?5?$AAs?$AAe?$AAt?$AA?5?$AAt?$AAo?$AA?5?$AAp?$AAa?$AAs?$AAs?$AAi?$AAv?$AAe?$AA?5?$AAm?$AAo?$AAd?$AAe?$AA?$AN?$AA?6?$AA?$AA@ 00003278     menu.obj
 0001:000022b0       ??_C@_1DG@EDFECNLC@?$AA?5?$AAK?$AAI?$AAT?$AAL?$AA?5?$AAs?$AAe?$AAt?$AA?5?$AAt?$AAo?$AA?5?$AAa?$AAc?$AAt?$AAi?$AAv?$AAe?$AA?5?$AAm?$AAo?$AAd?$AAe?$AA?$AN?$AA?6?$AA?$AA@ 000032b0     menu.obj
 0001:000022e8       ??_C@_1EE@HIABIPBL@?$AA?5?$AAS?$AAe?$AAt?$AA?5?$AAK?$AAI?$AAT?$AAL?$AA?5?$AAt?$AAo?$AA?5?$AAp?$AAa?$AAs?$AAs?$AAi?$AAv?$AAe?$AA?5?$AAm?$AAo?$AAd?$AAe?$AA?5?$AA?$FL?$AAy?$AA?1?$AA?9?$AA?$FN?$AA?3@ 000032e8     menu.obj
 0001:00002330       ??_C@_1EC@OPMJBCEG@?$AA?5?$AAS?$AAe?$AAt?$AA?5?$AAK?$AAI?$AAT?$AAL?$AA?5?$AAt?$AAo?$AA?5?$AAa?$AAc?$AAt?$AAi?$AAv?$AAe?$AA?5?$AAm?$AAo?$AAd?$AAe?$AA?5?$AA?$FL?$AAy?$AA?1?$AA?9?$AA?$FN?$AA?3?$AA?5@ 00003330     menu.obj
 0001:00002374       ??_C@_1DO@IPDMADGH@?$AA?5?$AAO?$AAA?$AAL?$AA?5?$AAR?$AAe?$AAt?$AAa?$AAi?$AAl?$AA?5?$AAM?$AAe?$AAs?$AAs?$AAa?$AAg?$AAe?$AAs?$AA?5?$AAe?$AAn?$AAa?$AAb?$AAl?$AAe?$AAd?$AA?$AN?$AA?6?$AA?$AA@ 00003374     menu.obj
 0001:000023b8       ??_C@_1EA@EDIKANLP@?$AA?5?$AAO?$AAA?$AAL?$AA?5?$AAR?$AAe?$AAt?$AAa?$AAi?$AAl?$AA?5?$AAM?$AAe?$AAs?$AAs?$AAa?$AAg?$AAe?$AAs?$AA?5?$AAd?$AAi?$AAs?$AAa?$AAb?$AAl?$AAe?$AAd?$AA?$AN?$AA?6?$AA?$AA@ 000033b8     menu.obj
 0001:000023f8       ??_C@_1EI@IEOEJKJK@?$AA?5?$AAE?$AAn?$AAa?$AAb?$AAl?$AAe?$AA?5?$AAO?$AAA?$AAL?$AA?5?$AAR?$AAe?$AAt?$AAa?$AAi?$AAl?$AA?5?$AAM?$AAe?$AAs?$AAs?$AAa?$AAg?$AAe?$AAs?$AA?5?$AA?$FL?$AAy?$AA?1?$AA?9@ 000033f8     menu.obj
 0001:00002440       ??_C@_1EK@NMKAIECH@?$AA?5?$AAD?$AAi?$AAs?$AAa?$AAb?$AAl?$AAe?$AA?5?$AAO?$AAA?$AAL?$AA?5?$AAR?$AAe?$AAt?$AAa?$AAi?$AAl?$AA?5?$AAM?$AAe?$AAs?$AAs?$AAa?$AAg?$AAe?$AAs?$AA?5?$AA?$FL?$AAy?$AA?1@ 00003440     menu.obj
 0001:0000248c       ??_C@_1DC@KGICMHCL@?$AA?5?$AA?$FL?$AA0?$AA?$FN?$AA?5?$AAE?$AAx?$AAi?$AAt?$AA?5?$AAa?$AAn?$AAd?$AA?5?$AAC?$AAo?$AAn?$AAt?$AAi?$AAn?$AAu?$AAe?$AA?$AN?$AA?6?$AA?$AA@ 0000348c     menu.obj
 0001:000024c0       ??_C@_1DG@FKDJCDHM@?$AA?$AN?$AA?6?$AA?5?$AAS?$AAe?$AAl?$AAe?$AAc?$AAt?$AAi?$AAo?$AAn?$AA?5?$AA?$CI?$AAa?$AAc?$AAt?$AAu?$AAa?$AAl?$AA?5?$AA?$CF?$AAs?$AA?$CJ?$AA?3?$AA?5?$AA?$AA@ 000034c0     menu.obj
 0001:000024f8       ??_C@_1BG@LMIBJJCD@?$AA?5?$AA?$FL?$AA?$CF?$AAd?$AA?$FN?$AA?5?$AA?$CF?$AAs?$AA?$AN?$AA?6?$AA?$AA@ 000034f8     menu.obj
 0001:00002510       ??_C@_1DK@EBBOCKOO@?$AA?$AN?$AA?6?$AA?5?$AAS?$AAe?$AAl?$AAe?$AAc?$AAt?$AAi?$AAo?$AAn?$AA?5?$AA?$CI?$AAa?$AAc?$AAt?$AAu?$AAa?$AAl?$AA?5?$AA?$FL?$AA?$CF?$AAs?$AA?$FN?$AA?$CJ?$AA?3?$AA?5?$AA?$AA@ 00003510     menu.obj
 0001:0000254c       ??_C@_1M@IDGKDCGK@?$AA?$CF?$AAs?$AA?$AN?$AA?6?$AA?5?$AA?$AA@ 0000354c     menu.obj
 0001:00002558       ??_C@_19EEPNDKNE@?$AA?$CF?$AAs?$AA?$AN?$AA?6?$AA?$AA@ 00003558     menu.obj
 0001:00002564       ??_C@_1CA@LBCOEEPJ@?$AA?$AN?$AA?6?$AA?5?$AAS?$AAe?$AAl?$AAe?$AAc?$AAt?$AAi?$AAo?$AAn?$AA?5?$AA?3?$AA?5?$AA?$AA@ 00003564     menu.obj
 0001:00002588       ??_C@_1EA@MCBAEIOC@?$AAS?$AAe?$AAl?$AAe?$AAc?$AAt?$AA?5?$AAB?$AAa?$AAc?$AAk?$AAl?$AAi?$AAg?$AAh?$AAt?$AA?5?$AAB?$AAr?$AAi?$AAg?$AAh?$AAt?$AAn?$AAe?$AAs?$AAs?$AA?5?$AA?$CL?$AA?1?$AA?9?$AA?$AA@ 00003588     menu.obj
 0001:000025c8       ??_C@_1BG@EBHIGBFG@?$AA?5?$AA?$FL?$AA?$CF?$AAc?$AA?$FN?$AA?5?$AA?$CF?$AAs?$AA?$AN?$AA?6?$AA?$AA@ 000035c8     menu.obj
 0001:000025e0       ??_C@_1DA@BOLJNFCB@?$AAS?$AAe?$AAl?$AAe?$AAc?$AAt?$AA?5?$AAB?$AAa?$AAc?$AAk?$AAl?$AAi?$AAg?$AAh?$AAt?$AA?5?$AAO?$AAN?$AA?1?$AAO?$AAF?$AAF?$AA?$AA@ 000035e0     menu.obj
 0001:00002610       ??_C@_1BI@CCBAMNMF@?$AA?5?$AAR?$AAe?$AAa?$AAd?$AAi?$AAn?$AAg?$AA?5?$AA?3?$AA?5?$AA?$AA@ 00003610     menu.obj
 0001:00002628       ??_C@_1CA@ILICILPM@?$AAF?$AAi?$AAl?$AAe?$AA?5?$AAR?$AAe?$AAa?$AAd?$AA?5?$AAo?$AAk?$AA?$CB?$AA?$CB?$AA?6?$AA?$AA@ 00003628     menu.obj
 0001:00002648       ??_C@_1BI@JJGNKHCB@?$AA?5?$AAW?$AAr?$AAi?$AAt?$AAi?$AAn?$AAg?$AA?5?$AA?3?$AA?5?$AA?$AA@ 00003648     menu.obj
 0001:00002660       ??_C@_1CG@BPLJMLOC@?$AAF?$AAi?$AAl?$AAe?$AA?5?$AAW?$AAr?$AAi?$AAt?$AAt?$AAe?$AAn?$AA?5?$AAo?$AAk?$AA?$CB?$AA?$CB?$AA?6?$AA?$AA@ 00003660     menu.obj
 0001:00002688       ??_C@_17FHEBOJIN@?$AA?$CF?$AAc?$AA?$AN?$AA?$AA@ 00003688     menu.obj
 0001:00002690       ??_C@_1FG@GGAKBCDG@?$AAS?$AAe?$AAl?$AAe?$AAc?$AAt?$AA?5?$AAF?$AAi?$AAl?$AAe?$AA?5?$AAT?$AAr?$AAa?$AAn?$AAs?$AAf?$AAe?$AAr?$AA?5?$AAf?$AAr?$AAo?$AAm?$AA?5?$AAS?$AAD?$AA?5?$AAC?$AAa?$AAr@ 00003690     menu.obj
 0001:000026e8       ??_C@_1CM@IBBBDEFC@?$AAL?$AAC?$AAM?$AA?5?$AAI?$AAn?$AAi?$AAt?$AAi?$AAa?$AAl?$AA?5?$AAa?$AAn?$AAd?$AA?5?$AAC?$AAh?$AAe?$AAc?$AAk?$AA?$AA@ 000036e8     menu.obj
 0001:00002714       ??_C@_1DO@GCBJIIGC@?$AAE?$AAR?$AAR?$AAO?$AAR?$AA?3?$AA?5?$AAS?$AAe?$AAt?$AAt?$AAi?$AAn?$AAg?$AAs?$AA?5?$AAs?$AAa?$AAv?$AAe?$AA?5?$AAf?$AAa?$AAi?$AAl?$AAe?$AAd?$AA?$CB?$AA?$AN?$AA?6?$AA?$AA@ 00003714     menu.obj
 0001:00002758       ??_C@_1EG@EPHHPOIA@?$AA?5?$AAC?$AAu?$AAr?$AAr?$AAe?$AAn?$AAt?$AA?5?$AAs?$AAe?$AAt?$AAt?$AAi?$AAn?$AAg?$AAs?$AA?5?$AAh?$AAa?$AAs?$AA?5?$AAb?$AAe?$AAe?$AAn?$AA?5?$AAs?$AAa?$AAv?$AAe?$AAd@ 00003758     menu.obj
 0001:000027a0       ??_C@_1FG@NGGODBPB@?$AA?5?$AAD?$AAo?$AA?5?$AAy?$AAo?$AAu?$AA?5?$AAw?$AAa?$AAn?$AAt?$AA?5?$AAs?$AAa?$AAv?$AAe?$AA?5?$AAc?$AAu?$AAr?$AAr?$AAe?$AAn?$AAt?$AA?5?$AAs?$AAe?$AAt?$AAt?$AAi?$AAn@ 000037a0     menu.obj
 0001:000027f8       ??_C@_1BK@EBJPPEOM@?$AA?$AN?$AA?6?$AA?5?$AAS?$AAD?$AAC?$AAa?$AAr?$AAd?$AA?3?$AA?$AN?$AA?6?$AA?$AA@ 000037f8     menu.obj
 0001:00002814       ??_C@_1DA@JKMEDIID@?$AA?5?$AA?5?$AAF?$AAi?$AAl?$AAe?$AAn?$AAa?$AAm?$AAe?$AA?3?$AA?5?$AA?5?$AA?5?$AA?5?$AA?5?$AA?5?$AA?$CC?$AA?$CF?$AAs?$AA?$CC?$AA?$AN?$AA?6?$AA?$AA@ 00003814     menu.obj
 0001:00002848       ??_C@_1EI@OPDBDDPE@?$AA?$AN?$AA?6?$AA?5?$AAT?$AAy?$AAp?$AAe?$AA?5?$AAn?$AAe?$AAw?$AA?5?$AAf?$AAi?$AAl?$AAe?$AAn?$AAa?$AAm?$AAe?$AA?5?$AA?$CI?$AA8?$AA?4?$AA3?$AA?5?$AAf?$AAo?$AAr?$AAm?$AAa?$AAt@ 00003848     menu.obj
 0001:00002890       ??_C@_1DE@FKCOLIJA@?$AA?5?$AA?5?$AAF?$AAl?$AAa?$AAs?$AAh?$AAi?$AAn?$AAg?$AA?5?$AAN?$AAK?$AA?4?$AAb?$AAi?$AAn?$AA?3?$AA?5?$AA?5?$AA?5?$AA?$CF?$AAs?$AA?$AN?$AA?6?$AA?$AA@ 00003890     menu.obj
 0001:000028c4       ??_C@_1CG@OIGCIHAG@?$AA?5?$AA?5?$AAO?$AAP?$AAP?$AA?5?$AAM?$AAo?$AAd?$AAe?$AA?3?$AA?5?$AA?5?$AA?5?$AA?$CF?$AAs?$AA?$AN?$AA?6?$AA?$AA@ 000038c4     menu.obj
 0001:000028ec       ??_C@_1CI@GNFBDCCP@?$AA?5?$AA?5?$AAB?$AAa?$AAc?$AAk?$AAl?$AAi?$AAg?$AAh?$AAt?$AA?3?$AA?5?$AA?5?$AA?5?$AA?$CF?$AAs?$AA?$AN?$AA?6?$AA?$AA@ 000038ec     menu.obj
 0001:00002918       ??_C@_1EE@JFPPGEDH@?$AA?5?$AA?5?$AAS?$AAD?$AA?5?$AAC?$AAa?$AAr?$AAd?$AA?5?$AAt?$AAo?$AA?5?$AAF?$AAl?$AAa?$AAs?$AAh?$AA?5?$AAs?$AAt?$AAa?$AAt?$AAu?$AAs?$AA?3?$AA?5?$AA?5?$AA?5?$AA?$CF?$AAs?$AA?$AN@ 00003918     menu.obj
 0001:0000295c       ??_C@_1CM@JIGPKFND@?$AA?5?$AA?5?$AAR?$AAe?$AAt?$AAa?$AAi?$AAl?$AA?5?$AAM?$AAs?$AAg?$AAs?$AA?3?$AA?5?$AA?5?$AA?5?$AA?$CF?$AAs?$AA?$AN?$AA?6?$AA?$AA@ 0000395c     menu.obj
 0001:00002988       ??_C@_1CM@NDEIFMBL@?$AA?5?$AA?5?$AAD?$AAe?$AAv?$AAi?$AAc?$AAe?$AA?5?$AAI?$AAD?$AA?3?$AA?5?$AA?5?$AA?5?$AA?5?$AA?5?$AA?$CF?$AAd?$AA?$AN?$AA?6?$AA?$AA@ 00003988     menu.obj
 0001:000029b4       ??_C@_1CM@FFHNOGK@?$AA?5?$AA?5?$AAD?$AAi?$AAs?$AAp?$AAl?$AAa?$AAy?$AA?5?$AAR?$AAe?$AAs?$AA?3?$AA?5?$AA?5?$AA?5?$AA?$CF?$AAs?$AA?$AN?$AA?6?$AA?$AA@ 000039b4     menu.obj
 0001:000029e0       ??_C@_1CM@NPGGEGKD@?$AA?5?$AA?5?$AAD?$AAe?$AAb?$AAu?$AAg?$AA?5?$AAd?$AAe?$AAv?$AAi?$AAc?$AAe?$AA?3?$AA?5?$AA?5?$AA?$CF?$AAs?$AA?$AN?$AA?6?$AA?$AA@ 000039e0     menu.obj
 0001:00002a0c       ??_C@_1BM@PMDNGDGM@?$AAn?$AAo?$AAt?$AA?5?$AAs?$AAp?$AAe?$AAc?$AAi?$AAf?$AAi?$AAe?$AAd?$AA?$AA@ 00003a0c     menu.obj
 0001:00002a28       ??_C@_1BG@CEFCIDHI@?$AA?$AN?$AA?6?$AA?5?$AAM?$AAa?$AAi?$AAn?$AA?3?$AA?$AN?$AA?6?$AA?$AA@ 00003a28     menu.obj
 0001:00002a40       ??_C@_1CM@IGJFNOHM@?$AA?5?$AA?5?$AAB?$AAo?$AAo?$AAt?$AA?5?$AAd?$AAe?$AAv?$AAi?$AAc?$AAe?$AA?3?$AA?5?$AA?5?$AA?5?$AA?$CF?$AAs?$AA?$AN?$AA?6?$AA?$AA@ 00003a40     menu.obj
 0001:00002a6c       ??_C@_1DE@MLCCPHNO@?$AA?5?$AAC?$AAu?$AAr?$AAr?$AAe?$AAn?$AAt?$AA?5?$AAD?$AAe?$AAv?$AAi?$AAc?$AAe?$AA?5?$AAI?$AAD?$AA?3?$AA?5?$AA?5?$AA?$CF?$AAd?$AA?$AN?$AA?6?$AA?$AA@ 00003a6c     menu.obj
 0001:00002aa0       ??_C@_1CG@DEECOADH@?$AA?$AN?$AA?6?$AA?5?$AAN?$AAe?$AAw?$AA?5?$AAD?$AAe?$AAv?$AAi?$AAc?$AAe?$AA?5?$AAI?$AAD?$AA?3?$AA?5?$AA?$AA@ 00003aa0     menu.obj
 0001:00002b58       ??_C@_1BK@JPPJHKGA@?$AAS?$AAe?$AAt?$AA?5?$AAE?$AAC?$AAC?$AA?5?$AAm?$AAo?$AAd?$AAe?$AA?$AA@ 00003b58     flashmenu.obj
 0001:00002b74       ??_C@_1CO@EGKANGDF@?$AAE?$AAn?$AAa?$AAb?$AAl?$AAe?$AA?5?$AAf?$AAl?$AAa?$AAs?$AAh?$AAi?$AAn?$AAg?$AA?5?$AAN?$AAK?$AA?4?$AAb?$AAi?$AAn?$AA?$AA@ 00003b74     flashmenu.obj
 0001:00002ba4       ??_C@_1BK@GBFAOEGL@?$AAF?$AAo?$AAr?$AAm?$AAa?$AAt?$AA?5?$AAf?$AAl?$AAa?$AAs?$AAh?$AA?$AA@ 00003ba4     flashmenu.obj
 0001:00002bc0       ??_C@_1BM@GCHGGBGE@?$AAS?$AAe?$AAt?$AA?5?$AAb?$AAa?$AAd?$AA?5?$AAb?$AAl?$AAo?$AAc?$AAk?$AA?$AA@ 00003bc0     flashmenu.obj
 0001:00002bdc       ??_C@_1CI@NOBBAEFH@?$AAR?$AAe?$AAs?$AAe?$AAr?$AAv?$AAe?$AA?5?$AAb?$AAl?$AAo?$AAc?$AAk?$AA?5?$AAr?$AAa?$AAn?$AAg?$AAe?$AA?$AA@ 00003bdc     flashmenu.obj
 0001:00002c04       ??_C@_1CE@GGLAHODL@?$AAE?$AAr?$AAa?$AAs?$AAe?$AA?5?$AAb?$AAl?$AAo?$AAc?$AAk?$AA?5?$AAr?$AAa?$AAn?$AAg?$AAe?$AA?$AA@ 00003c04     flashmenu.obj
 0001:00002c28       ??_C@_1BI@NDJHIBFP@?$AAE?$AAr?$AAa?$AAs?$AAe?$AA?5?$AAf?$AAl?$AAa?$AAs?$AAh?$AA?$AA@ 00003c28     flashmenu.obj
 0001:00002c40       ??_C@_1CE@IKOIJPJI@?$AAD?$AAu?$AAm?$AAp?$AA?5?$AAf?$AAl?$AAa?$AAs?$AAh?$AA?5?$AAs?$AAe?$AAc?$AAt?$AAo?$AAr?$AA?$AA@ 00003c40     flashmenu.obj
 0001:00002c64       ??_C@_1CI@NOIANDIC@?$AAS?$AAh?$AAo?$AAw?$AA?5?$AAf?$AAl?$AAa?$AAs?$AAh?$AA?5?$AAg?$AAe?$AAo?$AAm?$AAe?$AAt?$AAr?$AAy?$AA?$AA@ 00003c64     flashmenu.obj
 0001:00002d20       ??_C@_1BA@ICKOCNOC@?$AA?5?$AAD?$AAo?$AAn?$AAe?$AA?$AN?$AA?6?$AA?$AA@ 00003d20     flashmenu.obj
 0001:00002d30       ??_C@_1BK@NJMFPCLL@?$AA?$AN?$AA?6?$AA?$FL?$AAr?$AAe?$AAs?$AAe?$AAr?$AAv?$AAe?$AAd?$AA?$FN?$AA?$AA@ 00003d30     flashmenu.obj
 0001:00002d4c       ??_C@_17IAIOLGBB@?$AA?5?$AA?$CF?$AAd?$AA?$AA@ 00003d4c     flashmenu.obj
 0001:00002d54       ??_C@_1BK@LJFBNMNP@?$AA?$AN?$AA?6?$AA?$FL?$AAb?$AAa?$AAd?$AA?$FN?$AA?5?$AA?5?$AA?5?$AA?5?$AA?5?$AA?$AA@ 00003d54     flashmenu.obj
 0001:00002d70       ??_C@_1CC@CKACAODM@?$AA?5?$AAE?$AAC?$AAC?$AA?5?$AAm?$AAo?$AAd?$AAe?$AA?3?$AA?5?$AA?5?$AA?$CF?$AAs?$AA?$AN?$AA?6?$AA?$AA@ 00003d70     flashmenu.obj
 0001:00002d94       ??_C@_1CC@EDJAHKCB@?$AAH?$AAa?$AAm?$AAm?$AAi?$AAn?$AAg?$AA?5?$AA1?$AAb?$AAi?$AAt?$AA?5?$AAE?$AAC?$AAC?$AA?$AA@ 00003d94     flashmenu.obj
 0001:00002db8       ??_C@_1BK@HLJGHKLA@?$AAB?$AAC?$AAH?$AA?5?$AA4?$AAb?$AAi?$AAt?$AA?5?$AAE?$AAC?$AAC?$AA?$AA@ 00003db8     flashmenu.obj
 0001:00002dd4       ??_C@_1BK@GHGPADLK@?$AAB?$AAC?$AAH?$AA?5?$AA8?$AAb?$AAi?$AAt?$AA?5?$AAE?$AAC?$AAC?$AA?$AA@ 00003dd4     flashmenu.obj
 0001:00002df0       ??_C@_15JNBOKNOG@?$AA?$AN?$AA?6?$AA?$AA@ 00003df0     flashmenu.obj
 0001:00002df8       ??_C@_1CK@GKLBIPDL@?$AA?5?$AAF?$AAl?$AAa?$AAs?$AAh?$AA?5?$AAT?$AAy?$AAp?$AAe?$AA?3?$AA?5?$AA?5?$AA?5?$AA?5?$AA?$CF?$AAs?$AA?$AN?$AA?6?$AA?$AA@ 00003df8     flashmenu.obj
 0001:00002e24       ??_C@_1CK@FFMHKDOJ@?$AA?5?$AAB?$AAl?$AAo?$AAc?$AAk?$AAs?$AA?3?$AA?5?$AA?5?$AA?5?$AA?5?$AA?5?$AA?5?$AA?5?$AA?5?$AA?$CF?$AAd?$AA?$AN?$AA?6?$AA?$AA@ 00003e24     flashmenu.obj
 0001:00002e50       ??_C@_1CK@IKGPGDPJ@?$AA?5?$AAB?$AAy?$AAt?$AAe?$AAs?$AA?1?$AAb?$AAl?$AAo?$AAc?$AAk?$AA?3?$AA?5?$AA?5?$AA?5?$AA?$CF?$AAd?$AA?$AN?$AA?6?$AA?$AA@ 00003e50     flashmenu.obj
 0001:00002e7c       ??_C@_1CK@OCGGJEJ@?$AA?5?$AAS?$AAe?$AAc?$AAt?$AAo?$AAr?$AAs?$AA?1?$AAb?$AAl?$AAo?$AAc?$AAk?$AA?3?$AA?5?$AA?$CF?$AAd?$AA?$AN?$AA?6?$AA?$AA@ 00003e7c     flashmenu.obj
 0001:00002ea8       ??_C@_1CK@KEDBKDHI@?$AA?5?$AAB?$AAy?$AAt?$AAe?$AAs?$AA?1?$AAs?$AAe?$AAc?$AAt?$AAo?$AAr?$AA?3?$AA?5?$AA?5?$AA?$CF?$AAd?$AA?$AN?$AA?6?$AA?$AA@ 00003ea8     flashmenu.obj
 0001:00002ed4       ??_C@_19FIBFMGJP@?$AAN?$AAA?$AAN?$AAD?$AA?$AA@ 00003ed4     flashmenu.obj
 0001:00002ee0       ??_C@_17DJMAIPNJ@?$AAN?$AAO?$AAR?$AA?$AA@ 00003ee0     flashmenu.obj
 0001:00002ee8       ??_C@_1EO@FMHOCAJM@?$AA?5?$AAO?$AAo?$AAp?$AAs?$AA?0?$AA?5?$AAc?$AAa?$AAn?$AA?8?$AAt?$AA?5?$AAg?$AAe?$AAt?$AA?5?$AAf?$AAl?$AAa?$AAs?$AAh?$AA?5?$AAg?$AAe?$AAo?$AAm?$AAe?$AAt?$AAr?$AAy?$AA?5@ 00003ee8     flashmenu.obj
 0001:00002f38       ??_C@_1DO@ECBGAOKH@?$AA?5?$AAO?$AAo?$AAp?$AAs?$AA?0?$AA?5?$AAc?$AAa?$AAn?$AA?8?$AAt?$AA?5?$AAo?$AAp?$AAe?$AAn?$AA?5?$AAF?$AAM?$AAD?$AA?5?$AAd?$AAr?$AAi?$AAv?$AAe?$AAr?$AA?$AN?$AA?6?$AA?$AA@ 00003f38     flashmenu.obj
 0001:00002f78       ??_C@_1FI@LPGEHBMI@?$AA?5?$AAO?$AAo?$AAp?$AAs?$AA?0?$AA?5?$AAc?$AAa?$AAn?$AA?8?$AAt?$AA?5?$AAe?$AAr?$AAa?$AAs?$AAe?$AA?5?$AAb?$AAl?$AAo?$AAc?$AAk?$AA?5?$AA?$CF?$AAd?$AA?5?$AA?9?$AA?5?$AAm?$AAa@ 00003f78     flashmenu.obj
 0001:00002fd0       ??_C@_1DE@FDJBJKAL@?$AA?5?$AAS?$AAk?$AAi?$AAp?$AA?5?$AAr?$AAe?$AAs?$AAe?$AAr?$AAv?$AAe?$AAd?$AA?5?$AAb?$AAl?$AAo?$AAc?$AAk?$AA?5?$AA?$CF?$AAd?$AA?$AN?$AA?6?$AA?$AA@ 00003fd0     flashmenu.obj
 0001:00003004       ??_C@_1CK@FKCECPDI@?$AA?5?$AAS?$AAk?$AAi?$AAp?$AA?5?$AAb?$AAa?$AAd?$AA?5?$AAb?$AAl?$AAo?$AAc?$AAk?$AA?5?$AA?$CF?$AAd?$AA?$AN?$AA?6?$AA?$AA@ 00004004     flashmenu.obj
 0001:00003030       ??_C@_1GA@KKFAKMFP@?$AA?5?$AAD?$AAo?$AA?5?$AAy?$AAo?$AAu?$AA?5?$AAw?$AAa?$AAn?$AAt?$AA?5?$AAt?$AAo?$AA?5?$AAe?$AAr?$AAa?$AAs?$AAe?$AA?5?$AAu?$AAn?$AAr?$AAe?$AAs?$AAe?$AAr?$AAv?$AAe?$AAd@ 00004030     flashmenu.obj
 0001:00003090       ??_C@_1FG@KMEBKKAG@?$AA?5?$AAD?$AAo?$AA?5?$AAy?$AAo?$AAu?$AA?5?$AAw?$AAa?$AAn?$AAt?$AA?5?$AAt?$AAo?$AA?5?$AAe?$AAr?$AAa?$AAs?$AAe?$AA?5?$AAb?$AAa?$AAd?$AA?5?$AAb?$AAl?$AAo?$AAc?$AAk?$AA?5@ 00004090     flashmenu.obj
 0001:000030e8       ??_C@_1GA@IMHNOHDN@?$AA?5?$AAD?$AAo?$AA?5?$AAy?$AAo?$AAu?$AA?5?$AAw?$AAa?$AAn?$AAt?$AA?5?$AAt?$AAo?$AA?5?$AAe?$AAr?$AAa?$AAs?$AAe?$AA?5?$AAr?$AAe?$AAs?$AAe?$AAr?$AAv?$AAe?$AAd?$AA?5?$AAb@ 000040e8     flashmenu.obj
 0001:00003148       ??_C@_1EO@FLJCJNNB@?$AA?5?$AAD?$AAo?$AA?5?$AAy?$AAo?$AAu?$AA?5?$AAw?$AAa?$AAn?$AAt?$AA?5?$AAe?$AAr?$AAa?$AAs?$AAe?$AA?5?$AAb?$AAl?$AAo?$AAc?$AAk?$AA?5?$AA?$CF?$AAd?$AA?9?$AA?$CF?$AAd?$AA?5?$AA?$FL@ 00004148     flashmenu.obj
 0001:00003198       ??_C@_1DM@MPGKHCCK@?$AA?5?$AAO?$AAo?$AAp?$AAs?$AA?0?$AA?5?$AAt?$AAo?$AAo?$AA?5?$AAb?$AAi?$AAg?$AA?5?$AAb?$AAl?$AAo?$AAc?$AAk?$AA?5?$AAn?$AAu?$AAm?$AAb?$AAe?$AAr?$AA?$AN?$AA?6?$AA?$AA@ 00004198     flashmenu.obj
 0001:000031d4       ??_C@_1CO@CKBOHOON@?$AA?$AN?$AA?6?$AA?5?$AAL?$AAa?$AAs?$AAt?$AA?5?$AAB?$AAl?$AAo?$AAc?$AAk?$AA?5?$AAN?$AAu?$AAm?$AAb?$AAe?$AAr?$AA?3?$AA?5?$AA?$AA@ 000041d4     flashmenu.obj
 0001:00003204       ??_C@_1DA@LGLONGJJ@?$AA?$AN?$AA?6?$AA?5?$AAF?$AAi?$AAr?$AAs?$AAt?$AA?5?$AAB?$AAl?$AAo?$AAc?$AAk?$AA?5?$AAN?$AAu?$AAm?$AAb?$AAe?$AAr?$AA?3?$AA?5?$AA?$AA@ 00004204     flashmenu.obj
 0001:00003238       ??_C@_1FG@GECOJCBP@?$AA?5?$AAO?$AAo?$AAp?$AAs?$AA?0?$AA?5?$AAc?$AAa?$AAn?$AA?8?$AAt?$AA?5?$AAm?$AAa?$AAr?$AAk?$AA?5?$AAb?$AAl?$AAo?$AAc?$AAk?$AA?5?$AA?$CF?$AAd?$AA?5?$AA?9?$AA?5?$AAa?$AAs?$AA?5@ 00004238     flashmenu.obj
 0001:00003290       ??_C@_1GE@KHHGLGPF@?$AA?5?$AAD?$AAo?$AA?5?$AAy?$AAo?$AAu?$AA?5?$AAw?$AAa?$AAn?$AAt?$AA?5?$AAm?$AAa?$AAr?$AAk?$AA?5?$AAa?$AAs?$AA?5?$AAr?$AAe?$AAs?$AAe?$AAr?$AAv?$AAe?$AAd?$AA?5?$AAb?$AAl@ 00004290     flashmenu.obj
 0001:000032f4       ??_C@_15DAMPJCDE@?$AA?$CF?$AAc?$AA?$AA@ 000042f4     flashmenu.obj
 0001:000032fc       ??_C@_15OJKDPEFE@?$AA?5?$AA?5?$AA?$AA@ 000042fc     flashmenu.obj
 0001:00003304       ??_C@_1M@FHJLFHFE@?$AA?5?$AA?$CF?$AA0?$AA2?$AAx?$AA?$AA@ 00004304     flashmenu.obj
 0001:00003310       ??_C@_1M@CKIPGKFF@?$AA?$CF?$AA0?$AA4?$AAx?$AA?5?$AA?$AA@ 00004310     flashmenu.obj
 0001:00003320       ??_C@_1EM@JNIBIIAB@?$AA?$AN?$AA?6?$AAS?$AAe?$AAc?$AAt?$AAo?$AAr?$AA?5?$AA?$CF?$AAd?$AA?5?$AA?$CI?$AAs?$AAe?$AAc?$AAt?$AAo?$AAr?$AA?5?$AA?$CF?$AAd?$AA?5?$AAi?$AAn?$AA?5?$AAb?$AAl?$AAo?$AAc?$AAk?$AA?5@ 00004320     flashmenu.obj
 0001:00003370       ??_C@_1HM@NEKLJOFD@?$AAR?$AAe?$AAs?$AAe?$AAr?$AAv?$AAe?$AAd?$AA1?$AA?3?$AA?5?$AA?$CF?$AA0?$AA8?$AAx?$AA?5?$AAO?$AAE?$AAM?$AAR?$AAe?$AAs?$AAe?$AAr?$AAv?$AAe?$AAd?$AA?3?$AA?5?$AA?$CF?$AA0?$AA2@ 00004370     flashmenu.obj
 0001:000033ec       ??_C@_1DI@NODDJIFB@?$AA?5?$AAO?$AAo?$AAp?$AAs?$AA?0?$AA?5?$AAs?$AAe?$AAc?$AAt?$AAo?$AAr?$AA?5?$AAr?$AAe?$AAa?$AAd?$AA?5?$AAf?$AAa?$AAi?$AAl?$AAe?$AAd?$AA?$AN?$AA?6?$AA?$AA@ 000043ec     flashmenu.obj
 0001:00003424       ??_C@_1DO@OOAFHGFN@?$AA?5?$AAO?$AAo?$AAp?$AAs?$AA?0?$AA?5?$AAt?$AAo?$AAo?$AA?5?$AAb?$AAi?$AAg?$AA?5?$AAs?$AAe?$AAc?$AAt?$AAo?$AAr?$AA?5?$AAn?$AAu?$AAm?$AAb?$AAe?$AAr?$AA?$AN?$AA?6?$AA?$AA@ 00004424     flashmenu.obj
 0001:00003464       ??_C@_1CG@KCBMIPD@?$AA?$AN?$AA?6?$AA?5?$AAS?$AAe?$AAc?$AAt?$AAo?$AAr?$AA?5?$AAN?$AAu?$AAm?$AAb?$AAe?$AAr?$AA?3?$AA?5?$AA?$AA@ 00004464     flashmenu.obj
 0001:00003490       ??_C@_1FG@IJKIFPEH@?$AA?5?$AAO?$AAo?$AAp?$AAs?$AA?0?$AA?5?$AAs?$AAe?$AAc?$AAt?$AAo?$AAr?$AA?5?$AAs?$AAi?$AAz?$AAe?$AA?5?$AAl?$AAa?$AAr?$AAg?$AAe?$AAr?$AA?5?$AAt?$AAh?$AAa?$AAn?$AA?5?$AAm@ 00004490     flashmenu.obj
 0001:000034e8       ??_C@_1BE@MFBEDOBI@?$AA?$AN?$AA?6?$AA?5?$AAD?$AAo?$AAn?$AAe?$AA?$AN?$AA?6?$AA?$AA@ 000044e8     flashmenu.obj
 0001:000034fc       ??_C@_1CE@EPPKNNOD@?$AA?$AN?$AA?6?$AA?5?$AAB?$AAl?$AAo?$AAc?$AAk?$AA?5?$AAN?$AAu?$AAm?$AAb?$AAe?$AAr?$AA?3?$AA?5?$AA?$AA@ 000044fc     flashmenu.obj
 0001:00003520       ??_C@_1GC@JKKDFPCG@?$AA?5?$AAD?$AAo?$AA?5?$AAy?$AAo?$AAu?$AA?5?$AAw?$AAa?$AAn?$AAt?$AA?5?$AAt?$AAo?$AA?5?$AAf?$AAo?$AAr?$AAm?$AAa?$AAt?$AA?5?$AAu?$AAn?$AAr?$AAe?$AAs?$AAe?$AAr?$AAv?$AAe@ 00004520     flashmenu.obj
 0001:00003584       ??_C@_1DM@NJFEAFBO@?$AA?5?$AAF?$AAl?$AAa?$AAs?$AAh?$AAi?$AAn?$AAg?$AA?5?$AAN?$AAK?$AA?4?$AAb?$AAi?$AAn?$AA?5?$AAi?$AAs?$AA?5?$AAe?$AAn?$AAa?$AAb?$AAl?$AAe?$AAd?$AA?$AN?$AA?6?$AA?$AA@ 00004584     flashmenu.obj
 0001:000035c0       ??_C@_1DO@FEBEDMFN@?$AA?5?$AAF?$AAl?$AAa?$AAs?$AAh?$AAi?$AAn?$AAg?$AA?5?$AAN?$AAK?$AA?4?$AAb?$AAi?$AAn?$AA?5?$AAi?$AAs?$AA?5?$AAd?$AAi?$AAs?$AAa?$AAb?$AAl?$AAe?$AAd?$AA?$AN?$AA?6?$AA?$AA@ 000045c0     flashmenu.obj
 0001:00003600       ??_C@_1EA@POGPJPIN@?$AA?5?$AAE?$AAn?$AAa?$AAb?$AAl?$AAe?$AA?5?$AAF?$AAl?$AAa?$AAs?$AAh?$AAi?$AAn?$AAg?$AA?5?$AAN?$AAK?$AA?4?$AAb?$AAi?$AAn?$AA?5?$AA?$FL?$AAy?$AA?1?$AA?9?$AA?$FN?$AA?3?$AA?5?$AA?$AA@ 00004600     flashmenu.obj
 0001:00003640       ??_C@_1EC@LIJCOJEF@?$AA?5?$AAD?$AAi?$AAs?$AAa?$AAb?$AAl?$AAe?$AA?5?$AAF?$AAl?$AAa?$AAs?$AAh?$AAi?$AAn?$AAg?$AA?5?$AAN?$AAK?$AA?4?$AAb?$AAi?$AAn?$AA?5?$AA?$FL?$AAy?$AA?1?$AA?9?$AA?$FN?$AA?3?$AA?5@ 00004640     flashmenu.obj
 0001:00003688       ??_C@_1GE@EJGAKBM@?$AA?5?$AAI?$AAn?$AAv?$AAa?$AAl?$AAi?$AAd?$AA?5?$AAE?$AAC?$AAC?$AA?5?$AAm?$AAo?$AAd?$AAe?$AA?0?$AA?5?$AAs?$AAe?$AAt?$AA?5?$AAE?$AAC?$AAC?$AA?5?$AAm?$AAo?$AAd?$AAe?$AA?5@ 00004688     flashmenu.obj
 0001:000036f0       ??_C@_1ME@KHCPMAFG@?$AA?5?$AAT?$AAh?$AAi?$AAs?$AA?5?$AAc?$AAo?$AAm?$AAm?$AAa?$AAn?$AAd?$AA?5?$AAi?$AAs?$AA?5?$AAu?$AAs?$AAe?$AAd?$AA?5?$AAt?$AAo?$AA?5?$AAt?$AAe?$AAm?$AAp?$AAo?$AAr?$AAa@ 000046f0     flashmenu.obj
 0001:000037b8       ??_C@_1HK@NLFNLNJI@?$AA?5?$AAS?$AAe?$AAl?$AAe?$AAc?$AAt?$AA?5?$AAE?$AAC?$AAC?$AA?5?$AAm?$AAo?$AAd?$AAe?$AA?5?$AA?$FL?$AA0?$AA?$CI?$AAH?$AAa?$AAm?$AAm?$AAi?$AAn?$AAg?$AA?5?$AA1?$AAb?$AAi?$AAt@ 000047b8     flashmenu.obj
 0001:00003a78       ??_C@_0EB@BGCKLDE@?9OALKitlFindDevice?$CIpDevice?5?$DN?50x?$CF@ 00004a78     oal_kitl_boot:device.obj
 0001:00003abc       ??_C@_11LOCGONAA@?$AA?$AA@ 00004abc     oal_kitl_boot:device.obj
 0001:00003ac0       ??_C@_0CJ@GPDFFIKB@?$CLOALKitlFindDevice?$CI?$CFd?1?$CFd?1?$CF08x?0?50@ 00004ac0     oal_kitl_boot:device.obj
 0001:00003aec       ??_C@_0CJ@MPHJDLPH@?9OALKitlDeviceName?$CIname?5?$DN?50x?$CF08x@ 00004aec     oal_kitl_boot:device.obj
 0001:00003b18       ??_C@_0CJ@OKPKABKG@?$CLOALKitlDeviceName?$CI?$CFd?1?$CFd?1?$CF08x?0?50@ 00004b18     oal_kitl_boot:device.obj
 0001:00003b44       ??_C@_0CA@ECNOOFDD@?9OALKitlDeviceType?$CItype?5?$DN?5?$CFd?$CJ?$AN?6?$AA@ 00004b44     oal_kitl_boot:device.obj
 0001:00003b64       ??_C@_0CJ@HOEFFCBD@?$CLOALKitlDeviceType?$CI?$CFd?1?$CFd?1?$CF08x?0?50@ 00004b64     oal_kitl_boot:device.obj
 0001:00003c20       ??_C@_0CG@IHIMJOIA@?9OALKitlCreateName?$CIpBuffer?5?$DN?5?8?$CFh@ 00004c20     oal_kitl_boot:name.obj
 0001:00003c48       ??_C@_0CM@BCMDHFLI@?$CLOALKitlCreateName?$CI?8?$CFhs?8?0?50x?$CF04x@ 00004c48     oal_kitl_boot:name.obj
 0001:00003d08       ??_C@_1BI@FCMLLAGN@?$AA?$CF?$AAd?$AA?4?$AA?$CF?$AAd?$AA?4?$AA?$CF?$AAd?$AA?4?$AA?$CF?$AAd?$AA?$AA@ 00004d08     oal_kitl_boot:format.obj
 0001:00003d20       ??_C@_1DM@BKFFFBIH@?$AA?$CF?$AA0?$AA2?$AAx?$AA?3?$AA?$CF?$AA0?$AA2?$AAx?$AA?3?$AA?$CF?$AA0?$AA2?$AAx?$AA?3?$AA?$CF?$AA0?$AA2?$AAx?$AA?3?$AA?$CF?$AA0?$AA2?$AAx?$AA?3?$AA?$CF?$AA0?$AA2?$AAx?$AA?$AA@ 00004d20     oal_kitl_boot:format.obj
 0001:00003f10       ??_C@_17HBLJBP@?$AA?$AN?$AA?6?$AA?5?$AA?$AA@ 00004f10     oal_blmenu:menu.obj
 0001:00003f18       ??_C@_1BO@MKGCCJBG@?$AA?$AN?$AA?6?$AA?5?$AAS?$AAe?$AAl?$AAe?$AAc?$AAt?$AAi?$AAo?$AAn?$AA?3?$AA?5?$AA?$AA@ 00004f18     oal_blmenu:menu.obj
 0001:00003f38       ??_C@_15GANGMFKL@?$AA?$CF?$AAs?$AA?$AA@ 00004f38     oal_blmenu:menu.obj
 0001:00003f40       ??_C@_1FI@GPDBNHB@?$AAE?$AAR?$AAR?$AAO?$AAR?$AA?3?$AA?5?$AAO?$AAA?$AAL?$AAB?$AAL?$AAM?$AAe?$AAn?$AAu?$AAE?$AAn?$AAa?$AAb?$AAl?$AAe?$AA?3?$AA?5?$AAI?$AAn?$AAv?$AAa?$AAl?$AAi?$AAd?$AA?5@ 00004f40     oal_blmenu:menu.obj
 0001:00003f98       ??_C@_1BC@HOHDMONC@?$AA?5?$AA?$CF?$AAs?$AA?5?$AA?$CF?$AAs?$AA?$AN?$AA?6?$AA?$AA@ 00004f98     oal_blmenu:menu.obj
 0001:00003fac       ??_C@_1BO@ENGAEJMG@?$AA?5?$AA?$CF?$AAs?$AA?5?$AAs?$AAt?$AAa?$AAy?$AAs?$AA?5?$AA?$CF?$AAs?$AA?$AN?$AA?6?$AA?$AA@ 00004fac     oal_blmenu:menu.obj
 0001:00003fcc       ??_C@_1DK@PCLKELEH@?$AA?5?$AA?$CF?$AAs?$AA?5?$AA?$CF?$AAs?$AA?5?$AA?$CI?$AAa?$AAc?$AAt?$AAu?$AAa?$AAl?$AAl?$AAy?$AA?5?$AA?$CF?$AAs?$AA?$CJ?$AA?5?$AA?$FL?$AAy?$AA?1?$AA?9?$AA?$FN?$AA?3?$AA?5?$AA?$AA@ 00004fcc     oal_blmenu:menu.obj
 0001:00004008       ??_C@_1O@PFBIKACK@?$AAE?$AAn?$AAa?$AAb?$AAl?$AAe?$AA?$AA@ 00005008     oal_blmenu:menu.obj
 0001:00004018       ??_C@_1BA@EHHBCNCC@?$AAD?$AAi?$AAs?$AAa?$AAb?$AAl?$AAe?$AA?$AA@ 00005018     oal_blmenu:menu.obj
 0001:00004028       ??_C@_1GG@GCPJEPA@?$AAE?$AAR?$AAR?$AAO?$AAR?$AA?3?$AA?5?$AAO?$AAA?$AAL?$AAB?$AAL?$AAM?$AAe?$AAn?$AAu?$AAS?$AAe?$AAl?$AAe?$AAc?$AAt?$AAD?$AAe?$AAv?$AAi?$AAc?$AAe?$AA?3?$AA?5?$AAI?$AAn@ 00005028     oal_blmenu:menu.obj
 0001:00004090       ??_C@_1CO@MNGNNHKJ@?$AA?5?$AA?$CF?$AAs?$AA?5?$AAd?$AAe?$AAv?$AAi?$AAc?$AAe?$AA?5?$AAs?$AAe?$AAt?$AA?5?$AAt?$AAo?$AA?5?$AA?$CF?$AAs?$AA?$AN?$AA?6?$AA?$AA@ 00005090     oal_blmenu:menu.obj
 0001:000040c0       ??_C@_1CC@GHCHDPIM@?$AAS?$AAe?$AAl?$AAe?$AAc?$AAt?$AA?5?$AA?$CF?$AAs?$AA?5?$AAD?$AAe?$AAv?$AAi?$AAc?$AAe?$AA?$AA@ 000050c0     oal_blmenu:menu.obj
 0001:000040e4       ??_C@_17ILCABGPK@?$AA?$AI?$AA?5?$AA?$AI?$AA?$AA@ 000050e4     oal_blmenu:menu.obj
 0001:000040f0       ??_C@_1GG@KAOMNNAE@?$AAE?$AAR?$AAR?$AAO?$AAR?$AA?3?$AA?5?$AAO?$AAA?$AAL?$AAB?$AAL?$AAM?$AAe?$AAn?$AAu?$AAS?$AAe?$AAt?$AAM?$AAa?$AAc?$AAA?$AAd?$AAd?$AAr?$AAe?$AAs?$AAs?$AA?3?$AA?5?$AAI@ 000050f0     oal_blmenu:menu.obj
 0001:00004158       ??_C@_1DI@EBJOBKJO@?$AA?5?$AA?$CF?$AAs?$AA?5?$AAM?$AAA?$AAC?$AA?5?$AAa?$AAd?$AAd?$AAr?$AAe?$AAs?$AAs?$AA?5?$AAs?$AAe?$AAt?$AA?5?$AAt?$AAo?$AA?5?$AA?$CF?$AAs?$AA?$AN?$AA?6?$AA?$AA@ 00005158     oal_blmenu:menu.obj
 0001:00004190       ??_C@_1EA@HMINENJO@?$AA?5?$AA?8?$AA?$CF?$AAs?$AA?8?$AA?5?$AAi?$AAs?$AAn?$AA?8?$AAt?$AA?5?$AAv?$AAa?$AAl?$AAi?$AAd?$AA?5?$AAM?$AAA?$AAC?$AA?5?$AAa?$AAd?$AAd?$AAr?$AAe?$AAs?$AAs?$AA?$AN?$AA?6?$AA?$AA@ 00005190     oal_blmenu:menu.obj
 0001:000041d0       ??_C@_1EI@KGHANMNL@?$AA?5?$AAE?$AAn?$AAt?$AAe?$AAr?$AA?5?$AA?$CF?$AAs?$AA?5?$AAM?$AAA?$AAC?$AA?5?$AAa?$AAd?$AAd?$AAr?$AAe?$AAs?$AAs?$AA?5?$AA?$CI?$AAa?$AAc?$AAt?$AAu?$AAa?$AAl?$AA?5?$AA?$CF?$AAs@ 000051d0     oal_blmenu:menu.obj
 0001:00004218       ??_C@_1GG@LBBLODG@?$AAE?$AAR?$AAR?$AAO?$AAR?$AA?3?$AA?5?$AAO?$AAA?$AAL?$AAB?$AAL?$AAM?$AAe?$AAn?$AAu?$AAS?$AAe?$AAt?$AAI?$AAp?$AAA?$AAd?$AAd?$AAr?$AAe?$AAs?$AAs?$AA?3?$AA?5?$AAI?$AAn@ 00005218     oal_blmenu:menu.obj
 0001:00004280       ??_C@_1DG@PKEFPJGM@?$AA?5?$AA?$CF?$AAs?$AA?5?$AAI?$AAP?$AA?5?$AAa?$AAd?$AAd?$AAr?$AAe?$AAs?$AAs?$AA?5?$AAs?$AAe?$AAt?$AA?5?$AAt?$AAo?$AA?5?$AA?$CF?$AAs?$AA?$AN?$AA?6?$AA?$AA@ 00005280     oal_blmenu:menu.obj
 0001:000042b8       ??_C@_1DO@PNGPKAIC@?$AA?5?$AA?8?$AA?$CF?$AAs?$AA?8?$AA?5?$AAi?$AAs?$AAn?$AA?8?$AAt?$AA?5?$AAv?$AAa?$AAl?$AAi?$AAd?$AA?5?$AAI?$AAP?$AA?5?$AAa?$AAd?$AAd?$AAr?$AAe?$AAs?$AAs?$AA?$AN?$AA?6?$AA?$AA@ 000052b8     oal_blmenu:menu.obj
 0001:000042f8       ??_C@_1EG@NJNHINMH@?$AA?5?$AAE?$AAn?$AAt?$AAe?$AAr?$AA?5?$AA?$CF?$AAs?$AA?5?$AAI?$AAP?$AA?5?$AAa?$AAd?$AAd?$AAr?$AAe?$AAs?$AAs?$AA?5?$AA?$CI?$AAa?$AAc?$AAt?$AAu?$AAa?$AAl?$AA?5?$AA?$CF?$AAs?$AA?$CJ@ 000052f8     oal_blmenu:menu.obj
 0001:00004340       ??_C@_1GA@BNPDEIDO@?$AAE?$AAR?$AAR?$AAO?$AAR?$AA?3?$AA?5?$AAO?$AAA?$AAL?$AAB?$AAL?$AAM?$AAe?$AAn?$AAu?$AAS?$AAe?$AAt?$AAI?$AAp?$AAM?$AAa?$AAs?$AAk?$AA?3?$AA?5?$AAI?$AAn?$AAv?$AAa?$AAl@ 00005340     oal_blmenu:menu.obj
 0001:000043a0       ??_C@_1DA@MPGAFAD@?$AA?5?$AA?$CF?$AAs?$AA?5?$AAI?$AAP?$AA?5?$AAm?$AAa?$AAs?$AAk?$AA?5?$AAs?$AAe?$AAt?$AA?5?$AAt?$AAo?$AA?5?$AA?$CF?$AAs?$AA?$AN?$AA?6?$AA?$AA@ 000053a0     oal_blmenu:menu.obj
 0001:000043d0       ??_C@_1DI@NFENBBKL@?$AA?5?$AA?8?$AA?$CF?$AAs?$AA?8?$AA?5?$AAi?$AAs?$AAn?$AA?8?$AAt?$AA?5?$AAv?$AAa?$AAl?$AAi?$AAd?$AA?5?$AAI?$AAP?$AA?5?$AAm?$AAa?$AAs?$AAk?$AA?$AN?$AA?6?$AA?$AA@ 000053d0     oal_blmenu:menu.obj
 0001:00004408       ??_C@_1EA@LJMJMOFH@?$AA?5?$AAE?$AAn?$AAt?$AAe?$AAr?$AA?5?$AA?$CF?$AAs?$AA?5?$AAI?$AAP?$AA?5?$AAm?$AAa?$AAs?$AAk?$AA?5?$AA?$CI?$AAa?$AAc?$AAt?$AAu?$AAa?$AAl?$AA?5?$AA?$CF?$AAs?$AA?$CJ?$AA?3?$AA?5?$AA?$AA@ 00005408     oal_blmenu:menu.obj
 0001:00004568       ??_C@_1O@INIEDEDF@?$AA?$CI?$AAN?$AAU?$AAL?$AAL?$AA?$CJ?$AA?$AA@ 00005568     oal_blnk:format.obj
 0001:00004578       ??_C@_06LHGEHABH@?$CINULL?$CJ?$AA@ 00005578     oal_blnk:format.obj
 0001:00004610       pTOC                       00005610     oal_blcommon:blcommon.obj
 0001:00004618       NKSignon                   00005618     oal_blcommon:blcommon.obj
 0001:00004674       ??_C@_0DJ@LFHEGALA@ERROR?3?5Checksum?5failure?5?$CIexpecte@ 00005674     oal_blcommon:blcommon.obj
 0001:000046b0       ??_C@_0BM@DKIOIAMD@?$AN?6BL_IMAGE_TYPE_UNKNOWN?$AN?6?$AN?6?$AA@ 000056b0     oal_blcommon:blcommon.obj
 0001:000046cc       ??_C@_0BP@KNNCEABF@?$AN?6BL_IMAGE_TYPE_SIGNED_NB0?$AN?6?$AN?6?$AA@ 000056cc     oal_blcommon:blcommon.obj
 0001:000046ec       ??_C@_07LAGBNAEN@R000FF?6?$AA@ 000056ec     oal_blcommon:blcommon.obj
 0001:000046f4       ??_C@_0BP@MJFCGNBB@?$AN?6BL_IMAGE_TYPE_SIGNED_BIN?$AN?6?$AN?6?$AA@ 000056f4     oal_blcommon:blcommon.obj
 0001:00004714       ??_C@_07HMMLNAND@S000FF?6?$AA@ 00005714     oal_blcommon:blcommon.obj
 0001:0000471c       ??_C@_0BI@HBMHAEFD@?$AN?6BL_IMAGE_TYPE_BIN?$AN?6?$AN?6?$AA@ 0000571c     oal_blcommon:blcommon.obj
 0001:00004734       ??_C@_07MMNKOBGG@B000FF?6?$AA@ 00005734     oal_blcommon:blcommon.obj
 0001:0000473c       ??_C@_0BN@IHLEHBEK@?$AN?6BL_IMAGE_TYPE_MULTIXIP?$AN?6?$AN?6?$AA@ 0000573c     oal_blcommon:blcommon.obj
 0001:0000475c       ??_C@_07CBKBMMIF@X000FF?6?$AA@ 0000575c     oal_blcommon:blcommon.obj
 0001:00004764       ??_C@_0BN@GCKOHOON@?$AN?6BL_IMAGE_TYPE_MANIFEST?$AN?6?$AN?6?$AA@ 00005764     oal_blcommon:blcommon.obj
 0001:00004784       ??_C@_07JLHFPECJ@N000FF?6?$AA@ 00005784     oal_blcommon:blcommon.obj
 0001:0000478c       ??_C@_0CL@OKMIEAHJ@?$AN?6ERROR?3?5Unable?5to?5read?5image?5si@ 0000578c     oal_blcommon:blcommon.obj
 0001:000047b8       ??_C@_0DJ@PIPLIHFI@?$AN?6ERROR?3?5Unable?5to?5read?5download@ 000057b8     oal_blcommon:blcommon.obj
 0001:000047f8       ??_C@_0EC@LAKEOKID@?$AN?6ERROR?3?5Download?5manifest?5packe@ 000057f8     oal_blcommon:blcommon.obj
 0001:0000483c       ??_C@_0DG@DBBGHEAG@?$AN?6ERROR?3?5Unable?5to?5read?5download@ 0000583c     oal_blcommon:blcommon.obj
 0001:00004874       ??_C@_0DL@DCHMDHHD@ImageStart?5?$DN?50x?$CFx?0?5ImageLength?5?$DN@ 00005874     oal_blcommon:blcommon.obj
 0001:000048b0       ??_C@_0CO@PFLGIDFG@ERROR?3?5failed?5when?5reading?5raw?5b@ 000058b0     oal_blcommon:blcommon.obj
 0001:000048e0       ??_C@_0BP@EOFEMPOO@Invalid?5flash?5address?1length?$AN?6?$AA@ 000058e0     oal_blcommon:blcommon.obj
 0001:00004900       ??_C@_0CC@DNECAMLM@?$CBOEMVERIFYMEMORY?3?5Invalid?5image?$AN@ 00005900     oal_blcommon:blcommon.obj
 0001:00004924       ??_C@_0DH@GJCJAHAP@?$FL?$CFd?$FN?3?5Address?$DN0x?$CFx?5?5Length?$DN0x?$CFx?5@ 00005924     oal_blcommon:blcommon.obj
 0001:0000495c       ??_C@_03ILDADBHF@RAM?$AA@  0000595c     oal_blcommon:blcommon.obj
 0001:00004960       ??_C@_05HPMNGINJ@FLASH?$AA@ 00005960     oal_blcommon:blcommon.obj
 0001:00004968       ??_C@_0BH@FIOKDOBJ@?$AN?6Completed?5file?$CIs?$CJ?3?$AN?6?$AA@ 00005968     oal_blcommon:blcommon.obj
 0001:00004980       ??_C@_0FC@PGPOMBFM@?9?9?9?9?9?9?9?9?9?9?9?9?9?9?9?9?9?9?9?9?9?9?9?9?9?9?9?9?9?9?9?9@ 00005980     oal_blcommon:blcommon.obj
 0001:000049d4       ??_C@_06OLEINIPO@nk?4exe?$AA@ 000059d4     oal_blcommon:blcommon.obj
 0001:000049dc       ??_C@_0CE@NKAMCDHO@Unable?5to?5read?5image?5start?1lengt@ 000059dc     oal_blcommon:blcommon.obj
 0001:00004a00       ??_C@_0DI@FDIIHFBA@?$CK?$CK?$CK?$CK?$CK?$CK?5Checksum?5failure?5on?5recor@ 00005a00     oal_blcommon:blcommon.obj
 0001:00004a38       ??_C@_0DD@KHJBCIED@?$CK?$CK?$CK?$CK?$CK?$CK?5Data?5record?5?$CFd?5corrupted?0@ 00005a38     oal_blcommon:blcommon.obj
 0001:00004a6c       ??_C@_0BD@PHLGNLDI@rom_offset?$DN0x?$CFx?4?$AN?6?$AA@ 00005a6c     oal_blcommon:blcommon.obj
 0001:00004a80       ??_C@_0EC@NABDPCJO@?$CK?$CK?5ERROR?3?5This?5boot?5loader?5does?5@ 00005a80     oal_blcommon:blcommon.obj
 0001:00004ac8       ??_C@_0EC@MIGFFFAC@?$CK?$CK?5ERROR?3?5This?5boot?5loader?5does?5@ 00005ac8     oal_blcommon:blcommon.obj
 0001:00004b0c       ??_C@_06BEBGGBAB@?$AN?6?$CK?$CK?$AN?6?$AA@ 00005b0c     oal_blcommon:blcommon.obj
 0001:00004b18       ??_C@_0GI@NIAHKKOO@?$CK?$CK?5ERROR?3?5The?5X000FF?5packet?5is?5a@ 00005b18     oal_blcommon:blcommon.obj
 0001:00004b80       ??_C@_0FO@KDFAPMNM@?$CK?$CK?5Please?5update?5your?5Platform?5B@ 00005b80     oal_blcommon:blcommon.obj
 0001:00004be0       ??_C@_04IPBEALME@?$CK?$CK?$AN?6?$AA@ 00005be0     oal_blcommon:blcommon.obj
 0001:00004be8       ??_C@_0BI@OCFAEGPK@ROMHDR?5at?5Address?5?$CFXh?$AN?6?$AA@ 00005be8     oal_blcommon:blcommon.obj
 0001:00004c00       ??_C@_0CL@NOFKHKJC@System?5ready?$CB?$AN?6Preparing?5for?5dow@ 00005c00     oal_blcommon:blcommon.obj
 0001:00004c2c       ??_C@_0M@CDHNGIPM@?$CFu?4?$CFu?4?$CFu?4?$CFu?$AA@ 00005c2c     oal_blcommon:format.obj
 0001:00004cc8       ??_C@_1KI@MDFCMHMG@?$AAC?$AA?3?$AA?2?$AAW?$AAI?$AAN?$AAC?$AAE?$AA6?$AA0?$AA0?$AA?2?$AAP?$AAL?$AAA?$AAT?$AAF?$AAO?$AAR?$AAM?$AA?2?$AAC?$AAO?$AAM?$AAM?$AAO?$AAN?$AA?2?$AAS?$AAR?$AAC?$AA?2@ 00005cc8     common_ti_fmd_nand_boot:fmd.obj
 0001:00004d70       ??_C@_1CI@OHCJFJPM@?$AAE?$AAR?$AAR?$AAO?$AAR?$AA?3?$AA?5?$AA?$CF?$AAs?$AA?5?$AAl?$AAi?$AAn?$AAe?$AA?5?$AA?$CF?$AAd?$AA?3?$AA?5?$AA?$AA@ 00005d70     common_ti_fmd_nand_boot:fmd.obj
 0001:00004d98       ??_C@_1HG@DCOIKHPB@?$AAF?$AAM?$AAD?$AA?5?$AAd?$AAr?$AAi?$AAv?$AAe?$AAr?$AA?5?$AAs?$AAu?$AAp?$AAp?$AAo?$AAr?$AAt?$AAs?$AA?5?$AAo?$AAn?$AAl?$AAy?$AA?5?$AA1?$AA6?$AAb?$AAi?$AAt?$AAs?$AA?5@ 00005d98     common_ti_fmd_nand_boot:fmd.obj
 0001:00004e10       ??_C@_1DK@CAAJGKFH@?$AAI?$AAn?$AAc?$AAo?$AAr?$AAr?$AAe?$AAc?$AAt?$AA?5?$AAE?$AAC?$AAC?$AA?5?$AAt?$AAy?$AAp?$AAe?$AA?5?$AAs?$AAe?$AAt?$AAt?$AAi?$AAn?$AAg?$AA?$AN?$AA?6?$AA?$AA@ 00005e10     common_ti_fmd_nand_boot:fmd.obj
 0001:00004ee0       ??_C@_1EA@JNFKONCC@?$AAE?$AAr?$AAr?$AAo?$AAr?$AA?3?$AA?5?$AAU?$AAn?$AAr?$AAe?$AAc?$AAo?$AAg?$AAn?$AAi?$AAz?$AAe?$AAd?$AA?5?$AAM?$AAo?$AAd?$AAe?$AA?$FL?$AA?$CF?$AAd?$AA?$FN?$AA?$CB?$AA?$AN?$AA?6?$AA?$AA@ 00005ee0     common_ti_fmd_nand_boot:gpmc_ecc.obj
 0001:00004f20       ??_C@_1EI@LMGHLBK@?$AAE?$AAC?$AAC?$AA_?$AAI?$AAn?$AAi?$AAt?$AA?3?$AA?5?$AAu?$AAn?$AAs?$AAu?$AAp?$AAp?$AAo?$AAr?$AAt?$AAe?$AAd?$AA?5?$AAe?$AAc?$AAc?$AA?5?$AAm?$AAo?$AAd?$AAe?$AA?3?$AA?$CF@ 00005f20     common_ti_fmd_nand_boot:gpmc_ecc.obj
 0001:00004ff8       ??_C@_1EA@CJMKJJJH@?$AAO?$AAA?$AAL?$AAL?$AAo?$AAc?$AAa?$AAl?$AAA?$AAl?$AAl?$AAo?$AAc?$AA?5?$AAr?$AAe?$AAt?$AAu?$AAr?$AAn?$AAe?$AAd?$AA?5?$AAN?$AAU?$AAL?$AAL?$AA?5?$AA?$CB?$AA?$AN?$AA?6?$AA?$AA@ 00005ff8     common_ti_oal_alloc:alloc.obj
 0001:00005160       ??_C@_1KM@EEHAFCCJ@?$AAC?$AA?3?$AA?2?$AAW?$AAI?$AAN?$AAC?$AAE?$AA6?$AA0?$AA0?$AA?2?$AAP?$AAL?$AAA?$AAT?$AAF?$AAO?$AAR?$AAM?$AA?2?$AAC?$AAO?$AAM?$AAM?$AAO?$AAN?$AA?2?$AAS?$AAR?$AAC?$AA?2@ 00006160     common_ti_oali2c:oali2c.obj
 0001:0000520c       ??_C@_1CC@EHKJMBJI@?$AAD?$AAe?$AAv?$AAi?$AAc?$AAe?$AA?5?$AAn?$AAo?$AAt?$AA?5?$AAf?$AAo?$AAu?$AAn?$AAd?$AA?$AA@ 0000620c     common_ti_oali2c:oali2c.obj
 0001:00005230       ??_C@_1KA@GOKKFLEJ@?$AAW?$AAA?$AAR?$AAN?$AA?3?$AA?5?$AAI?$AA2?$AAC?$AA?3?$AA?3?$AAI?$AA2?$AAC?$AAP?$AAo?$AAl?$AAl?$AAS?$AAt?$AAa?$AAt?$AAu?$AAs?$AA?5?$AA?9?$AA?5?$AAc?$AAh?$AAe?$AAc?$AAk@ 00006230     common_ti_oali2c:oali2c.obj
 0001:000052d0       ??_C@_1GK@FLELOHLG@?$AAW?$AAA?$AAR?$AAN?$AA?3?$AA?5?$AAI?$AA2?$AAC?$AA?3?$AA?3?$AAI?$AA2?$AAC?$AAR?$AAe?$AAs?$AAe?$AAt?$AAD?$AAe?$AAv?$AAi?$AAc?$AAe?$AA?5?$AA?9?$AA?5?$AAf?$AAa?$AAi?$AAl@ 000062d0     common_ti_oali2c:oali2c.obj
 0001:00005340       ??_C@_1GO@NCGHHJFM@?$AAW?$AAA?$AAR?$AAN?$AA?3?$AA?5?$AAI?$AA2?$AAC?$AA?3?$AA?5?$AAW?$AAr?$AAi?$AAt?$AAe?$AA?5?$AAf?$AAa?$AAi?$AAl?$AAe?$AAd?$AA?5?$AA?$CI?$AAS?$AAA?$AA?$DN?$AA0?$AAx?$AA?$CF?$AA0@ 00006340     common_ti_oali2c:oali2c.obj
 0001:000053b0       ??_C@_1CO@EBLPIMOB@?$AAW?$AAr?$AAi?$AAt?$AAe?$AA?3?$AA?5?$AAA?$AAt?$AAt?$AAe?$AAm?$AAp?$AAt?$AAs?$AA?5?$AA?$DN?$AA?5?$AA?$CF?$AAd?$AA?$AN?$AA?6?$AA?$AA@ 000063b0     common_ti_oali2c:oali2c.obj
 0001:000053e0       ??_C@_1HM@LEOLDKCA@?$AAW?$AAA?$AAR?$AAN?$AA?3?$AA?5?$AAI?$AA2?$AAC?$AA?3?$AA?5?$AAR?$AAe?$AAa?$AAd?$AA?5?$AAf?$AAa?$AAi?$AAl?$AAe?$AAd?$AA?5?$AA?$CI?$AAs?$AAl?$AAa?$AAv?$AAe?$AA?5?$AAa?$AAd@ 000063e0     common_ti_oali2c:oali2c.obj
 0001:0000545c       ??_C@_1CM@HPEFBBEG@?$AAR?$AAe?$AAa?$AAd?$AA?3?$AA?5?$AAA?$AAt?$AAt?$AAe?$AAm?$AAp?$AAt?$AAs?$AA?5?$AA?$DN?$AA?5?$AA?$CF?$AAd?$AA?$AN?$AA?6?$AA?$AA@ 0000645c     common_ti_oali2c:oali2c.obj
 0001:00005488       ??_C@_1CO@IKDMELMO@?$AAI?$AA2?$AAC?$AA?3?$AA?5?$AAR?$AAE?$AAS?$AAE?$AAT?$AA?5?$AAd?$AAe?$AAv?$AAi?$AAc?$AAe?$AA?5?$AA?$CF?$AAd?$AA?$AN?$AA?6?$AA?$AA@ 00006488     common_ti_oali2c:oali2c.obj
 0001:00005758       ??_C@_1FK@KLGDBING@?$AAS?$AAD?$AAC?$AAA?$AAR?$AAD?$AA?3?$AA?5?$AAr?$AAe?$AAq?$AAe?$AAs?$AAt?$AAe?$AAd?$AA?5?$AAs?$AAp?$AAe?$AAe?$AAd?$AA?5?$AA?$CF?$AAd?$AA?0?$AA?5?$AAa?$AAc?$AAt?$AAu?$AAa@ 00006758     common_ti_boot_sdmemory:sdcard.obj
 0001:000057b8       ??_C@_1GE@IHFMNDC@?$AAM?$AAM?$AAC?$AA?3?$AA?3?$AAM?$AAM?$AAC?$AAC?$AAo?$AAm?$AAm?$AAa?$AAn?$AAd?$AAR?$AAe?$AAs?$AAp?$AAo?$AAn?$AAs?$AAe?$AA?3?$AA?5?$AAC?$AAo?$AAm?$AAm?$AAa?$AAn?$AAd@ 000067b8     common_ti_boot_sdmemory:sdcard.obj
 0001:00005820       ??_C@_1IM@IDDFJJFI@?$AAM?$AAM?$AAC?$AA?3?$AA?3?$AAM?$AAM?$AAC?$AAC?$AAo?$AAm?$AAm?$AAa?$AAn?$AAd?$AAR?$AAe?$AAs?$AAp?$AAo?$AAn?$AAs?$AAe?$AA?3?$AA?5?$AAC?$AAo?$AAm?$AAm?$AAa?$AAn?$AAd@ 00006820     common_ti_boot_sdmemory:sdcard.obj
 0001:000058b0       ??_C@_1HM@GLHKNEKG@?$AAM?$AAM?$AAC?$AA?3?$AA?3?$AAM?$AAM?$AAC?$AAC?$AAo?$AAm?$AAm?$AAa?$AAn?$AAd?$AAR?$AAe?$AAs?$AAp?$AAo?$AAn?$AAs?$AAe?$AA?3?$AA?5?$AAM?$AAM?$AAC?$AAS?$AAe?$AAn?$AAd@ 000068b0     common_ti_boot_sdmemory:sdcard.obj
 0001:00005930       ??_C@_1FE@BCNJBLJK@?$AAS?$AAD?$AAM?$AAe?$AAm?$AA?3?$AA?5?$AAc?$AAa?$AAr?$AAd?$AA?5?$AAr?$AAd?$AAy?$AA?5?$AAb?$AAT?$AAi?$AAm?$AAe?$AAo?$AAu?$AAt?$AA?0?$AA?5?$AAs?$AAt?$AAa?$AAt?$AAu?$AAs@ 00006930     common_ti_boot_sdmemory:sdcard.obj
 0001:00005984       ??_C@_1DG@LHNGMEJK@?$AAr?$AAe?$AAa?$AAd?$AA?5?$AAm?$AAu?$AAl?$AAt?$AAi?$AA?5?$AAs?$AAe?$AAc?$AAt?$AAo?$AAr?$AAs?$AA?5?$AAe?$AAr?$AAr?$AAo?$AAr?$AA?$AN?$AA?6?$AA?$AA@ 00006984     common_ti_boot_sdmemory:sdcard.obj
 0001:000059c0       ??_C@_1IM@NDHBECDO@?$AAM?$AAM?$AAC?$AAR?$AAe?$AAa?$AAd?$AAM?$AAu?$AAl?$AAt?$AAi?$AAS?$AAe?$AAc?$AAt?$AAo?$AAr?$AAs?$AA?3?$AA?5?$AAM?$AAM?$AAC?$AAC?$AAo?$AAm?$AAm?$AAa?$AAn?$AAd?$AAR@ 000069c0     common_ti_boot_sdmemory:sdcard.obj
 0001:00005a50       ??_C@_1JA@ILPGFCNI@?$AAM?$AAM?$AAC?$AAR?$AAe?$AAa?$AAd?$AAM?$AAu?$AAl?$AAt?$AAi?$AAS?$AAe?$AAc?$AAt?$AAo?$AAr?$AAs?$AA?3?$AA?5?$AAM?$AAM?$AAC?$AAC?$AAo?$AAm?$AAm?$AAa?$AAn?$AAd?$AAR@ 00006a50     common_ti_boot_sdmemory:sdcard.obj
 0001:00005ae0       ??_C@_1FK@HAPCNFMM@?$AAM?$AAM?$AAC?$AAR?$AAe?$AAa?$AAd?$AAM?$AAu?$AAl?$AAt?$AAi?$AAS?$AAe?$AAc?$AAt?$AAo?$AAr?$AAs?$AA?3?$AA?5?$AAM?$AAM?$AAC?$AAW?$AAa?$AAi?$AAt?$AAF?$AAo?$AAr?$AAR@ 00006ae0     common_ti_boot_sdmemory:sdcard.obj
 0001:00005b3c       ??_C@_1BK@GAKJANPH@?$AAr?$AAe?$AAa?$AAd?$AA?5?$AAe?$AAr?$AAr?$AAo?$AAr?$AA?$AN?$AA?6?$AA?$AA@ 00006b3c     common_ti_boot_sdmemory:sdcard.obj
 0001:00005b58       ??_C@_1HE@HOGFNIBK@?$AAM?$AAM?$AAC?$AAR?$AAe?$AAa?$AAd?$AA?3?$AA?5?$AAM?$AAM?$AAC?$AAC?$AAo?$AAm?$AAm?$AAa?$AAn?$AAd?$AAR?$AAe?$AAs?$AAp?$AAo?$AAn?$AAs?$AAe?$AA?5?$AAe?$AAr?$AAr?$AAo@ 00006b58     common_ti_boot_sdmemory:sdcard.obj
 0001:00005bd0       ??_C@_1KA@GCFNELEL@?$AAM?$AAM?$AAC?$AAS?$AAe?$AAl?$AAe?$AAc?$AAt?$AAC?$AAa?$AAr?$AAd?$AA?3?$AA?5?$AAt?$AAi?$AAm?$AAe?$AAo?$AAu?$AAt?$AA?5?$AAw?$AAa?$AAi?$AAt?$AAi?$AAn?$AAg?$AA?5?$AAf@ 00006bd0     common_ti_boot_sdmemory:sdcard.obj
 0001:00005c70       ??_C@_1GK@CDAMFDEK@?$AAM?$AAM?$AAC?$AA?3?$AA?5?$AAu?$AAn?$AAa?$AAb?$AAl?$AAe?$AA?5?$AAt?$AAo?$AA?5?$AAs?$AAe?$AAt?$AA?5?$AAw?$AAi?$AAd?$AAe?$AA?5?$AAb?$AAu?$AAs?$AA?5?$AAm?$AAo?$AAd?$AAe@ 00006c70     common_ti_boot_sdmemory:sdcard.obj
 0001:00005cdc       ??_C@_1CC@BECOMKMK@?$AAA?$AAP?$AAP?$AA_?$AAC?$AAM?$AAD?$AA?5?$AAf?$AAa?$AAi?$AAl?$AAe?$AAd?$AA?$AN?$AA?6?$AA?$AA@ 00006cdc     common_ti_boot_sdmemory:sdcard.obj
 0001:00005d00       ??_C@_1EK@FDKGIIKM@?$AAS?$AAD?$AAC?$AAa?$AAr?$AAd?$AAI?$AAn?$AAi?$AAt?$AA?3?$AA?5?$AAM?$AAM?$AAC?$AAS?$AAe?$AAt?$AAB?$AAl?$AAo?$AAc?$AAk?$AAL?$AAe?$AAn?$AA?5?$AAf?$AAa?$AAi?$AAl?$AAe@ 00006d00     common_ti_boot_sdmemory:sdcard.obj
 0001:00005d50       ??_C@_1GE@FEOFGONO@?$AAM?$AAM?$AAC?$AAS?$AAe?$AAl?$AAe?$AAc?$AAt?$AAC?$AAa?$AAr?$AAd?$AA?3?$AA?5?$AAp?$AAo?$AAl?$AAl?$AA?5?$AAs?$AAt?$AAa?$AAt?$AAu?$AAs?$AA?5?$AAe?$AAr?$AAr?$AAo?$AAr@ 00006d50     common_ti_boot_sdmemory:sdcard.obj
 0001:00005db8       ??_C@_1JO@JCBKFGLI@?$AAM?$AAM?$AAC?$AAI?$AAs?$AAs?$AAu?$AAe?$AAI?$AAd?$AAe?$AAn?$AAt?$AAi?$AAf?$AAy?$AA?3?$AA?5?$AAb?$AAu?$AAs?$AAy?$AA?5?$AAb?$AAi?$AAt?$AA?5?$AAn?$AAe?$AAv?$AAe?$AAr@ 00006db8     common_ti_boot_sdmemory:sdcard.obj
 0001:00005e58       ??_C@_1KE@BIOPJCPI@?$AAM?$AAM?$AAC?$AAI?$AAs?$AAs?$AAu?$AAe?$AAI?$AAd?$AAe?$AAn?$AAt?$AAi?$AAf?$AAy?$AA?3?$AA?5?$AAb?$AAu?$AAs?$AAy?$AA?5?$AAb?$AAi?$AAt?$AA?5?$AAn?$AAe?$AAv?$AAe?$AAr@ 00006e58     common_ti_boot_sdmemory:sdcard.obj
 0001:00005f00       ??_C@_1FK@HAIGBMKL@?$AAM?$AAM?$AAC?$AAI?$AAs?$AAs?$AAu?$AAe?$AAI?$AAd?$AAe?$AAn?$AAt?$AAi?$AAf?$AAy?$AA?3?$AA?5?$AAM?$AAM?$AAC?$AAC?$AAo?$AAm?$AAm?$AAa?$AAn?$AAd?$AAR?$AAe?$AAs?$AAp@ 00006f00     common_ti_boot_sdmemory:sdcard.obj
 0001:00005f60       ??_C@_1EI@DCCPDMOI@?$AAS?$AAD?$AAC?$AAa?$AAr?$AAd?$AAI?$AAn?$AAi?$AAt?$AA?3?$AA?5?$AAM?$AAM?$AAC?$AAS?$AAe?$AAl?$AAe?$AAc?$AAt?$AAC?$AAa?$AAr?$AAd?$AA?5?$AAf?$AAa?$AAi?$AAl?$AAe?$AAd@ 00006f60     common_ti_boot_sdmemory:sdcard.obj
 0001:00005fa8       ??_C@_1EM@FDPFBDGI@?$AAS?$AAD?$AAC?$AAa?$AAr?$AAd?$AAI?$AAn?$AAi?$AAt?$AA?3?$AA?5?$AAM?$AAM?$AAC?$AAW?$AAa?$AAi?$AAt?$AAF?$AAo?$AAr?$AAR?$AAe?$AAa?$AAd?$AAy?$AA?5?$AAf?$AAa?$AAi?$AAl@ 00006fa8     common_ti_boot_sdmemory:sdcard.obj
 0001:00005ff4       ??_C@_1DM@BFOJJFFG@?$AAS?$AAD?$AAC?$AAa?$AAr?$AAd?$AAI?$AAn?$AAi?$AAt?$AA?3?$AA?5?$AAN?$AAo?$AA?5?$AAm?$AAe?$AAd?$AAi?$AAa?$AA?5?$AAf?$AAo?$AAu?$AAn?$AAd?$AA?$CB?$AA?$AN?$AA?6?$AA?$AA@ 00006ff4     common_ti_boot_sdmemory:sdcard.obj
 0001:00006030       ??_C@_1EE@PJJAIGOH@?$AAS?$AAD?$AAC?$AAa?$AAr?$AAd?$AAI?$AAn?$AAi?$AAt?$AA?3?$AA?5?$AAM?$AAM?$AAC?$AAI?$AAn?$AAi?$AAt?$AAD?$AAi?$AAs?$AAk?$AA?5?$AAf?$AAa?$AAi?$AAl?$AAe?$AAd?$AA?$CB?$AA?$AN@ 00007030     common_ti_boot_sdmemory:sdcard.obj
 0001:00006078       ??_C@_1GI@CBFICDBE@?$AAS?$AAD?$AAC?$AAa?$AAr?$AAd?$AAR?$AAe?$AAa?$AAd?$AAS?$AAe?$AAc?$AAt?$AAo?$AAr?$AA?3?$AA?5?$AAE?$AAr?$AAr?$AAo?$AAr?$AA?5?$AAr?$AAe?$AAa?$AAd?$AAi?$AAn?$AAg?$AA?5@ 00007078     common_ti_boot_sdmemory:sdcard.obj
 0001:000060e0       ??_C@_1HE@MOOOFOKP@?$AAS?$AAD?$AAC?$AAa?$AAr?$AAd?$AAR?$AAe?$AAa?$AAd?$AAS?$AAe?$AAc?$AAt?$AAo?$AAr?$AA?3?$AA?5?$AAE?$AAr?$AAr?$AAo?$AAr?$AA?5?$AAr?$AAe?$AAa?$AAd?$AAi?$AAn?$AAg?$AA?5@ 000070e0     common_ti_boot_sdmemory:sdcard.obj
 0001:00006158       ??_C@_1IM@HCIKFOHM@?$AAS?$AAD?$AAC?$AAa?$AAr?$AAd?$AAR?$AAe?$AAa?$AAd?$AAM?$AAu?$AAl?$AAt?$AAi?$AAS?$AAe?$AAc?$AAt?$AAo?$AAr?$AAs?$AA?3?$AA?5?$AAE?$AAr?$AAr?$AAo?$AAr?$AA?5?$AAr?$AAe@ 00007158     common_ti_boot_sdmemory:sdcard.obj
 0001:000061e8       ??_C@_1IA@BMANGLND@?$AAS?$AAD?$AAC?$AAa?$AAr?$AAd?$AAR?$AAe?$AAa?$AAd?$AAM?$AAu?$AAl?$AAt?$AAi?$AAS?$AAe?$AAc?$AAt?$AAo?$AAr?$AAs?$AA?3?$AA?5?$AAE?$AAr?$AAr?$AAo?$AAr?$AA?5?$AAr?$AAe@ 000071e8     common_ti_boot_sdmemory:sdcard.obj
 0001:00006268       ??_C@_1EM@KMLGLOML@?$AAB?$AAL?$AAS?$AAD?$AAC?$AAa?$AAr?$AAd?$AAD?$AAo?$AAw?$AAn?$AAl?$AAo?$AAa?$AAd?$AA?3?$AA?5?$AA?5?$AAc?$AAa?$AAn?$AAn?$AAo?$AAt?$AA?5?$AAo?$AAp?$AAe?$AAn?$AA?5?$AAf@ 00007268     common_ti_boot_sdmemory:sdcard.obj
 0001:000062b8       ??_C@_1FA@PHKOKPHG@?$AAB?$AAL?$AAS?$AAD?$AAC?$AAa?$AAr?$AAd?$AAD?$AAo?$AAw?$AAn?$AAl?$AAo?$AAa?$AAd?$AA?3?$AA?5?$AA?5?$AAf?$AAi?$AAl?$AAe?$AAi?$AAo?$AA?5?$AAi?$AAn?$AAi?$AAt?$AA?5?$AAf@ 000072b8     common_ti_boot_sdmemory:sdcard.obj
 0001:00006308       ??_C@_1FK@BIPBBPFB@?$AAB?$AAL?$AAS?$AAD?$AAC?$AAa?$AAr?$AAd?$AAR?$AAe?$AAa?$AAd?$AAL?$AAo?$AAg?$AAo?$AA?3?$AA?5?$AA?5?$AAc?$AAa?$AAn?$AAn?$AAo?$AAt?$AA?5?$AAr?$AAe?$AAa?$AAd?$AA?5?$AAf@ 00007308     common_ti_boot_sdmemory:sdcard.obj
 0001:00006368       ??_C@_1EM@GBAEOFJC@?$AAB?$AAL?$AAS?$AAD?$AAC?$AAa?$AAr?$AAd?$AAR?$AAe?$AAa?$AAd?$AAL?$AAo?$AAg?$AAo?$AA?3?$AA?5?$AA?5?$AAc?$AAa?$AAn?$AAn?$AAo?$AAt?$AA?5?$AAr?$AAe?$AAa?$AAd?$AA?5?$AAf@ 00007368     common_ti_boot_sdmemory:sdcard.obj
 0001:000063b8       ??_C@_1GG@GHEKKBGL@?$AAB?$AAL?$AAS?$AAD?$AAC?$AAa?$AAr?$AAd?$AAR?$AAe?$AAa?$AAd?$AAL?$AAo?$AAg?$AAo?$AA?3?$AA?5?$AA?5?$AAc?$AAa?$AAn?$AAn?$AAo?$AAt?$AA?5?$AAr?$AAe?$AAa?$AAd?$AA?5?$AAp@ 000073b8     common_ti_boot_sdmemory:sdcard.obj
 0001:00006420       ??_C@_1FI@KCFLKPBN@?$AAB?$AAL?$AAS?$AAD?$AAC?$AAa?$AAr?$AAd?$AAR?$AAe?$AAa?$AAd?$AAL?$AAo?$AAg?$AAo?$AA?3?$AA?5?$AA?5?$AAI?$AAn?$AAv?$AAa?$AAl?$AAi?$AAd?$AA?5?$AAf?$AAi?$AAl?$AAe?$AA?5@ 00007420     common_ti_boot_sdmemory:sdcard.obj
 0001:00006478       ??_C@_1GA@CPLCDHMI@?$AAB?$AAL?$AAS?$AAD?$AAC?$AAa?$AAr?$AAd?$AAR?$AAe?$AAa?$AAd?$AAL?$AAo?$AAg?$AAo?$AA?3?$AA?5?$AA?5?$AAc?$AAa?$AAn?$AAn?$AAo?$AAt?$AA?5?$AAr?$AAe?$AAa?$AAd?$AA?5?$AAf@ 00007478     common_ti_boot_sdmemory:sdcard.obj
 0001:000064d8       ??_C@_1EI@GHBAGNOC@?$AAB?$AAL?$AAS?$AAD?$AAC?$AAa?$AAr?$AAd?$AAR?$AAe?$AAa?$AAd?$AAL?$AAo?$AAg?$AAo?$AA?3?$AA?5?$AA?5?$AAc?$AAa?$AAn?$AAn?$AAo?$AAt?$AA?5?$AAo?$AAp?$AAe?$AAn?$AA?5?$AA?$CF@ 000074d8     common_ti_boot_sdmemory:sdcard.obj
 0001:00006520       ??_C@_1FA@JKDIHGIH@?$AAB?$AAL?$AAS?$AAD?$AAC?$AAa?$AAr?$AAd?$AAR?$AAe?$AAa?$AAd?$AAL?$AAo?$AAg?$AAo?$AA?3?$AA?5?$AA?5?$AAf?$AAi?$AAl?$AAe?$AAi?$AAo?$AA?5?$AAi?$AAn?$AAi?$AAt?$AA?5?$AAf@ 00007520     common_ti_boot_sdmemory:sdcard.obj
 0001:00006600       gwaCMD                     00007600     common_ti_boot_sdhc:sdhc.obj
 0001:00006800       ??_C@_1DA@PKLOKBNI@?$AAI?$AAn?$AAi?$AAt?$AAi?$AAa?$AAl?$AAi?$AAz?$AAe?$AAH?$AAW?$AA?3?$AA?5?$AAT?$AAI?$AAM?$AAE?$AAO?$AAU?$AAT?$AA?$AN?$AA?6?$AA?$AA@ 00007800     common_ti_boot_sdhc:sdhc.obj
 0001:00006830       ??_C@_1DE@ELDDFPEJ@?$AAI?$AAn?$AAi?$AAt?$AA?5?$AAH?$AAW?$AA?3?$AA?5?$AAc?$AAo?$AAn?$AAt?$AAr?$AAo?$AAl?$AAl?$AAe?$AAr?$AA?5?$AAR?$AAS?$AAT?$AA?$AN?$AA?6?$AA?$AA@ 00007830     common_ti_boot_sdhc:sdhc.obj
 0001:00006864       ??_C@_1CI@EBIAGFPN@?$AAM?$AAM?$AAC?$AA?5?$AAR?$AAe?$AAs?$AAe?$AAt?$AA?5?$AAt?$AAi?$AAm?$AAe?$AAo?$AAu?$AAt?$AA?$AN?$AA?6?$AA?$AA@ 00007864     common_ti_boot_sdhc:sdhc.obj
 0001:0000688c       ??_C@_1CI@DLLABNKH@?$AAS?$AAD?$AAH?$AAC?$AA?5?$AAb?$AAa?$AAd?$AA?5?$AAs?$AAl?$AAo?$AAt?$AA?5?$AAn?$AAu?$AAm?$AA?$AN?$AA?6?$AA?$AA@ 0000788c     common_ti_boot_sdhc:sdhc.obj
 0001:000068b8       ??_C@_1GK@EBPKPBPE@?$AAG?$AAe?$AAt?$AAC?$AAo?$AAm?$AAm?$AAa?$AAn?$AAd?$AAR?$AAe?$AAs?$AAp?$AAo?$AAn?$AAs?$AAe?$AA?$CI?$AA?$CJ?$AA?5?$AA?9?$AA?5?$AAU?$AAn?$AAr?$AAe?$AAc?$AAo?$AAg?$AAn?$AAi@ 000078b8     common_ti_boot_sdhc:sdhc.obj
 0001:00006924       ??_C@_1DM@FAHGNIG@?$AAS?$AAD?$AAI?$AAP?$AAo?$AAl?$AAl?$AAi?$AAn?$AAg?$AAR?$AAe?$AAc?$AAe?$AAi?$AAv?$AAe?$AA?3?$AA?5?$AAT?$AAI?$AAM?$AAE?$AAO?$AAU?$AAT?$AA3?$AA?$AN?$AA?6?$AA?$AA@ 00007924     common_ti_boot_sdhc:sdhc.obj
 0001:00006960       ??_C@_1DM@ILIIGKGF@?$AAS?$AAD?$AAI?$AAP?$AAo?$AAl?$AAl?$AAi?$AAn?$AAg?$AAR?$AAe?$AAc?$AAe?$AAi?$AAv?$AAe?$AA?3?$AA?5?$AAT?$AAI?$AAM?$AAE?$AAO?$AAU?$AAT?$AA0?$AA?$AN?$AA?6?$AA?$AA@ 00007960     common_ti_boot_sdhc:sdhc.obj
 0001:0000699c       ??_C@_1DM@EHCCGKPL@?$AAS?$AAD?$AAI?$AAP?$AAo?$AAl?$AAl?$AAi?$AAn?$AAg?$AAR?$AAe?$AAc?$AAe?$AAi?$AAv?$AAe?$AA?3?$AA?5?$AAT?$AAI?$AAM?$AAE?$AAO?$AAU?$AAT?$AA1?$AA?$AN?$AA?6?$AA?$AA@ 0000799c     common_ti_boot_sdhc:sdhc.obj
 0001:000069d8       ??_C@_1EG@HOIABLIC@?$AAS?$AAD?$AAH?$AAC?$AA?3?$AA?5?$AAS?$AAD?$AAI?$AAP?$AAo?$AAl?$AAl?$AAi?$AAn?$AAg?$AAR?$AAe?$AAc?$AAe?$AAi?$AAv?$AAe?$AA?$CI?$AA?$CJ?$AA?5?$AAf?$AAa?$AAi?$AAl?$AAe?$AAd@ 000079d8     common_ti_boot_sdhc:sdhc.obj
 0001:00006a20       ??_C@_1GA@HNKHACLA@?$AAS?$AAD?$AAH?$AAC?$AA?3?$AA?5?$AAE?$AAr?$AAr?$AAo?$AAr?$AA?5?$AAg?$AAe?$AAt?$AAt?$AAi?$AAn?$AAg?$AA?5?$AAr?$AAe?$AAs?$AAp?$AAo?$AAn?$AAs?$AAe?$AA?5?$AAf?$AAo?$AAr@ 00007a20     common_ti_boot_sdhc:sdhc.obj
 0001:00006a80       ??_C@_1EM@JOOFMKFB@?$AAS?$AAD?$AAH?$AAC?$AA?3?$AA?5?$AAc?$AAo?$AAm?$AAm?$AAa?$AAn?$AAd?$AA?5?$AAr?$AAe?$AAs?$AAp?$AAo?$AAn?$AAs?$AAe?$AA?5?$AAt?$AAi?$AAm?$AAe?$AAo?$AAu?$AAt?$AA?5?$AAC@ 00007a80     common_ti_boot_sdhc:sdhc.obj
 0001:00006ad0       ??_C@_1EO@LNFDCIBN@?$AAS?$AAD?$AAH?$AAC?$AA?3?$AA?5?$AAc?$AAo?$AAm?$AAm?$AAa?$AAn?$AAd?$AA?5?$AAr?$AAe?$AAs?$AAp?$AAo?$AAn?$AAs?$AAe?$AA?5?$AAt?$AAi?$AAm?$AAe?$AAo?$AAu?$AAt?$AA?5?$AAD@ 00007ad0     common_ti_boot_sdhc:sdhc.obj
 0001:00006b20       ??_C@_1EM@PLCIGAJB@?$AAS?$AAD?$AAH?$AAC?$AA?3?$AA?5?$AAc?$AAo?$AAm?$AAm?$AAa?$AAn?$AAd?$AA?5?$AAr?$AAe?$AAs?$AAp?$AAo?$AAn?$AAs?$AAe?$AA?5?$AAt?$AAi?$AAm?$AAe?$AAo?$AAu?$AAt?$AA?5?$AAD@ 00007b20     common_ti_boot_sdhc:sdhc.obj
 0001:00006b6c       ??_C@_1DG@OHDKIEBD@?$AAS?$AAD?$AAH?$AAC?$AA?3?$AA?5?$AAc?$AAo?$AAm?$AAm?$AAa?$AAn?$AAd?$AA?5?$AAC?$AAR?$AAC?$AA?5?$AAe?$AAr?$AAr?$AAo?$AAr?$AA?$CB?$AA?$AN?$AA?6?$AA?$AA@ 00007b6c     common_ti_boot_sdhc:sdhc.obj
 0001:00006ba4       ??_C@_1DG@MBAMAGDP@?$AAS?$AAD?$AAH?$AAC?$AA?3?$AA?5?$AAC?$AAa?$AAr?$AAd?$AA?5?$AAB?$AAU?$AAS?$AAY?$AA?5?$AAt?$AAi?$AAm?$AAe?$AAo?$AAu?$AAt?$AA?$CB?$AA?$AN?$AA?6?$AA?$AA@ 00007ba4     common_ti_boot_sdhc:sdhc.obj
 0001:00006bdc       ??_C@_1CM@GCMKJBGI@?$AAS?$AAD?$AAH?$AAC?$AA?3?$AA?5?$AAC?$AAa?$AAr?$AAd?$AA?5?$AAr?$AAe?$AAm?$AAo?$AAv?$AAe?$AAd?$AA?$CB?$AA?$AN?$AA?6?$AA?$AA@ 00007bdc     common_ti_boot_sdhc:sdhc.obj
 0001:00006c98       ??_C@_1EG@GCJBAFHN@?$AAE?$AAr?$AAr?$AAo?$AAr?$AA?5?$AAt?$AAr?$AAa?$AAn?$AAs?$AAm?$AAi?$AAt?$AAt?$AAi?$AAn?$AAg?$AA?5?$AAb?$AAu?$AAf?$AAf?$AAe?$AAr?$AA?$CB?$AA?5?$AA?5?$AA0?$AAx?$AA?$CF?$AAx@ 00007c98     common_ti_ethdrv_lan911x:lan911x.obj
 0001:00006ce0       ??_C@_1DM@CALKBHOJ@?$AAN?$AAo?$AAt?$AA?5?$AAe?$AAn?$AAo?$AAu?$AAg?$AAh?$AA?5?$AAr?$AAo?$AAo?$AAm?$AA?5?$AAi?$AAn?$AA?5?$AAT?$AAX?$AA?5?$AAF?$AAI?$AAF?$AAO?$AA?$CB?$AA?$AN?$AA?6?$AA?$AA@ 00007ce0     common_ti_ethdrv_lan911x:lan911x.obj
 0001:00006d20       ??_C@_1EC@CDIADGHO@?$AAR?$AAX?$AA?5?$AAb?$AAu?$AAf?$AAf?$AAe?$AAr?$AA?5?$AAn?$AAo?$AAt?$AA?5?$AAD?$AAW?$AAO?$AAR?$AAD?$AA?5?$AAa?$AAl?$AAi?$AAg?$AAn?$AAe?$AAd?$AA?4?$AA?4?$AA?4?$AA?$AN?$AA?6@ 00007d20     common_ti_ethdrv_lan911x:lan911x.obj
 0001:00006d64       ??_C@_1DE@NFIEPIMK@?$AAI?$AAn?$AAp?$AAu?$AAt?$AA?5?$AAb?$AAu?$AAf?$AAf?$AAe?$AAr?$AA?5?$AAt?$AAo?$AAo?$AA?5?$AAs?$AAm?$AAa?$AAl?$AAl?$AA?$CB?$AA?$AN?$AA?6?$AA?$AA@ 00007d64     common_ti_ethdrv_lan911x:lan911x.obj
 0001:00006d98       ??_C@_1EE@DJPMDJBC@?$AAE?$AAr?$AAr?$AAo?$AAr?$AA?5?$AAi?$AAn?$AA?5?$AAr?$AAe?$AAc?$AAe?$AAi?$AAv?$AAe?$AAd?$AA?5?$AAp?$AAa?$AAc?$AAk?$AAe?$AAt?$AA?$CB?$AA?5?$AA?5?$AA0?$AAx?$AA?$CF?$AAx?$AA?$AN@ 00007d98     common_ti_ethdrv_lan911x:lan911x.obj
 0001:00006de0       ??_C@_1KI@DMEFCEJ@?$AAC?$AA?3?$AA?2?$AAW?$AAI?$AAN?$AAC?$AAE?$AA6?$AA0?$AA0?$AA?2?$AAP?$AAL?$AAA?$AAT?$AAF?$AAO?$AAR?$AAM?$AA?2?$AAC?$AAO?$AAM?$AAM?$AAO?$AAN?$AA?2?$AAS?$AAR?$AAC?$AA?2@ 00007de0     common_ti_ethdrv_lan911x:lan911x.obj
 0001:00006e88       ??_C@_1EG@KGEACGLH@?$AAI?$AAn?$AAv?$AAa?$AAl?$AAi?$AAd?$AA?5?$AAE?$AAt?$AAh?$AAe?$AAr?$AAn?$AAe?$AAt?$AA?5?$AAc?$AAh?$AAi?$AAp?$AA?5?$AAI?$AAD?$AA?5?$AA?$CI?$AA0?$AAx?$AA?$CF?$AAx?$AA?$CJ?$AA?$CB@ 00007e88     common_ti_ethdrv_lan911x:lan911x.obj
 0001:00006ed0       ??_C@_1IE@KFEKGLKJ@?$AA?9?$AAL?$AAA?$AAN?$AA9?$AA1?$AA1?$AAX?$AAI?$AAn?$AAi?$AAt?$AA?$CI?$AAm?$AAa?$AAc?$AA?5?$AA?$DN?$AA?5?$AA?$CF?$AA0?$AA2?$AAx?$AA?3?$AA?$CF?$AA0?$AA2?$AAx?$AA?3?$AA?$CF?$AA0?$AA2@ 00007ed0     common_ti_ethdrv_lan911x:lan911x.obj
 0001:00006f54       ??_C@_1CM@JIECDPON@?$AA1?$AA0?$AAM?$AAb?$AAp?$AAs?$AA?0?$AA?5?$AAH?$AAa?$AAl?$AAf?$AA?5?$AAD?$AAu?$AAp?$AAl?$AAe?$AAx?$AA?$AN?$AA?6?$AA?$AA@ 00007f54     common_ti_ethdrv_lan911x:lan911x.obj
 0001:00006f80       ??_C@_1CO@CFGPBEPG@?$AA1?$AA0?$AA0?$AAM?$AAb?$AAp?$AAs?$AA?0?$AA?5?$AAH?$AAa?$AAl?$AAf?$AA?5?$AAD?$AAu?$AAp?$AAl?$AAe?$AAx?$AA?$AN?$AA?6?$AA?$AA@ 00007f80     common_ti_ethdrv_lan911x:lan911x.obj
 0001:00006fb0       ??_C@_1CM@IHIEPLGN@?$AA1?$AA0?$AAM?$AAb?$AAp?$AAs?$AA?0?$AA?5?$AAF?$AAu?$AAl?$AAl?$AA?5?$AAD?$AAu?$AAp?$AAl?$AAe?$AAx?$AA?$AN?$AA?6?$AA?$AA@ 00007fb0     common_ti_ethdrv_lan911x:lan911x.obj
 0001:00006fdc       ??_C@_1CO@DKKJNAHG@?$AA1?$AA0?$AA0?$AAM?$AAb?$AAp?$AAs?$AA?0?$AA?5?$AAF?$AAu?$AAl?$AAl?$AA?5?$AAD?$AAu?$AAp?$AAl?$AAe?$AAx?$AA?$AN?$AA?6?$AA?$AA@ 00007fdc     common_ti_ethdrv_lan911x:lan911x.obj
 0001:0000700c       ??_C@_1DC@ECEBOIGE@?$AAI?$AAn?$AAv?$AAa?$AAl?$AAi?$AAd?$AA?5?$AAm?$AAo?$AAd?$AAe?$AA?5?$AAs?$AAe?$AAt?$AAt?$AAi?$AAn?$AAg?$AA?$CB?$AA?$CB?$AA?$AN?$AA?6?$AA?$AA@ 0000800c     common_ti_ethdrv_lan911x:lan911x.obj
 0001:00007040       ??_C@_1CG@EEDCFFGI@?$AAL?$AAi?$AAn?$AAk?$AA?5?$AAE?$AAs?$AAt?$AAa?$AAb?$AAl?$AAi?$AAs?$AAh?$AAe?$AAd?$AA?3?$AA?5?$AA?$AA@ 00008040     common_ti_ethdrv_lan911x:lan911x.obj
 0001:00007068       ??_C@_1EA@FBJAOFLG@?$AAL?$AAi?$AAn?$AAk?$AA?5?$AAn?$AAo?$AAt?$AA?5?$AAd?$AAe?$AAt?$AAe?$AAc?$AAt?$AAe?$AAd?$AA?$CB?$AA?$CB?$AA?5?$AA?5?$AAA?$AAb?$AAo?$AAr?$AAt?$AAi?$AAn?$AAg?$AA?$AN?$AA?6?$AA?$AA@ 00008068     common_ti_ethdrv_lan911x:lan911x.obj
 0001:000070a8       ??_C@_1JK@NKCKLILE@?$AAM?$AAA?$AAC?$AA?5?$AAa?$AAd?$AAd?$AAr?$AAe?$AAs?$AAs?$AA?5?$AAn?$AAo?$AAt?$AA?5?$AAf?$AAo?$AAu?$AAn?$AAd?$AA?5?$AAi?$AAn?$AA?5?$AAE?$AAE?$AAP?$AAR?$AAO?$AAM?$AA?$CB@ 000080a8     common_ti_ethdrv_lan911x:lan911x.obj
 0001:00007148       ??_C@_1GG@FCBDMEID@?$AAS?$AAo?$AAf?$AAt?$AA?5?$AAr?$AAe?$AAs?$AAe?$AAt?$AA?5?$AAt?$AAi?$AAm?$AAe?$AAo?$AAu?$AAt?$AA?$CB?$AA?$CB?$AA?5?$AA?$CI?$AAH?$AAW?$AA_?$AAC?$AAF?$AAG?$AA?5?$AA?$DN?$AA?5?$AA0@ 00008148     common_ti_ethdrv_lan911x:lan911x.obj
 0001:000071b0       ??_C@_1EO@ELGKCHGO@?$AA?$CL?$AAL?$AAA?$AAN?$AA9?$AA1?$AA1?$AAX?$AAI?$AAn?$AAi?$AAt?$AA?$CI?$AA0?$AAx?$AA?$CF?$AA0?$AA8?$AAx?$AA?0?$AA?5?$AA0?$AAx?$AA?$CF?$AA0?$AA8?$AAx?$AA?0?$AA?5?$AA0?$AAx?$AA?$CF@ 000081b0     common_ti_ethdrv_lan911x:lan911x.obj
 0001:00007320       ??_C@_1HK@FIHOCGBD@?$AAE?$AAR?$AAR?$AAO?$AAR?$AA?3?$AA?5?$AAG?$AAI?$AAO?$AA_?$AAI?$AAn?$AAi?$AAt?$AA?3?$AA?5?$AAF?$AAa?$AAi?$AAl?$AAe?$AAd?$AA?5?$AAt?$AAo?$AA?5?$AAi?$AAn?$AAi?$AAt?$AAi@ 00008320     common_ti_oal_gpiodispatch:gpio_dispatch.obj
 0001:0000739c       ??_C@_19NNFDHLJH@?$AAb?$AAo?$AAo?$AAt?$AA?$AA@ 0000839c     common_ti_oal_gpiodispatch:gpio_dispatch.obj
 0001:000073a8       DEVICE_IFC_TWL_GUID        000083a8     TPS659xx_oal_gpio:tps659xx_gpio.obj
 0001:000074d8       ??_C@_15BMCNAON@?$AAR?$AAX?$AA?$AA@ 000084d8     OMAP3530_soccfg:devicemap.obj
 0001:000074e0       ??_C@_15NHJLDDPA@?$AAT?$AAX?$AA?$AA@ 000084e0     OMAP3530_soccfg:devicemap.obj
 0001:000074e8       ??_C@_17GHFABBII@?$AAM?$AAM?$AAU?$AA?$AA@ 000084e8     OMAP3530_soccfg:devicemap.obj
 0001:000074f0       ??_C@_19EMJFMDEF@?$AAI?$AAR?$AAQ?$AA3?$AA?$AA@ 000084f0     OMAP3530_soccfg:devicemap.obj
 0001:000074fc       ??_C@_19PECJKECA@?$AAI?$AAR?$AAQ?$AA2?$AA?$AA@ 000084fc     OMAP3530_soccfg:devicemap.obj
 0001:00007508       ??_C@_19OGJMALMO@?$AAI?$AAR?$AAQ?$AA1?$AA?$AA@ 00008508     OMAP3530_soccfg:devicemap.obj
 0001:00007514       ??_C@_19FOCAGMKL@?$AAI?$AAR?$AAQ?$AA0?$AA?$AA@ 00008514     OMAP3530_soccfg:devicemap.obj
 0001:00007520       ??_C@_1BC@JBFPJMDB@?$AAo?$AAv?$AAe?$AAr?$AAf?$AAl?$AAo?$AAw?$AA?$AA@ 00008520     OMAP3530_soccfg:devicemap.obj
 0001:000075c8       s_DeviceAddressMap         000085c8     OMAP3530_soccfg:devicemap.obj
 0001:000077c8       s_DeviceIrqMap             000087c8     OMAP3530_soccfg:devicemap.obj
 0001:00007cb0       I2CDefaultI2CTimeout       00008cb0     bspcfg:bspcfg.obj
 0001:00007cb8       g_BSP_icL1Level            00008cb8     bspcfg:bspcfg.obj
 0001:00007e38       ??_C@_1HI@JDGLDLD@?$AAN?$AAA?$AAN?$AAD?$AA?5?$AAm?$AAa?$AAn?$AAu?$AAf?$AAa?$AAc?$AAt?$AAu?$AAr?$AAe?$AAr?$AA?5?$AA?$CF?$AAx?$AA?5?$AAd?$AAe?$AAv?$AAi?$AAc?$AAe?$AA?5?$AA?$CF?$AAx?$AA?5?$AA?3@ 00008e38     bspcfg:bspcfg.obj
 0001:00007fd0       ??_C@_0BK@FGOBGFEM@RNDISMINI?5?9?9?9?5RESET?5?9?9?9?$AN?6?$AA@ 00008fd0     rne_mdd:rndis.obj
 0001:00007fec       ??_C@_0CK@HCFNMAPL@RNdis?3?3?5Too?5much?5outgoing?0?5baili@ 00008fec     rne_mdd:rndis.obj
[...]
 0001:000260c0       UfnPdd_IsEndpointHalted    000270c0 f   common_ti_ethdrv_usbfn:pdd.obj
 0001:00026134       UfnPdd_SendControlStatusHandshake 00027134 f   common_ti_ethdrv_usbfn:pdd.obj
 0001:00026238       UfnPdd_InitiateRemoteWakeup 00027238 f   common_ti_ethdrv_usbfn:pdd.obj
 0001:00026268       UfnPdd_PowerDown           00027268 f   common_ti_ethdrv_usbfn:pdd.obj
 0001:000262a0       UfnPdd_PowerUp             000272a0 f   common_ti_ethdrv_usbfn:pdd.obj
 0001:000262d8       UfnPdd_IOControl           000272d8 f   common_ti_ethdrv_usbfn:pdd.obj
 0001:00026324       UfnPdd_Deinit              00027324 f   common_ti_ethdrv_usbfn:pdd.obj
 0001:00026354       UfnPdd_DeregisterDevice    00027354 f   common_ti_ethdrv_usbfn:pdd.obj
 0001:0002635c       UfnPdd_Stop                0002735c f   common_ti_ethdrv_usbfn:pdd.obj
 0001:000263c0       UfnPdd_DeinitEndpoint      000273c0 f   common_ti_ethdrv_usbfn:pdd.obj
 0001:000263c8       UfnPdd_InitEndpoint        000273c8 f   common_ti_ethdrv_usbfn:pdd.obj
 0001:000263d0       UfnPdd_SetAddress          000273d0 f   common_ti_ethdrv_usbfn:pdd.obj
 0001:00026414       UfnPdd_Start               00027414 f   common_ti_ethdrv_usbfn:pdd.obj
 0001:000264d4       UfnPdd_RegisterDevice      000274d4 f   common_ti_ethdrv_usbfn:pdd.obj
 0001:00026820       UfnPdd_IsEndpointSupportable 00027820 f   common_ti_ethdrv_usbfn:pdd.obj
 0001:0002683c       UfnPdd_IsConfigurationSupportable 0002783c f   common_ti_ethdrv_usbfn:pdd.obj
 0001:00026928       UfnPdd_Init                00027928 f   common_ti_ethdrv_usbfn:pdd.obj
 0002:00000000       g_kitlEthLan911x           00028000     main.obj
 0002:0000002c       g_kitlUsbRndis             0002802c     main.obj
 0002:00000058       g_kitlDevices              00028058     main.obj
 0002:000000a0       g_bootDevices              000280a0     main.obj
 0002:00000100       DefaultMacAddress          00028100     main.obj
 0002:00000420       dispResMenu                00028420     menu.obj
 0002:00000468       oppModeMenu35x             00028468     menu.obj
 0002:00000480       oppModeMenu37x             00028480     menu.obj
 0002:00000490       disBacklight               00028490     menu.obj
 0002:000004b0       sdToFlash                  000284b0     menu.obj
 0002:000004d0       backlightBN                000284d0     menu.obj
 0002:000004e8       LCMInitiaArray             000284e8     menu.obj
 0002:00000500       BACKLIGHT_EN_GPIO          00028500     menu.obj
 0002:00000568       g_menuFlash                00028568     flashmenu.obj
 0002:00000670       g_ulFlashBase              00028670     flash.obj
 0002:00000674       g_ulFlashLengthBytes       00028674     flash.obj
 0002:00000678       g_ulBPartBase              00028678     flash.obj
 0002:0000067c       g_ulBPartLengthBytes       0002867c     flash.obj
 0002:00000680       initialOALLogZones         00028680     oal_log:debug.obj
 0002:00000688       dpCurSettings              00028688     oal_log:debug.obj
 0002:00000b14       gpmc_ecc_hamming_code      00028b14     common_ti_fmd_nand_boot:gpmc_ecc.obj
 0002:00000b24       gpmc_ecc_bch_4bits         00028b24     common_ti_fmd_nand_boot:gpmc_ecc.obj
 0002:00000b34       gpmc_ecc_bch_8bits         00028b34     common_ti_fmd_nand_boot:gpmc_ecc.obj
 0002:00000b48       OMAPCpuInfo                00028b48     OMAP3530_oalcpuver:oalcpuver.obj
 0002:00000b90       CPUMaxSpeed                00028b90     OMAP3530_oalcpuver:oalcpuver.obj
 0002:00000ba0       Omap_Gpio                  00028ba0     common_ti_oal_omap_gpio:omap35xx_gpio.obj
 0002:00000ca8       Tps659xx_Gpio              00028ca8     TPS659xx_oal_gpio:tps659xx_gpio.obj
 0002:00000cf0       g_dwMeasuredSysClkFreq     00028cf0     bspcfg:bspcfg.obj
 0002:00000cf4       _rgScaleTable              00028cf4     bspcfg:bspcfg.obj
 0002:00000d18       _rgI2CDevice               00028d18     bspcfg:bspcfg.obj
 0002:00000df8       SupportedNands             00028df8     bspcfg:bspcfg.obj
 0002:00000e34       BSPGpioTables              00028e34     bspcfg:bspcfg.obj
 0002:00000e4c       bRndisSendPacketEmpty      00028e4c     rne_mdd:rndis.obj
 0002:00000e80       RNdisMddSupportedOids      00028e80     rne_mdd:hostmini.obj
 0002:00000f10       __security_cookie          00028f10     gsnull:gsnull.obj
 0002:00000f14       __security_cookie_complement 00028f14     gsnull:gsnull.obj
 0002:00000f28       lcd_res_params             00028f28     bsp_display_init:lcd_qvga.obj
 0002:000011b4       g_InterruptData            000291b4     common_ti_ethdrv_rndis:rndis.obj
 0002:00001400       g_CPUFamily                00029400     main.obj
 0002:00011418       EdbgDebugZone              00039418     eth.obj
 0002:00033c24       gpmc_ecc_func              0005bc24     common_ti_fmd_nand_boot:gpmc_ecc.obj
 0002:00033c4c       ?csGpio@@3UCRITICAL_SECTION@@A 0005bc4c     TPS659xx_oal_gpio:tps659xx_gpio.obj
 0002:00033c64       ?g_fGpioPostInit@@3HA      0005bc64     TPS659xx_oal_gpio:tps659xx_gpio.obj
 0002:0003e108       bDoLaunch                  00066108     eboot:tftpd.obj
 0002:0003e10c       TftpPeerAddr               0006610c     eboot:tftpd.obj
 0002:0003f1c4       g_pEP1DataWrapper          000671c4     common_ti_ethdrv_rndis:rndis.obj
 0002:0003f1c8       g_devState                 000671c8     common_ti_ethdrv_rndis:rndis.obj
 0002:0003f1cc       g_EP0TransferState         000671cc     common_ti_ethdrv_rndis:rndis.obj
 0002:0003f1d0       g_EP1TransferState         000671d0     common_ti_ethdrv_rndis:rndis.obj
 0002:0003f1d4       g_EP2TransferState         000671d4     common_ti_ethdrv_rndis:rndis.obj
 0002:0003f1d8       g_EP3TransferState         000671d8     common_ti_ethdrv_rndis:rndis.obj
 0002:0003f1dc       hGPIO                      000671dc     <common>
 0002:0003f1e0       gDevice_prefix             000671e0     <common>
 0002:0003f200       g_eboot                    00067200     <common>
 0002:0003f348       g_ecctype                  00067348     <common>
 0002:0003f360       g_bootCfg                  00067360     <common>
 0002:0003f3ec       szSprintf                  000673ec     <common>
 0002:0003f3f0       g_pOEMVerifyMemory         000673f0     <common>
 0002:0003f3f4       g_dwROMOffset              000673f4     <common>
 0002:0003f3f8       g_pOEMReportError          000673f8     <common>
 0002:0003f3fc       g_pOEMMultiBINNotify       000673fc     <common>
 0002:0003f400       g_pOEMCheckSignature       00067400     <common>
 0002:0003f420       g_oalCacheInfo             00067420     <common>
 0002:0003f468       map                        00067468     <common>
 0002:0003f46c       nbBlock                    0006746c     <common>
 0002:0003f470       poolSize                   00067470     <common>
 0002:0003f474       pool                       00067474     <common>
 0002:0003f478       ExtendedPartionBaseSector  00067478     <common>
 0002:0003f480       MMCcmd                     00067480     <common>
 0002:0003f500       File                       00067500     <common>
 0002:0003f724       pFile                      00067724     <common>
 0002:0003f740       Request                    00067740     <common>
 0002:0003f7a0       fileio_ops                 000677a0     <common>
 0002:0003f7c0       Disk                       000677c0     <common>
 0002:0003f7f8       m_fFirstTime               000677f8     <common>
 0002:0003f7fc       m_dwCPURev                 000677fc     <common>
 0002:0003f800       m_fMMCMode                 00067800     <common>
 0002:0003f804       m_dwSlot                   00067804     <common>
 0002:0003f808       m_fCardPresent             00067808     <common>
 0002:0003f80c       m_dwMaxTimeout             0006780c     <common>
 0002:0003f810       m_fInitialized             00067810     <common>
 0002:0003f814       m_fAppCmdMode              00067814     <common>
 0002:0003f818       m_fCardInitialized         00067818     <common>
 0002:0003f81c       g_hGPIO                    0006781c     <common>
 0002:0003f820       m_dwSDIOCard               00067820     <common>
 0002:0003f824       m_pbRegisters              00067824     <common>
 0002:0003f828       m_TransferClass            00067828     <common>
 0002:0003f82c       m_dwMaxClockRate           0006782c     <common>
 0002:0003f840       g_usbfnpdd                 00067840     <common>
 0002:0003f9c0       g_EP0DataWrapper           000679c0     <common>
 0002:0003f9d0       MDDZONE5                   000679d0     <common>
 0002:0003f9d8       g_mddInterface             000679d8     <common>
 0002:0003f9e0       g_EP1Transfer              000679e0     <common>
 0002:0003fa00       g_RndisKitlDev             00067a00     <common>
 0002:0003fe48       g_udr                      00067e48     <common>
 0002:0003fe50       MDDZONE4                   00067e50     <common>
 0002:0003fe54       PDDZONE                    00067e54     <common>
 0002:0003fe60       g_EP3Transfer              00067e60     <common>
 0002:0003fe80       g_pddInterface             00067e80     <common>
 0002:0003fee0       MDDZONE3                   00067ee0     <common>
 0002:0003ff00       g_EP2Transfer              00067f00     <common>
 0002:0003ff20       PDDZONE0                   00067f20     <common>
 0002:0003ff40       g_EP0Transfer              00067f40     <common>
 0002:0003ff60       MDDZONE0                   00067f60     <common>
 0002:0003ff64       MDDZONE                    00067f64     <common>
 0002:0003ff68       MDDZONE2                   00067f68     <common>
 0002:0003ff80       RndisMdd                   00067f80     <common>
 0002:00040060       TFtpLinks                  00068060     <common>
 0002:00040920       wOdoWellKnownServerPort    00068920     <common>
 0002:00040922       wHostWellKnownServerPort   00068922     <common>
 0002:00040924       nNumTFtpLinksInUse         00068924     <common>
 0002:00040940       TFTPFrameBuffer            00068940     <common>
 0002:00040d80       TFtpdServerRegistry        00068d80     <common>
 0002:00040e48       g_dwLogoPosX               00068e48     <common>
 0002:00040e4c       g_dwLogoPosY               00068e4c     <common>
 0002:00040e50       g_dwLogoHeight             00068e50     <common>
 0002:00040e54       g_dwLogoWidth              00068e54     <common>

 entry point at        0001:00000000

 Static symbols

 0001:0000dcc0       OEMPlatformDeinit          0000ecc0 f   main.obj
 0001:0000eb88       SetMacAddress              0000fb88 f   menu.obj
 0001:0000ed24       ShowNetworkSettings        0000fd24 f   menu.obj
 0001:0000ef10       SetKitlMode                0000ff10 f   menu.obj
 0001:0000ef98       SetKitlType                0000ff98 f   menu.obj
 0001:0000f020       SetRetailMsgMode           00010020 f   menu.obj
 0001:0000f0a8       SetDisplayResolution       000100a8 f   menu.obj
 0001:0000f160       SetOPPmode                 00010160 f   menu.obj
 0001:0000f234       BacklightON                00010234 f   menu.obj
 0001:0000f264       BacklightOFF               00010264 f   menu.obj
 0001:0000f294       BacklightBrightness        00010294 f   menu.obj
 0001:0000f3a0       SetBacklight               000103a0 f   menu.obj
 0001:0000f470       SDtoFlash                  00010470 f   menu.obj
 0001:0000f628       SaveSettings               00010628 f   menu.obj
 0001:0000f6d4       ShowSDCardSettings         000106d4 f   menu.obj
 0001:0000f704       EnterSDCardFilename        00010704 f   menu.obj
 0001:0000f730       ShowSettings               00010730 f   menu.obj
 0001:0000f89c       SetDeviceID                0001089c f   menu.obj
 0001:0000f92c       ShowFlashGeometry          0001092c f   flashmenu.obj
 0001:0000fb28       EraseFlash                 00010b28 f   flashmenu.obj
 0001:0000fc90       EraseBlock                 00010c90 f   flashmenu.obj
 0001:0000fec4       ReserveBlock               00010ec4 f   flashmenu.obj
 0001:00010088       DumpFlash                  00011088 f   flashmenu.obj
 0001:0001034c       SetBadBlock                0001134c f   flashmenu.obj
 0001:00010420       FormatFlash                00011420 f   flashmenu.obj
 0001:00010470       EnableFlashNK              00011470 f   flashmenu.obj
 0001:000104f8       SetECCType                 000114f8 f   flashmenu.obj
 0001:000116ac       GetFormatValue             000126ac f   oal_blnk:format.obj
 0001:00012078       GetImageType               00013078 f   oal_blcommon:blcommon.obj
 0001:000121b8       CheckImageManifest         000131b8 f   oal_blcommon:blcommon.obj
 0001:000122e4       DownloadNB0                000132e4 f   oal_blcommon:blcommon.obj
 0001:000124e4       WriteImageToFlash          000134e4 f   oal_blcommon:blcommon.obj
 0001:000125c4       IsKernelRegion             000135c4 f   oal_blcommon:blcommon.obj
 0001:00012680       DownloadBin                00013680 f   oal_blcommon:blcommon.obj
 0001:00012a98       DownloadImage              00013a98 f   oal_blcommon:blcommon.obj
 0001:00012ef4       pOutputByte                00013ef4 f   oal_blcommon:format.obj
 0001:00012f24       pOutputNumHex              00013f24 f   oal_blcommon:format.obj
 0001:00012f6c       pOutputNumDecimal          00013f6c f   oal_blcommon:format.obj
 0001:000134b0       NAND_Read                  000144b0 f   common_ti_fmd_nand_boot:fmd.obj
 0001:000135b0       NAND_Write                 000145b0 f   common_ti_fmd_nand_boot:fmd.obj
 0001:000136b8       NAND_Enable                000146b8 f   common_ti_fmd_nand_boot:fmd.obj
 0001:00014278       NAND_Initialize            00015278 f   common_ti_fmd_nand_boot:fmd.obj
 0001:000145b4       Hamming_ECC_Init           000155b4 f   common_ti_fmd_nand_boot:gpmc_ecc.obj
 0001:000145e4       Hamming_ECC_Calculate      000155e4 f   common_ti_fmd_nand_boot:gpmc_ecc.obj
 0001:0001464c       Hamming_ECC_Reset          0001564c f   common_ti_fmd_nand_boot:gpmc_ecc.obj
 0001:0001465c       Hamming_ECC_CorrectData    0001565c f   common_ti_fmd_nand_boot:gpmc_ecc.obj
 0001:00014774       BCH4_ECC_Init              00015774 f   common_ti_fmd_nand_boot:gpmc_ecc.obj
 0001:000147ec       BCH4_ECC_Calculate         000157ec f   common_ti_fmd_nand_boot:gpmc_ecc.obj
 0001:0001488c       BCH4_ECC_Reset             0001588c f   common_ti_fmd_nand_boot:gpmc_ecc.obj
 0001:0001489c       BCH8_ECC_Init              0001589c f   common_ti_fmd_nand_boot:gpmc_ecc.obj
 0001:00014914       BCH8_ECC_Calculate         00015914 f   common_ti_fmd_nand_boot:gpmc_ecc.obj
 0001:00014a14       BCH8_ECC_Reset             00015a14 f   common_ti_fmd_nand_boot:gpmc_ecc.obj
 0001:00014b54       BCH_correct_data           00015b54 f   common_ti_fmd_nand_boot:gpmc_ecc.obj
 0001:00014cb0       BCH4_ECC_CorrectData       00015cb0 f   common_ti_fmd_nand_boot:gpmc_ecc.obj
 0001:00014ce4       BCH8_ECC_CorrectData       00015ce4 f   common_ti_fmd_nand_boot:gpmc_ecc.obj
 0001:00014d18       mpy_mod_gf                 00015d18 f   common_ti_fmd_nand_boot:omap_bch_decoder.obj
 0001:00014d78       chien                      00015d78 f   common_ti_fmd_nand_boot:omap_bch_decoder.obj
 0001:00014fd8       berlekamp                  00015fd8 f   common_ti_fmd_nand_boot:omap_bch_decoder.obj
 0001:00015248       syndrome                   00016248 f   common_ti_fmd_nand_boot:omap_bch_decoder.obj
 0001:00015944       I2CResetDevice             00016944 f   common_ti_oali2c:oali2c.obj
 0001:00015bfc       I2CTransaction             00016bfc f   common_ti_oali2c:oali2c.obj
 0001:000182c8       InitializeHardware         000192c8 f   common_ti_boot_sdhc:sdhc.obj
 0001:00018404       MmcReset                   00019404 f   common_ti_boot_sdhc:sdhc.obj
 0001:000185dc       SendInitSequence           000195dc f   common_ti_boot_sdhc:sdhc.obj
 0001:000186a8       SendCommand                000196a8 f   common_ti_boot_sdhc:sdhc.obj
 0001:00018960       GetCommandResponse         00019960 f   common_ti_boot_sdhc:sdhc.obj
 0001:00018abc       SDIPollingReceive          00019abc f   common_ti_boot_sdhc:sdhc.obj
 0001:00018db0       CommandCompleteHandler     00019db0 f   common_ti_boot_sdhc:sdhc.obj
 0001:00019068       SdhcControllerInit         0001a068 f   common_ti_boot_sdhc:sdhc.obj
 0001:00019214       ReadPhy                    0001a214 f   common_ti_ethdrv_lan911x:lan911x.obj
 0001:0001969c       LAN911XEepromWrite         0001a69c f   common_ti_ethdrv_lan911x:lan911x.obj
 0001:00019e88       GetGroupByID               0001ae88 f   common_ti_oal_gpiodispatch:gpio_dispatch.obj
 0001:0001a154       ?OmapGpioPostInit@@YAHPAX@Z 0001b154 f   common_ti_oal_omap_gpio:omap35xx_gpio.obj
 0001:0001a1ac       ?OmapGpioDeinit@@YAHPAX@Z  0001b1ac f   common_ti_oal_omap_gpio:omap35xx_gpio.obj
 0001:0001a27c       ?OmapGpioSetMode@@YAHPAXII@Z 0001b27c f   common_ti_oal_omap_gpio:omap35xx_gpio.obj
 0001:0001a3a4       ?OmapGpioGetMode@@YAKPAXI@Z 0001b3a4 f   common_ti_oal_omap_gpio:omap35xx_gpio.obj
 0001:0001a498       ?OmapGpioPullup@@YAHPAXII@Z 0001b498 f   common_ti_oal_omap_gpio:omap35xx_gpio.obj
 0001:0001a4a0       ?OmapGpioPulldown@@YAHPAXII@Z 0001b4a0 f   common_ti_oal_omap_gpio:omap35xx_gpio.obj
 0001:0001a4a8       ?OmapGpioSetBit@@YAHPAXI@Z 0001b4a8 f   common_ti_oal_omap_gpio:omap35xx_gpio.obj
 0001:0001a560       ?OmapGpioClrBit@@YAHPAXI@Z 0001b560 f   common_ti_oal_omap_gpio:omap35xx_gpio.obj
 0001:0001a618       ?OmapGpioGetBit@@YAKPAXI@Z 0001b618 f   common_ti_oal_omap_gpio:omap35xx_gpio.obj
 0001:0001a6c4       ?OmapGpioIoControl@@YAHPAXIPAEI1IPAK@Z 0001b6c4 f   common_ti_oal_omap_gpio:omap35xx_gpio.obj
 0001:0001a6cc       ?OmapGpioInit@@YAHPBGPAPAXPAI@Z 0001b6cc f   common_ti_oal_omap_gpio:omap35xx_gpio.obj
 0001:0001a824       ?WriteTwlReg@@YAHKPAEI@Z   0001b824 f   TPS659xx_oal_gpio:tps659xx_gpio.obj
 0001:0001a87c       ?ReadTwlReg@@YAHKPAEI@Z    0001b87c f   TPS659xx_oal_gpio:tps659xx_gpio.obj
 0001:0001a8d4       ?Tps659xxGpioInit@@YAHPBGPAPAXPAI@Z 0001b8d4 f   TPS659xx_oal_gpio:tps659xx_gpio.obj
 0001:0001a8e4       ?Tps659xxGpioPostInit@@YAHPAX@Z 0001b8e4 f   TPS659xx_oal_gpio:tps659xx_gpio.obj
 0001:0001a90c       ?Tps659xxGpioDeinit@@YAHPAX@Z 0001b90c f   TPS659xx_oal_gpio:tps659xx_gpio.obj
 0001:0001a94c       ?Tps659xxGpioSetMode@@YAHPAXII@Z 0001b94c f   TPS659xx_oal_gpio:tps659xx_gpio.obj
 0001:0001aab4       ?Tps659xxGpioGetMode@@YAKPAXI@Z 0001bab4 f   TPS659xx_oal_gpio:tps659xx_gpio.obj
 0001:0001ab84       ?Tps659xxGpioPullup@@YAHPAXII@Z 0001bb84 f   TPS659xx_oal_gpio:tps659xx_gpio.obj
 0001:0001ac38       ?Tps659xxGpioPulldown@@YAHPAXII@Z 0001bc38 f   TPS659xx_oal_gpio:tps659xx_gpio.obj
 0001:0001acec       ?Tps659xxGpioSetBit@@YAHPAXI@Z 0001bcec f   TPS659xx_oal_gpio:tps659xx_gpio.obj
 0001:0001ad44       ?Tps659xxGpioClrBit@@YAHPAXI@Z 0001bd44 f   TPS659xx_oal_gpio:tps659xx_gpio.obj
 0001:0001ad9c       ?Tps659xxGpioGetBit@@YAKPAXI@Z 0001bd9c f   TPS659xx_oal_gpio:tps659xx_gpio.obj
 0001:0001adf8       ?Tps659xxGpioIoControl@@YAHPAXIPAEI1IPAK@Z 0001bdf8 f   TPS659xx_oal_gpio:tps659xx_gpio.obj
 0001:0001e4bc       EbootSimpleCallback        0001f4bc f   eboot:ebsimp.obj
 0001:0001fc58       CRC                        00020c58 f   eboot:udp.obj
 0001:00020414       FormatDHCPName             00021414 f   eboot:dhcp.obj
 0001:00022140       BpbCopy                    00023140 f   common_ti_boot_fatfs:fileio.obj
 0001:000222b0       FileIoReadNextSectors      000232b0 f   common_ti_boot_fatfs:fileio.obj
 0001:00022de4       PDD_SendNotification       00023de4 f   common_ti_ethdrv_rndis:rndis.obj
 0001:00022e10       PDD_RecvNotification       00023e10 f   common_ti_ethdrv_rndis:rndis.obj
 0001:0002430c       xtoa                       0002530c f   fulllibc:xtoa.obj
 0001:00024c60       ContinueTxTransfer         00025c60 f   common_ti_ethdrv_usbfn:pdd.obj
 0001:00024f90       StartRxTransfer            00025f90 f   common_ti_ethdrv_usbfn:pdd.obj
